[ODeSSy] 24 trap site(s) across 13 function(s); threads=1 [tier: heavy] [frame] [ind] [traps=odessy.chk]

[Z3 Oracle] Analyzing Function: main
  [tier: heavy]
  -> Found UB Trap. Starting Backward Slice...
    -> Collected 0 dominating context guard(s).
    -> Fact[RM:0] i64 %5 in [0,9223372036854775807) (!range)
    -> Fact[KB:1] i64 %5 known bits zero=0x9223372036854775808 one=0x0
    -> [heavy] 2 analysis fact(s) on 1 boundary value(s)
    -> [ind] trap not in a loop
    -> SAT (WARNING: Potential Integer Overflow Bug Detected!) [Query Latency: 0.475448 ms]
  -> Found UB Trap. Starting Backward Slice...
    -> Guard[0] (false edge of ''):  %18 = icmp eq i64 %17, 0
    -> Guard[1] (false edge of 'entry'):  %6 = icmp samesign ult i64 %5, 2
    -> Collected 2 dominating context guard(s).
    -> Fact[RM:0] i64 %5 in [0,9223372036854775807) (!range)
    -> Fact[KB:1] i64 %5 known bits zero=0x9223372036854775808 one=0x0
    -> [heavy] 2 analysis fact(s) on 20 boundary value(s)
    -> [ind] trap not in a loop
    -> SAT (WARNING: Potential Integer Overflow Bug Detected!) [Query Latency: 20.306632 ms]
  -> Found UB Trap. Starting Backward Slice...
    -> Guard[0] (false edge of ''):  %39 = icmp eq i8 %38, 1
    -> Guard[1] (false edge of ''):  %18 = icmp eq i64 %17, 0
    -> Guard[2] (false edge of 'entry'):  %6 = icmp samesign ult i64 %5, 2
    -> Collected 3 dominating context guard(s).
    -> Fact[RM:0] i64 %5 in [0,9223372036854775807) (!range)
    -> Fact[KB:1] i64 %5 known bits zero=0x9223372036854775808 one=0x0
    -> Fact[RM:2] i64 %115 in [0,9223372036854775807) (!range)
    -> Fact[KB:3] i64 %115 known bits zero=0x9223372036854775808 one=0x0
    -> [heavy] 4 analysis fact(s) on 21 boundary value(s)
    -> [ind] trap not in a loop
    -> SAT (WARNING: Potential Integer Overflow Bug Detected!) [Query Latency: 8.502380 ms]
  -> Found UB Trap. Starting Backward Slice...
    -> Guard[0] (true edge of ''):  %.not79 = icmp eq ptr %126, null
    -> Guard[1] (false edge of ''):  %116 = icmp samesign ult i64 %115, 3
    -> Guard[2] (false edge of ''):  %39 = icmp eq i8 %38, 1
    -> Guard[3] (false edge of ''):  %18 = icmp eq i64 %17, 0
    -> Guard[4] (false edge of 'entry'):  %6 = icmp samesign ult i64 %5, 2
    -> Collected 5 dominating context guard(s).
    -> Fact[RM:0] i64 %5 in [0,9223372036854775807) (!range)
    -> Fact[KB:1] i64 %5 known bits zero=0x9223372036854775808 one=0x0
    -> Fact[RM:2] i64 %115 in [0,9223372036854775807) (!range)
    -> Fact[KB:3] i64 %115 known bits zero=0x9223372036854775808 one=0x0
    -> Fact[LVI:4] i64 %115 in [3,9223372036854775807) (LVI @ )
    -> [heavy] 5 analysis fact(s) on 24 boundary value(s)
    -> [ind] trap not in a loop
    -> SAT (WARNING: Potential Integer Overflow Bug Detected!) [Query Latency: 12.616961 ms]
  -> Found UB Trap. Starting Backward Slice...
    -> Guard[0] (false edge of '.preheader102.preheader'):  %152 = icmp samesign ult i64 %150, 64
    -> Guard[1] (false edge of ''):  %136 = icmp eq i64 %133, 0
    -> Guard[2] (false edge of ''):  %134 = icmp slt i64 %133, 0
    -> Guard[3] (true edge of ''):  %.not79 = icmp eq ptr %126, null
    -> Guard[4] (false edge of ''):  %116 = icmp samesign ult i64 %115, 3
    -> Guard[5] (false edge of ''):  %39 = icmp eq i8 %38, 1
    -> Guard[6] (false edge of ''):  %18 = icmp eq i64 %17, 0
    -> Guard[7] (false edge of 'entry'):  %6 = icmp samesign ult i64 %5, 2
    -> Collected 8 dominating context guard(s).
    -> Fact[RM:0] i64 %5 in [0,9223372036854775807) (!range)
    -> Fact[KB:1] i64 %5 known bits zero=0x9223372036854775808 one=0x0
    -> Fact[RM:2] i64 %115 in [0,9223372036854775807) (!range)
    -> Fact[KB:3] i64 %115 known bits zero=0x9223372036854775808 one=0x0
    -> Fact[RM:4] i64 %150 in [0,9223372036854775807) (!range)
    -> Fact[KB:5] i64 %150 known bits zero=0x9223372036854775808 one=0x0
    -> Fact[LVI:6] i64 %150 in [64,9223372036854775807) (LVI @ )
    -> Fact[RM:7] i64 %160 in [0,9223372036854775807) (!range)
    -> Fact[KB:8] i64 %160 known bits zero=0x9223372036854775808 one=0x0
    -> [heavy] 9 analysis fact(s) on 26 boundary value(s)
    -> [ind L0] BASE (1 phi(s) = entry): SAT (WARNING: Potential Integer Overflow Bug Detected!) [Query Latency: 2.158330 ms]
    -> SAT (WARNING: Potential Integer Overflow Bug Detected!) [Query Latency: 6.434030 ms]
  -> Found UB Trap. Starting Backward Slice...
    -> Guard[0] (false edge of ''):  %161 = icmp samesign ult i64 %160, 64
    -> Guard[1] (false edge of '.preheader102.preheader'):  %152 = icmp samesign ult i64 %150, 64
    -> Guard[2] (false edge of ''):  %136 = icmp eq i64 %133, 0
    -> Guard[3] (false edge of ''):  %134 = icmp slt i64 %133, 0
    -> Guard[4] (true edge of ''):  %.not79 = icmp eq ptr %126, null
    -> Guard[5] (false edge of ''):  %116 = icmp samesign ult i64 %115, 3
    -> Guard[6] (false edge of ''):  %39 = icmp eq i8 %38, 1
    -> Guard[7] (false edge of ''):  %18 = icmp eq i64 %17, 0
    -> Guard[8] (false edge of 'entry'):  %6 = icmp samesign ult i64 %5, 2
    -> Collected 9 dominating context guard(s).
    -> Fact[RM:0] i64 %5 in [0,9223372036854775807) (!range)
    -> Fact[KB:1] i64 %5 known bits zero=0x9223372036854775808 one=0x0
    -> Fact[RM:2] i64 %115 in [0,9223372036854775807) (!range)
    -> Fact[KB:3] i64 %115 known bits zero=0x9223372036854775808 one=0x0
    -> Fact[RM:4] i64 %150 in [0,9223372036854775807) (!range)
    -> Fact[KB:5] i64 %150 known bits zero=0x9223372036854775808 one=0x0
    -> Fact[LVI:6] i64 %150 in [64,9223372036854775807) (LVI @ )
    -> Fact[RM:7] i64 %160 in [0,9223372036854775807) (!range)
    -> Fact[KB:8] i64 %160 known bits zero=0x9223372036854775808 one=0x0
    -> Fact[LVI:9] i64 %160 in [64,9223372036854775807) (LVI @ )
    -> Fact[RM:10] i64 %164 in [0,9223372036854775807) (!range)
    -> Fact[KB:11] i64 %164 known bits zero=0x9223372036854775808 one=0x0
    -> [heavy] 12 analysis fact(s) on 27 boundary value(s)
    -> [ind L0] BASE (1 phi(s) = entry): SAT (WARNING: Potential Integer Overflow Bug Detected!) [Query Latency: 2.302025 ms]
    -> SAT (WARNING: Potential Integer Overflow Bug Detected!) [Query Latency: 8.521488 ms]
  -> Found UB Trap. Starting Backward Slice...
    -> Guard[0] (false edge of ''):  %165 = icmp samesign ult i64 %164, 64
    -> Guard[1] (false edge of ''):  %161 = icmp samesign ult i64 %160, 64
    -> Guard[2] (false edge of '.preheader102.preheader'):  %152 = icmp samesign ult i64 %150, 64
    -> Guard[3] (false edge of ''):  %136 = icmp eq i64 %133, 0
    -> Guard[4] (false edge of ''):  %134 = icmp slt i64 %133, 0
    -> Guard[5] (true edge of ''):  %.not79 = icmp eq ptr %126, null
    -> Guard[6] (false edge of ''):  %116 = icmp samesign ult i64 %115, 3
    -> Guard[7] (false edge of ''):  %39 = icmp eq i8 %38, 1
    -> Guard[8] (false edge of ''):  %18 = icmp eq i64 %17, 0
    -> Guard[9] (false edge of 'entry'):  %6 = icmp samesign ult i64 %5, 2
    -> Collected 10 dominating context guard(s).
    -> [go3] 0 leaf-closure instruction(s) encoded
    -> Fact[RM:0] i64 %5 in [0,9223372036854775807) (!range)
    -> Fact[KB:1] i64 %5 known bits zero=0x9223372036854775808 one=0x0
    -> Fact[RM:2] i64 %115 in [0,9223372036854775807) (!range)
    -> Fact[KB:3] i64 %115 known bits zero=0x9223372036854775808 one=0x0
    -> Fact[RM:4] i64 %150 in [0,9223372036854775807) (!range)
    -> Fact[KB:5] i64 %150 known bits zero=0x9223372036854775808 one=0x0
    -> Fact[RM:6] i64 %160 in [0,9223372036854775807) (!range)
    -> Fact[KB:7] i64 %160 known bits zero=0x9223372036854775808 one=0x0
    -> Fact[RM:8] i64 %164 in [0,9223372036854775807) (!range)
    -> Fact[KB:9] i64 %164 known bits zero=0x9223372036854775808 one=0x0
    -> Fact[KB:10] i64 %177 known bits zero=0x9223372036854775808 one=0x0
    -> Fact[SCEV:11] i64 %177 in [0,144115188075855871) (SCEV unsigned)
    -> Fact[SCEV:12] i64 %177 in [0,144115188075855871) (SCEV signed)
    -> Fact[SCEVSYM:13] i64 %177 - start(0) <=u BTC(((-1 + (%150 /u 64))<nsw> umin (%150 /u 64))) (SCEV symbolic trip count, sub-form)
    -> Fact[PHIINV-hi:14] i64 %177 == i64 0 || ne(i64 %177, i64 %151) (latch-implied bound, 1-induction)
    -> Fact[PHIINV-hx:15] (i64 0 <=u i64 %151) -> i64 %177 <=u i64 %151 (header-exit eq bound, unit step, 1-induction)
    -> Fact[PHIINV-lo:16] i64 %177 >=s i64 0 (monotone nsw increments, 1 arm(s))
    -> Fact[RM:17] i64 %150 in [0,9223372036854775807) (!range)
    -> Fact[KB:18] i64 %150 known bits zero=0x9223372036854775808 one=0x0
    -> [heavy] 19 analysis fact(s) on 28 boundary value(s)
    -> UNSAT (Dead Code / Impossible Path) [Query Latency: 0.180710 ms]
  => SUCCESS: Trap mathematically neutralized!
  -> Found UB Trap. Starting Backward Slice...
    -> Guard[0] (false edge of '.preheader101'):  %exitcond.not = icmp eq i64 %177, %151
    -> Guard[1] (false edge of ''):  %165 = icmp samesign ult i64 %164, 64
    -> Guard[2] (false edge of ''):  %161 = icmp samesign ult i64 %160, 64
    -> Guard[3] (false edge of '.preheader102.preheader'):  %152 = icmp samesign ult i64 %150, 64
    -> Guard[4] (false edge of ''):  %136 = icmp eq i64 %133, 0
    -> Guard[5] (false edge of ''):  %134 = icmp slt i64 %133, 0
    -> Guard[6] (true edge of ''):  %.not79 = icmp eq ptr %126, null
    -> Guard[7] (false edge of ''):  %116 = icmp samesign ult i64 %115, 3
    -> Guard[8] (false edge of ''):  %39 = icmp eq i8 %38, 1
    -> Guard[9] (false edge of ''):  %18 = icmp eq i64 %17, 0
    -> Guard[10] (false edge of 'entry'):  %6 = icmp samesign ult i64 %5, 2
    -> Collected 11 dominating context guard(s).
    -> [go3] 10 leaf-closure instruction(s) encoded
    -> Fact[RM:0] i64 %5 in [0,9223372036854775807) (!range)
    -> Fact[KB:1] i64 %5 known bits zero=0x9223372036854775808 one=0x0
    -> Fact[RM:2] i64 %115 in [0,9223372036854775807) (!range)
    -> Fact[KB:3] i64 %115 known bits zero=0x9223372036854775808 one=0x0
    -> Fact[RM:4] i64 %150 in [0,9223372036854775807) (!range)
    -> Fact[KB:5] i64 %150 known bits zero=0x9223372036854775808 one=0x0
    -> Fact[RM:6] i64 %160 in [0,9223372036854775807) (!range)
    -> Fact[KB:7] i64 %160 known bits zero=0x9223372036854775808 one=0x0
    -> Fact[RM:8] i64 %164 in [0,9223372036854775807) (!range)
    -> Fact[KB:9] i64 %164 known bits zero=0x9223372036854775808 one=0x0
    -> Fact[KB:10] i64 %177 known bits zero=0x9223372036854775808 one=0x0
    -> Fact[SCEV:11] i64 %177 in [0,144115188075855871) (SCEV unsigned)
    -> Fact[SCEV:12] i64 %177 in [0,144115188075855871) (SCEV signed)
    -> Fact[SCEVSYM:13] i64 %177 - start(0) <=u BTC(((-1 + (%150 /u 64))<nsw> umin (%150 /u 64))) (SCEV symbolic trip count, sub-form)
    -> Fact[PHIINV-hi:14] i64 %177 == i64 0 || ne(i64 %177, i64 %151) (latch-implied bound, 1-induction)
    -> Fact[PHIINV-hx:15] (i64 0 <=u i64 %151) -> i64 %177 <=u i64 %151 (header-exit eq bound, unit step, 1-induction)
    -> Fact[PHIINV-lo:16] i64 %177 >=s i64 0 (monotone nsw increments, 1 arm(s))
    -> Fact[SCEV:17] i64 %232 in [-64,2305843009213694016) (SCEV unsigned)
    -> Fact[SCEV:18] i64 %232 in [-64,2305843009213694016) (SCEV signed)
    -> Fact[PHIINV-hi:19] i64 %232 == i64 %.ph || ne(i64 %232, i64 16) (latch-implied bound, 1-induction)
    -> Fact[PHIINV-lo:20] i64 %232 >=s i64 %.ph (monotone nsw increments, 1 arm(s))
    -> Fact[KB:21] i64 %umin197 known bits zero=0x18446744073709551600 one=0x0
    -> Fact[KB:22] i64 %umin196 known bits zero=0x13835058055282163712 one=0x0
    -> Fact[RM:23] i64 %150 in [0,9223372036854775807) (!range)
    -> Fact[KB:24] i64 %150 known bits zero=0x9223372036854775808 one=0x0
    -> Fact[SCEVEQ:25] i64 %.ph in phi image (3 incoming)
    -> Fact[KB:26] i64 %216 known bits zero=0x18446744073709551608 one=0x0
    -> [heavy] 27 analysis fact(s) on 36 boundary value(s)
    -> [ind L0] BASE (1 phi(s) = entry): UNSAT (Dead Code / Impossible Path) [Query Latency: 121.457711 ms]
    -> Fact[p0.SCEV:0] i64 %232 in [-64,2305843009213694016) (SCEV unsigned)
    -> Fact[p0.SCEV:1] i64 %232 in [-64,2305843009213694016) (SCEV signed)
    -> Fact[p0.PHIINV-hi:2] i64 %232 == i64 %.ph || ne(i64 %232, i64 16) (latch-implied bound, 1-induction)
    -> Fact[p0.PHIINV-lo:3] i64 %232 >=s i64 %.ph (monotone nsw increments, 1 arm(s))
    -> Fact[p0.SCEVEQ:4] i64 %.ph in phi image (3 incoming)
    -> Fact[p0.KB:5] i64 %216 known bits zero=0x18446744073709551608 one=0x0
    -> [ind L0] STEP (copy: 31 instr, 0 skipped, 10 fresh, 6 fact(s), 1 link(s)): SAT (WARNING: Potential Integer Overflow Bug Detected!) [Query Latency: 36.975727 ms]
    -> [ind L1] BASE (5 phi(s) = entry): SAT (WARNING: Potential Integer Overflow Bug Detected!) [Query Latency: 4.428572 ms]
    -> [ind L2] BASE (1 phi(s) = entry): SAT (WARNING: Potential Integer Overflow Bug Detected!) [Query Latency: 4.159603 ms]
    -> SAT (WARNING: Potential Integer Overflow Bug Detected!) [Query Latency: 26.492121 ms]
  -> Found UB Trap. Starting Backward Slice...
    -> Guard[0] (true edge of 'scalar.ph'):  %.not82 = icmp ult i64 %235, %150
    -> Guard[1] (false edge of '.preheader101'):  %exitcond.not = icmp eq i64 %177, %151
    -> Guard[2] (false edge of ''):  %165 = icmp samesign ult i64 %164, 64
    -> Guard[3] (false edge of ''):  %161 = icmp samesign ult i64 %160, 64
    -> Guard[4] (false edge of '.preheader102.preheader'):  %152 = icmp samesign ult i64 %150, 64
    -> Guard[5] (false edge of ''):  %136 = icmp eq i64 %133, 0
    -> Guard[6] (false edge of ''):  %134 = icmp slt i64 %133, 0
    -> Guard[7] (true edge of ''):  %.not79 = icmp eq ptr %126, null
    -> Guard[8] (false edge of ''):  %116 = icmp samesign ult i64 %115, 3
    -> Guard[9] (false edge of ''):  %39 = icmp eq i8 %38, 1
    -> Guard[10] (false edge of ''):  %18 = icmp eq i64 %17, 0
    -> Guard[11] (false edge of 'entry'):  %6 = icmp samesign ult i64 %5, 2
    -> Collected 12 dominating context guard(s).
    -> [go3] 10 leaf-closure instruction(s) encoded
    -> Fact[RM:0] i64 %5 in [0,9223372036854775807) (!range)
    -> Fact[KB:1] i64 %5 known bits zero=0x9223372036854775808 one=0x0
    -> Fact[RM:2] i64 %115 in [0,9223372036854775807) (!range)
    -> Fact[KB:3] i64 %115 known bits zero=0x9223372036854775808 one=0x0
    -> Fact[RM:4] i64 %150 in [0,9223372036854775807) (!range)
    -> Fact[KB:5] i64 %150 known bits zero=0x9223372036854775808 one=0x0
    -> Fact[LVI:6] i64 %150 in [1,0) (LVI @ )
    -> Fact[RM:7] i64 %160 in [0,9223372036854775807) (!range)
    -> Fact[KB:8] i64 %160 known bits zero=0x9223372036854775808 one=0x0
    -> Fact[RM:9] i64 %164 in [0,9223372036854775807) (!range)
    -> Fact[KB:10] i64 %164 known bits zero=0x9223372036854775808 one=0x0
    -> Fact[KB:11] i64 %177 known bits zero=0x9223372036854775808 one=0x0
    -> Fact[SCEV:12] i64 %177 in [0,144115188075855871) (SCEV unsigned)
    -> Fact[SCEV:13] i64 %177 in [0,144115188075855871) (SCEV signed)
    -> Fact[SCEVSYM:14] i64 %177 - start(0) <=u BTC(((-1 + (%150 /u 64))<nsw> umin (%150 /u 64))) (SCEV symbolic trip count, sub-form)
    -> Fact[PHIINV-hi:15] i64 %177 == i64 0 || ne(i64 %177, i64 %151) (latch-implied bound, 1-induction)
    -> Fact[PHIINV-hx:16] (i64 0 <=u i64 %151) -> i64 %177 <=u i64 %151 (header-exit eq bound, unit step, 1-induction)
    -> Fact[PHIINV-lo:17] i64 %177 >=s i64 0 (monotone nsw increments, 1 arm(s))
    -> Fact[SCEV:18] i64 %232 in [-64,2305843009213694016) (SCEV unsigned)
    -> Fact[SCEV:19] i64 %232 in [-64,2305843009213694016) (SCEV signed)
    -> Fact[PHIINV-hi:20] i64 %232 == i64 %.ph || ne(i64 %232, i64 16) (latch-implied bound, 1-induction)
    -> Fact[PHIINV-lo:21] i64 %232 >=s i64 %.ph (monotone nsw increments, 1 arm(s))
    -> Fact[KB:22] i64 %umin197 known bits zero=0x18446744073709551600 one=0x0
    -> Fact[KB:23] i64 %umin196 known bits zero=0x13835058055282163712 one=0x0
    -> Fact[RM:24] i64 %150 in [0,9223372036854775807) (!range)
    -> Fact[KB:25] i64 %150 known bits zero=0x9223372036854775808 one=0x0
    -> Fact[LVI:26] i64 %150 in [1,0) (LVI @ )
    -> Fact[SCEVEQ:27] i64 %.ph in phi image (3 incoming)
    -> Fact[KB:28] i64 %216 known bits zero=0x18446744073709551608 one=0x0
    -> [heavy] 29 analysis fact(s) on 36 boundary value(s)
    -> [ind L0] BASE (1 phi(s) = entry): UNSAT (Dead Code / Impossible Path) [Query Latency: 86.504834 ms]
    -> Fact[p0.SCEV:0] i64 %232 in [-64,2305843009213694016) (SCEV unsigned)
    -> Fact[p0.SCEV:1] i64 %232 in [-64,2305843009213694016) (SCEV signed)
    -> Fact[p0.PHIINV-hi:2] i64 %232 == i64 %.ph || ne(i64 %232, i64 16) (latch-implied bound, 1-induction)
    -> Fact[p0.PHIINV-lo:3] i64 %232 >=s i64 %.ph (monotone nsw increments, 1 arm(s))
    -> Fact[p0.SCEVEQ:4] i64 %.ph in phi image (3 incoming)
    -> Fact[p0.KB:5] i64 %216 known bits zero=0x18446744073709551608 one=0x0
    -> [ind L0] STEP (copy: 31 instr, 0 skipped, 10 fresh, 6 fact(s), 1 link(s)): SAT (WARNING: Potential Integer Overflow Bug Detected!) [Query Latency: 24.076353 ms]
    -> [ind L1] BASE (5 phi(s) = entry): SAT (WARNING: Potential Integer Overflow Bug Detected!) [Query Latency: 4.720896 ms]
    -> [ind L2] BASE (1 phi(s) = entry): SAT (WARNING: Potential Integer Overflow Bug Detected!) [Query Latency: 4.420757 ms]
    -> SAT (WARNING: Potential Integer Overflow Bug Detected!) [Query Latency: 64.625902 ms]
  -> Found UB Trap. Starting Backward Slice...
    -> Guard[0] (true edge of ''):  %.not83 = icmp samesign ult i64 %237, %150
    -> Guard[1] (true edge of 'scalar.ph'):  %.not82 = icmp ult i64 %235, %150
    -> Guard[2] (false edge of '.preheader101'):  %exitcond.not = icmp eq i64 %177, %151
    -> Guard[3] (false edge of ''):  %165 = icmp samesign ult i64 %164, 64
    -> Guard[4] (false edge of ''):  %161 = icmp samesign ult i64 %160, 64
    -> Guard[5] (false edge of '.preheader102.preheader'):  %152 = icmp samesign ult i64 %150, 64
    -> Guard[6] (false edge of ''):  %136 = icmp eq i64 %133, 0
    -> Guard[7] (false edge of ''):  %134 = icmp slt i64 %133, 0
    -> Guard[8] (true edge of ''):  %.not79 = icmp eq ptr %126, null
    -> Guard[9] (false edge of ''):  %116 = icmp samesign ult i64 %115, 3
    -> Guard[10] (false edge of ''):  %39 = icmp eq i8 %38, 1
    -> Guard[11] (false edge of ''):  %18 = icmp eq i64 %17, 0
    -> Guard[12] (false edge of 'entry'):  %6 = icmp samesign ult i64 %5, 2
    -> Collected 13 dominating context guard(s).
    -> [go3] 10 leaf-closure instruction(s) encoded
    -> Fact[RM:0] i64 %5 in [0,9223372036854775807) (!range)
    -> Fact[KB:1] i64 %5 known bits zero=0x9223372036854775808 one=0x0
    -> Fact[RM:2] i64 %115 in [0,9223372036854775807) (!range)
    -> Fact[KB:3] i64 %115 known bits zero=0x9223372036854775808 one=0x0
    -> Fact[RM:4] i64 %150 in [0,9223372036854775807) (!range)
    -> Fact[KB:5] i64 %150 known bits zero=0x9223372036854775808 one=0x0
    -> Fact[LVI:6] i64 %150 in [2,0) (LVI @ )
    -> Fact[RM:7] i64 %160 in [0,9223372036854775807) (!range)
    -> Fact[KB:8] i64 %160 known bits zero=0x9223372036854775808 one=0x0
    -> Fact[RM:9] i64 %164 in [0,9223372036854775807) (!range)
    -> Fact[KB:10] i64 %164 known bits zero=0x9223372036854775808 one=0x0
    -> Fact[KB:11] i64 %177 known bits zero=0x9223372036854775808 one=0x0
    -> Fact[SCEV:12] i64 %177 in [0,144115188075855871) (SCEV unsigned)
    -> Fact[SCEV:13] i64 %177 in [0,144115188075855871) (SCEV signed)
    -> Fact[SCEVSYM:14] i64 %177 - start(0) <=u BTC(((-1 + (%150 /u 64))<nsw> umin (%150 /u 64))) (SCEV symbolic trip count, sub-form)
    -> Fact[PHIINV-hi:15] i64 %177 == i64 0 || ne(i64 %177, i64 %151) (latch-implied bound, 1-induction)
    -> Fact[PHIINV-hx:16] (i64 0 <=u i64 %151) -> i64 %177 <=u i64 %151 (header-exit eq bound, unit step, 1-induction)
    -> Fact[PHIINV-lo:17] i64 %177 >=s i64 0 (monotone nsw increments, 1 arm(s))
    -> Fact[SCEV:18] i64 %232 in [-64,2305843009213694016) (SCEV unsigned)
    -> Fact[SCEV:19] i64 %232 in [-64,2305843009213694016) (SCEV signed)
    -> Fact[PHIINV-hi:20] i64 %232 == i64 %.ph || ne(i64 %232, i64 16) (latch-implied bound, 1-induction)
    -> Fact[PHIINV-lo:21] i64 %232 >=s i64 %.ph (monotone nsw increments, 1 arm(s))
    -> Fact[KB:22] i64 %umin197 known bits zero=0x18446744073709551600 one=0x0
    -> Fact[KB:23] i64 %umin196 known bits zero=0x13835058055282163712 one=0x0
    -> Fact[RM:24] i64 %150 in [0,9223372036854775807) (!range)
    -> Fact[KB:25] i64 %150 known bits zero=0x9223372036854775808 one=0x0
    -> Fact[LVI:26] i64 %150 in [2,0) (LVI @ )
    -> Fact[SCEVEQ:27] i64 %.ph in phi image (3 incoming)
    -> Fact[KB:28] i64 %216 known bits zero=0x18446744073709551608 one=0x0
    -> [heavy] 29 analysis fact(s) on 36 boundary value(s)
    -> [ind L0] BASE (1 phi(s) = entry): UNSAT (Dead Code / Impossible Path) [Query Latency: 123.096316 ms]
    -> Fact[p0.SCEV:0] i64 %232 in [-64,2305843009213694016) (SCEV unsigned)
    -> Fact[p0.SCEV:1] i64 %232 in [-64,2305843009213694016) (SCEV signed)
    -> Fact[p0.PHIINV-hi:2] i64 %232 == i64 %.ph || ne(i64 %232, i64 16) (latch-implied bound, 1-induction)
    -> Fact[p0.PHIINV-lo:3] i64 %232 >=s i64 %.ph (monotone nsw increments, 1 arm(s))
    -> Fact[p0.SCEVEQ:4] i64 %.ph in phi image (3 incoming)
    -> Fact[p0.KB:5] i64 %216 known bits zero=0x18446744073709551608 one=0x0
    -> [ind L0] STEP (copy: 31 instr, 0 skipped, 10 fresh, 6 fact(s), 1 link(s)): SAT (WARNING: Potential Integer Overflow Bug Detected!) [Query Latency: 45.403625 ms]
    -> [ind L1] BASE (5 phi(s) = entry): SAT (WARNING: Potential Integer Overflow Bug Detected!) [Query Latency: 7.082008 ms]
    -> [ind L2] BASE (1 phi(s) = entry): SAT (WARNING: Potential Integer Overflow Bug Detected!) [Query Latency: 4.593207 ms]
    -> SAT (WARNING: Potential Integer Overflow Bug Detected!) [Query Latency: 21.314526 ms]
  -> Found UB Trap. Starting Backward Slice...
    -> Guard[0] (true edge of ''):  %.not84 = icmp samesign ult i64 %239, %150
    -> Guard[1] (true edge of ''):  %.not83 = icmp samesign ult i64 %237, %150
    -> Guard[2] (true edge of 'scalar.ph'):  %.not82 = icmp ult i64 %235, %150
    -> Guard[3] (false edge of '.preheader101'):  %exitcond.not = icmp eq i64 %177, %151
    -> Guard[4] (false edge of ''):  %165 = icmp samesign ult i64 %164, 64
    -> Guard[5] (false edge of ''):  %161 = icmp samesign ult i64 %160, 64
    -> Guard[6] (false edge of '.preheader102.preheader'):  %152 = icmp samesign ult i64 %150, 64
    -> Guard[7] (false edge of ''):  %136 = icmp eq i64 %133, 0
    -> Guard[8] (false edge of ''):  %134 = icmp slt i64 %133, 0
    -> Guard[9] (true edge of ''):  %.not79 = icmp eq ptr %126, null
    -> Guard[10] (false edge of ''):  %116 = icmp samesign ult i64 %115, 3
    -> Guard[11] (false edge of ''):  %39 = icmp eq i8 %38, 1
    -> Guard[12] (false edge of ''):  %18 = icmp eq i64 %17, 0
    -> Guard[13] (false edge of 'entry'):  %6 = icmp samesign ult i64 %5, 2
    -> Collected 14 dominating context guard(s).
    -> [go3] 10 leaf-closure instruction(s) encoded
    -> Fact[RM:0] i64 %5 in [0,9223372036854775807) (!range)
    -> Fact[KB:1] i64 %5 known bits zero=0x9223372036854775808 one=0x0
    -> Fact[RM:2] i64 %115 in [0,9223372036854775807) (!range)
    -> Fact[KB:3] i64 %115 known bits zero=0x9223372036854775808 one=0x0
    -> Fact[RM:4] i64 %150 in [0,9223372036854775807) (!range)
    -> Fact[KB:5] i64 %150 known bits zero=0x9223372036854775808 one=0x0
    -> Fact[LVI:6] i64 %150 in [3,0) (LVI @ )
    -> Fact[RM:7] i64 %160 in [0,9223372036854775807) (!range)
    -> Fact[KB:8] i64 %160 known bits zero=0x9223372036854775808 one=0x0
    -> Fact[RM:9] i64 %164 in [0,9223372036854775807) (!range)
    -> Fact[KB:10] i64 %164 known bits zero=0x9223372036854775808 one=0x0
    -> Fact[KB:11] i64 %177 known bits zero=0x9223372036854775808 one=0x0
    -> Fact[SCEV:12] i64 %177 in [0,144115188075855871) (SCEV unsigned)
    -> Fact[SCEV:13] i64 %177 in [0,144115188075855871) (SCEV signed)
    -> Fact[SCEVSYM:14] i64 %177 - start(0) <=u BTC(((-1 + (%150 /u 64))<nsw> umin (%150 /u 64))) (SCEV symbolic trip count, sub-form)
    -> Fact[PHIINV-hi:15] i64 %177 == i64 0 || ne(i64 %177, i64 %151) (latch-implied bound, 1-induction)
    -> Fact[PHIINV-hx:16] (i64 0 <=u i64 %151) -> i64 %177 <=u i64 %151 (header-exit eq bound, unit step, 1-induction)
    -> Fact[PHIINV-lo:17] i64 %177 >=s i64 0 (monotone nsw increments, 1 arm(s))
    -> Fact[SCEV:18] i64 %232 in [-64,2305843009213694016) (SCEV unsigned)
    -> Fact[SCEV:19] i64 %232 in [-64,2305843009213694016) (SCEV signed)
    -> Fact[PHIINV-hi:20] i64 %232 == i64 %.ph || ne(i64 %232, i64 16) (latch-implied bound, 1-induction)
    -> Fact[PHIINV-lo:21] i64 %232 >=s i64 %.ph (monotone nsw increments, 1 arm(s))
    -> Fact[KB:22] i64 %umin197 known bits zero=0x18446744073709551600 one=0x0
    -> Fact[KB:23] i64 %umin196 known bits zero=0x13835058055282163712 one=0x0
    -> Fact[RM:24] i64 %150 in [0,9223372036854775807) (!range)
    -> Fact[KB:25] i64 %150 known bits zero=0x9223372036854775808 one=0x0
    -> Fact[LVI:26] i64 %150 in [3,0) (LVI @ )
    -> Fact[SCEVEQ:27] i64 %.ph in phi image (3 incoming)
    -> Fact[KB:28] i64 %216 known bits zero=0x18446744073709551608 one=0x0
    -> [heavy] 29 analysis fact(s) on 36 boundary value(s)
    -> [ind L0] BASE (1 phi(s) = entry): UNSAT (Dead Code / Impossible Path) [Query Latency: 120.671743 ms]
    -> Fact[p0.SCEV:0] i64 %232 in [-64,2305843009213694016) (SCEV unsigned)
    -> Fact[p0.SCEV:1] i64 %232 in [-64,2305843009213694016) (SCEV signed)
    -> Fact[p0.PHIINV-hi:2] i64 %232 == i64 %.ph || ne(i64 %232, i64 16) (latch-implied bound, 1-induction)
    -> Fact[p0.PHIINV-lo:3] i64 %232 >=s i64 %.ph (monotone nsw increments, 1 arm(s))
    -> Fact[p0.SCEVEQ:4] i64 %.ph in phi image (3 incoming)
    -> Fact[p0.KB:5] i64 %216 known bits zero=0x18446744073709551608 one=0x0
    -> [ind L0] STEP (copy: 31 instr, 0 skipped, 10 fresh, 6 fact(s), 1 link(s)): SAT (WARNING: Potential Integer Overflow Bug Detected!) [Query Latency: 45.785969 ms]
    -> [ind L1] BASE (5 phi(s) = entry): SAT (WARNING: Potential Integer Overflow Bug Detected!) [Query Latency: 5.436447 ms]
    -> [ind L2] BASE (1 phi(s) = entry): SAT (WARNING: Potential Integer Overflow Bug Detected!) [Query Latency: 5.458077 ms]
    -> SAT (WARNING: Potential Integer Overflow Bug Detected!) [Query Latency: 70.144367 ms]
  => Total Traps Eliminated: 1
  => Total Trap Attempts: 11
  => Total SMT Queries Executed: 11
  => Total SMT Query Latency: 1.070690e+03 ms
  => Average SMT Query Latency: 9.733541e+01 ms
  => Total DFS & SMT Execution Time: 1.594507e+03 ms
--------------------------------------------------

[Z3 Oracle] Analyzing Function: $ss17FixedWidthIntegerPsE_5radixxSgqd___SitcSyRd__lufcADSRys5UInt8VGXEfU_AGSiADs5Error_psAARzSSRsd__r__lIetyyrzo_Tpq5Si_Tg5
  [tier: heavy]
  -> Found UB Trap. Starting Backward Slice...
    -> Collected 0 dominating context guard(s).
    -> [heavy] 0 analysis fact(s) on 1 boundary value(s)
    -> [ind] trap not in a loop
    -> SAT (WARNING: Potential Integer Overflow Bug Detected!) [Query Latency: 0.424252 ms]
  -> Found UB Trap. Starting Backward Slice...
    -> Collected 0 dominating context guard(s).
    -> [heavy] 0 analysis fact(s) on 1 boundary value(s)
    -> [ind] trap not in a loop
    -> SAT (WARNING: Potential Integer Overflow Bug Detected!) [Query Latency: 0.404411 ms]
  => Total Traps Eliminated: 0
  => Total Trap Attempts: 2
  => Total SMT Queries Executed: 2
  => Total SMT Query Latency: 8.286630e-01 ms
  => Average SMT Query Latency: 4.143315e-01 ms
  => Total DFS & SMT Execution Time: 1.890657e+01 ms
--------------------------------------------------

[Z3 Oracle] Analyzing Function: $ss13_parseInteger5ascii5radixq_Sgx_SitSyRzs010FixedWidthB0R_r0_lFSSSiADSSRszsAER_r0_lIetgyr_Tpq5Si_Tg5
  [tier: heavy]
  -> Found UB Trap. Starting Backward Slice...
    -> Guard[0] (true edge of ''):  %.not = icmp eq i64 %19, 0
    -> Collected 1 dominating context guard(s).
    -> [heavy] 0 analysis fact(s) on 10 boundary value(s)
    -> [ind] trap not in a loop
    -> SAT (WARNING: Potential Integer Overflow Bug Detected!) [Query Latency: 0.952709 ms]
  -> Found UB Trap. Starting Backward Slice...
    -> Guard[0] (true edge of ''):  %.not = icmp eq i64 %19, 0
    -> Collected 1 dominating context guard(s).
    -> [heavy] 0 analysis fact(s) on 10 boundary value(s)
    -> [ind] trap not in a loop
    -> SAT (WARNING: Potential Integer Overflow Bug Detected!) [Query Latency: 0.939547 ms]
  => Total Traps Eliminated: 0
  => Total Trap Attempts: 2
  => Total SMT Queries Executed: 2
  => Total SMT Query Latency: 1.892256e+00 ms
  => Average SMT Query Latency: 9.461280e-01 ms
  => Total DFS & SMT Execution Time: 2.424903e+01 ms
--------------------------------------------------

[Z3 Oracle] Analyzing Function: $sSS8_copyingyS2SFZ
  [tier: heavy]
  => Total Traps Eliminated: 0
  => Total Trap Attempts: 0
  => Total SMT Queries Executed: 0
  => Total SMT Query Latency: 0.000000e+00 ms
  => Average SMT Query Latency: 0.000000e+00 ms
  => Total DFS & SMT Execution Time: 5.000500e-02 ms
--------------------------------------------------

[Z3 Oracle] Analyzing Function: $sSS8_copyingySSSsFZ
  [tier: heavy]
  -> Found UB Trap. Starting Backward Slice...
    -> Guard[0] (false edge of ''):  %11 = icmp eq i64 %10, 0
    -> Guard[1] (false edge of 'entry'):  %8 = icmp eq i64 %7, 0
    -> Collected 2 dominating context guard(s).
    -> Fact[LVI:0] i64 %6 in [1152921504606846976,0) (LVI @ )
    -> Fact[LVI:1] i64 %10 in [1,0) (LVI @ )
    -> [heavy] 2 analysis fact(s) on 3 boundary value(s)
    -> [ind] trap not in a loop
    -> SAT (WARNING: Potential Integer Overflow Bug Detected!) [Query Latency: 0.497858 ms]
  => Total Traps Eliminated: 0
  => Total Trap Attempts: 1
  => Total SMT Queries Executed: 1
  => Total SMT Query Latency: 4.978580e-01 ms
  => Average SMT Query Latency: 4.978580e-01 ms
  => Total DFS & SMT Execution Time: 1.166555e+01 ms
--------------------------------------------------

[Z3 Oracle] Analyzing Function: $sSlsE5countSivgSs8UTF8ViewV_Tgq5
  [tier: heavy]
  -> Found UB Trap. Starting Backward Slice...
    -> Guard[0] (false edge of ''):  %6 = icmp eq i64 %5, 0
    -> Collected 1 dominating context guard(s).
    -> Fact[LVI:0] i64 %4 in [1152921504606846976,0) (LVI @ )
    -> [heavy] 1 analysis fact(s) on 4 boundary value(s)
    -> [ind] trap not in a loop
    -> SAT (WARNING: Potential Integer Overflow Bug Detected!) [Query Latency: 2.313007 ms]
  -> Found UB Trap. Starting Backward Slice...
    -> Guard[0] (false edge of ''):  %29 = icmp samesign ult i64 %27, %28
    -> Guard[1] (false edge of ''):  %6 = icmp eq i64 %5, 0
    -> Collected 2 dominating context guard(s).
    -> Fact[LVI:0] i64 %4 in [1152921504606846976,0) (LVI @ )
    -> [heavy] 1 analysis fact(s) on 6 boundary value(s)
    -> [ind] trap not in a loop
    -> SAT (WARNING: Potential Integer Overflow Bug Detected!) [Query Latency: 2.136646 ms]
  => Total Traps Eliminated: 0
  => Total Trap Attempts: 2
  => Total SMT Queries Executed: 2
  => Total SMT Query Latency: 4.449653e+00 ms
  => Average SMT Query Latency: 2.224826e+00 ms
  => Total DFS & SMT Execution Time: 2.827786e+01 ms
--------------------------------------------------

[Z3 Oracle] Analyzing Function: $ss22_ContiguousArrayBufferV19_uninitializedCount15minimumCapacityAByxGSi_SitcfCs5UInt8V_Tt1gq5
  [tier: heavy]
  => Total Traps Eliminated: 0
  => Total Trap Attempts: 0
  => Total SMT Queries Executed: 0
  => Total SMT Query Latency: 0.000000e+00 ms
  => Average SMT Query Latency: 0.000000e+00 ms
  => Total DFS & SMT Execution Time: 5.554400e-02 ms
--------------------------------------------------

[Z3 Oracle] Analyzing Function: $sSTsE21_copySequenceContents12initializing8IteratorQz_SitSry7ElementQzG_tFSs8UTF8ViewV_Tgq5
  [tier: heavy]
  -> Found UB Trap. Starting Backward Slice...
    -> Guard[0] (false edge of ''):  %11 = icmp eq i64 %2, 0
    -> Guard[1] (false edge of 'entry'):  %8 = icmp eq i64 %1, 0
    -> Collected 2 dominating context guard(s).
    -> Fact[LVI:0] i64 %1 in [1,0) (LVI @ )
    -> Fact[LVI:1] i64 %2 in [1,0) (LVI @ )
    -> [heavy] 2 analysis fact(s) on 2 boundary value(s)
    -> [ind] trap not in a loop
    -> SAT (WARNING: Potential Integer Overflow Bug Detected!) [Query Latency: 0.252959 ms]
  -> Found UB Trap. Starting Backward Slice...
    -> Guard[0] (false edge of ''):  %17 = icmp eq i64 %16, %14
    -> Guard[1] (false edge of ''):  %13 = icmp slt i64 %2, 0
    -> Guard[2] (false edge of ''):  %11 = icmp eq i64 %2, 0
    -> Guard[3] (false edge of 'entry'):  %8 = icmp eq i64 %1, 0
    -> Collected 4 dominating context guard(s).
    -> [heavy] 0 analysis fact(s) on 8 boundary value(s)
    -> [ind L0] BASE (3 phi(s) = entry): SAT (WARNING: Potential Integer Overflow Bug Detected!) [Query Latency: 2.781308 ms]
    -> SAT (WARNING: Potential Integer Overflow Bug Detected!) [Query Latency: 2.865024 ms]
  -> Found UB Trap. Starting Backward Slice...
    -> Guard[0] (false edge of ''):  %21 = icmp eq i64 %20, 0
    -> Guard[1] (true edge of ''):  %.not1 = xor i1 %48, true
    -> Guard[2] (false edge of ''):  %17 = icmp eq i64 %16, %14
    -> Guard[3] (false edge of ''):  %13 = icmp slt i64 %2, 0
    -> Guard[4] (false edge of ''):  %11 = icmp eq i64 %2, 0
    -> Guard[5] (false edge of 'entry'):  %8 = icmp eq i64 %1, 0
    -> Collected 6 dominating context guard(s).
    -> Fact[LVI:0] i64 %19 in [1152921504606846976,0) (LVI @ )
    -> [heavy] 1 analysis fact(s) on 9 boundary value(s)
    -> [ind L0] BASE (3 phi(s) = entry): SAT (WARNING: Potential Integer Overflow Bug Detected!) [Query Latency: 1.682791 ms]
    -> SAT (WARNING: Potential Integer Overflow Bug Detected!) [Query Latency: 2.667727 ms]
  => Total Traps Eliminated: 0
  => Total Trap Attempts: 3
  => Total SMT Queries Executed: 3
  => Total SMT Query Latency: 1.295194e+01 ms
  => Average SMT Query Latency: 4.317312e+00 ms
  => Total DFS & SMT Execution Time: 5.151761e+01 ms
--------------------------------------------------

[Z3 Oracle] Analyzing Function: $ss11_StringGutsV27_slowEnsureMatchingEncodingySS5IndexVAEF
  [tier: heavy]
  => Total Traps Eliminated: 0
  => Total Trap Attempts: 0
  => Total SMT Queries Executed: 0
  => Total SMT Query Latency: 0.000000e+00 ms
  => Average SMT Query Latency: 0.000000e+00 ms
  => Total DFS & SMT Execution Time: 5.486800e-02 ms
--------------------------------------------------

[Z3 Oracle] Analyzing Function: $ss32_copyCollectionToContiguousArrayys0dE0Vy7ElementQzGxSlRzlF20FoundationEssentials4DataV_Tgq5
  [tier: heavy]
  -> Found UB Trap. Starting Backward Slice...
    -> Collected 0 dominating context guard(s).
    -> [heavy] 0 analysis fact(s) on 2 boundary value(s)
    -> [ind] trap not in a loop
    -> SAT (WARNING: Potential Integer Overflow Bug Detected!) [Query Latency: 5.377236 ms]
  -> Found UB Trap. Starting Backward Slice...
    -> Guard[0] (false edge of ''):  %27 = icmp eq i64 %26, 0
    -> Collected 1 dominating context guard(s).
    -> [heavy] 0 analysis fact(s) on 5 boundary value(s)
    -> [ind] trap not in a loop
    -> SAT (WARNING: Potential Integer Overflow Bug Detected!) [Query Latency: 5.543510 ms]
  -> Found UB Trap. Starting Backward Slice...
    -> Collected 0 dominating context guard(s).
    -> [heavy] 0 analysis fact(s) on 1 boundary value(s)
    -> [ind] trap not in a loop
    -> SAT (WARNING: Potential Integer Overflow Bug Detected!) [Query Latency: 1.989529 ms]
  => Total Traps Eliminated: 0
  => Total Trap Attempts: 3
  => Total SMT Queries Executed: 3
  => Total SMT Query Latency: 1.291028e+01 ms
  => Average SMT Query Latency: 4.303425e+00 ms
  => Total DFS & SMT Execution Time: 4.998931e+01 ms
--------------------------------------------------

[Z3 Oracle] Analyzing Function: $s20FoundationEssentials4DataV15_RepresentationOWOe
  [tier: heavy]
  => Total Traps Eliminated: 0
  => Total Trap Attempts: 0
  => Total SMT Queries Executed: 0
  => Total SMT Query Latency: 0.000000e+00 ms
  => Average SMT Query Latency: 0.000000e+00 ms
  => Total DFS & SMT Execution Time: 4.649800e-02 ms
--------------------------------------------------

[Z3 Oracle] Analyzing Function: __swift_instantiateConcreteTypeFromMangledName
  [tier: heavy]
  => Total Traps Eliminated: 0
  => Total Trap Attempts: 0
  => Total SMT Queries Executed: 0
  => Total SMT Query Latency: 0.000000e+00 ms
  => Average SMT Query Latency: 0.000000e+00 ms
  => Total DFS & SMT Execution Time: 5.123200e-02 ms
--------------------------------------------------

[Z3 Oracle] Analyzing Function: $s20FoundationEssentials4DataV8IteratorV_SitWOh
  [tier: heavy]
  => Total Traps Eliminated: 0
  => Total Trap Attempts: 0
  => Total SMT Queries Executed: 0
  => Total SMT Query Latency: 0.000000e+00 ms
  => Average SMT Query Latency: 0.000000e+00 ms
  => Total DFS & SMT Execution Time: 3.576800e-02 ms
--------------------------------------------------
