
[Z3 Oracle] Analyzing Function: deflateInit_
  [tier: heavy]
  => Total Traps Eliminated: 0
  => Total Trap Attempts: 0
  => Total SMT Queries Executed: 0
  => Total SMT Query Latency: 0.000000e+00 ms
  => Average SMT Query Latency: 0.000000e+00 ms
  => Total DFS & SMT Execution Time: 1.076163e+00 ms

[Z3 Oracle] Analyzing Function: deflateInit2_
  [tier: heavy]
  => Total Traps Eliminated: 0
  => Total Trap Attempts: 0
  => Total SMT Queries Executed: 0
  => Total SMT Query Latency: 0.000000e+00 ms
  => Average SMT Query Latency: 0.000000e+00 ms
  => Total DFS & SMT Execution Time: 2.103440e-01 ms

[Z3 Oracle] Analyzing Function: deflateEnd
  [tier: heavy]
  => Total Traps Eliminated: 0
  => Total Trap Attempts: 0
  => Total SMT Queries Executed: 0
  => Total SMT Query Latency: 0.000000e+00 ms
  => Average SMT Query Latency: 0.000000e+00 ms
  => Total DFS & SMT Execution Time: 1.243900e-01 ms

[Z3 Oracle] Analyzing Function: deflateReset
  [tier: heavy]
  -> Found UB Trap. Starting Backward Slice...
  => Total Traps Eliminated: 0
  => Total Trap Attempts: 1
  => Total SMT Queries Executed: 1
  => Total SMT Query Latency: 1.034267e+00 ms
  => Average SMT Query Latency: 1.034267e+00 ms
  => Total DFS & SMT Execution Time: 1.314804e+01 ms

[Z3 Oracle] Analyzing Function: deflateSetDictionary
  [tier: heavy]
  -> Found UB Trap. Starting Backward Slice...
  -> Found UB Trap. Starting Backward Slice...
  => Total Traps Eliminated: 0
  => Total Trap Attempts: 2
  => Total SMT Queries Executed: 2
  => Total SMT Query Latency: 3.353750e+01 ms
  => Average SMT Query Latency: 1.676875e+01 ms
  => Total DFS & SMT Execution Time: 9.118011e+01 ms

[Z3 Oracle] Analyzing Function: deflateGetDictionary
  [tier: heavy]
  => Total Traps Eliminated: 0
  => Total Trap Attempts: 0
  => Total SMT Queries Executed: 0
  => Total SMT Query Latency: 0.000000e+00 ms
  => Average SMT Query Latency: 0.000000e+00 ms
  => Total DFS & SMT Execution Time: 2.275020e-01 ms

[Z3 Oracle] Analyzing Function: deflateResetKeep
  [tier: heavy]
  -> Found UB Trap. Starting Backward Slice...
  => Total Traps Eliminated: 0
  => Total Trap Attempts: 1
  => Total SMT Queries Executed: 1
  => Total SMT Query Latency: 1.057165e+00 ms
  => Average SMT Query Latency: 1.057165e+00 ms
  => Total DFS & SMT Execution Time: 1.497172e+01 ms

[Z3 Oracle] Analyzing Function: deflateSetHeader
  [tier: heavy]
  => Total Traps Eliminated: 0
  => Total Trap Attempts: 0
  => Total SMT Queries Executed: 0
  => Total SMT Query Latency: 0.000000e+00 ms
  => Average SMT Query Latency: 0.000000e+00 ms
  => Total DFS & SMT Execution Time: 1.389830e-01 ms

[Z3 Oracle] Analyzing Function: deflatePending
  [tier: heavy]
  => Total Traps Eliminated: 0
  => Total Trap Attempts: 0
  => Total SMT Queries Executed: 0
  => Total SMT Query Latency: 0.000000e+00 ms
  => Average SMT Query Latency: 0.000000e+00 ms
  => Total DFS & SMT Execution Time: 1.193650e-01 ms

[Z3 Oracle] Analyzing Function: deflateUsed
  [tier: heavy]
  => Total Traps Eliminated: 0
  => Total Trap Attempts: 0
  => Total SMT Queries Executed: 0
  => Total SMT Query Latency: 0.000000e+00 ms
  => Average SMT Query Latency: 0.000000e+00 ms
  => Total DFS & SMT Execution Time: 1.178420e-01 ms

[Z3 Oracle] Analyzing Function: deflatePrime
  [tier: heavy]
  -> Found UB Trap. Starting Backward Slice...
  => Total Traps Eliminated: 0
  => Total Trap Attempts: 1
  => Total SMT Queries Executed: 1
  => Total SMT Query Latency: 4.924846e+00 ms
  => Average SMT Query Latency: 4.924846e+00 ms
  => Total DFS & SMT Execution Time: 1.654446e+01 ms

[Z3 Oracle] Analyzing Function: deflateParams
  [tier: heavy]
  -> Found UB Trap. Starting Backward Slice...
  -> Found UB Trap. Starting Backward Slice...
    -> UNSAT (Dead Code / Impossible Path) [Query Latency: 1.711986 ms]
  => SUCCESS: Trap mathematically neutralized!
  -> Found UB Trap. Starting Backward Slice...
  -> Found UB Trap. Starting Backward Slice...
  => Total Traps Eliminated: 1
  => Total Trap Attempts: 4
  => Total SMT Queries Executed: 4
  => Total SMT Query Latency: 1.512729e+01 ms
  => Average SMT Query Latency: 3.781823e+00 ms
  => Total DFS & SMT Execution Time: 8.202192e+01 ms

[Z3 Oracle] Analyzing Function: deflate
  [tier: heavy]
  -> Found UB Trap. Starting Backward Slice...
  -> Found UB Trap. Starting Backward Slice...
    -> UNSAT (Dead Code / Impossible Path) [Query Latency: 2.300020 ms]
  => SUCCESS: Trap mathematically neutralized!
  => Total Traps Eliminated: 1
  => Total Trap Attempts: 2
  => Total SMT Queries Executed: 2
  => Total SMT Query Latency: 4.408319e+00 ms
  => Average SMT Query Latency: 2.204160e+00 ms
  => Total DFS & SMT Execution Time: 6.067437e+01 ms

[Z3 Oracle] Analyzing Function: slide_hash
  [tier: heavy]
  => Total Traps Eliminated: 0
  => Total Trap Attempts: 0
  => Total SMT Queries Executed: 0
  => Total SMT Query Latency: 0.000000e+00 ms
  => Average SMT Query Latency: 0.000000e+00 ms
  => Total DFS & SMT Execution Time: 1.704490e-01 ms

[Z3 Oracle] Analyzing Function: deflateTune
  [tier: heavy]
  => Total Traps Eliminated: 0
  => Total Trap Attempts: 0
  => Total SMT Queries Executed: 0
  => Total SMT Query Latency: 0.000000e+00 ms
  => Average SMT Query Latency: 0.000000e+00 ms
  => Total DFS & SMT Execution Time: 1.110580e-01 ms

[Z3 Oracle] Analyzing Function: deflateBound_z
  [tier: heavy]
  -> Found UB Trap. Starting Backward Slice...
  => Total Traps Eliminated: 0
  => Total Trap Attempts: 1
  => Total SMT Queries Executed: 1
  => Total SMT Query Latency: 9.241310e-01 ms
  => Average SMT Query Latency: 9.241310e-01 ms
  => Total DFS & SMT Execution Time: 1.095930e+01 ms

[Z3 Oracle] Analyzing Function: deflateBound
  [tier: heavy]
  -> Found UB Trap. Starting Backward Slice...
  => Total Traps Eliminated: 0
  => Total Trap Attempts: 1
  => Total SMT Queries Executed: 1
  => Total SMT Query Latency: 8.792020e-01 ms
  => Average SMT Query Latency: 8.792020e-01 ms
  => Total DFS & SMT Execution Time: 9.946766e+00 ms

[Z3 Oracle] Analyzing Function: flush_pending
  [tier: heavy]
  => Total Traps Eliminated: 0
  => Total Trap Attempts: 0
  => Total SMT Queries Executed: 0
  => Total SMT Query Latency: 0.000000e+00 ms
  => Average SMT Query Latency: 0.000000e+00 ms
  => Total DFS & SMT Execution Time: 1.310170e-01 ms

[Z3 Oracle] Analyzing Function: deflate_stored
  [tier: heavy]
  => Total Traps Eliminated: 0
  => Total Trap Attempts: 0
  => Total SMT Queries Executed: 0
  => Total SMT Query Latency: 0.000000e+00 ms
  => Average SMT Query Latency: 0.000000e+00 ms
  => Total DFS & SMT Execution Time: 2.225610e-01 ms

[Z3 Oracle] Analyzing Function: deflate_huff
  [tier: heavy]
  -> Found UB Trap. Starting Backward Slice...
  => Total Traps Eliminated: 0
  => Total Trap Attempts: 1
  => Total SMT Queries Executed: 1
  => Total SMT Query Latency: 2.876492e+00 ms
  => Average SMT Query Latency: 2.876492e+00 ms
  => Total DFS & SMT Execution Time: 1.276027e+01 ms

[Z3 Oracle] Analyzing Function: deflate_rle
  [tier: heavy]
  -> Found UB Trap. Starting Backward Slice...
  => Total Traps Eliminated: 0
  => Total Trap Attempts: 1
  => Total SMT Queries Executed: 1
  => Total SMT Query Latency: 2.549537e+00 ms
  => Average SMT Query Latency: 2.549537e+00 ms
  => Total DFS & SMT Execution Time: 1.318559e+01 ms

[Z3 Oracle] Analyzing Function: deflateCopy
  [tier: heavy]
  => Total Traps Eliminated: 0
  => Total Trap Attempts: 0
  => Total SMT Queries Executed: 0
  => Total SMT Query Latency: 0.000000e+00 ms
  => Average SMT Query Latency: 0.000000e+00 ms
  => Total DFS & SMT Execution Time: 1.835800e-01 ms

[Z3 Oracle] Analyzing Function: deflate_fast
  [tier: heavy]
  -> Found UB Trap. Starting Backward Slice...
  => Total Traps Eliminated: 0
  => Total Trap Attempts: 1
  => Total SMT Queries Executed: 1
  => Total SMT Query Latency: 2.434575e+00 ms
  => Average SMT Query Latency: 2.434575e+00 ms
  => Total DFS & SMT Execution Time: 1.346030e+01 ms

[Z3 Oracle] Analyzing Function: deflate_slow
  [tier: heavy]
  -> Found UB Trap. Starting Backward Slice...
  => Total Traps Eliminated: 0
  => Total Trap Attempts: 1
  => Total SMT Queries Executed: 1
  => Total SMT Query Latency: 2.382470e+00 ms
  => Average SMT Query Latency: 2.382470e+00 ms
  => Total DFS & SMT Execution Time: 1.371488e+01 ms
