
[Z3 Oracle] Analyzing Function: deflateInit_
  -> Found UB Trap. Starting Backward Slice...
  -> Found UB Trap. Starting Backward Slice...
  => Total Traps Eliminated: 0
  => Total Trap Attempts: 2
  => Total SMT Queries Executed: 2
  => Total SMT Query Latency: 1.678600e+01 ms
  => Average SMT Query Latency: 8.393002e+00 ms
  => Total DFS & SMT Execution Time: 3.436360e+01 ms

[Z3 Oracle] Analyzing Function: deflateInit2_
  -> Found UB Trap. Starting Backward Slice...
  -> Found UB Trap. Starting Backward Slice...
  => Total Traps Eliminated: 0
  => Total Trap Attempts: 2
  => Total SMT Queries Executed: 2
  => Total SMT Query Latency: 2.714447e+01 ms
  => Average SMT Query Latency: 1.357224e+01 ms
  => Total DFS & SMT Execution Time: 4.452815e+01 ms

[Z3 Oracle] Analyzing Function: deflateEnd
  => Total Traps Eliminated: 0
  => Total Trap Attempts: 0
  => Total SMT Queries Executed: 0
  => Total SMT Query Latency: 0.000000e+00 ms
  => Average SMT Query Latency: 0.000000e+00 ms
  => Total DFS & SMT Execution Time: 1.795300e-01 ms

[Z3 Oracle] Analyzing Function: deflateReset
  -> Found UB Trap. Starting Backward Slice...
  -> Found UB Trap. Starting Backward Slice...
  => Total Traps Eliminated: 0
  => Total Trap Attempts: 2
  => Total SMT Queries Executed: 2
  => Total SMT Query Latency: 1.159419e+01 ms
  => Average SMT Query Latency: 5.797095e+00 ms
  => Total DFS & SMT Execution Time: 2.349852e+01 ms

[Z3 Oracle] Analyzing Function: deflateSetDictionary
  -> Found UB Trap. Starting Backward Slice...
  -> Found UB Trap. Starting Backward Slice...
  -> Found UB Trap. Starting Backward Slice...
  -> Found UB Trap. Starting Backward Slice...
  -> Found UB Trap. Starting Backward Slice...
  -> Found UB Trap. Starting Backward Slice...
  -> Found UB Trap. Starting Backward Slice...
  -> Found UB Trap. Starting Backward Slice...
  -> Found UB Trap. Starting Backward Slice...
  -> Found UB Trap. Starting Backward Slice...
  -> Found UB Trap. Starting Backward Slice...
  -> Found UB Trap. Starting Backward Slice...
  -> Found UB Trap. Starting Backward Slice...
  -> Found UB Trap. Starting Backward Slice...
  -> Found UB Trap. Starting Backward Slice...
  -> Found UB Trap. Starting Backward Slice...
  -> Found UB Trap. Starting Backward Slice...
  -> Found UB Trap. Starting Backward Slice...
  -> Found UB Trap. Starting Backward Slice...
  -> Found UB Trap. Starting Backward Slice...
  -> Found UB Trap. Starting Backward Slice...
  -> Found UB Trap. Starting Backward Slice...
  -> Found UB Trap. Starting Backward Slice...
  -> Found UB Trap. Starting Backward Slice...
  -> Found UB Trap. Starting Backward Slice...
  -> Found UB Trap. Starting Backward Slice...
  -> Found UB Trap. Starting Backward Slice...
  -> Found UB Trap. Starting Backward Slice...
  -> Found UB Trap. Starting Backward Slice...
  -> Found UB Trap. Starting Backward Slice...
  -> Found UB Trap. Starting Backward Slice...
  -> Found UB Trap. Starting Backward Slice...
  -> Found UB Trap. Starting Backward Slice...
  -> Found UB Trap. Starting Backward Slice...
  -> Found UB Trap. Starting Backward Slice...
  -> Found UB Trap. Starting Backward Slice...
  -> Found UB Trap. Starting Backward Slice...
  -> Found UB Trap. Starting Backward Slice...
  -> Found UB Trap. Starting Backward Slice...
  -> Found UB Trap. Starting Backward Slice...
  -> Found UB Trap. Starting Backward Slice...
  -> Found UB Trap. Starting Backward Slice...
  -> Found UB Trap. Starting Backward Slice...
  -> Found UB Trap. Starting Backward Slice...
  => Total Traps Eliminated: 0
  => Total Trap Attempts: 44
  => Total SMT Queries Executed: 44
  => Total SMT Query Latency: 4.793969e+02 ms
  => Average SMT Query Latency: 1.089538e+01 ms
  => Total DFS & SMT Execution Time: 8.404852e+02 ms

[Z3 Oracle] Analyzing Function: deflateGetDictionary
  -> Found UB Trap. Starting Backward Slice...
  => Total Traps Eliminated: 0
  => Total Trap Attempts: 1
  => Total SMT Queries Executed: 1
  => Total SMT Query Latency: 1.220395e+01 ms
  => Average SMT Query Latency: 1.220395e+01 ms
  => Total DFS & SMT Execution Time: 2.097580e+01 ms

[Z3 Oracle] Analyzing Function: deflateResetKeep
  -> Found UB Trap. Starting Backward Slice...
  => Total Traps Eliminated: 0
  => Total Trap Attempts: 1
  => Total SMT Queries Executed: 1
  => Total SMT Query Latency: 1.361125e+01 ms
  => Average SMT Query Latency: 1.361125e+01 ms
  => Total DFS & SMT Execution Time: 2.591233e+01 ms

[Z3 Oracle] Analyzing Function: deflateSetHeader
  => Total Traps Eliminated: 0
  => Total Trap Attempts: 0
  => Total SMT Queries Executed: 0
  => Total SMT Query Latency: 0.000000e+00 ms
  => Average SMT Query Latency: 0.000000e+00 ms
  => Total DFS & SMT Execution Time: 1.764540e-01 ms

[Z3 Oracle] Analyzing Function: deflatePending
  => Total Traps Eliminated: 0
  => Total Trap Attempts: 0
  => Total SMT Queries Executed: 0
  => Total SMT Query Latency: 0.000000e+00 ms
  => Average SMT Query Latency: 0.000000e+00 ms
  => Total DFS & SMT Execution Time: 7.972300e-02 ms

[Z3 Oracle] Analyzing Function: deflateUsed
  => Total Traps Eliminated: 0
  => Total Trap Attempts: 0
  => Total SMT Queries Executed: 0
  => Total SMT Query Latency: 0.000000e+00 ms
  => Average SMT Query Latency: 0.000000e+00 ms
  => Total DFS & SMT Execution Time: 2.275700e-02 ms

[Z3 Oracle] Analyzing Function: deflatePrime
  -> Found UB Trap. Starting Backward Slice...
  => Total Traps Eliminated: 0
  => Total Trap Attempts: 1
  => Total SMT Queries Executed: 1
  => Total SMT Query Latency: 8.546131e+00 ms
  => Average SMT Query Latency: 8.546131e+00 ms
  => Total DFS & SMT Execution Time: 1.622836e+01 ms

[Z3 Oracle] Analyzing Function: deflateParams
  -> Found UB Trap. Starting Backward Slice...
  -> Found UB Trap. Starting Backward Slice...
  -> Found UB Trap. Starting Backward Slice...
  -> Found UB Trap. Starting Backward Slice...
  -> Found UB Trap. Starting Backward Slice...
  -> Found UB Trap. Starting Backward Slice...
  -> Found UB Trap. Starting Backward Slice...
  -> Found UB Trap. Starting Backward Slice...
  -> Found UB Trap. Starting Backward Slice...
  -> Found UB Trap. Starting Backward Slice...
  -> Found UB Trap. Starting Backward Slice...
  -> Found UB Trap. Starting Backward Slice...
  -> Found UB Trap. Starting Backward Slice...
  -> Found UB Trap. Starting Backward Slice...
  -> Found UB Trap. Starting Backward Slice...
  -> Found UB Trap. Starting Backward Slice...
  -> Found UB Trap. Starting Backward Slice...
  -> Found UB Trap. Starting Backward Slice...
  -> Found UB Trap. Starting Backward Slice...
  -> Found UB Trap. Starting Backward Slice...
  -> Found UB Trap. Starting Backward Slice...
  -> Found UB Trap. Starting Backward Slice...
  -> Found UB Trap. Starting Backward Slice...
  -> Found UB Trap. Starting Backward Slice...
  -> Found UB Trap. Starting Backward Slice...
  -> Found UB Trap. Starting Backward Slice...
  -> Found UB Trap. Starting Backward Slice...
  -> Found UB Trap. Starting Backward Slice...
  -> Found UB Trap. Starting Backward Slice...
  -> Found UB Trap. Starting Backward Slice...
  -> Found UB Trap. Starting Backward Slice...
  -> Found UB Trap. Starting Backward Slice...
  -> Found UB Trap. Starting Backward Slice...
  -> Found UB Trap. Starting Backward Slice...
  -> Found UB Trap. Starting Backward Slice...
  -> Found UB Trap. Starting Backward Slice...
  -> Found UB Trap. Starting Backward Slice...
  -> Found UB Trap. Starting Backward Slice...
  -> Found UB Trap. Starting Backward Slice...
  -> Found UB Trap. Starting Backward Slice...
  -> Found UB Trap. Starting Backward Slice...
  -> Found UB Trap. Starting Backward Slice...
  -> Found UB Trap. Starting Backward Slice...
  -> Found UB Trap. Starting Backward Slice...
  -> Found UB Trap. Starting Backward Slice...
  -> Found UB Trap. Starting Backward Slice...
  -> Found UB Trap. Starting Backward Slice...
  -> Found UB Trap. Starting Backward Slice...
  -> Found UB Trap. Starting Backward Slice...
  -> Found UB Trap. Starting Backward Slice...
  => Total Traps Eliminated: 0
  => Total Trap Attempts: 50
  => Total SMT Queries Executed: 50
  => Total SMT Query Latency: 4.249850e+02 ms
  => Average SMT Query Latency: 8.499699e+00 ms
  => Total DFS & SMT Execution Time: 8.261057e+02 ms

[Z3 Oracle] Analyzing Function: deflate
  -> Found UB Trap. Starting Backward Slice...
  -> Found UB Trap. Starting Backward Slice...
  -> Found UB Trap. Starting Backward Slice...
  -> Found UB Trap. Starting Backward Slice...
  -> Found UB Trap. Starting Backward Slice...
  -> Found UB Trap. Starting Backward Slice...
  -> Found UB Trap. Starting Backward Slice...
  -> Found UB Trap. Starting Backward Slice...
  -> Found UB Trap. Starting Backward Slice...
  -> Found UB Trap. Starting Backward Slice...
  -> Found UB Trap. Starting Backward Slice...
  -> Found UB Trap. Starting Backward Slice...
  -> Found UB Trap. Starting Backward Slice...
  -> Found UB Trap. Starting Backward Slice...
  -> Found UB Trap. Starting Backward Slice...
  -> Found UB Trap. Starting Backward Slice...
  -> Found UB Trap. Starting Backward Slice...
  -> Found UB Trap. Starting Backward Slice...
  -> Found UB Trap. Starting Backward Slice...
  -> Found UB Trap. Starting Backward Slice...
  -> Found UB Trap. Starting Backward Slice...
  -> Found UB Trap. Starting Backward Slice...
  -> Found UB Trap. Starting Backward Slice...
  -> Found UB Trap. Starting Backward Slice...
  -> Found UB Trap. Starting Backward Slice...
  -> Found UB Trap. Starting Backward Slice...
  -> Found UB Trap. Starting Backward Slice...
  -> Found UB Trap. Starting Backward Slice...
  -> Found UB Trap. Starting Backward Slice...
  -> Found UB Trap. Starting Backward Slice...
  -> Found UB Trap. Starting Backward Slice...
  -> Found UB Trap. Starting Backward Slice...
  -> Found UB Trap. Starting Backward Slice...
  -> Found UB Trap. Starting Backward Slice...
  -> Found UB Trap. Starting Backward Slice...
  -> Found UB Trap. Starting Backward Slice...
  -> Found UB Trap. Starting Backward Slice...
  -> Found UB Trap. Starting Backward Slice...
  -> Found UB Trap. Starting Backward Slice...
  -> Found UB Trap. Starting Backward Slice...
  -> Found UB Trap. Starting Backward Slice...
  -> Found UB Trap. Starting Backward Slice...
  -> Found UB Trap. Starting Backward Slice...
  -> Found UB Trap. Starting Backward Slice...
  -> Found UB Trap. Starting Backward Slice...
  -> Found UB Trap. Starting Backward Slice...
  -> Found UB Trap. Starting Backward Slice...
  -> Found UB Trap. Starting Backward Slice...
  -> Found UB Trap. Starting Backward Slice...
  -> Found UB Trap. Starting Backward Slice...
  -> Found UB Trap. Starting Backward Slice...
  -> Found UB Trap. Starting Backward Slice...
  -> Found UB Trap. Starting Backward Slice...
  -> Found UB Trap. Starting Backward Slice...
  -> Found UB Trap. Starting Backward Slice...
  -> Found UB Trap. Starting Backward Slice...
  -> Found UB Trap. Starting Backward Slice...
  -> Found UB Trap. Starting Backward Slice...
  -> Found UB Trap. Starting Backward Slice...
  -> Found UB Trap. Starting Backward Slice...
  => Total Traps Eliminated: 0
  => Total Trap Attempts: 60
  => Total SMT Queries Executed: 60
  => Total SMT Query Latency: 4.306006e+02 ms
  => Average SMT Query Latency: 7.176677e+00 ms
  => Total DFS & SMT Execution Time: 8.661345e+02 ms

[Z3 Oracle] Analyzing Function: slide_hash
  -> Found UB Trap. Starting Backward Slice...
  -> Found UB Trap. Starting Backward Slice...
  => Total Traps Eliminated: 0
  => Total Trap Attempts: 2
  => Total SMT Queries Executed: 2
  => Total SMT Query Latency: 1.017403e+01 ms
  => Average SMT Query Latency: 5.087017e+00 ms
  => Total DFS & SMT Execution Time: 2.080631e+01 ms

[Z3 Oracle] Analyzing Function: deflateTune
  => Total Traps Eliminated: 0
  => Total Trap Attempts: 0
  => Total SMT Queries Executed: 0
  => Total SMT Query Latency: 0.000000e+00 ms
  => Average SMT Query Latency: 0.000000e+00 ms
  => Total DFS & SMT Execution Time: 2.467860e-01 ms

[Z3 Oracle] Analyzing Function: deflateBound_z
  -> Found UB Trap. Starting Backward Slice...
  -> Found UB Trap. Starting Backward Slice...
  -> Found UB Trap. Starting Backward Slice...
  -> Found UB Trap. Starting Backward Slice...
  -> Found UB Trap. Starting Backward Slice...
  -> Found UB Trap. Starting Backward Slice...
  -> Found UB Trap. Starting Backward Slice...
  -> Found UB Trap. Starting Backward Slice...
  -> Found UB Trap. Starting Backward Slice...
  -> Found UB Trap. Starting Backward Slice...
  -> Found UB Trap. Starting Backward Slice...
  -> Found UB Trap. Starting Backward Slice...
  -> Found UB Trap. Starting Backward Slice...
  -> Found UB Trap. Starting Backward Slice...
  -> Found UB Trap. Starting Backward Slice...
  -> Found UB Trap. Starting Backward Slice...
  -> Found UB Trap. Starting Backward Slice...
  -> Found UB Trap. Starting Backward Slice...
  => Total Traps Eliminated: 0
  => Total Trap Attempts: 18
  => Total SMT Queries Executed: 18
  => Total SMT Query Latency: 1.060074e+02 ms
  => Average SMT Query Latency: 5.889299e+00 ms
  => Total DFS & SMT Execution Time: 2.151333e+02 ms

[Z3 Oracle] Analyzing Function: deflateBound
  -> Found UB Trap. Starting Backward Slice...
  -> Found UB Trap. Starting Backward Slice...
  -> Found UB Trap. Starting Backward Slice...
  -> Found UB Trap. Starting Backward Slice...
  -> Found UB Trap. Starting Backward Slice...
  -> Found UB Trap. Starting Backward Slice...
  -> Found UB Trap. Starting Backward Slice...
  -> Found UB Trap. Starting Backward Slice...
  -> Found UB Trap. Starting Backward Slice...
  -> Found UB Trap. Starting Backward Slice...
  -> Found UB Trap. Starting Backward Slice...
  -> Found UB Trap. Starting Backward Slice...
  -> Found UB Trap. Starting Backward Slice...
  -> Found UB Trap. Starting Backward Slice...
  -> Found UB Trap. Starting Backward Slice...
  -> Found UB Trap. Starting Backward Slice...
  -> Found UB Trap. Starting Backward Slice...
  -> Found UB Trap. Starting Backward Slice...
  => Total Traps Eliminated: 0
  => Total Trap Attempts: 18
  => Total SMT Queries Executed: 18
  => Total SMT Query Latency: 9.829273e+01 ms
  => Average SMT Query Latency: 5.460707e+00 ms
  => Total DFS & SMT Execution Time: 1.970860e+02 ms

[Z3 Oracle] Analyzing Function: flush_pending
  -> Found UB Trap. Starting Backward Slice...
  -> Found UB Trap. Starting Backward Slice...
  -> Found UB Trap. Starting Backward Slice...
  => Total Traps Eliminated: 0
  => Total Trap Attempts: 3
  => Total SMT Queries Executed: 3
  => Total SMT Query Latency: 1.510783e+01 ms
  => Average SMT Query Latency: 5.035944e+00 ms
  => Total DFS & SMT Execution Time: 3.116231e+01 ms

[Z3 Oracle] Analyzing Function: deflate_stored
  -> Found UB Trap. Starting Backward Slice...
  -> Found UB Trap. Starting Backward Slice...
  -> Found UB Trap. Starting Backward Slice...
  -> Found UB Trap. Starting Backward Slice...
  -> Found UB Trap. Starting Backward Slice...
  -> Found UB Trap. Starting Backward Slice...
  -> Found UB Trap. Starting Backward Slice...
  -> Found UB Trap. Starting Backward Slice...
  -> Found UB Trap. Starting Backward Slice...
  -> Found UB Trap. Starting Backward Slice...
  -> Found UB Trap. Starting Backward Slice...
  -> Found UB Trap. Starting Backward Slice...
  -> Found UB Trap. Starting Backward Slice...
  -> Found UB Trap. Starting Backward Slice...
  -> Found UB Trap. Starting Backward Slice...
  -> Found UB Trap. Starting Backward Slice...
  -> Found UB Trap. Starting Backward Slice...
  -> Found UB Trap. Starting Backward Slice...
  -> Found UB Trap. Starting Backward Slice...
  -> Found UB Trap. Starting Backward Slice...
  -> Found UB Trap. Starting Backward Slice...
  -> Found UB Trap. Starting Backward Slice...
  -> Found UB Trap. Starting Backward Slice...
  -> Found UB Trap. Starting Backward Slice...
  -> Found UB Trap. Starting Backward Slice...
  -> Found UB Trap. Starting Backward Slice...
  -> Found UB Trap. Starting Backward Slice...
  -> Found UB Trap. Starting Backward Slice...
  -> Found UB Trap. Starting Backward Slice...
  -> Found UB Trap. Starting Backward Slice...
  -> Found UB Trap. Starting Backward Slice...
  -> Found UB Trap. Starting Backward Slice...
  -> Found UB Trap. Starting Backward Slice...
  -> Found UB Trap. Starting Backward Slice...
  -> Found UB Trap. Starting Backward Slice...
  -> Found UB Trap. Starting Backward Slice...
  -> Found UB Trap. Starting Backward Slice...
  -> Found UB Trap. Starting Backward Slice...
  => Total Traps Eliminated: 0
  => Total Trap Attempts: 38
  => Total SMT Queries Executed: 38
  => Total SMT Query Latency: 3.589308e+02 ms
  => Average SMT Query Latency: 9.445546e+00 ms
  => Total DFS & SMT Execution Time: 6.781963e+02 ms

[Z3 Oracle] Analyzing Function: deflate_huff
  -> Found UB Trap. Starting Backward Slice...
  -> Found UB Trap. Starting Backward Slice...
  -> Found UB Trap. Starting Backward Slice...
  -> Found UB Trap. Starting Backward Slice...
  -> Found UB Trap. Starting Backward Slice...
  -> Found UB Trap. Starting Backward Slice...
  -> Found UB Trap. Starting Backward Slice...
  -> Found UB Trap. Starting Backward Slice...
  -> Found UB Trap. Starting Backward Slice...
  -> Found UB Trap. Starting Backward Slice...
  -> Found UB Trap. Starting Backward Slice...
  -> Found UB Trap. Starting Backward Slice...
  -> Found UB Trap. Starting Backward Slice...
  -> Found UB Trap. Starting Backward Slice...
  -> Found UB Trap. Starting Backward Slice...
  -> Found UB Trap. Starting Backward Slice...
  -> Found UB Trap. Starting Backward Slice...
  -> Found UB Trap. Starting Backward Slice...
  -> Found UB Trap. Starting Backward Slice...
  -> Found UB Trap. Starting Backward Slice...
  -> Found UB Trap. Starting Backward Slice...
  -> Found UB Trap. Starting Backward Slice...
  -> Found UB Trap. Starting Backward Slice...
  -> Found UB Trap. Starting Backward Slice...
  -> Found UB Trap. Starting Backward Slice...
  -> Found UB Trap. Starting Backward Slice...
  -> Found UB Trap. Starting Backward Slice...
  -> Found UB Trap. Starting Backward Slice...
  -> Found UB Trap. Starting Backward Slice...
  -> Found UB Trap. Starting Backward Slice...
  -> Found UB Trap. Starting Backward Slice...
  -> Found UB Trap. Starting Backward Slice...
  -> Found UB Trap. Starting Backward Slice...
  => Total Traps Eliminated: 0
  => Total Trap Attempts: 33
  => Total SMT Queries Executed: 33
  => Total SMT Query Latency: 2.584757e+02 ms
  => Average SMT Query Latency: 7.832598e+00 ms
  => Total DFS & SMT Execution Time: 4.950344e+02 ms

[Z3 Oracle] Analyzing Function: deflate_rle
  -> Found UB Trap. Starting Backward Slice...
  -> Found UB Trap. Starting Backward Slice...
  -> Found UB Trap. Starting Backward Slice...
  -> Found UB Trap. Starting Backward Slice...
  -> Found UB Trap. Starting Backward Slice...
  -> Found UB Trap. Starting Backward Slice...
  -> Found UB Trap. Starting Backward Slice...
  -> Found UB Trap. Starting Backward Slice...
  -> Found UB Trap. Starting Backward Slice...
  -> Found UB Trap. Starting Backward Slice...
  -> Found UB Trap. Starting Backward Slice...
  -> Found UB Trap. Starting Backward Slice...
  -> Found UB Trap. Starting Backward Slice...
  -> Found UB Trap. Starting Backward Slice...
  -> Found UB Trap. Starting Backward Slice...
  -> Found UB Trap. Starting Backward Slice...
  -> Found UB Trap. Starting Backward Slice...
  -> Found UB Trap. Starting Backward Slice...
  -> Found UB Trap. Starting Backward Slice...
  -> Found UB Trap. Starting Backward Slice...
  -> Found UB Trap. Starting Backward Slice...
  -> Found UB Trap. Starting Backward Slice...
  -> Found UB Trap. Starting Backward Slice...
  -> Found UB Trap. Starting Backward Slice...
  -> Found UB Trap. Starting Backward Slice...
  -> Found UB Trap. Starting Backward Slice...
  -> Found UB Trap. Starting Backward Slice...
  -> Found UB Trap. Starting Backward Slice...
  -> Found UB Trap. Starting Backward Slice...
  -> Found UB Trap. Starting Backward Slice...
  -> Found UB Trap. Starting Backward Slice...
  -> Found UB Trap. Starting Backward Slice...
  -> Found UB Trap. Starting Backward Slice...
  -> Found UB Trap. Starting Backward Slice...
  -> Found UB Trap. Starting Backward Slice...
  -> Found UB Trap. Starting Backward Slice...
  -> Found UB Trap. Starting Backward Slice...
  -> Found UB Trap. Starting Backward Slice...
  -> Found UB Trap. Starting Backward Slice...
  => Total Traps Eliminated: 0
  => Total Trap Attempts: 39
  => Total SMT Queries Executed: 39
  => Total SMT Query Latency: 3.358784e+02 ms
  => Average SMT Query Latency: 8.612268e+00 ms
  => Total DFS & SMT Execution Time: 6.482473e+02 ms

[Z3 Oracle] Analyzing Function: deflateCopy
  -> Found UB Trap. Starting Backward Slice...
  => Total Traps Eliminated: 0
  => Total Trap Attempts: 1
  => Total SMT Queries Executed: 1
  => Total SMT Query Latency: 9.569678e+00 ms
  => Average SMT Query Latency: 9.569678e+00 ms
  => Total DFS & SMT Execution Time: 1.566140e+01 ms

[Z3 Oracle] Analyzing Function: deflate_fast
  -> Found UB Trap. Starting Backward Slice...
  -> Found UB Trap. Starting Backward Slice...
  -> Found UB Trap. Starting Backward Slice...
  -> Found UB Trap. Starting Backward Slice...
  -> Found UB Trap. Starting Backward Slice...
  -> Found UB Trap. Starting Backward Slice...
  -> Found UB Trap. Starting Backward Slice...
  -> Found UB Trap. Starting Backward Slice...
  -> Found UB Trap. Starting Backward Slice...
  -> Found UB Trap. Starting Backward Slice...
  -> Found UB Trap. Starting Backward Slice...
  -> Found UB Trap. Starting Backward Slice...
  -> Found UB Trap. Starting Backward Slice...
  -> Found UB Trap. Starting Backward Slice...
  -> Found UB Trap. Starting Backward Slice...
  -> Found UB Trap. Starting Backward Slice...
  -> Found UB Trap. Starting Backward Slice...
  -> Found UB Trap. Starting Backward Slice...
  -> Found UB Trap. Starting Backward Slice...
  -> Found UB Trap. Starting Backward Slice...
  -> Found UB Trap. Starting Backward Slice...
  -> Found UB Trap. Starting Backward Slice...
  -> Found UB Trap. Starting Backward Slice...
  -> Found UB Trap. Starting Backward Slice...
  -> Found UB Trap. Starting Backward Slice...
  -> Found UB Trap. Starting Backward Slice...
  -> Found UB Trap. Starting Backward Slice...
  -> Found UB Trap. Starting Backward Slice...
  -> Found UB Trap. Starting Backward Slice...
  -> Found UB Trap. Starting Backward Slice...
  -> Found UB Trap. Starting Backward Slice...
  -> Found UB Trap. Starting Backward Slice...
  -> Found UB Trap. Starting Backward Slice...
  -> Found UB Trap. Starting Backward Slice...
  -> Found UB Trap. Starting Backward Slice...
  -> Found UB Trap. Starting Backward Slice...
  -> Found UB Trap. Starting Backward Slice...
  -> Found UB Trap. Starting Backward Slice...
  -> Found UB Trap. Starting Backward Slice...
  -> Found UB Trap. Starting Backward Slice...
  -> Found UB Trap. Starting Backward Slice...
  -> Found UB Trap. Starting Backward Slice...
  -> Found UB Trap. Starting Backward Slice...
  -> Found UB Trap. Starting Backward Slice...
  -> Found UB Trap. Starting Backward Slice...
  -> Found UB Trap. Starting Backward Slice...
  -> Found UB Trap. Starting Backward Slice...
  -> Found UB Trap. Starting Backward Slice...
  => Total Traps Eliminated: 0
  => Total Trap Attempts: 48
  => Total SMT Queries Executed: 48
  => Total SMT Query Latency: 6.355918e+02 ms
  => Average SMT Query Latency: 1.324150e+01 ms
  => Total DFS & SMT Execution Time: 1.076700e+03 ms

[Z3 Oracle] Analyzing Function: deflate_slow
  -> Found UB Trap. Starting Backward Slice...
  -> Found UB Trap. Starting Backward Slice...
  -> Found UB Trap. Starting Backward Slice...
  -> Found UB Trap. Starting Backward Slice...
  -> Found UB Trap. Starting Backward Slice...
  -> Found UB Trap. Starting Backward Slice...
  -> Found UB Trap. Starting Backward Slice...
  -> Found UB Trap. Starting Backward Slice...
  -> Found UB Trap. Starting Backward Slice...
  -> Found UB Trap. Starting Backward Slice...
  -> Found UB Trap. Starting Backward Slice...
  -> Found UB Trap. Starting Backward Slice...
  -> Found UB Trap. Starting Backward Slice...
  -> Found UB Trap. Starting Backward Slice...
  -> Found UB Trap. Starting Backward Slice...
  -> Found UB Trap. Starting Backward Slice...
  -> Found UB Trap. Starting Backward Slice...
  -> Found UB Trap. Starting Backward Slice...
  -> Found UB Trap. Starting Backward Slice...
  -> Found UB Trap. Starting Backward Slice...
  -> Found UB Trap. Starting Backward Slice...
  -> Found UB Trap. Starting Backward Slice...
  -> Found UB Trap. Starting Backward Slice...
  -> Found UB Trap. Starting Backward Slice...
  -> Found UB Trap. Starting Backward Slice...
  -> Found UB Trap. Starting Backward Slice...
  -> Found UB Trap. Starting Backward Slice...
  -> Found UB Trap. Starting Backward Slice...
  -> Found UB Trap. Starting Backward Slice...
  -> Found UB Trap. Starting Backward Slice...
  -> Found UB Trap. Starting Backward Slice...
  -> Found UB Trap. Starting Backward Slice...
  -> Found UB Trap. Starting Backward Slice...
  -> Found UB Trap. Starting Backward Slice...
  -> Found UB Trap. Starting Backward Slice...
  -> Found UB Trap. Starting Backward Slice...
  -> Found UB Trap. Starting Backward Slice...
  -> Found UB Trap. Starting Backward Slice...
  -> Found UB Trap. Starting Backward Slice...
  -> Found UB Trap. Starting Backward Slice...
  -> Found UB Trap. Starting Backward Slice...
  -> Found UB Trap. Starting Backward Slice...
  -> Found UB Trap. Starting Backward Slice...
  -> Found UB Trap. Starting Backward Slice...
  -> Found UB Trap. Starting Backward Slice...
  -> Found UB Trap. Starting Backward Slice...
  -> Found UB Trap. Starting Backward Slice...
  -> Found UB Trap. Starting Backward Slice...
  -> Found UB Trap. Starting Backward Slice...
  -> Found UB Trap. Starting Backward Slice...
  -> Found UB Trap. Starting Backward Slice...
  -> Found UB Trap. Starting Backward Slice...
  -> Found UB Trap. Starting Backward Slice...
  -> Found UB Trap. Starting Backward Slice...
  -> Found UB Trap. Starting Backward Slice...
  -> Found UB Trap. Starting Backward Slice...
  -> Found UB Trap. Starting Backward Slice...
  -> Found UB Trap. Starting Backward Slice...
  -> Found UB Trap. Starting Backward Slice...
  -> Found UB Trap. Starting Backward Slice...
  => Total Traps Eliminated: 0
  => Total Trap Attempts: 60
  => Total SMT Queries Executed: 60
  => Total SMT Query Latency: 8.325345e+02 ms
  => Average SMT Query Latency: 1.387557e+01 ms
  => Total DFS & SMT Execution Time: 1.356705e+03 ms
