
[Z3 Oracle] Analyzing Function: deflateInit_
  [tier: heavy]
  => Total Traps Eliminated: 0
  => Total Trap Attempts: 0
  => Total SMT Queries Executed: 0
  => Total SMT Query Latency: 0.000000e+00 ms
  => Average SMT Query Latency: 0.000000e+00 ms
  => Total DFS & SMT Execution Time: 8.467090e-01 ms

[Z3 Oracle] Analyzing Function: deflateInit2_
  [tier: heavy]
  => Total Traps Eliminated: 0
  => Total Trap Attempts: 0
  => Total SMT Queries Executed: 0
  => Total SMT Query Latency: 0.000000e+00 ms
  => Average SMT Query Latency: 0.000000e+00 ms
  => Total DFS & SMT Execution Time: 1.125870e-01 ms

[Z3 Oracle] Analyzing Function: deflateEnd
  [tier: heavy]
  => Total Traps Eliminated: 0
  => Total Trap Attempts: 0
  => Total SMT Queries Executed: 0
  => Total SMT Query Latency: 0.000000e+00 ms
  => Average SMT Query Latency: 0.000000e+00 ms
  => Total DFS & SMT Execution Time: 6.544500e-02 ms

[Z3 Oracle] Analyzing Function: deflateReset
  [tier: heavy]
  -> Found UB Trap. Starting Backward Slice...
  => Total Traps Eliminated: 0
  => Total Trap Attempts: 1
  => Total SMT Queries Executed: 1
  => Total SMT Query Latency: 1.240699e+00 ms
  => Average SMT Query Latency: 1.240699e+00 ms
  => Total DFS & SMT Execution Time: 1.381937e+01 ms

[Z3 Oracle] Analyzing Function: deflateSetDictionary
  [tier: heavy]
  -> Found UB Trap. Starting Backward Slice...
  -> Found UB Trap. Starting Backward Slice...
  => Total Traps Eliminated: 0
  => Total Trap Attempts: 2
  => Total SMT Queries Executed: 2
  => Total SMT Query Latency: 7.329572e+00 ms
  => Average SMT Query Latency: 3.664786e+00 ms
  => Total DFS & SMT Execution Time: 3.344266e+01 ms

[Z3 Oracle] Analyzing Function: deflateGetDictionary
  [tier: heavy]
  => Total Traps Eliminated: 0
  => Total Trap Attempts: 0
  => Total SMT Queries Executed: 0
  => Total SMT Query Latency: 0.000000e+00 ms
  => Average SMT Query Latency: 0.000000e+00 ms
  => Total DFS & SMT Execution Time: 6.112260e-01 ms

[Z3 Oracle] Analyzing Function: deflateResetKeep
  [tier: heavy]
  -> Found UB Trap. Starting Backward Slice...
  => Total Traps Eliminated: 0
  => Total Trap Attempts: 1
  => Total SMT Queries Executed: 1
  => Total SMT Query Latency: 1.366245e+00 ms
  => Average SMT Query Latency: 1.366245e+00 ms
  => Total DFS & SMT Execution Time: 1.035495e+01 ms

[Z3 Oracle] Analyzing Function: deflateSetHeader
  [tier: heavy]
  => Total Traps Eliminated: 0
  => Total Trap Attempts: 0
  => Total SMT Queries Executed: 0
  => Total SMT Query Latency: 0.000000e+00 ms
  => Average SMT Query Latency: 0.000000e+00 ms
  => Total DFS & SMT Execution Time: 1.195260e-01 ms

[Z3 Oracle] Analyzing Function: deflatePending
  [tier: heavy]
  => Total Traps Eliminated: 0
  => Total Trap Attempts: 0
  => Total SMT Queries Executed: 0
  => Total SMT Query Latency: 0.000000e+00 ms
  => Average SMT Query Latency: 0.000000e+00 ms
  => Total DFS & SMT Execution Time: 3.791800e-02 ms

[Z3 Oracle] Analyzing Function: deflateUsed
  [tier: heavy]
  => Total Traps Eliminated: 0
  => Total Trap Attempts: 0
  => Total SMT Queries Executed: 0
  => Total SMT Query Latency: 0.000000e+00 ms
  => Average SMT Query Latency: 0.000000e+00 ms
  => Total DFS & SMT Execution Time: 3.356600e-02 ms

[Z3 Oracle] Analyzing Function: deflatePrime
  [tier: heavy]
  -> Found UB Trap. Starting Backward Slice...
  => Total Traps Eliminated: 0
  => Total Trap Attempts: 1
  => Total SMT Queries Executed: 1
  => Total SMT Query Latency: 7.809003e+00 ms
  => Average SMT Query Latency: 7.809003e+00 ms
  => Total DFS & SMT Execution Time: 2.326861e+01 ms

[Z3 Oracle] Analyzing Function: deflateParams
  [tier: heavy]
  -> Found UB Trap. Starting Backward Slice...
  -> Found UB Trap. Starting Backward Slice...
    -> UNSAT (Dead Code / Impossible Path) [Query Latency: 2.206702 ms]
  => SUCCESS: Trap mathematically neutralized!
  -> Found UB Trap. Starting Backward Slice...
  -> Found UB Trap. Starting Backward Slice...
  => Total Traps Eliminated: 1
  => Total Trap Attempts: 4
  => Total SMT Queries Executed: 4
  => Total SMT Query Latency: 2.137306e+01 ms
  => Average SMT Query Latency: 5.343265e+00 ms
  => Total DFS & SMT Execution Time: 8.388744e+01 ms

[Z3 Oracle] Analyzing Function: deflate
  [tier: heavy]
  -> Found UB Trap. Starting Backward Slice...
  -> Found UB Trap. Starting Backward Slice...
    -> UNSAT (Dead Code / Impossible Path) [Query Latency: 5.574111 ms]
  => SUCCESS: Trap mathematically neutralized!
  => Total Traps Eliminated: 1
  => Total Trap Attempts: 2
  => Total SMT Queries Executed: 2
  => Total SMT Query Latency: 1.053435e+01 ms
  => Average SMT Query Latency: 5.267173e+00 ms
  => Total DFS & SMT Execution Time: 4.257928e+01 ms

[Z3 Oracle] Analyzing Function: slide_hash
  [tier: heavy]
  => Total Traps Eliminated: 0
  => Total Trap Attempts: 0
  => Total SMT Queries Executed: 0
  => Total SMT Query Latency: 0.000000e+00 ms
  => Average SMT Query Latency: 0.000000e+00 ms
  => Total DFS & SMT Execution Time: 3.393890e-01 ms

[Z3 Oracle] Analyzing Function: deflateTune
  [tier: heavy]
  => Total Traps Eliminated: 0
  => Total Trap Attempts: 0
  => Total SMT Queries Executed: 0
  => Total SMT Query Latency: 0.000000e+00 ms
  => Average SMT Query Latency: 0.000000e+00 ms
  => Total DFS & SMT Execution Time: 5.738900e-02 ms

[Z3 Oracle] Analyzing Function: deflateBound_z
  [tier: heavy]
  -> Found UB Trap. Starting Backward Slice...
  => Total Traps Eliminated: 0
  => Total Trap Attempts: 1
  => Total SMT Queries Executed: 1
  => Total SMT Query Latency: 2.283425e+00 ms
  => Average SMT Query Latency: 2.283425e+00 ms
  => Total DFS & SMT Execution Time: 1.796699e+01 ms

[Z3 Oracle] Analyzing Function: deflateBound
  [tier: heavy]
  -> Found UB Trap. Starting Backward Slice...
  => Total Traps Eliminated: 0
  => Total Trap Attempts: 1
  => Total SMT Queries Executed: 1
  => Total SMT Query Latency: 1.636035e+00 ms
  => Average SMT Query Latency: 1.636035e+00 ms
  => Total DFS & SMT Execution Time: 1.537096e+01 ms

[Z3 Oracle] Analyzing Function: flush_pending
  [tier: heavy]
  => Total Traps Eliminated: 0
  => Total Trap Attempts: 0
  => Total SMT Queries Executed: 0
  => Total SMT Query Latency: 0.000000e+00 ms
  => Average SMT Query Latency: 0.000000e+00 ms
  => Total DFS & SMT Execution Time: 4.419310e-01 ms

[Z3 Oracle] Analyzing Function: deflate_stored
  [tier: heavy]
  => Total Traps Eliminated: 0
  => Total Trap Attempts: 0
  => Total SMT Queries Executed: 0
  => Total SMT Query Latency: 0.000000e+00 ms
  => Average SMT Query Latency: 0.000000e+00 ms
  => Total DFS & SMT Execution Time: 1.940300e-01 ms

[Z3 Oracle] Analyzing Function: deflate_huff
  [tier: heavy]
  -> Found UB Trap. Starting Backward Slice...
  => Total Traps Eliminated: 0
  => Total Trap Attempts: 1
  => Total SMT Queries Executed: 1
  => Total SMT Query Latency: 3.819041e+00 ms
  => Average SMT Query Latency: 3.819041e+00 ms
  => Total DFS & SMT Execution Time: 1.563053e+01 ms

[Z3 Oracle] Analyzing Function: deflate_rle
  [tier: heavy]
  -> Found UB Trap. Starting Backward Slice...
  => Total Traps Eliminated: 0
  => Total Trap Attempts: 1
  => Total SMT Queries Executed: 1
  => Total SMT Query Latency: 2.879482e+00 ms
  => Average SMT Query Latency: 2.879482e+00 ms
  => Total DFS & SMT Execution Time: 1.849941e+01 ms

[Z3 Oracle] Analyzing Function: deflateCopy
  [tier: heavy]
  => Total Traps Eliminated: 0
  => Total Trap Attempts: 0
  => Total SMT Queries Executed: 0
  => Total SMT Query Latency: 0.000000e+00 ms
  => Average SMT Query Latency: 0.000000e+00 ms
  => Total DFS & SMT Execution Time: 2.402080e-01 ms

[Z3 Oracle] Analyzing Function: deflate_fast
  [tier: heavy]
  -> Found UB Trap. Starting Backward Slice...
  => Total Traps Eliminated: 0
  => Total Trap Attempts: 1
  => Total SMT Queries Executed: 1
  => Total SMT Query Latency: 3.295663e+00 ms
  => Average SMT Query Latency: 3.295663e+00 ms
  => Total DFS & SMT Execution Time: 1.683795e+01 ms

[Z3 Oracle] Analyzing Function: deflate_slow
  [tier: heavy]
  -> Found UB Trap. Starting Backward Slice...
  => Total Traps Eliminated: 0
  => Total Trap Attempts: 1
  => Total SMT Queries Executed: 1
  => Total SMT Query Latency: 2.095836e+00 ms
  => Average SMT Query Latency: 2.095836e+00 ms
  => Total DFS & SMT Execution Time: 1.198942e+01 ms
