
[Z3 Oracle] Analyzing Function: deflateInit_
  -> Found UB Trap. Starting Backward Slice...
  -> Found UB Trap. Starting Backward Slice...
  => Total Traps Eliminated: 0
  => Total Trap Attempts: 2
  => Total SMT Queries Executed: 2
  => Total SMT Query Latency: 2.068133e+01 ms
  => Average SMT Query Latency: 1.034067e+01 ms
  => Total DFS & SMT Execution Time: 4.655300e+01 ms

[Z3 Oracle] Analyzing Function: deflateInit2_
  -> Found UB Trap. Starting Backward Slice...
  -> Found UB Trap. Starting Backward Slice...
  => Total Traps Eliminated: 0
  => Total Trap Attempts: 2
  => Total SMT Queries Executed: 2
  => Total SMT Query Latency: 2.531912e+01 ms
  => Average SMT Query Latency: 1.265956e+01 ms
  => Total DFS & SMT Execution Time: 4.613334e+01 ms

[Z3 Oracle] Analyzing Function: deflateEnd
  => Total Traps Eliminated: 0
  => Total Trap Attempts: 0
  => Total SMT Queries Executed: 0
  => Total SMT Query Latency: 0.000000e+00 ms
  => Average SMT Query Latency: 0.000000e+00 ms
  => Total DFS & SMT Execution Time: 1.546350e-01 ms

[Z3 Oracle] Analyzing Function: deflateReset
  -> Found UB Trap. Starting Backward Slice...
  -> Found UB Trap. Starting Backward Slice...
  => Total Traps Eliminated: 0
  => Total Trap Attempts: 2
  => Total SMT Queries Executed: 2
  => Total SMT Query Latency: 2.147089e+01 ms
  => Average SMT Query Latency: 1.073544e+01 ms
  => Total DFS & SMT Execution Time: 4.132794e+01 ms

[Z3 Oracle] Analyzing Function: deflateSetDictionary
  -> Found UB Trap. Starting Backward Slice...
  -> Found UB Trap. Starting Backward Slice...
  -> Found UB Trap. Starting Backward Slice...
  -> Found UB Trap. Starting Backward Slice...
  -> Found UB Trap. Starting Backward Slice...
  -> Found UB Trap. Starting Backward Slice...
  -> Found UB Trap. Starting Backward Slice...
  -> Found UB Trap. Starting Backward Slice...
  -> Found UB Trap. Starting Backward Slice...
  -> Found UB Trap. Starting Backward Slice...
  -> Found UB Trap. Starting Backward Slice...
  -> Found UB Trap. Starting Backward Slice...
  -> Found UB Trap. Starting Backward Slice...
  -> Found UB Trap. Starting Backward Slice...
  -> Found UB Trap. Starting Backward Slice...
  -> Found UB Trap. Starting Backward Slice...
  -> Found UB Trap. Starting Backward Slice...
  -> Found UB Trap. Starting Backward Slice...
  -> Found UB Trap. Starting Backward Slice...
  -> Found UB Trap. Starting Backward Slice...
  -> Found UB Trap. Starting Backward Slice...
  -> Found UB Trap. Starting Backward Slice...
  -> Found UB Trap. Starting Backward Slice...
  -> Found UB Trap. Starting Backward Slice...
  -> Found UB Trap. Starting Backward Slice...
  -> Found UB Trap. Starting Backward Slice...
  -> Found UB Trap. Starting Backward Slice...
  -> Found UB Trap. Starting Backward Slice...
  -> Found UB Trap. Starting Backward Slice...
  -> Found UB Trap. Starting Backward Slice...
  -> Found UB Trap. Starting Backward Slice...
  -> Found UB Trap. Starting Backward Slice...
  -> Found UB Trap. Starting Backward Slice...
  -> Found UB Trap. Starting Backward Slice...
  -> Found UB Trap. Starting Backward Slice...
  -> Found UB Trap. Starting Backward Slice...
  -> Found UB Trap. Starting Backward Slice...
  -> Found UB Trap. Starting Backward Slice...
  -> Found UB Trap. Starting Backward Slice...
  -> Found UB Trap. Starting Backward Slice...
  -> Found UB Trap. Starting Backward Slice...
  -> Found UB Trap. Starting Backward Slice...
  -> Found UB Trap. Starting Backward Slice...
  -> Found UB Trap. Starting Backward Slice...
  => Total Traps Eliminated: 0
  => Total Trap Attempts: 44
  => Total SMT Queries Executed: 44
  => Total SMT Query Latency: 7.770589e+02 ms
  => Average SMT Query Latency: 1.766043e+01 ms
  => Total DFS & SMT Execution Time: 1.350743e+03 ms

[Z3 Oracle] Analyzing Function: deflateGetDictionary
  -> Found UB Trap. Starting Backward Slice...
  => Total Traps Eliminated: 0
  => Total Trap Attempts: 1
  => Total SMT Queries Executed: 1
  => Total SMT Query Latency: 1.334712e+01 ms
  => Average SMT Query Latency: 1.334712e+01 ms
  => Total DFS & SMT Execution Time: 2.864757e+01 ms

[Z3 Oracle] Analyzing Function: deflateResetKeep
  -> Found UB Trap. Starting Backward Slice...
  => Total Traps Eliminated: 0
  => Total Trap Attempts: 1
  => Total SMT Queries Executed: 1
  => Total SMT Query Latency: 8.355354e+00 ms
  => Average SMT Query Latency: 8.355354e+00 ms
  => Total DFS & SMT Execution Time: 1.530072e+01 ms

[Z3 Oracle] Analyzing Function: deflateSetHeader
  => Total Traps Eliminated: 0
  => Total Trap Attempts: 0
  => Total SMT Queries Executed: 0
  => Total SMT Query Latency: 0.000000e+00 ms
  => Average SMT Query Latency: 0.000000e+00 ms
  => Total DFS & SMT Execution Time: 1.107090e-01 ms

[Z3 Oracle] Analyzing Function: deflatePending
  => Total Traps Eliminated: 0
  => Total Trap Attempts: 0
  => Total SMT Queries Executed: 0
  => Total SMT Query Latency: 0.000000e+00 ms
  => Average SMT Query Latency: 0.000000e+00 ms
  => Total DFS & SMT Execution Time: 3.082950e-01 ms

[Z3 Oracle] Analyzing Function: deflateUsed
  => Total Traps Eliminated: 0
  => Total Trap Attempts: 0
  => Total SMT Queries Executed: 0
  => Total SMT Query Latency: 0.000000e+00 ms
  => Average SMT Query Latency: 0.000000e+00 ms
  => Total DFS & SMT Execution Time: 8.877500e-02 ms

[Z3 Oracle] Analyzing Function: deflatePrime
  -> Found UB Trap. Starting Backward Slice...
  => Total Traps Eliminated: 0
  => Total Trap Attempts: 1
  => Total SMT Queries Executed: 1
  => Total SMT Query Latency: 8.923738e+00 ms
  => Average SMT Query Latency: 8.923738e+00 ms
  => Total DFS & SMT Execution Time: 1.654385e+01 ms

[Z3 Oracle] Analyzing Function: deflateParams
  -> Found UB Trap. Starting Backward Slice...
  -> Found UB Trap. Starting Backward Slice...
  -> Found UB Trap. Starting Backward Slice...
  -> Found UB Trap. Starting Backward Slice...
  -> Found UB Trap. Starting Backward Slice...
  -> Found UB Trap. Starting Backward Slice...
  -> Found UB Trap. Starting Backward Slice...
  -> Found UB Trap. Starting Backward Slice...
  -> Found UB Trap. Starting Backward Slice...
  -> Found UB Trap. Starting Backward Slice...
  -> Found UB Trap. Starting Backward Slice...
  -> Found UB Trap. Starting Backward Slice...
  -> Found UB Trap. Starting Backward Slice...
  -> Found UB Trap. Starting Backward Slice...
  -> Found UB Trap. Starting Backward Slice...
  -> Found UB Trap. Starting Backward Slice...
  -> Found UB Trap. Starting Backward Slice...
  -> Found UB Trap. Starting Backward Slice...
  -> Found UB Trap. Starting Backward Slice...
  -> Found UB Trap. Starting Backward Slice...
  -> Found UB Trap. Starting Backward Slice...
  -> Found UB Trap. Starting Backward Slice...
  -> Found UB Trap. Starting Backward Slice...
  -> Found UB Trap. Starting Backward Slice...
  -> Found UB Trap. Starting Backward Slice...
  -> Found UB Trap. Starting Backward Slice...
  -> Found UB Trap. Starting Backward Slice...
  -> Found UB Trap. Starting Backward Slice...
  -> Found UB Trap. Starting Backward Slice...
  -> Found UB Trap. Starting Backward Slice...
  -> Found UB Trap. Starting Backward Slice...
  -> Found UB Trap. Starting Backward Slice...
  -> Found UB Trap. Starting Backward Slice...
  -> Found UB Trap. Starting Backward Slice...
  -> Found UB Trap. Starting Backward Slice...
  -> Found UB Trap. Starting Backward Slice...
  -> Found UB Trap. Starting Backward Slice...
  -> Found UB Trap. Starting Backward Slice...
  -> Found UB Trap. Starting Backward Slice...
  -> Found UB Trap. Starting Backward Slice...
  -> Found UB Trap. Starting Backward Slice...
  -> Found UB Trap. Starting Backward Slice...
  -> Found UB Trap. Starting Backward Slice...
  -> Found UB Trap. Starting Backward Slice...
  -> Found UB Trap. Starting Backward Slice...
  -> Found UB Trap. Starting Backward Slice...
  -> Found UB Trap. Starting Backward Slice...
  -> Found UB Trap. Starting Backward Slice...
  -> Found UB Trap. Starting Backward Slice...
  -> Found UB Trap. Starting Backward Slice...
  => Total Traps Eliminated: 0
  => Total Trap Attempts: 50
  => Total SMT Queries Executed: 50
  => Total SMT Query Latency: 4.877618e+02 ms
  => Average SMT Query Latency: 9.755236e+00 ms
  => Total DFS & SMT Execution Time: 9.879821e+02 ms

[Z3 Oracle] Analyzing Function: deflate
  -> Found UB Trap. Starting Backward Slice...
  -> Found UB Trap. Starting Backward Slice...
  -> Found UB Trap. Starting Backward Slice...
  -> Found UB Trap. Starting Backward Slice...
  -> Found UB Trap. Starting Backward Slice...
  -> Found UB Trap. Starting Backward Slice...
  -> Found UB Trap. Starting Backward Slice...
  -> Found UB Trap. Starting Backward Slice...
  -> Found UB Trap. Starting Backward Slice...
  -> Found UB Trap. Starting Backward Slice...
  -> Found UB Trap. Starting Backward Slice...
  -> Found UB Trap. Starting Backward Slice...
  -> Found UB Trap. Starting Backward Slice...
  -> Found UB Trap. Starting Backward Slice...
  -> Found UB Trap. Starting Backward Slice...
  -> Found UB Trap. Starting Backward Slice...
  -> Found UB Trap. Starting Backward Slice...
  -> Found UB Trap. Starting Backward Slice...
  -> Found UB Trap. Starting Backward Slice...
  -> Found UB Trap. Starting Backward Slice...
  -> Found UB Trap. Starting Backward Slice...
  -> Found UB Trap. Starting Backward Slice...
  -> Found UB Trap. Starting Backward Slice...
  -> Found UB Trap. Starting Backward Slice...
  -> Found UB Trap. Starting Backward Slice...
  -> Found UB Trap. Starting Backward Slice...
  -> Found UB Trap. Starting Backward Slice...
  -> Found UB Trap. Starting Backward Slice...
  -> Found UB Trap. Starting Backward Slice...
  -> Found UB Trap. Starting Backward Slice...
  -> Found UB Trap. Starting Backward Slice...
  -> Found UB Trap. Starting Backward Slice...
  -> Found UB Trap. Starting Backward Slice...
  -> Found UB Trap. Starting Backward Slice...
  -> Found UB Trap. Starting Backward Slice...
  -> Found UB Trap. Starting Backward Slice...
  -> Found UB Trap. Starting Backward Slice...
  -> Found UB Trap. Starting Backward Slice...
  -> Found UB Trap. Starting Backward Slice...
  -> Found UB Trap. Starting Backward Slice...
  -> Found UB Trap. Starting Backward Slice...
  -> Found UB Trap. Starting Backward Slice...
  -> Found UB Trap. Starting Backward Slice...
  -> Found UB Trap. Starting Backward Slice...
  -> Found UB Trap. Starting Backward Slice...
  -> Found UB Trap. Starting Backward Slice...
  -> Found UB Trap. Starting Backward Slice...
  -> Found UB Trap. Starting Backward Slice...
  -> Found UB Trap. Starting Backward Slice...
  -> Found UB Trap. Starting Backward Slice...
  -> Found UB Trap. Starting Backward Slice...
  -> Found UB Trap. Starting Backward Slice...
  -> Found UB Trap. Starting Backward Slice...
  -> Found UB Trap. Starting Backward Slice...
  -> Found UB Trap. Starting Backward Slice...
  -> Found UB Trap. Starting Backward Slice...
  -> Found UB Trap. Starting Backward Slice...
  -> Found UB Trap. Starting Backward Slice...
  -> Found UB Trap. Starting Backward Slice...
  -> Found UB Trap. Starting Backward Slice...
  => Total Traps Eliminated: 0
  => Total Trap Attempts: 60
  => Total SMT Queries Executed: 60
  => Total SMT Query Latency: 6.394887e+02 ms
  => Average SMT Query Latency: 1.065814e+01 ms
  => Total DFS & SMT Execution Time: 1.296615e+03 ms

[Z3 Oracle] Analyzing Function: slide_hash
  -> Found UB Trap. Starting Backward Slice...
  -> Found UB Trap. Starting Backward Slice...
  => Total Traps Eliminated: 0
  => Total Trap Attempts: 2
  => Total SMT Queries Executed: 2
  => Total SMT Query Latency: 2.313054e+01 ms
  => Average SMT Query Latency: 1.156527e+01 ms
  => Total DFS & SMT Execution Time: 4.386818e+01 ms

[Z3 Oracle] Analyzing Function: deflateTune
  => Total Traps Eliminated: 0
  => Total Trap Attempts: 0
  => Total SMT Queries Executed: 0
  => Total SMT Query Latency: 0.000000e+00 ms
  => Average SMT Query Latency: 0.000000e+00 ms
  => Total DFS & SMT Execution Time: 1.574140e-01 ms

[Z3 Oracle] Analyzing Function: deflateBound_z
  -> Found UB Trap. Starting Backward Slice...
  -> Found UB Trap. Starting Backward Slice...
  -> Found UB Trap. Starting Backward Slice...
  -> Found UB Trap. Starting Backward Slice...
  -> Found UB Trap. Starting Backward Slice...
  -> Found UB Trap. Starting Backward Slice...
  -> Found UB Trap. Starting Backward Slice...
  -> Found UB Trap. Starting Backward Slice...
  -> Found UB Trap. Starting Backward Slice...
  -> Found UB Trap. Starting Backward Slice...
  -> Found UB Trap. Starting Backward Slice...
  -> Found UB Trap. Starting Backward Slice...
  -> Found UB Trap. Starting Backward Slice...
  -> Found UB Trap. Starting Backward Slice...
  -> Found UB Trap. Starting Backward Slice...
  -> Found UB Trap. Starting Backward Slice...
  -> Found UB Trap. Starting Backward Slice...
  -> Found UB Trap. Starting Backward Slice...
  => Total Traps Eliminated: 0
  => Total Trap Attempts: 18
  => Total SMT Queries Executed: 18
  => Total SMT Query Latency: 2.352401e+02 ms
  => Average SMT Query Latency: 1.306889e+01 ms
  => Total DFS & SMT Execution Time: 4.655367e+02 ms

[Z3 Oracle] Analyzing Function: deflateBound
  -> Found UB Trap. Starting Backward Slice...
  -> Found UB Trap. Starting Backward Slice...
  -> Found UB Trap. Starting Backward Slice...
  -> Found UB Trap. Starting Backward Slice...
  -> Found UB Trap. Starting Backward Slice...
  -> Found UB Trap. Starting Backward Slice...
  -> Found UB Trap. Starting Backward Slice...
  -> Found UB Trap. Starting Backward Slice...
  -> Found UB Trap. Starting Backward Slice...
  -> Found UB Trap. Starting Backward Slice...
  -> Found UB Trap. Starting Backward Slice...
  -> Found UB Trap. Starting Backward Slice...
  -> Found UB Trap. Starting Backward Slice...
  -> Found UB Trap. Starting Backward Slice...
  -> Found UB Trap. Starting Backward Slice...
  -> Found UB Trap. Starting Backward Slice...
  -> Found UB Trap. Starting Backward Slice...
  -> Found UB Trap. Starting Backward Slice...
  => Total Traps Eliminated: 0
  => Total Trap Attempts: 18
  => Total SMT Queries Executed: 18
  => Total SMT Query Latency: 2.025097e+02 ms
  => Average SMT Query Latency: 1.125054e+01 ms
  => Total DFS & SMT Execution Time: 4.046035e+02 ms

[Z3 Oracle] Analyzing Function: flush_pending
  -> Found UB Trap. Starting Backward Slice...
  -> Found UB Trap. Starting Backward Slice...
  -> Found UB Trap. Starting Backward Slice...
  => Total Traps Eliminated: 0
  => Total Trap Attempts: 3
  => Total SMT Queries Executed: 3
  => Total SMT Query Latency: 4.587025e+01 ms
  => Average SMT Query Latency: 1.529008e+01 ms
  => Total DFS & SMT Execution Time: 9.011768e+01 ms

[Z3 Oracle] Analyzing Function: deflate_stored
  -> Found UB Trap. Starting Backward Slice...
  -> Found UB Trap. Starting Backward Slice...
  -> Found UB Trap. Starting Backward Slice...
  -> Found UB Trap. Starting Backward Slice...
  -> Found UB Trap. Starting Backward Slice...
  -> Found UB Trap. Starting Backward Slice...
  -> Found UB Trap. Starting Backward Slice...
  -> Found UB Trap. Starting Backward Slice...
  -> Found UB Trap. Starting Backward Slice...
  -> Found UB Trap. Starting Backward Slice...
  -> Found UB Trap. Starting Backward Slice...
  -> Found UB Trap. Starting Backward Slice...
  -> Found UB Trap. Starting Backward Slice...
  -> Found UB Trap. Starting Backward Slice...
  -> Found UB Trap. Starting Backward Slice...
  -> Found UB Trap. Starting Backward Slice...
  -> Found UB Trap. Starting Backward Slice...
  -> Found UB Trap. Starting Backward Slice...
  -> Found UB Trap. Starting Backward Slice...
  -> Found UB Trap. Starting Backward Slice...
  -> Found UB Trap. Starting Backward Slice...
  -> Found UB Trap. Starting Backward Slice...
  -> Found UB Trap. Starting Backward Slice...
  -> Found UB Trap. Starting Backward Slice...
  -> Found UB Trap. Starting Backward Slice...
  -> Found UB Trap. Starting Backward Slice...
terminate called after throwing an instance of 'z3::exception'
PLEASE submit a bug report to https://github.com/llvm/llvm-project/issues/ and include the crash backtrace and instructions to reproduce the bug.
Stack dump:
0.	Program arguments: opt -load-pass-plugin=build/OraclePass.so -passes=oracle-pass,simplifycfg,adce,verify -S evaluation/zlib/deflate_integer_O3.ll -o evaluation/zlib/deflate_integer_O3_oracle.ll
1.	Running pass "function((anonymous namespace)::OraclePass,simplifycfg<bonus-inst-threshold=1;no-forward-switch-cond;no-switch-range-to-icmp;no-switch-to-arithmetic;no-switch-to-lookup;keep-loops;no-hoist-common-insts;no-hoist-loads-stores-with-cond-faulting;no-sink-common-insts;speculate-blocks;simplify-cond-branch;no-speculate-unpredictables>,adce,verify)" on module "evaluation/zlib/deflate_integer_O3.ll"
2.	Running pass "(anonymous namespace)::OraclePass" on function "deflate_stored"
 #0 0x000055f0860637af llvm::sys::PrintStackTrace(llvm::raw_ostream&, int) (/home/amiralie1380/michigan/pl/llvm-project/build/bin/opt+0x320d7af)
 #1 0x000055f086060704 SignalHandler(int, siginfo_t*, void*) Signals.cpp:0:0
 #2 0x00007f691b053420 __restore_rt (/lib/x86_64-linux-gnu/libpthread.so.0+0x14420)
 #3 0x00007f691ab2600b raise (/lib/x86_64-linux-gnu/libc.so.6+0x4300b)
 #4 0x00007f691ab05859 abort (/lib/x86_64-linux-gnu/libc.so.6+0x22859)
 #5 0x00007f691aedf8d1 (/lib/x86_64-linux-gnu/libstdc++.so.6+0x9e8d1)
 #6 0x00007f691aeeb37c (/lib/x86_64-linux-gnu/libstdc++.so.6+0xaa37c)
 #7 0x00007f691aeeb3e7 (/lib/x86_64-linux-gnu/libstdc++.so.6+0xaa3e7)
 #8 0x00007f691aeeb699 (/lib/x86_64-linux-gnu/libstdc++.so.6+0xaa699)
 #9 0x00007f691aabd952 z3::context::check_error() const (build/OraclePass.so+0x5e952)
#10 0x00007f691aabed08 z3::to_expr(z3::context&, _Z3_ast*) (build/OraclePass.so+0x5fd08)
#11 0x00007f691aabbebe z3::zext(z3::expr const&, unsigned int) (build/OraclePass.so+0x5cebe)
#12 0x00007f691aab7e06 Z3Encoder::encodeInstruction(llvm::Instruction*, llvm::DominatorTree*, llvm::LoopInfo*) (build/OraclePass.so+0x58e06)
#13 0x00007f691aaa595b (anonymous namespace)::OraclePass::tryEliminateTrap(llvm::Value*, bool, llvm::BasicBlock*, Z3Encoder&, llvm::LoopInfo&, llvm::DominatorTree&, llvm::raw_fd_ostream&) OraclePass.cpp:0:0
#14 0x00007f691aaa43a3 (anonymous namespace)::OraclePass::run(llvm::Function&, llvm::AnalysisManager<llvm::Function>&) OraclePass.cpp:0:0
#15 0x00007f691aaa3a34 llvm::detail::PassModel<llvm::Function, (anonymous namespace)::OraclePass, llvm::AnalysisManager<llvm::Function>>::run(llvm::Function&, llvm::AnalysisManager<llvm::Function>&) OraclePass.cpp:0:0
#16 0x000055f085dc2e54 llvm::PassManager<llvm::Function, llvm::AnalysisManager<llvm::Function>>::run(llvm::Function&, llvm::AnalysisManager<llvm::Function>&) (/home/amiralie1380/michigan/pl/llvm-project/build/bin/opt+0x2f6ce54)
#17 0x000055f083480786 llvm::detail::PassModel<llvm::Function, llvm::PassManager<llvm::Function, llvm::AnalysisManager<llvm::Function>>, llvm::AnalysisManager<llvm::Function>>::run(llvm::Function&, llvm::AnalysisManager<llvm::Function>&) (/home/amiralie1380/michigan/pl/llvm-project/build/bin/opt+0x62a786)
#18 0x000055f085dc1ff3 llvm::ModuleToFunctionPassAdaptor::run(llvm::Module&, llvm::AnalysisManager<llvm::Module>&) (/home/amiralie1380/michigan/pl/llvm-project/build/bin/opt+0x2f6bff3)
#19 0x000055f0833ce1e6 llvm::detail::PassModel<llvm::Module, llvm::ModuleToFunctionPassAdaptor, llvm::AnalysisManager<llvm::Module>>::run(llvm::Module&, llvm::AnalysisManager<llvm::Module>&) (/home/amiralie1380/michigan/pl/llvm-project/build/bin/opt+0x5781e6)
#20 0x000055f085dbf114 llvm::PassManager<llvm::Module, llvm::AnalysisManager<llvm::Module>>::run(llvm::Module&, llvm::AnalysisManager<llvm::Module>&) (/home/amiralie1380/michigan/pl/llvm-project/build/bin/opt+0x2f69114)
#21 0x000055f0833d8bcb llvm::runPassPipeline(llvm::StringRef, llvm::Module&, llvm::TargetMachine*, llvm::TargetLibraryInfoImpl*, llvm::ToolOutputFile*, llvm::ToolOutputFile*, llvm::ToolOutputFile*, llvm::StringRef, llvm::ArrayRef<llvm::PassPlugin>, llvm::ArrayRef<std::function<void (llvm::PassBuilder&)>>, llvm::opt_tool::OutputKind, llvm::opt_tool::VerifierKind, bool, bool, bool, bool, bool, bool, bool, bool) (/home/amiralie1380/michigan/pl/llvm-project/build/bin/opt+0x582bcb)
#22 0x000055f0833cbd1e optMain (/home/amiralie1380/michigan/pl/llvm-project/build/bin/opt+0x575d1e)
#23 0x00007f691ab07083 __libc_start_main (/lib/x86_64-linux-gnu/libc.so.6+0x24083)
#24 0x000055f0833c2b4e _start (/home/amiralie1380/michigan/pl/llvm-project/build/bin/opt+0x56cb4e)
timeout: the monitored command dumped core
benchmark_commands.sh: line 73: 430183 Aborted                 timeout "${TIMEOUT_SECS}s" "$@"
