
[Z3 Oracle] Analyzing Function: deflateInit_
  => Total Traps Eliminated: 0
  => Total Trap Attempts: 0
  => Total SMT Queries Executed: 0
  => Total SMT Query Latency: 0.000000e+00 ms
  => Average SMT Query Latency: 0.000000e+00 ms
  => Total DFS & SMT Execution Time: 5.123550e-01 ms

[Z3 Oracle] Analyzing Function: deflateInit2_
  => Total Traps Eliminated: 0
  => Total Trap Attempts: 0
  => Total SMT Queries Executed: 0
  => Total SMT Query Latency: 0.000000e+00 ms
  => Average SMT Query Latency: 0.000000e+00 ms
  => Total DFS & SMT Execution Time: 1.693210e-01 ms

[Z3 Oracle] Analyzing Function: deflateEnd
  => Total Traps Eliminated: 0
  => Total Trap Attempts: 0
  => Total SMT Queries Executed: 0
  => Total SMT Query Latency: 0.000000e+00 ms
  => Average SMT Query Latency: 0.000000e+00 ms
  => Total DFS & SMT Execution Time: 6.656900e-02 ms

[Z3 Oracle] Analyzing Function: deflateReset
  -> Found UB Trap. Starting Backward Slice...
  => Total Traps Eliminated: 0
  => Total Trap Attempts: 1
  => Total SMT Queries Executed: 1
  => Total SMT Query Latency: 1.389271e+01 ms
  => Average SMT Query Latency: 1.389271e+01 ms
  => Total DFS & SMT Execution Time: 3.013885e+01 ms

[Z3 Oracle] Analyzing Function: deflateSetDictionary
  -> Found UB Trap. Starting Backward Slice...
  -> Found UB Trap. Starting Backward Slice...
  => Total Traps Eliminated: 0
  => Total Trap Attempts: 2
  => Total SMT Queries Executed: 2
  => Total SMT Query Latency: 7.686425e+01 ms
  => Average SMT Query Latency: 3.843213e+01 ms
  => Total DFS & SMT Execution Time: 1.117312e+02 ms

[Z3 Oracle] Analyzing Function: deflateGetDictionary
  => Total Traps Eliminated: 0
  => Total Trap Attempts: 0
  => Total SMT Queries Executed: 0
  => Total SMT Query Latency: 0.000000e+00 ms
  => Average SMT Query Latency: 0.000000e+00 ms
  => Total DFS & SMT Execution Time: 2.888680e-01 ms

[Z3 Oracle] Analyzing Function: deflateResetKeep
  -> Found UB Trap. Starting Backward Slice...
  => Total Traps Eliminated: 0
  => Total Trap Attempts: 1
  => Total SMT Queries Executed: 1
  => Total SMT Query Latency: 8.121269e+00 ms
  => Average SMT Query Latency: 8.121269e+00 ms
  => Total DFS & SMT Execution Time: 2.333516e+01 ms

[Z3 Oracle] Analyzing Function: deflateSetHeader
  => Total Traps Eliminated: 0
  => Total Trap Attempts: 0
  => Total SMT Queries Executed: 0
  => Total SMT Query Latency: 0.000000e+00 ms
  => Average SMT Query Latency: 0.000000e+00 ms
  => Total DFS & SMT Execution Time: 1.219340e-01 ms

[Z3 Oracle] Analyzing Function: deflatePending
  => Total Traps Eliminated: 0
  => Total Trap Attempts: 0
  => Total SMT Queries Executed: 0
  => Total SMT Query Latency: 0.000000e+00 ms
  => Average SMT Query Latency: 0.000000e+00 ms
  => Total DFS & SMT Execution Time: 3.012400e-02 ms

[Z3 Oracle] Analyzing Function: deflateUsed
  => Total Traps Eliminated: 0
  => Total Trap Attempts: 0
  => Total SMT Queries Executed: 0
  => Total SMT Query Latency: 0.000000e+00 ms
  => Average SMT Query Latency: 0.000000e+00 ms
  => Total DFS & SMT Execution Time: 2.102200e-02 ms

[Z3 Oracle] Analyzing Function: deflatePrime
  -> Found UB Trap. Starting Backward Slice...
  => Total Traps Eliminated: 0
  => Total Trap Attempts: 1
  => Total SMT Queries Executed: 1
  => Total SMT Query Latency: 6.819424e+01 ms
  => Average SMT Query Latency: 6.819424e+01 ms
  => Total DFS & SMT Execution Time: 8.318421e+01 ms

[Z3 Oracle] Analyzing Function: deflateParams
  -> Found UB Trap. Starting Backward Slice...
  -> Found UB Trap. Starting Backward Slice...
    -> UNSAT (Dead Code / Impossible Path) [Query Latency: 19.091116 ms]
  => SUCCESS: Trap mathematically neutralized!
  -> Found UB Trap. Starting Backward Slice...
  -> Found UB Trap. Starting Backward Slice...
  => Total Traps Eliminated: 1
  => Total Trap Attempts: 4
  => Total SMT Queries Executed: 4
  => Total SMT Query Latency: 9.881692e+01 ms
  => Average SMT Query Latency: 2.470423e+01 ms
  => Total DFS & SMT Execution Time: 1.727626e+02 ms

[Z3 Oracle] Analyzing Function: deflate
  -> Found UB Trap. Starting Backward Slice...
  -> Found UB Trap. Starting Backward Slice...
    -> UNSAT (Dead Code / Impossible Path) [Query Latency: 24.029442 ms]
  => SUCCESS: Trap mathematically neutralized!
  => Total Traps Eliminated: 1
  => Total Trap Attempts: 2
  => Total SMT Queries Executed: 2
  => Total SMT Query Latency: 4.228152e+01 ms
  => Average SMT Query Latency: 2.114076e+01 ms
  => Total DFS & SMT Execution Time: 9.426438e+01 ms

[Z3 Oracle] Analyzing Function: slide_hash
  => Total Traps Eliminated: 0
  => Total Trap Attempts: 0
  => Total SMT Queries Executed: 0
  => Total SMT Query Latency: 0.000000e+00 ms
  => Average SMT Query Latency: 0.000000e+00 ms
  => Total DFS & SMT Execution Time: 2.019220e-01 ms

[Z3 Oracle] Analyzing Function: deflateTune
  => Total Traps Eliminated: 0
  => Total Trap Attempts: 0
  => Total SMT Queries Executed: 0
  => Total SMT Query Latency: 0.000000e+00 ms
  => Average SMT Query Latency: 0.000000e+00 ms
  => Total DFS & SMT Execution Time: 1.945750e-01 ms

[Z3 Oracle] Analyzing Function: deflateBound_z
  -> Found UB Trap. Starting Backward Slice...
  => Total Traps Eliminated: 0
  => Total Trap Attempts: 1
  => Total SMT Queries Executed: 1
  => Total SMT Query Latency: 2.079708e+01 ms
  => Average SMT Query Latency: 2.079708e+01 ms
  => Total DFS & SMT Execution Time: 4.240351e+01 ms

[Z3 Oracle] Analyzing Function: deflateBound
  -> Found UB Trap. Starting Backward Slice...
  => Total Traps Eliminated: 0
  => Total Trap Attempts: 1
  => Total SMT Queries Executed: 1
  => Total SMT Query Latency: 1.559578e+01 ms
  => Average SMT Query Latency: 1.559578e+01 ms
  => Total DFS & SMT Execution Time: 3.390288e+01 ms

[Z3 Oracle] Analyzing Function: flush_pending
  => Total Traps Eliminated: 0
  => Total Trap Attempts: 0
  => Total SMT Queries Executed: 0
  => Total SMT Query Latency: 0.000000e+00 ms
  => Average SMT Query Latency: 0.000000e+00 ms
  => Total DFS & SMT Execution Time: 1.191530e-01 ms

[Z3 Oracle] Analyzing Function: deflate_stored
  => Total Traps Eliminated: 0
  => Total Trap Attempts: 0
  => Total SMT Queries Executed: 0
  => Total SMT Query Latency: 0.000000e+00 ms
  => Average SMT Query Latency: 0.000000e+00 ms
  => Total DFS & SMT Execution Time: 2.754310e-01 ms

[Z3 Oracle] Analyzing Function: deflate_huff
  -> Found UB Trap. Starting Backward Slice...
  => Total Traps Eliminated: 0
  => Total Trap Attempts: 1
  => Total SMT Queries Executed: 1
  => Total SMT Query Latency: 2.507721e+01 ms
  => Average SMT Query Latency: 2.507721e+01 ms
  => Total DFS & SMT Execution Time: 4.281374e+01 ms

[Z3 Oracle] Analyzing Function: deflate_rle
  -> Found UB Trap. Starting Backward Slice...
  => Total Traps Eliminated: 0
  => Total Trap Attempts: 1
  => Total SMT Queries Executed: 1
  => Total SMT Query Latency: 2.235873e+01 ms
  => Average SMT Query Latency: 2.235873e+01 ms
  => Total DFS & SMT Execution Time: 3.776584e+01 ms

[Z3 Oracle] Analyzing Function: deflateCopy
  => Total Traps Eliminated: 0
  => Total Trap Attempts: 0
  => Total SMT Queries Executed: 0
  => Total SMT Query Latency: 0.000000e+00 ms
  => Average SMT Query Latency: 0.000000e+00 ms
  => Total DFS & SMT Execution Time: 2.607960e-01 ms

[Z3 Oracle] Analyzing Function: deflate_fast
  -> Found UB Trap. Starting Backward Slice...
  => Total Traps Eliminated: 0
  => Total Trap Attempts: 1
  => Total SMT Queries Executed: 1
  => Total SMT Query Latency: 2.206887e+01 ms
  => Average SMT Query Latency: 2.206887e+01 ms
  => Total DFS & SMT Execution Time: 4.164206e+01 ms

[Z3 Oracle] Analyzing Function: deflate_slow
  -> Found UB Trap. Starting Backward Slice...
  => Total Traps Eliminated: 0
  => Total Trap Attempts: 1
  => Total SMT Queries Executed: 1
  => Total SMT Query Latency: 2.557550e+01 ms
  => Average SMT Query Latency: 2.557550e+01 ms
  => Total DFS & SMT Execution Time: 4.565650e+01 ms
