
[Z3 Oracle] Analyzing Function: main
  => Total Traps Eliminated: 0
  => Total Trap Attempts: 0
  => Total SMT Queries Executed: 0
  => Total SMT Query Latency: 0.000000e+00 ms
  => Average SMT Query Latency: 0.000000e+00 ms
  => Total DFS & SMT Execution Time: 4.130870e-01 ms

[Z3 Oracle] Analyzing Function: polybench_flush_cache
  => Total Traps Eliminated: 0
  => Total Trap Attempts: 0
  => Total SMT Queries Executed: 0
  => Total SMT Query Latency: 0.000000e+00 ms
  => Average SMT Query Latency: 0.000000e+00 ms
  => Total DFS & SMT Execution Time: 2.646300e-02 ms

[Z3 Oracle] Analyzing Function: polybench_prepare_instruments
  => Total Traps Eliminated: 0
  => Total Trap Attempts: 0
  => Total SMT Queries Executed: 0
  => Total SMT Query Latency: 0.000000e+00 ms
  => Average SMT Query Latency: 0.000000e+00 ms
  => Total DFS & SMT Execution Time: 9.017000e-03 ms

[Z3 Oracle] Analyzing Function: polybench_timer_start
  => Total Traps Eliminated: 0
  => Total Trap Attempts: 0
  => Total SMT Queries Executed: 0
  => Total SMT Query Latency: 0.000000e+00 ms
  => Average SMT Query Latency: 0.000000e+00 ms
  => Total DFS & SMT Execution Time: 8.410000e-03 ms

[Z3 Oracle] Analyzing Function: polybench_timer_stop
  => Total Traps Eliminated: 0
  => Total Trap Attempts: 0
  => Total SMT Queries Executed: 0
  => Total SMT Query Latency: 0.000000e+00 ms
  => Average SMT Query Latency: 0.000000e+00 ms
  => Total DFS & SMT Execution Time: 8.127000e-03 ms

[Z3 Oracle] Analyzing Function: polybench_timer_print
  => Total Traps Eliminated: 0
  => Total Trap Attempts: 0
  => Total SMT Queries Executed: 0
  => Total SMT Query Latency: 0.000000e+00 ms
  => Average SMT Query Latency: 0.000000e+00 ms
  => Total DFS & SMT Execution Time: 1.102800e-02 ms

[Z3 Oracle] Analyzing Function: polybench_free_data
  => Total Traps Eliminated: 0
  => Total Trap Attempts: 0
  => Total SMT Queries Executed: 0
  => Total SMT Query Latency: 0.000000e+00 ms
  => Average SMT Query Latency: 0.000000e+00 ms
  => Total DFS & SMT Execution Time: 1.394500e-02 ms

[Z3 Oracle] Analyzing Function: polybench_alloc_data
  => Total Traps Eliminated: 0
  => Total Trap Attempts: 0
  => Total SMT Queries Executed: 0
  => Total SMT Query Latency: 0.000000e+00 ms
  => Average SMT Query Latency: 0.000000e+00 ms
  => Total DFS & SMT Execution Time: 1.188100e-02 ms
