
[Z3 Oracle] Analyzing Function: SHA224_Init
  => Total Traps Eliminated: 0
  => Total Trap Attempts: 0
  => Total SMT Queries Executed: 0
  => Total SMT Query Latency: 0.000000e+00 ms
  => Average SMT Query Latency: 0.000000e+00 ms
  => Total DFS & SMT Execution Time: 7.109490e-01 ms

[Z3 Oracle] Analyzing Function: SHA256_Init
  => Total Traps Eliminated: 0
  => Total Trap Attempts: 0
  => Total SMT Queries Executed: 0
  => Total SMT Query Latency: 0.000000e+00 ms
  => Average SMT Query Latency: 0.000000e+00 ms
  => Total DFS & SMT Execution Time: 7.150700e-02 ms

[Z3 Oracle] Analyzing Function: ossl_sha256_192_init
  => Total Traps Eliminated: 0
  => Total Trap Attempts: 0
  => Total SMT Queries Executed: 0
  => Total SMT Query Latency: 0.000000e+00 ms
  => Average SMT Query Latency: 0.000000e+00 ms
  => Total DFS & SMT Execution Time: 2.369200e-02 ms

[Z3 Oracle] Analyzing Function: SHA224_Update
  -> Found UB Trap. Starting Backward Slice...
  -> Found UB Trap. Starting Backward Slice...
  -> Found UB Trap. Starting Backward Slice...
  -> Found UB Trap. Starting Backward Slice...
  -> Found UB Trap. Starting Backward Slice...
  -> Found UB Trap. Starting Backward Slice...
  -> Found UB Trap. Starting Backward Slice...
  -> Found UB Trap. Starting Backward Slice...
  -> Found UB Trap. Starting Backward Slice...
  -> Found UB Trap. Starting Backward Slice...
  -> Found UB Trap. Starting Backward Slice...
  -> Found UB Trap. Starting Backward Slice...
  -> Found UB Trap. Starting Backward Slice...
  -> Found UB Trap. Starting Backward Slice...
  -> Found UB Trap. Starting Backward Slice...
  -> Found UB Trap. Starting Backward Slice...
  -> Found UB Trap. Starting Backward Slice...
  -> Found UB Trap. Starting Backward Slice...
  -> Found UB Trap. Starting Backward Slice...
  -> Found UB Trap. Starting Backward Slice...
  -> Found UB Trap. Starting Backward Slice...
  -> Found UB Trap. Starting Backward Slice...
  -> Found UB Trap. Starting Backward Slice...
  -> Found UB Trap. Starting Backward Slice...
  -> Found UB Trap. Starting Backward Slice...
  -> Found UB Trap. Starting Backward Slice...
  -> Found UB Trap. Starting Backward Slice...
  -> Found UB Trap. Starting Backward Slice...
  -> Found UB Trap. Starting Backward Slice...
  -> Found UB Trap. Starting Backward Slice...
  -> Found UB Trap. Starting Backward Slice...
  -> Found UB Trap. Starting Backward Slice...
    -> UNSAT (Dead Code / Impossible Path) [Query Latency: 8044.345928 ms]
  => SUCCESS: Trap mathematically neutralized!
  -> Found UB Trap. Starting Backward Slice...
    -> UNSAT (Dead Code / Impossible Path) [Query Latency: 9447.525547 ms]
  => SUCCESS: Trap mathematically neutralized!
  -> Found UB Trap. Starting Backward Slice...
  -> Found UB Trap. Starting Backward Slice...
  -> Found UB Trap. Starting Backward Slice...
  -> Found UB Trap. Starting Backward Slice...
    -> UNSAT (Dead Code / Impossible Path) [Query Latency: 6838.075626 ms]
  => SUCCESS: Trap mathematically neutralized!
  -> Found UB Trap. Starting Backward Slice...
  -> Found UB Trap. Starting Backward Slice...
    -> UNSAT (Dead Code / Impossible Path) [Query Latency: 9099.550853 ms]
  => SUCCESS: Trap mathematically neutralized!
  -> Found UB Trap. Starting Backward Slice...
  -> Found UB Trap. Starting Backward Slice...
  -> Found UB Trap. Starting Backward Slice...
  -> Found UB Trap. Starting Backward Slice...
  -> Found UB Trap. Starting Backward Slice...
    -> UNSAT (Dead Code / Impossible Path) [Query Latency: 9497.636179 ms]
  => SUCCESS: Trap mathematically neutralized!
  -> Found UB Trap. Starting Backward Slice...
    -> UNSAT (Dead Code / Impossible Path) [Query Latency: 9519.613183 ms]
  => SUCCESS: Trap mathematically neutralized!
  -> Found UB Trap. Starting Backward Slice...
    -> UNSAT (Dead Code / Impossible Path) [Query Latency: 9042.119887 ms]
  => SUCCESS: Trap mathematically neutralized!
  -> Found UB Trap. Starting Backward Slice...
    -> UNSAT (Dead Code / Impossible Path) [Query Latency: 7688.193172 ms]
  => SUCCESS: Trap mathematically neutralized!
  -> Found UB Trap. Starting Backward Slice...
    -> UNSAT (Dead Code / Impossible Path) [Query Latency: 6660.961759 ms]
  => SUCCESS: Trap mathematically neutralized!
  -> Found UB Trap. Starting Backward Slice...
    -> UNSAT (Dead Code / Impossible Path) [Query Latency: 9094.152376 ms]
  => SUCCESS: Trap mathematically neutralized!
  -> Found UB Trap. Starting Backward Slice...
    -> UNSAT (Dead Code / Impossible Path) [Query Latency: 7728.041774 ms]
  => SUCCESS: Trap mathematically neutralized!
  -> Found UB Trap. Starting Backward Slice...
    -> UNSAT (Dead Code / Impossible Path) [Query Latency: 6502.041013 ms]
  => SUCCESS: Trap mathematically neutralized!
  -> Found UB Trap. Starting Backward Slice...
    -> UNSAT (Dead Code / Impossible Path) [Query Latency: 5346.529896 ms]
  => SUCCESS: Trap mathematically neutralized!
  -> Found UB Trap. Starting Backward Slice...
    -> UNSAT (Dead Code / Impossible Path) [Query Latency: 6942.265997 ms]
  => SUCCESS: Trap mathematically neutralized!
  -> Found UB Trap. Starting Backward Slice...
    -> UNSAT (Dead Code / Impossible Path) [Query Latency: 7400.811830 ms]
  => SUCCESS: Trap mathematically neutralized!
  -> Found UB Trap. Starting Backward Slice...
  -> Found UB Trap. Starting Backward Slice...
  -> Found UB Trap. Starting Backward Slice...
  -> Found UB Trap. Starting Backward Slice...
    -> UNSAT (Dead Code / Impossible Path) [Query Latency: 4445.492588 ms]
  => SUCCESS: Trap mathematically neutralized!
  -> Found UB Trap. Starting Backward Slice...
    -> UNSAT (Dead Code / Impossible Path) [Query Latency: 5140.665695 ms]
  => SUCCESS: Trap mathematically neutralized!
  -> Found UB Trap. Starting Backward Slice...
    -> UNSAT (Dead Code / Impossible Path) [Query Latency: 6109.691308 ms]
  => SUCCESS: Trap mathematically neutralized!
  -> Found UB Trap. Starting Backward Slice...
    -> UNSAT (Dead Code / Impossible Path) [Query Latency: 7662.629940 ms]
  => SUCCESS: Trap mathematically neutralized!
  -> Found UB Trap. Starting Backward Slice...
    -> UNSAT (Dead Code / Impossible Path) [Query Latency: 7532.489837 ms]
  => SUCCESS: Trap mathematically neutralized!
  -> Found UB Trap. Starting Backward Slice...
    -> UNSAT (Dead Code / Impossible Path) [Query Latency: 7841.383218 ms]
  => SUCCESS: Trap mathematically neutralized!
  -> Found UB Trap. Starting Backward Slice...
    -> UNSAT (Dead Code / Impossible Path) [Query Latency: 8490.136556 ms]
  => SUCCESS: Trap mathematically neutralized!
  -> Found UB Trap. Starting Backward Slice...
    -> UNSAT (Dead Code / Impossible Path) [Query Latency: 6324.400443 ms]
  => SUCCESS: Trap mathematically neutralized!
  -> Found UB Trap. Starting Backward Slice...
    -> UNSAT (Dead Code / Impossible Path) [Query Latency: 7552.534773 ms]
  => SUCCESS: Trap mathematically neutralized!
  -> Found UB Trap. Starting Backward Slice...
    -> UNSAT (Dead Code / Impossible Path) [Query Latency: 6808.695711 ms]
  => SUCCESS: Trap mathematically neutralized!
  -> Found UB Trap. Starting Backward Slice...
    -> UNSAT (Dead Code / Impossible Path) [Query Latency: 5930.292174 ms]
  => SUCCESS: Trap mathematically neutralized!
  -> Found UB Trap. Starting Backward Slice...
    -> UNSAT (Dead Code / Impossible Path) [Query Latency: 9829.575691 ms]
  => SUCCESS: Trap mathematically neutralized!
  -> Found UB Trap. Starting Backward Slice...
    -> UNSAT (Dead Code / Impossible Path) [Query Latency: 9367.184078 ms]
  => SUCCESS: Trap mathematically neutralized!
  -> Found UB Trap. Starting Backward Slice...
    -> UNSAT (Dead Code / Impossible Path) [Query Latency: 6658.029541 ms]
  => SUCCESS: Trap mathematically neutralized!
  -> Found UB Trap. Starting Backward Slice...
    -> UNSAT (Dead Code / Impossible Path) [Query Latency: 9092.356364 ms]
  => SUCCESS: Trap mathematically neutralized!
  -> Found UB Trap. Starting Backward Slice...
    -> UNSAT (Dead Code / Impossible Path) [Query Latency: 7766.172776 ms]
  => SUCCESS: Trap mathematically neutralized!
  -> Found UB Trap. Starting Backward Slice...
    -> UNSAT (Dead Code / Impossible Path) [Query Latency: 9216.124423 ms]
  => SUCCESS: Trap mathematically neutralized!
  -> Found UB Trap. Starting Backward Slice...
    -> UNSAT (Dead Code / Impossible Path) [Query Latency: 8243.927227 ms]
  => SUCCESS: Trap mathematically neutralized!
  -> Found UB Trap. Starting Backward Slice...
    -> UNSAT (Dead Code / Impossible Path) [Query Latency: 7014.218883 ms]
  => SUCCESS: Trap mathematically neutralized!
  -> Found UB Trap. Starting Backward Slice...
    -> UNSAT (Dead Code / Impossible Path) [Query Latency: 5491.877235 ms]
  => SUCCESS: Trap mathematically neutralized!
  -> Found UB Trap. Starting Backward Slice...
    -> UNSAT (Dead Code / Impossible Path) [Query Latency: 6008.678664 ms]
  => SUCCESS: Trap mathematically neutralized!
  -> Found UB Trap. Starting Backward Slice...
    -> UNSAT (Dead Code / Impossible Path) [Query Latency: 6625.511757 ms]
  => SUCCESS: Trap mathematically neutralized!
  -> Found UB Trap. Starting Backward Slice...
    -> UNSAT (Dead Code / Impossible Path) [Query Latency: 7053.052938 ms]
  => SUCCESS: Trap mathematically neutralized!
  -> Found UB Trap. Starting Backward Slice...
    -> UNSAT (Dead Code / Impossible Path) [Query Latency: 6212.591527 ms]
  => SUCCESS: Trap mathematically neutralized!
  -> Found UB Trap. Starting Backward Slice...
    -> UNSAT (Dead Code / Impossible Path) [Query Latency: 8821.584454 ms]
  => SUCCESS: Trap mathematically neutralized!
  -> Found UB Trap. Starting Backward Slice...
    -> UNSAT (Dead Code / Impossible Path) [Query Latency: 8671.539992 ms]
  => SUCCESS: Trap mathematically neutralized!
  -> Found UB Trap. Starting Backward Slice...
  -> Found UB Trap. Starting Backward Slice...
    -> UNSAT (Dead Code / Impossible Path) [Query Latency: 9969.101981 ms]
  => SUCCESS: Trap mathematically neutralized!
  -> Found UB Trap. Starting Backward Slice...
    -> UNSAT (Dead Code / Impossible Path) [Query Latency: 9739.766850 ms]
  => SUCCESS: Trap mathematically neutralized!
  -> Found UB Trap. Starting Backward Slice...
  -> Found UB Trap. Starting Backward Slice...
    -> UNSAT (Dead Code / Impossible Path) [Query Latency: 6678.141671 ms]
  => SUCCESS: Trap mathematically neutralized!
  -> Found UB Trap. Starting Backward Slice...
  -> Found UB Trap. Starting Backward Slice...
    -> UNSAT (Dead Code / Impossible Path) [Query Latency: 8334.302015 ms]
  => SUCCESS: Trap mathematically neutralized!
  -> Found UB Trap. Starting Backward Slice...
  -> Found UB Trap. Starting Backward Slice...
    -> UNSAT (Dead Code / Impossible Path) [Query Latency: 9306.394014 ms]
  => SUCCESS: Trap mathematically neutralized!
  -> Found UB Trap. Starting Backward Slice...
    -> UNSAT (Dead Code / Impossible Path) [Query Latency: 8072.942619 ms]
  => SUCCESS: Trap mathematically neutralized!
  -> Found UB Trap. Starting Backward Slice...
    -> UNSAT (Dead Code / Impossible Path) [Query Latency: 9176.165119 ms]
  => SUCCESS: Trap mathematically neutralized!
  -> Found UB Trap. Starting Backward Slice...
  -> Found UB Trap. Starting Backward Slice...
