
[Z3 Oracle] Analyzing Function: SHA224_Init
  => Total Traps Eliminated: 0
  => Total Trap Attempts: 0
  => Total SMT Queries Executed: 0
  => Total SMT Query Latency: 0.000000e+00 ms
  => Average SMT Query Latency: 0.000000e+00 ms
  => Total DFS & SMT Execution Time: 4.087380e-01 ms

[Z3 Oracle] Analyzing Function: SHA256_Init
  => Total Traps Eliminated: 0
  => Total Trap Attempts: 0
  => Total SMT Queries Executed: 0
  => Total SMT Query Latency: 0.000000e+00 ms
  => Average SMT Query Latency: 0.000000e+00 ms
  => Total DFS & SMT Execution Time: 8.561400e-02 ms

[Z3 Oracle] Analyzing Function: ossl_sha256_192_init
  => Total Traps Eliminated: 0
  => Total Trap Attempts: 0
  => Total SMT Queries Executed: 0
  => Total SMT Query Latency: 0.000000e+00 ms
  => Average SMT Query Latency: 0.000000e+00 ms
  => Total DFS & SMT Execution Time: 1.499600e-02 ms

[Z3 Oracle] Analyzing Function: SHA224_Update
  -> Found UB Trap. Starting Backward Slice...
  -> Found UB Trap. Starting Backward Slice...
  -> Found UB Trap. Starting Backward Slice...
  -> Found UB Trap. Starting Backward Slice...
  -> Found UB Trap. Starting Backward Slice...
  -> Found UB Trap. Starting Backward Slice...
  -> Found UB Trap. Starting Backward Slice...
  -> Found UB Trap. Starting Backward Slice...
  -> Found UB Trap. Starting Backward Slice...
  -> Found UB Trap. Starting Backward Slice...
  -> Found UB Trap. Starting Backward Slice...
  -> Found UB Trap. Starting Backward Slice...
  -> Found UB Trap. Starting Backward Slice...
  -> Found UB Trap. Starting Backward Slice...
  -> Found UB Trap. Starting Backward Slice...
  -> Found UB Trap. Starting Backward Slice...
  -> Found UB Trap. Starting Backward Slice...
  -> Found UB Trap. Starting Backward Slice...
  -> Found UB Trap. Starting Backward Slice...
  -> Found UB Trap. Starting Backward Slice...
  -> Found UB Trap. Starting Backward Slice...
  -> Found UB Trap. Starting Backward Slice...
  -> Found UB Trap. Starting Backward Slice...
  -> Found UB Trap. Starting Backward Slice...
  -> Found UB Trap. Starting Backward Slice...
  -> Found UB Trap. Starting Backward Slice...
  -> Found UB Trap. Starting Backward Slice...
  -> Found UB Trap. Starting Backward Slice...
  -> Found UB Trap. Starting Backward Slice...
  -> Found UB Trap. Starting Backward Slice...
    -> UNSAT (Dead Code / Impossible Path) [Query Latency: 6771.093739 ms]
  => SUCCESS: Trap mathematically neutralized!
  -> Found UB Trap. Starting Backward Slice...
    -> UNSAT (Dead Code / Impossible Path) [Query Latency: 2984.617979 ms]
  => SUCCESS: Trap mathematically neutralized!
  -> Found UB Trap. Starting Backward Slice...
    -> UNSAT (Dead Code / Impossible Path) [Query Latency: 4390.763352 ms]
  => SUCCESS: Trap mathematically neutralized!
  -> Found UB Trap. Starting Backward Slice...
    -> UNSAT (Dead Code / Impossible Path) [Query Latency: 8366.419744 ms]
  => SUCCESS: Trap mathematically neutralized!
  -> Found UB Trap. Starting Backward Slice...
    -> UNSAT (Dead Code / Impossible Path) [Query Latency: 3974.218462 ms]
  => SUCCESS: Trap mathematically neutralized!
  -> Found UB Trap. Starting Backward Slice...
    -> UNSAT (Dead Code / Impossible Path) [Query Latency: 6930.045612 ms]
  => SUCCESS: Trap mathematically neutralized!
  -> Found UB Trap. Starting Backward Slice...
    -> UNSAT (Dead Code / Impossible Path) [Query Latency: 5445.150036 ms]
  => SUCCESS: Trap mathematically neutralized!
  -> Found UB Trap. Starting Backward Slice...
    -> UNSAT (Dead Code / Impossible Path) [Query Latency: 4742.433782 ms]
  => SUCCESS: Trap mathematically neutralized!
  -> Found UB Trap. Starting Backward Slice...
    -> UNSAT (Dead Code / Impossible Path) [Query Latency: 2037.368170 ms]
  => SUCCESS: Trap mathematically neutralized!
  -> Found UB Trap. Starting Backward Slice...
    -> UNSAT (Dead Code / Impossible Path) [Query Latency: 4983.550734 ms]
  => SUCCESS: Trap mathematically neutralized!
  -> Found UB Trap. Starting Backward Slice...
    -> UNSAT (Dead Code / Impossible Path) [Query Latency: 5204.634879 ms]
  => SUCCESS: Trap mathematically neutralized!
  -> Found UB Trap. Starting Backward Slice...
    -> UNSAT (Dead Code / Impossible Path) [Query Latency: 1358.409620 ms]
  => SUCCESS: Trap mathematically neutralized!
  -> Found UB Trap. Starting Backward Slice...
    -> UNSAT (Dead Code / Impossible Path) [Query Latency: 5276.350564 ms]
  => SUCCESS: Trap mathematically neutralized!
  -> Found UB Trap. Starting Backward Slice...
    -> UNSAT (Dead Code / Impossible Path) [Query Latency: 3464.308993 ms]
  => SUCCESS: Trap mathematically neutralized!
  -> Found UB Trap. Starting Backward Slice...
    -> UNSAT (Dead Code / Impossible Path) [Query Latency: 3185.275440 ms]
  => SUCCESS: Trap mathematically neutralized!
  -> Found UB Trap. Starting Backward Slice...
    -> UNSAT (Dead Code / Impossible Path) [Query Latency: 3686.103287 ms]
  => SUCCESS: Trap mathematically neutralized!
  -> Found UB Trap. Starting Backward Slice...
    -> UNSAT (Dead Code / Impossible Path) [Query Latency: 3754.431993 ms]
  => SUCCESS: Trap mathematically neutralized!
  -> Found UB Trap. Starting Backward Slice...
    -> UNSAT (Dead Code / Impossible Path) [Query Latency: 4760.606685 ms]
  => SUCCESS: Trap mathematically neutralized!
  -> Found UB Trap. Starting Backward Slice...
    -> UNSAT (Dead Code / Impossible Path) [Query Latency: 5184.537033 ms]
  => SUCCESS: Trap mathematically neutralized!
  -> Found UB Trap. Starting Backward Slice...
    -> UNSAT (Dead Code / Impossible Path) [Query Latency: 5293.519292 ms]
  => SUCCESS: Trap mathematically neutralized!
  -> Found UB Trap. Starting Backward Slice...
    -> UNSAT (Dead Code / Impossible Path) [Query Latency: 5458.273898 ms]
  => SUCCESS: Trap mathematically neutralized!
  -> Found UB Trap. Starting Backward Slice...
    -> UNSAT (Dead Code / Impossible Path) [Query Latency: 8167.330113 ms]
  => SUCCESS: Trap mathematically neutralized!
  -> Found UB Trap. Starting Backward Slice...
    -> UNSAT (Dead Code / Impossible Path) [Query Latency: 3057.876804 ms]
  => SUCCESS: Trap mathematically neutralized!
  -> Found UB Trap. Starting Backward Slice...
    -> UNSAT (Dead Code / Impossible Path) [Query Latency: 5671.376525 ms]
  => SUCCESS: Trap mathematically neutralized!
  -> Found UB Trap. Starting Backward Slice...
    -> UNSAT (Dead Code / Impossible Path) [Query Latency: 2512.405424 ms]
  => SUCCESS: Trap mathematically neutralized!
  -> Found UB Trap. Starting Backward Slice...
    -> UNSAT (Dead Code / Impossible Path) [Query Latency: 4817.660932 ms]
  => SUCCESS: Trap mathematically neutralized!
  -> Found UB Trap. Starting Backward Slice...
    -> UNSAT (Dead Code / Impossible Path) [Query Latency: 7571.291739 ms]
  => SUCCESS: Trap mathematically neutralized!
  -> Found UB Trap. Starting Backward Slice...
    -> UNSAT (Dead Code / Impossible Path) [Query Latency: 4893.539768 ms]
  => SUCCESS: Trap mathematically neutralized!
  -> Found UB Trap. Starting Backward Slice...
    -> UNSAT (Dead Code / Impossible Path) [Query Latency: 3633.314684 ms]
  => SUCCESS: Trap mathematically neutralized!
  -> Found UB Trap. Starting Backward Slice...
    -> UNSAT (Dead Code / Impossible Path) [Query Latency: 5583.627160 ms]
  => SUCCESS: Trap mathematically neutralized!
  -> Found UB Trap. Starting Backward Slice...
    -> UNSAT (Dead Code / Impossible Path) [Query Latency: 1764.039955 ms]
  => SUCCESS: Trap mathematically neutralized!
  -> Found UB Trap. Starting Backward Slice...
    -> UNSAT (Dead Code / Impossible Path) [Query Latency: 2888.953767 ms]
  => SUCCESS: Trap mathematically neutralized!
  -> Found UB Trap. Starting Backward Slice...
    -> UNSAT (Dead Code / Impossible Path) [Query Latency: 4870.210228 ms]
  => SUCCESS: Trap mathematically neutralized!
  -> Found UB Trap. Starting Backward Slice...
    -> UNSAT (Dead Code / Impossible Path) [Query Latency: 3327.751284 ms]
  => SUCCESS: Trap mathematically neutralized!
  -> Found UB Trap. Starting Backward Slice...
    -> UNSAT (Dead Code / Impossible Path) [Query Latency: 4065.221164 ms]
  => SUCCESS: Trap mathematically neutralized!
  -> Found UB Trap. Starting Backward Slice...
    -> UNSAT (Dead Code / Impossible Path) [Query Latency: 5093.201563 ms]
  => SUCCESS: Trap mathematically neutralized!
  -> Found UB Trap. Starting Backward Slice...
    -> UNSAT (Dead Code / Impossible Path) [Query Latency: 5510.284645 ms]
  => SUCCESS: Trap mathematically neutralized!
  -> Found UB Trap. Starting Backward Slice...
    -> UNSAT (Dead Code / Impossible Path) [Query Latency: 2796.475991 ms]
  => SUCCESS: Trap mathematically neutralized!
  -> Found UB Trap. Starting Backward Slice...
    -> UNSAT (Dead Code / Impossible Path) [Query Latency: 1837.435669 ms]
  => SUCCESS: Trap mathematically neutralized!
  -> Found UB Trap. Starting Backward Slice...
    -> UNSAT (Dead Code / Impossible Path) [Query Latency: 3358.132340 ms]
  => SUCCESS: Trap mathematically neutralized!
  -> Found UB Trap. Starting Backward Slice...
    -> UNSAT (Dead Code / Impossible Path) [Query Latency: 5005.057913 ms]
  => SUCCESS: Trap mathematically neutralized!
  -> Found UB Trap. Starting Backward Slice...
    -> UNSAT (Dead Code / Impossible Path) [Query Latency: 2858.864625 ms]
  => SUCCESS: Trap mathematically neutralized!
  -> Found UB Trap. Starting Backward Slice...
    -> UNSAT (Dead Code / Impossible Path) [Query Latency: 4391.920485 ms]
  => SUCCESS: Trap mathematically neutralized!
  -> Found UB Trap. Starting Backward Slice...
    -> UNSAT (Dead Code / Impossible Path) [Query Latency: 3378.131913 ms]
  => SUCCESS: Trap mathematically neutralized!
  -> Found UB Trap. Starting Backward Slice...
    -> UNSAT (Dead Code / Impossible Path) [Query Latency: 8627.834729 ms]
  => SUCCESS: Trap mathematically neutralized!
  -> Found UB Trap. Starting Backward Slice...
    -> UNSAT (Dead Code / Impossible Path) [Query Latency: 6210.832708 ms]
  => SUCCESS: Trap mathematically neutralized!
  -> Found UB Trap. Starting Backward Slice...
    -> UNSAT (Dead Code / Impossible Path) [Query Latency: 3205.398433 ms]
  => SUCCESS: Trap mathematically neutralized!
  -> Found UB Trap. Starting Backward Slice...
    -> UNSAT (Dead Code / Impossible Path) [Query Latency: 3772.745363 ms]
  => SUCCESS: Trap mathematically neutralized!
  -> Found UB Trap. Starting Backward Slice...
    -> UNSAT (Dead Code / Impossible Path) [Query Latency: 4348.055395 ms]
  => SUCCESS: Trap mathematically neutralized!
  -> Found UB Trap. Starting Backward Slice...
    -> UNSAT (Dead Code / Impossible Path) [Query Latency: 4806.544610 ms]
  => SUCCESS: Trap mathematically neutralized!
  -> Found UB Trap. Starting Backward Slice...
    -> UNSAT (Dead Code / Impossible Path) [Query Latency: 1531.136398 ms]
  => SUCCESS: Trap mathematically neutralized!
  -> Found UB Trap. Starting Backward Slice...
    -> UNSAT (Dead Code / Impossible Path) [Query Latency: 6645.000520 ms]
  => SUCCESS: Trap mathematically neutralized!
  -> Found UB Trap. Starting Backward Slice...
    -> UNSAT (Dead Code / Impossible Path) [Query Latency: 9873.964537 ms]
  => SUCCESS: Trap mathematically neutralized!
  -> Found UB Trap. Starting Backward Slice...
    -> UNSAT (Dead Code / Impossible Path) [Query Latency: 2040.195652 ms]
  => SUCCESS: Trap mathematically neutralized!
  -> Found UB Trap. Starting Backward Slice...
    -> UNSAT (Dead Code / Impossible Path) [Query Latency: 6049.602385 ms]
  => SUCCESS: Trap mathematically neutralized!
  -> Found UB Trap. Starting Backward Slice...
    -> UNSAT (Dead Code / Impossible Path) [Query Latency: 4980.580376 ms]
  => SUCCESS: Trap mathematically neutralized!
  -> Found UB Trap. Starting Backward Slice...
    -> UNSAT (Dead Code / Impossible Path) [Query Latency: 5288.728907 ms]
  => SUCCESS: Trap mathematically neutralized!
  -> Found UB Trap. Starting Backward Slice...
    -> UNSAT (Dead Code / Impossible Path) [Query Latency: 4749.313986 ms]
  => SUCCESS: Trap mathematically neutralized!
  -> Found UB Trap. Starting Backward Slice...
    -> UNSAT (Dead Code / Impossible Path) [Query Latency: 1928.467156 ms]
  => SUCCESS: Trap mathematically neutralized!
  -> Found UB Trap. Starting Backward Slice...
    -> UNSAT (Dead Code / Impossible Path) [Query Latency: 2284.548460 ms]
  => SUCCESS: Trap mathematically neutralized!
  -> Found UB Trap. Starting Backward Slice...
    -> UNSAT (Dead Code / Impossible Path) [Query Latency: 2971.136348 ms]
  => SUCCESS: Trap mathematically neutralized!
  -> Found UB Trap. Starting Backward Slice...
    -> UNSAT (Dead Code / Impossible Path) [Query Latency: 2311.601622 ms]
  => SUCCESS: Trap mathematically neutralized!
  -> Found UB Trap. Starting Backward Slice...
    -> UNSAT (Dead Code / Impossible Path) [Query Latency: 2577.297019 ms]
  => SUCCESS: Trap mathematically neutralized!
  -> Found UB Trap. Starting Backward Slice...
    -> UNSAT (Dead Code / Impossible Path) [Query Latency: 4364.868218 ms]
  => SUCCESS: Trap mathematically neutralized!
  -> Found UB Trap. Starting Backward Slice...
    -> UNSAT (Dead Code / Impossible Path) [Query Latency: 5601.239160 ms]
  => SUCCESS: Trap mathematically neutralized!
  -> Found UB Trap. Starting Backward Slice...
    -> UNSAT (Dead Code / Impossible Path) [Query Latency: 5974.962667 ms]
  => SUCCESS: Trap mathematically neutralized!
  -> Found UB Trap. Starting Backward Slice...
    -> UNSAT (Dead Code / Impossible Path) [Query Latency: 4770.275375 ms]
  => SUCCESS: Trap mathematically neutralized!
  -> Found UB Trap. Starting Backward Slice...
    -> UNSAT (Dead Code / Impossible Path) [Query Latency: 6006.905061 ms]
  => SUCCESS: Trap mathematically neutralized!
  -> Found UB Trap. Starting Backward Slice...
    -> UNSAT (Dead Code / Impossible Path) [Query Latency: 4977.312489 ms]
  => SUCCESS: Trap mathematically neutralized!
  -> Found UB Trap. Starting Backward Slice...
    -> UNSAT (Dead Code / Impossible Path) [Query Latency: 5390.079008 ms]
  => SUCCESS: Trap mathematically neutralized!
  -> Found UB Trap. Starting Backward Slice...
    -> UNSAT (Dead Code / Impossible Path) [Query Latency: 1420.014609 ms]
  => SUCCESS: Trap mathematically neutralized!
  -> Found UB Trap. Starting Backward Slice...
    -> UNSAT (Dead Code / Impossible Path) [Query Latency: 6924.823404 ms]
  => SUCCESS: Trap mathematically neutralized!
  -> Found UB Trap. Starting Backward Slice...
    -> UNSAT (Dead Code / Impossible Path) [Query Latency: 3863.602099 ms]
  => SUCCESS: Trap mathematically neutralized!
  -> Found UB Trap. Starting Backward Slice...
  -> Found UB Trap. Starting Backward Slice...
    -> UNSAT (Dead Code / Impossible Path) [Query Latency: 7023.148347 ms]
  => SUCCESS: Trap mathematically neutralized!
  -> Found UB Trap. Starting Backward Slice...
    -> UNSAT (Dead Code / Impossible Path) [Query Latency: 4761.192240 ms]
  => SUCCESS: Trap mathematically neutralized!
  -> Found UB Trap. Starting Backward Slice...
    -> UNSAT (Dead Code / Impossible Path) [Query Latency: 7283.269731 ms]
  => SUCCESS: Trap mathematically neutralized!
  -> Found UB Trap. Starting Backward Slice...
    -> UNSAT (Dead Code / Impossible Path) [Query Latency: 7963.129195 ms]
  => SUCCESS: Trap mathematically neutralized!
  -> Found UB Trap. Starting Backward Slice...
  -> Found UB Trap. Starting Backward Slice...
  -> Found UB Trap. Starting Backward Slice...
  -> Found UB Trap. Starting Backward Slice...
  -> Found UB Trap. Starting Backward Slice...
  -> Found UB Trap. Starting Backward Slice...
  -> Found UB Trap. Starting Backward Slice...
  -> Found UB Trap. Starting Backward Slice...
  -> Found UB Trap. Starting Backward Slice...
  -> Found UB Trap. Starting Backward Slice...
    -> UNSAT (Dead Code / Impossible Path) [Query Latency: 7877.435547 ms]
  => SUCCESS: Trap mathematically neutralized!
  -> Found UB Trap. Starting Backward Slice...
  -> Found UB Trap. Starting Backward Slice...
  -> Found UB Trap. Starting Backward Slice...
  -> Found UB Trap. Starting Backward Slice...
  -> Found UB Trap. Starting Backward Slice...
    -> UNSAT (Dead Code / Impossible Path) [Query Latency: 7114.066169 ms]
  => SUCCESS: Trap mathematically neutralized!
  -> Found UB Trap. Starting Backward Slice...
  -> Found UB Trap. Starting Backward Slice...
    -> UNSAT (Dead Code / Impossible Path) [Query Latency: 9196.885914 ms]
  => SUCCESS: Trap mathematically neutralized!
  -> Found UB Trap. Starting Backward Slice...
  -> Found UB Trap. Starting Backward Slice...
  -> Found UB Trap. Starting Backward Slice...
  -> Found UB Trap. Starting Backward Slice...
