[ODeSSy] 36 trap site(s) across 13 function(s); threads=1 [tier: heavy] [frame] [mv] [narrow] [ind] [mv-nofold] [traps=odessy.chk]

[Z3 Oracle] Analyzing Function: main
  [tier: heavy]
  -> Found UB Trap. Starting Backward Slice...
    -> Collected 0 dominating context guard(s).
    -> Fact[RM:0] i64 %10 in [0,9223372036854775807) (!range)
    -> Fact[KB:1] i64 %10 known bits zero=0x9223372036854775808 one=0x0
    -> [heavy] 2 analysis fact(s) on 1 boundary value(s)
    -> [ind] trap not in a loop
    -> SAT (WARNING: Potential Integer Overflow Bug Detected!) [Query Latency: 0.083792 ms]
    -> [mv] trap not inside a loop: not versionable
  -> Found UB Trap. Starting Backward Slice...
    -> Guard[0] (false edge of ''):  %23 = icmp eq i64 %22, 0
    -> Guard[1] (false edge of 'entry'):  %11 = icmp samesign ult i64 %10, 2
    -> Collected 2 dominating context guard(s).
    -> Fact[RM:0] i64 %10 in [0,9223372036854775807) (!range)
    -> Fact[KB:1] i64 %10 known bits zero=0x9223372036854775808 one=0x0
    -> [heavy] 2 analysis fact(s) on 34 boundary value(s)
    -> [ind] trap not in a loop
    -> SAT (WARNING: Potential Integer Overflow Bug Detected!) [Query Latency: 9.886000 ms]
    -> [mv] trap not inside a loop: not versionable
  -> Found UB Trap. Starting Backward Slice...
    -> Guard[0] (false edge of ''):  %104 = icmp eq i8 %103, 1
    -> Guard[1] (false edge of ''):  %23 = icmp eq i64 %22, 0
    -> Guard[2] (false edge of 'entry'):  %11 = icmp samesign ult i64 %10, 2
    -> Collected 3 dominating context guard(s).
    -> Fact[RM:0] i64 %10 in [0,9223372036854775807) (!range)
    -> Fact[KB:1] i64 %10 known bits zero=0x9223372036854775808 one=0x0
    -> Fact[RM:2] i64 %191 in [0,9223372036854775807) (!range)
    -> Fact[KB:3] i64 %191 known bits zero=0x9223372036854775808 one=0x0
    -> [heavy] 4 analysis fact(s) on 35 boundary value(s)
    -> [ind] trap not in a loop
    -> SAT (WARNING: Potential Integer Overflow Bug Detected!) [Query Latency: 2.620042 ms]
    -> [mv] trap not inside a loop: not versionable
  -> Found UB Trap. Starting Backward Slice...
    -> Guard[0] (true edge of ''):  %.not127 = icmp eq ptr %199, null
    -> Guard[1] (false edge of ''):  %192 = icmp samesign ult i64 %191, 3
    -> Guard[2] (false edge of ''):  %104 = icmp eq i8 %103, 1
    -> Guard[3] (false edge of ''):  %23 = icmp eq i64 %22, 0
    -> Guard[4] (false edge of 'entry'):  %11 = icmp samesign ult i64 %10, 2
    -> Collected 5 dominating context guard(s).
    -> Fact[RM:0] i64 %10 in [0,9223372036854775807) (!range)
    -> Fact[KB:1] i64 %10 known bits zero=0x9223372036854775808 one=0x0
    -> Fact[RM:2] i64 %191 in [0,9223372036854775807) (!range)
    -> Fact[KB:3] i64 %191 known bits zero=0x9223372036854775808 one=0x0
    -> Fact[LVI:4] i64 %191 in [3,9223372036854775807) (LVI @ )
    -> [heavy] 5 analysis fact(s) on 38 boundary value(s)
    -> [ind] trap not in a loop
    -> SAT (WARNING: Potential Integer Overflow Bug Detected!) [Query Latency: 2.476917 ms]
    -> [mv] trap not inside a loop: not versionable
  -> Found UB Trap. Starting Backward Slice...
    -> Guard[0] (false edge of ''):  %235 = icmp samesign ult i64 %233, 64
    -> Guard[1] (false edge of ''):  %208 = icmp eq i64 %205, 0
    -> Guard[2] (false edge of ''):  %206 = icmp slt i64 %205, 0
    -> Guard[3] (true edge of ''):  %.not127 = icmp eq ptr %199, null
    -> Guard[4] (false edge of ''):  %192 = icmp samesign ult i64 %191, 3
    -> Guard[5] (false edge of ''):  %104 = icmp eq i8 %103, 1
    -> Guard[6] (false edge of ''):  %23 = icmp eq i64 %22, 0
    -> Guard[7] (false edge of 'entry'):  %11 = icmp samesign ult i64 %10, 2
    -> Collected 8 dominating context guard(s).
    -> [go3] 0 leaf-closure instruction(s) encoded
    -> Fact[RM:0] i64 %10 in [0,9223372036854775807) (!range)
    -> Fact[KB:1] i64 %10 known bits zero=0x9223372036854775808 one=0x0
    -> Fact[RM:2] i64 %191 in [0,9223372036854775807) (!range)
    -> Fact[KB:3] i64 %191 known bits zero=0x9223372036854775808 one=0x0
    -> Fact[RM:4] i64 %233 in [0,9223372036854775807) (!range)
    -> Fact[KB:5] i64 %233 known bits zero=0x9223372036854775808 one=0x0
    -> Fact[KB:6] i64 %248 known bits zero=0x9223372036854775808 one=0x0
    -> Fact[SCEV:7] i64 %248 in [0,144115188075855871) (SCEV unsigned)
    -> Fact[SCEV:8] i64 %248 in [0,144115188075855871) (SCEV signed)
    -> Fact[SCEVSYM:9] i64 %248 - start(0) <=u BTC(((-1 + (%233 /u 64))<nsw> umin (%233 /u 64))) (SCEV symbolic trip count, sub-form)
    -> Fact[PHIINV-hi:10] i64 %248 == i64 0 || ne(i64 %248, i64 %234) (latch-implied bound, 1-induction)
    -> Fact[PHIINV-hx:11] (i64 0 <=u i64 %234) -> i64 %248 <=u i64 %234 (header-exit eq bound, unit step, 1-induction)
    -> Fact[PHIINV-lo:12] i64 %248 >=s i64 0 (monotone nsw increments, 1 arm(s))
    -> Fact[RM:13] i64 %233 in [0,9223372036854775807) (!range)
    -> Fact[KB:14] i64 %233 known bits zero=0x9223372036854775808 one=0x0
    -> [heavy] 15 analysis fact(s) on 40 boundary value(s)
    -> [mv] T3: not a bounds shape (idx vs invariant count)
    -> UNSAT (Dead Code / Impossible Path) [Query Latency: 0.081792 ms]
  => SUCCESS: Trap mathematically neutralized!
  -> Found UB Trap. Starting Backward Slice...
    -> Guard[0] (false edge of ''):  %exitcond.not = icmp eq i64 %248, %234
    -> Guard[1] (false edge of ''):  %235 = icmp samesign ult i64 %233, 64
    -> Guard[2] (false edge of ''):  %208 = icmp eq i64 %205, 0
    -> Guard[3] (false edge of ''):  %206 = icmp slt i64 %205, 0
    -> Guard[4] (true edge of ''):  %.not127 = icmp eq ptr %199, null
    -> Guard[5] (false edge of ''):  %192 = icmp samesign ult i64 %191, 3
    -> Guard[6] (false edge of ''):  %104 = icmp eq i8 %103, 1
    -> Guard[7] (false edge of ''):  %23 = icmp eq i64 %22, 0
    -> Guard[8] (false edge of 'entry'):  %11 = icmp samesign ult i64 %10, 2
    -> Collected 9 dominating context guard(s).
    -> [go3] 0 leaf-closure instruction(s) encoded
    -> Fact[RM:0] i64 %10 in [0,9223372036854775807) (!range)
    -> Fact[KB:1] i64 %10 known bits zero=0x9223372036854775808 one=0x0
    -> Fact[RM:2] i64 %191 in [0,9223372036854775807) (!range)
    -> Fact[KB:3] i64 %191 known bits zero=0x9223372036854775808 one=0x0
    -> Fact[RM:4] i64 %233 in [0,9223372036854775807) (!range)
    -> Fact[KB:5] i64 %233 known bits zero=0x9223372036854775808 one=0x0
    -> Fact[KB:6] i64 %248 known bits zero=0x9223372036854775808 one=0x0
    -> Fact[SCEV:7] i64 %248 in [0,144115188075855871) (SCEV unsigned)
    -> Fact[SCEV:8] i64 %248 in [0,144115188075855871) (SCEV signed)
    -> Fact[SCEVSYM:9] i64 %248 - start(0) <=u BTC(((-1 + (%233 /u 64))<nsw> umin (%233 /u 64))) (SCEV symbolic trip count, sub-form)
    -> Fact[PHIINV-hi:10] i64 %248 == i64 0 || ne(i64 %248, i64 %234) (latch-implied bound, 1-induction)
    -> Fact[PHIINV-hx:11] (i64 0 <=u i64 %234) -> i64 %248 <=u i64 %234 (header-exit eq bound, unit step, 1-induction)
    -> Fact[PHIINV-lo:12] i64 %248 >=s i64 0 (monotone nsw increments, 1 arm(s))
    -> Fact[KB:13] i64 %253 known bits zero=0x9223372036854775808 one=0x0
    -> Fact[SCEV:14] i64 %253 in [0,16) (SCEV unsigned)
    -> Fact[SCEV:15] i64 %253 in [0,16) (SCEV signed)
    -> Fact[PHIINV-hi:16] i64 %253 == i64 0 || ne(i64 %253, i64 16) (latch-implied bound, 1-induction)
    -> Fact[PHIINV-lo:17] i64 %253 >=s i64 0 (monotone nsw increments, 1 arm(s))
    -> Fact[RM:18] i64 %233 in [0,9223372036854775807) (!range)
    -> Fact[KB:19] i64 %233 known bits zero=0x9223372036854775808 one=0x0
    -> [heavy] 20 analysis fact(s) on 41 boundary value(s)
    -> [mv] T3 symbolic index bound: max(idx) = (-4 + (64 * (%233 /u 64))<nuw><nsw>)<nsw>
    -> UNSAT (Dead Code / Impossible Path) [Query Latency: 12.828708 ms]
  => SUCCESS: Trap mathematically neutralized!
  -> Found UB Trap. Starting Backward Slice...
    -> Guard[0] (true edge of ''):  %.not130 = icmp ult i64 %256, %233
    -> Guard[1] (false edge of ''):  %exitcond.not = icmp eq i64 %248, %234
    -> Guard[2] (false edge of ''):  %235 = icmp samesign ult i64 %233, 64
    -> Guard[3] (false edge of ''):  %208 = icmp eq i64 %205, 0
    -> Guard[4] (false edge of ''):  %206 = icmp slt i64 %205, 0
    -> Guard[5] (true edge of ''):  %.not127 = icmp eq ptr %199, null
    -> Guard[6] (false edge of ''):  %192 = icmp samesign ult i64 %191, 3
    -> Guard[7] (false edge of ''):  %104 = icmp eq i8 %103, 1
    -> Guard[8] (false edge of ''):  %23 = icmp eq i64 %22, 0
    -> Guard[9] (false edge of 'entry'):  %11 = icmp samesign ult i64 %10, 2
    -> Collected 10 dominating context guard(s).
    -> [go3] 0 leaf-closure instruction(s) encoded
    -> Fact[RM:0] i64 %10 in [0,9223372036854775807) (!range)
    -> Fact[KB:1] i64 %10 known bits zero=0x9223372036854775808 one=0x0
    -> Fact[RM:2] i64 %191 in [0,9223372036854775807) (!range)
    -> Fact[KB:3] i64 %191 known bits zero=0x9223372036854775808 one=0x0
    -> Fact[RM:4] i64 %233 in [0,9223372036854775807) (!range)
    -> Fact[KB:5] i64 %233 known bits zero=0x9223372036854775808 one=0x0
    -> Fact[LVI:6] i64 %233 in [1,0) (LVI @ )
    -> Fact[KB:7] i64 %248 known bits zero=0x9223372036854775808 one=0x0
    -> Fact[SCEV:8] i64 %248 in [0,144115188075855871) (SCEV unsigned)
    -> Fact[SCEV:9] i64 %248 in [0,144115188075855871) (SCEV signed)
    -> Fact[SCEVSYM:10] i64 %248 - start(0) <=u BTC(((-1 + (%233 /u 64))<nsw> umin (%233 /u 64))) (SCEV symbolic trip count, sub-form)
    -> Fact[PHIINV-hi:11] i64 %248 == i64 0 || ne(i64 %248, i64 %234) (latch-implied bound, 1-induction)
    -> Fact[PHIINV-hx:12] (i64 0 <=u i64 %234) -> i64 %248 <=u i64 %234 (header-exit eq bound, unit step, 1-induction)
    -> Fact[PHIINV-lo:13] i64 %248 >=s i64 0 (monotone nsw increments, 1 arm(s))
    -> Fact[KB:14] i64 %253 known bits zero=0x9223372036854775808 one=0x0
    -> Fact[LVI:15] i64 %253 in [0,9223372036854775807) (LVI @ )
    -> Fact[SCEV:16] i64 %253 in [0,16) (SCEV unsigned)
    -> Fact[SCEV:17] i64 %253 in [0,16) (SCEV signed)
    -> Fact[PHIINV-hi:18] i64 %253 == i64 0 || ne(i64 %253, i64 16) (latch-implied bound, 1-induction)
    -> Fact[PHIINV-lo:19] i64 %253 >=s i64 0 (monotone nsw increments, 1 arm(s))
    -> Fact[RM:20] i64 %233 in [0,9223372036854775807) (!range)
    -> Fact[KB:21] i64 %233 known bits zero=0x9223372036854775808 one=0x0
    -> Fact[LVI:22] i64 %233 in [1,0) (LVI @ )
    -> [heavy] 23 analysis fact(s) on 41 boundary value(s)
    -> [mv] T3 symbolic index bound: max(idx) = (-3 + (64 * (%233 /u 64))<nuw><nsw>)<nsw>
    -> UNSAT (Dead Code / Impossible Path) [Query Latency: 6.004334 ms]
  => SUCCESS: Trap mathematically neutralized!
  -> Found UB Trap. Starting Backward Slice...
    -> Guard[0] (true edge of ''):  %.not131 = icmp samesign ult i64 %258, %233
    -> Guard[1] (true edge of ''):  %.not130 = icmp ult i64 %256, %233
    -> Guard[2] (false edge of ''):  %exitcond.not = icmp eq i64 %248, %234
    -> Guard[3] (false edge of ''):  %235 = icmp samesign ult i64 %233, 64
    -> Guard[4] (false edge of ''):  %208 = icmp eq i64 %205, 0
    -> Guard[5] (false edge of ''):  %206 = icmp slt i64 %205, 0
    -> Guard[6] (true edge of ''):  %.not127 = icmp eq ptr %199, null
    -> Guard[7] (false edge of ''):  %192 = icmp samesign ult i64 %191, 3
    -> Guard[8] (false edge of ''):  %104 = icmp eq i8 %103, 1
    -> Guard[9] (false edge of ''):  %23 = icmp eq i64 %22, 0
    -> Guard[10] (false edge of 'entry'):  %11 = icmp samesign ult i64 %10, 2
    -> Collected 11 dominating context guard(s).
    -> [go3] 0 leaf-closure instruction(s) encoded
    -> Fact[RM:0] i64 %10 in [0,9223372036854775807) (!range)
    -> Fact[KB:1] i64 %10 known bits zero=0x9223372036854775808 one=0x0
    -> Fact[RM:2] i64 %191 in [0,9223372036854775807) (!range)
    -> Fact[KB:3] i64 %191 known bits zero=0x9223372036854775808 one=0x0
    -> Fact[RM:4] i64 %233 in [0,9223372036854775807) (!range)
    -> Fact[KB:5] i64 %233 known bits zero=0x9223372036854775808 one=0x0
    -> Fact[LVI:6] i64 %233 in [2,0) (LVI @ )
    -> Fact[KB:7] i64 %248 known bits zero=0x9223372036854775808 one=0x0
    -> Fact[SCEV:8] i64 %248 in [0,144115188075855871) (SCEV unsigned)
    -> Fact[SCEV:9] i64 %248 in [0,144115188075855871) (SCEV signed)
    -> Fact[SCEVSYM:10] i64 %248 - start(0) <=u BTC(((-1 + (%233 /u 64))<nsw> umin (%233 /u 64))) (SCEV symbolic trip count, sub-form)
    -> Fact[PHIINV-hi:11] i64 %248 == i64 0 || ne(i64 %248, i64 %234) (latch-implied bound, 1-induction)
    -> Fact[PHIINV-hx:12] (i64 0 <=u i64 %234) -> i64 %248 <=u i64 %234 (header-exit eq bound, unit step, 1-induction)
    -> Fact[PHIINV-lo:13] i64 %248 >=s i64 0 (monotone nsw increments, 1 arm(s))
    -> Fact[KB:14] i64 %253 known bits zero=0x9223372036854775808 one=0x0
    -> Fact[LVI:15] i64 %253 in [0,9223372036854775807) (LVI @ )
    -> Fact[SCEV:16] i64 %253 in [0,16) (SCEV unsigned)
    -> Fact[SCEV:17] i64 %253 in [0,16) (SCEV signed)
    -> Fact[PHIINV-hi:18] i64 %253 == i64 0 || ne(i64 %253, i64 16) (latch-implied bound, 1-induction)
    -> Fact[PHIINV-lo:19] i64 %253 >=s i64 0 (monotone nsw increments, 1 arm(s))
    -> Fact[RM:20] i64 %233 in [0,9223372036854775807) (!range)
    -> Fact[KB:21] i64 %233 known bits zero=0x9223372036854775808 one=0x0
    -> Fact[LVI:22] i64 %233 in [2,0) (LVI @ )
    -> [heavy] 23 analysis fact(s) on 41 boundary value(s)
    -> [mv] T3 symbolic index bound: max(idx) = (-2 + (64 * (%233 /u 64))<nuw><nsw>)<nsw>
    -> UNSAT (Dead Code / Impossible Path) [Query Latency: 6.553334 ms]
  => SUCCESS: Trap mathematically neutralized!
  -> Found UB Trap. Starting Backward Slice...
    -> Guard[0] (true edge of ''):  %.not132 = icmp samesign ult i64 %260, %233
    -> Guard[1] (true edge of ''):  %.not131 = icmp samesign ult i64 %258, %233
    -> Guard[2] (true edge of ''):  %.not130 = icmp ult i64 %256, %233
    -> Guard[3] (false edge of ''):  %exitcond.not = icmp eq i64 %248, %234
    -> Guard[4] (false edge of ''):  %235 = icmp samesign ult i64 %233, 64
    -> Guard[5] (false edge of ''):  %208 = icmp eq i64 %205, 0
    -> Guard[6] (false edge of ''):  %206 = icmp slt i64 %205, 0
    -> Guard[7] (true edge of ''):  %.not127 = icmp eq ptr %199, null
    -> Guard[8] (false edge of ''):  %192 = icmp samesign ult i64 %191, 3
    -> Guard[9] (false edge of ''):  %104 = icmp eq i8 %103, 1
    -> Guard[10] (false edge of ''):  %23 = icmp eq i64 %22, 0
    -> Guard[11] (false edge of 'entry'):  %11 = icmp samesign ult i64 %10, 2
    -> Collected 12 dominating context guard(s).
    -> [go3] 0 leaf-closure instruction(s) encoded
    -> Fact[RM:0] i64 %10 in [0,9223372036854775807) (!range)
    -> Fact[KB:1] i64 %10 known bits zero=0x9223372036854775808 one=0x0
    -> Fact[RM:2] i64 %191 in [0,9223372036854775807) (!range)
    -> Fact[KB:3] i64 %191 known bits zero=0x9223372036854775808 one=0x0
    -> Fact[RM:4] i64 %233 in [0,9223372036854775807) (!range)
    -> Fact[KB:5] i64 %233 known bits zero=0x9223372036854775808 one=0x0
    -> Fact[LVI:6] i64 %233 in [3,0) (LVI @ )
    -> Fact[KB:7] i64 %248 known bits zero=0x9223372036854775808 one=0x0
    -> Fact[SCEV:8] i64 %248 in [0,144115188075855871) (SCEV unsigned)
    -> Fact[SCEV:9] i64 %248 in [0,144115188075855871) (SCEV signed)
    -> Fact[SCEVSYM:10] i64 %248 - start(0) <=u BTC(((-1 + (%233 /u 64))<nsw> umin (%233 /u 64))) (SCEV symbolic trip count, sub-form)
    -> Fact[PHIINV-hi:11] i64 %248 == i64 0 || ne(i64 %248, i64 %234) (latch-implied bound, 1-induction)
    -> Fact[PHIINV-hx:12] (i64 0 <=u i64 %234) -> i64 %248 <=u i64 %234 (header-exit eq bound, unit step, 1-induction)
    -> Fact[PHIINV-lo:13] i64 %248 >=s i64 0 (monotone nsw increments, 1 arm(s))
    -> Fact[KB:14] i64 %253 known bits zero=0x9223372036854775808 one=0x0
    -> Fact[LVI:15] i64 %253 in [0,9223372036854775807) (LVI @ )
    -> Fact[SCEV:16] i64 %253 in [0,16) (SCEV unsigned)
    -> Fact[SCEV:17] i64 %253 in [0,16) (SCEV signed)
    -> Fact[PHIINV-hi:18] i64 %253 == i64 0 || ne(i64 %253, i64 16) (latch-implied bound, 1-induction)
    -> Fact[PHIINV-lo:19] i64 %253 >=s i64 0 (monotone nsw increments, 1 arm(s))
    -> Fact[RM:20] i64 %233 in [0,9223372036854775807) (!range)
    -> Fact[KB:21] i64 %233 known bits zero=0x9223372036854775808 one=0x0
    -> Fact[LVI:22] i64 %233 in [3,0) (LVI @ )
    -> [heavy] 23 analysis fact(s) on 41 boundary value(s)
    -> [mv] T3 symbolic index bound: max(idx) = (-1 + (64 * (%233 /u 64))<nuw><nsw>)<nsw>
    -> UNSAT (Dead Code / Impossible Path) [Query Latency: 4.369292 ms]
  => SUCCESS: Trap mathematically neutralized!
  -> Found UB Trap. Starting Backward Slice...
    -> Guard[0] (true edge of ''):  %.not180 = icmp samesign ult i64 %262, %233
    -> Guard[1] (true edge of ''):  %.not132 = icmp samesign ult i64 %260, %233
    -> Guard[2] (true edge of ''):  %.not131 = icmp samesign ult i64 %258, %233
    -> Guard[3] (true edge of ''):  %.not130 = icmp ult i64 %256, %233
    -> Guard[4] (false edge of ''):  %exitcond.not = icmp eq i64 %248, %234
    -> Guard[5] (false edge of ''):  %235 = icmp samesign ult i64 %233, 64
    -> Guard[6] (false edge of ''):  %208 = icmp eq i64 %205, 0
    -> Guard[7] (false edge of ''):  %206 = icmp slt i64 %205, 0
    -> Guard[8] (true edge of ''):  %.not127 = icmp eq ptr %199, null
    -> Guard[9] (false edge of ''):  %192 = icmp samesign ult i64 %191, 3
    -> Guard[10] (false edge of ''):  %104 = icmp eq i8 %103, 1
    -> Guard[11] (false edge of ''):  %23 = icmp eq i64 %22, 0
    -> Guard[12] (false edge of 'entry'):  %11 = icmp samesign ult i64 %10, 2
    -> Collected 13 dominating context guard(s).
    -> [go3] 0 leaf-closure instruction(s) encoded
    -> Fact[RM:0] i64 %10 in [0,9223372036854775807) (!range)
    -> Fact[KB:1] i64 %10 known bits zero=0x9223372036854775808 one=0x0
    -> Fact[RM:2] i64 %191 in [0,9223372036854775807) (!range)
    -> Fact[KB:3] i64 %191 known bits zero=0x9223372036854775808 one=0x0
    -> Fact[RM:4] i64 %233 in [0,9223372036854775807) (!range)
    -> Fact[KB:5] i64 %233 known bits zero=0x9223372036854775808 one=0x0
    -> Fact[LVI:6] i64 %233 in [4,0) (LVI @ )
    -> Fact[KB:7] i64 %248 known bits zero=0x9223372036854775808 one=0x0
    -> Fact[SCEV:8] i64 %248 in [0,144115188075855871) (SCEV unsigned)
    -> Fact[SCEV:9] i64 %248 in [0,144115188075855871) (SCEV signed)
    -> Fact[SCEVSYM:10] i64 %248 - start(0) <=u BTC(((-1 + (%233 /u 64))<nsw> umin (%233 /u 64))) (SCEV symbolic trip count, sub-form)
    -> Fact[PHIINV-hi:11] i64 %248 == i64 0 || ne(i64 %248, i64 %234) (latch-implied bound, 1-induction)
    -> Fact[PHIINV-hx:12] (i64 0 <=u i64 %234) -> i64 %248 <=u i64 %234 (header-exit eq bound, unit step, 1-induction)
    -> Fact[PHIINV-lo:13] i64 %248 >=s i64 0 (monotone nsw increments, 1 arm(s))
    -> Fact[KB:14] i64 %253 known bits zero=0x9223372036854775808 one=0x0
    -> Fact[LVI:15] i64 %253 in [0,9223372036854775807) (LVI @ )
    -> Fact[SCEV:16] i64 %253 in [0,16) (SCEV unsigned)
    -> Fact[SCEV:17] i64 %253 in [0,16) (SCEV signed)
    -> Fact[PHIINV-hi:18] i64 %253 == i64 0 || ne(i64 %253, i64 16) (latch-implied bound, 1-induction)
    -> Fact[PHIINV-lo:19] i64 %253 >=s i64 0 (monotone nsw increments, 1 arm(s))
    -> Fact[RM:20] i64 %264 in [0,9223372036854775807) (!range)
    -> Fact[KB:21] i64 %264 known bits zero=0x9223372036854775808 one=0x0
    -> Fact[RM:22] i64 %233 in [0,9223372036854775807) (!range)
    -> Fact[KB:23] i64 %233 known bits zero=0x9223372036854775808 one=0x0
    -> Fact[LVI:24] i64 %233 in [4,0) (LVI @ )
    -> [heavy] 25 analysis fact(s) on 42 boundary value(s)
    -> [mv] T3: not a bounds shape (idx vs invariant count)
    -> [ind L0] BASE (1 phi(s) = entry): SAT (WARNING: Potential Integer Overflow Bug Detected!) [Query Latency: 0.923584 ms]
    -> [ind L1] BASE (1 phi(s) = entry): SAT (WARNING: Potential Integer Overflow Bug Detected!) [Query Latency: 0.903209 ms]
    -> [ind L2] BASE (1 phi(s) = entry): SAT (WARNING: Potential Integer Overflow Bug Detected!) [Query Latency: 1.028917 ms]
    -> SAT (WARNING: Potential Integer Overflow Bug Detected!) [Query Latency: 9.673583 ms]
    -> [mv] still SAT under 24 hypothesis candidate(s): not versionable
  -> Found UB Trap. Starting Backward Slice...
    -> Guard[0] (true edge of ''):  %285 = icmp eq i64 %254, 16
    -> Guard[1] (true edge of ''):  %.not133 = icmp samesign ult i64 %253, %264
    -> Guard[2] (true edge of ''):  %.not180 = icmp samesign ult i64 %262, %233
    -> Guard[3] (true edge of ''):  %.not132 = icmp samesign ult i64 %260, %233
    -> Guard[4] (true edge of ''):  %.not131 = icmp samesign ult i64 %258, %233
    -> Guard[5] (true edge of ''):  %.not130 = icmp ult i64 %256, %233
    -> Guard[6] (false edge of ''):  %exitcond.not = icmp eq i64 %248, %234
    -> Guard[7] (false edge of ''):  %235 = icmp samesign ult i64 %233, 64
    -> Guard[8] (false edge of ''):  %208 = icmp eq i64 %205, 0
    -> Guard[9] (false edge of ''):  %206 = icmp slt i64 %205, 0
    -> Guard[10] (true edge of ''):  %.not127 = icmp eq ptr %199, null
    -> Guard[11] (false edge of ''):  %192 = icmp samesign ult i64 %191, 3
    -> Guard[12] (false edge of ''):  %104 = icmp eq i8 %103, 1
    -> Guard[13] (false edge of ''):  %23 = icmp eq i64 %22, 0
    -> Guard[14] (false edge of 'entry'):  %11 = icmp samesign ult i64 %10, 2
    -> Collected 15 dominating context guard(s).
    -> [go3] 0 leaf-closure instruction(s) encoded
    -> Fact[RM:0] i64 %10 in [0,9223372036854775807) (!range)
    -> Fact[KB:1] i64 %10 known bits zero=0x9223372036854775808 one=0x0
    -> Fact[RM:2] i64 %191 in [0,9223372036854775807) (!range)
    -> Fact[KB:3] i64 %191 known bits zero=0x9223372036854775808 one=0x0
    -> Fact[RM:4] i64 %233 in [0,9223372036854775807) (!range)
    -> Fact[KB:5] i64 %233 known bits zero=0x9223372036854775808 one=0x0
    -> Fact[KB:6] i64 %248 known bits zero=0x9223372036854775808 one=0x0
    -> Fact[SCEV:7] i64 %248 in [0,144115188075855871) (SCEV unsigned)
    -> Fact[SCEV:8] i64 %248 in [0,144115188075855871) (SCEV signed)
    -> Fact[SCEVSYM:9] i64 %248 - start(0) <=u BTC(((-1 + (%233 /u 64))<nsw> umin (%233 /u 64))) (SCEV symbolic trip count, sub-form)
    -> Fact[PHIINV-hi:10] i64 %248 == i64 0 || ne(i64 %248, i64 %234) (latch-implied bound, 1-induction)
    -> Fact[PHIINV-hx:11] (i64 0 <=u i64 %234) -> i64 %248 <=u i64 %234 (header-exit eq bound, unit step, 1-induction)
    -> Fact[PHIINV-lo:12] i64 %248 >=s i64 0 (monotone nsw increments, 1 arm(s))
    -> Fact[KB:13] i64 %253 known bits zero=0x9223372036854775808 one=0x0
    -> Fact[SCEV:14] i64 %253 in [0,16) (SCEV unsigned)
    -> Fact[SCEV:15] i64 %253 in [0,16) (SCEV signed)
    -> Fact[PHIINV-hi:16] i64 %253 == i64 0 || ne(i64 %253, i64 16) (latch-implied bound, 1-induction)
    -> Fact[PHIINV-lo:17] i64 %253 >=s i64 0 (monotone nsw increments, 1 arm(s))
    -> Fact[RM:18] i64 %264 in [0,9223372036854775807) (!range)
    -> Fact[KB:19] i64 %264 known bits zero=0x9223372036854775808 one=0x0
    -> Fact[LVI:20] i64 %264 in [1,0) (LVI @ .preheader.preheader)
    -> Fact[KB:21] i64 %312 known bits zero=0x9223372036854775808 one=0x0
    -> Fact[SCEV:22] i64 %312 in [16,64) (SCEV unsigned)
    -> Fact[SCEV:23] i64 %312 in [16,64) (SCEV signed)
    -> Fact[SCEVSYM:24] i64 %312 - start(16) <=u BTC((47 umin (-16 + (16 umax %264))<nsw> umin (-14 + (14 umax %264))<nsw> umin (-1 + %264)<nsw>)) (SCEV symbolic trip count, sub-form)
    -> Fact[PHIINV-hi:25] i64 %312 == i64 16 || ne(i64 %312, i64 64) (latch-implied bound, 1-induction)
    -> Fact[PHIINV-lo:26] i64 %312 >=s i64 16 (monotone nsw increments, 1 arm(s))
    -> Fact[RM:27] i64 %233 in [0,9223372036854775807) (!range)
    -> Fact[KB:28] i64 %233 known bits zero=0x9223372036854775808 one=0x0
    -> Fact[RM:29] i64 %264 in [0,9223372036854775807) (!range)
    -> Fact[KB:30] i64 %264 known bits zero=0x9223372036854775808 one=0x0
    -> Fact[LVI:31] i64 %264 in [1,0) (LVI @ .preheader.preheader)
    -> [heavy] 32 analysis fact(s) on 43 boundary value(s)
    -> [mv] T3 symbolic index bound: max(idx) = 48
    -> UNSAT (Dead Code / Impossible Path) [Query Latency: 2.604500 ms]
  => SUCCESS: Trap mathematically neutralized!
  -> Found UB Trap. Starting Backward Slice...
    -> Guard[0] (true edge of '.preheader.preheader'):  %.not134 = icmp samesign ult i64 %314, %264
    -> Guard[1] (true edge of ''):  %285 = icmp eq i64 %254, 16
    -> Guard[2] (true edge of ''):  %.not133 = icmp samesign ult i64 %253, %264
    -> Guard[3] (true edge of ''):  %.not180 = icmp samesign ult i64 %262, %233
    -> Guard[4] (true edge of ''):  %.not132 = icmp samesign ult i64 %260, %233
    -> Guard[5] (true edge of ''):  %.not131 = icmp samesign ult i64 %258, %233
    -> Guard[6] (true edge of ''):  %.not130 = icmp ult i64 %256, %233
    -> Guard[7] (false edge of ''):  %exitcond.not = icmp eq i64 %248, %234
    -> Guard[8] (false edge of ''):  %235 = icmp samesign ult i64 %233, 64
    -> Guard[9] (false edge of ''):  %208 = icmp eq i64 %205, 0
    -> Guard[10] (false edge of ''):  %206 = icmp slt i64 %205, 0
    -> Guard[11] (true edge of ''):  %.not127 = icmp eq ptr %199, null
    -> Guard[12] (false edge of ''):  %192 = icmp samesign ult i64 %191, 3
    -> Guard[13] (false edge of ''):  %104 = icmp eq i8 %103, 1
    -> Guard[14] (false edge of ''):  %23 = icmp eq i64 %22, 0
    -> Guard[15] (false edge of 'entry'):  %11 = icmp samesign ult i64 %10, 2
    -> Collected 16 dominating context guard(s).
    -> [go3] 0 leaf-closure instruction(s) encoded
    -> Fact[RM:0] i64 %10 in [0,9223372036854775807) (!range)
    -> Fact[KB:1] i64 %10 known bits zero=0x9223372036854775808 one=0x0
    -> Fact[RM:2] i64 %191 in [0,9223372036854775807) (!range)
    -> Fact[KB:3] i64 %191 known bits zero=0x9223372036854775808 one=0x0
    -> Fact[RM:4] i64 %233 in [0,9223372036854775807) (!range)
    -> Fact[KB:5] i64 %233 known bits zero=0x9223372036854775808 one=0x0
    -> Fact[KB:6] i64 %248 known bits zero=0x9223372036854775808 one=0x0
    -> Fact[SCEV:7] i64 %248 in [0,144115188075855871) (SCEV unsigned)
    -> Fact[SCEV:8] i64 %248 in [0,144115188075855871) (SCEV signed)
    -> Fact[SCEVSYM:9] i64 %248 - start(0) <=u BTC(((-1 + (%233 /u 64))<nsw> umin (%233 /u 64))) (SCEV symbolic trip count, sub-form)
    -> Fact[PHIINV-hi:10] i64 %248 == i64 0 || ne(i64 %248, i64 %234) (latch-implied bound, 1-induction)
    -> Fact[PHIINV-hx:11] (i64 0 <=u i64 %234) -> i64 %248 <=u i64 %234 (header-exit eq bound, unit step, 1-induction)
    -> Fact[PHIINV-lo:12] i64 %248 >=s i64 0 (monotone nsw increments, 1 arm(s))
    -> Fact[KB:13] i64 %253 known bits zero=0x9223372036854775808 one=0x0
    -> Fact[SCEV:14] i64 %253 in [0,16) (SCEV unsigned)
    -> Fact[SCEV:15] i64 %253 in [0,16) (SCEV signed)
    -> Fact[PHIINV-hi:16] i64 %253 == i64 0 || ne(i64 %253, i64 16) (latch-implied bound, 1-induction)
    -> Fact[PHIINV-lo:17] i64 %253 >=s i64 0 (monotone nsw increments, 1 arm(s))
    -> Fact[RM:18] i64 %264 in [0,9223372036854775807) (!range)
    -> Fact[KB:19] i64 %264 known bits zero=0x9223372036854775808 one=0x0
    -> Fact[LVI:20] i64 %264 in [1,0) (LVI @ )
    -> Fact[KB:21] i64 %312 known bits zero=0x9223372036854775808 one=0x0
    -> Fact[SCEV:22] i64 %312 in [16,64) (SCEV unsigned)
    -> Fact[SCEV:23] i64 %312 in [16,64) (SCEV signed)
    -> Fact[SCEVSYM:24] i64 %312 - start(16) <=u BTC((47 umin (-16 + (16 umax %264))<nsw> umin (-14 + (14 umax %264))<nsw> umin (-1 + %264)<nsw>)) (SCEV symbolic trip count, sub-form)
    -> Fact[PHIINV-hi:25] i64 %312 == i64 16 || ne(i64 %312, i64 64) (latch-implied bound, 1-induction)
    -> Fact[PHIINV-lo:26] i64 %312 >=s i64 16 (monotone nsw increments, 1 arm(s))
    -> Fact[RM:27] i64 %233 in [0,9223372036854775807) (!range)
    -> Fact[KB:28] i64 %233 known bits zero=0x9223372036854775808 one=0x0
    -> Fact[RM:29] i64 %264 in [0,9223372036854775807) (!range)
    -> Fact[KB:30] i64 %264 known bits zero=0x9223372036854775808 one=0x0
    -> Fact[LVI:31] i64 %264 in [1,0) (LVI @ )
    -> [heavy] 32 analysis fact(s) on 43 boundary value(s)
    -> [mv] T3 symbolic index bound: max(idx) = 61
    -> UNSAT (Dead Code / Impossible Path) [Query Latency: 6.280625 ms]
  => SUCCESS: Trap mathematically neutralized!
  -> Found UB Trap. Starting Backward Slice...
    -> Guard[0] (true edge of ''):  %.not135 = icmp ult i64 %323, %264
    -> Guard[1] (true edge of '.preheader.preheader'):  %.not134 = icmp samesign ult i64 %314, %264
    -> Guard[2] (true edge of ''):  %285 = icmp eq i64 %254, 16
    -> Guard[3] (true edge of ''):  %.not133 = icmp samesign ult i64 %253, %264
    -> Guard[4] (true edge of ''):  %.not180 = icmp samesign ult i64 %262, %233
    -> Guard[5] (true edge of ''):  %.not132 = icmp samesign ult i64 %260, %233
    -> Guard[6] (true edge of ''):  %.not131 = icmp samesign ult i64 %258, %233
    -> Guard[7] (true edge of ''):  %.not130 = icmp ult i64 %256, %233
    -> Guard[8] (false edge of ''):  %exitcond.not = icmp eq i64 %248, %234
    -> Guard[9] (false edge of ''):  %235 = icmp samesign ult i64 %233, 64
    -> Guard[10] (false edge of ''):  %208 = icmp eq i64 %205, 0
    -> Guard[11] (false edge of ''):  %206 = icmp slt i64 %205, 0
    -> Guard[12] (true edge of ''):  %.not127 = icmp eq ptr %199, null
    -> Guard[13] (false edge of ''):  %192 = icmp samesign ult i64 %191, 3
    -> Guard[14] (false edge of ''):  %104 = icmp eq i8 %103, 1
    -> Guard[15] (false edge of ''):  %23 = icmp eq i64 %22, 0
    -> Guard[16] (false edge of 'entry'):  %11 = icmp samesign ult i64 %10, 2
    -> Collected 17 dominating context guard(s).
    -> [go3] 0 leaf-closure instruction(s) encoded
    -> Fact[RM:0] i64 %10 in [0,9223372036854775807) (!range)
    -> Fact[KB:1] i64 %10 known bits zero=0x9223372036854775808 one=0x0
    -> Fact[RM:2] i64 %191 in [0,9223372036854775807) (!range)
    -> Fact[KB:3] i64 %191 known bits zero=0x9223372036854775808 one=0x0
    -> Fact[RM:4] i64 %233 in [0,9223372036854775807) (!range)
    -> Fact[KB:5] i64 %233 known bits zero=0x9223372036854775808 one=0x0
    -> Fact[KB:6] i64 %248 known bits zero=0x9223372036854775808 one=0x0
    -> Fact[SCEV:7] i64 %248 in [0,144115188075855871) (SCEV unsigned)
    -> Fact[SCEV:8] i64 %248 in [0,144115188075855871) (SCEV signed)
    -> Fact[SCEVSYM:9] i64 %248 - start(0) <=u BTC(((-1 + (%233 /u 64))<nsw> umin (%233 /u 64))) (SCEV symbolic trip count, sub-form)
    -> Fact[PHIINV-hi:10] i64 %248 == i64 0 || ne(i64 %248, i64 %234) (latch-implied bound, 1-induction)
    -> Fact[PHIINV-hx:11] (i64 0 <=u i64 %234) -> i64 %248 <=u i64 %234 (header-exit eq bound, unit step, 1-induction)
    -> Fact[PHIINV-lo:12] i64 %248 >=s i64 0 (monotone nsw increments, 1 arm(s))
    -> Fact[KB:13] i64 %253 known bits zero=0x9223372036854775808 one=0x0
    -> Fact[SCEV:14] i64 %253 in [0,16) (SCEV unsigned)
    -> Fact[SCEV:15] i64 %253 in [0,16) (SCEV signed)
    -> Fact[PHIINV-hi:16] i64 %253 == i64 0 || ne(i64 %253, i64 16) (latch-implied bound, 1-induction)
    -> Fact[PHIINV-lo:17] i64 %253 >=s i64 0 (monotone nsw increments, 1 arm(s))
    -> Fact[RM:18] i64 %264 in [0,9223372036854775807) (!range)
    -> Fact[KB:19] i64 %264 known bits zero=0x9223372036854775808 one=0x0
    -> Fact[LVI:20] i64 %264 in [1,0) (LVI @ )
    -> Fact[KB:21] i64 %312 known bits zero=0x9223372036854775808 one=0x0
    -> Fact[SCEV:22] i64 %312 in [16,64) (SCEV unsigned)
    -> Fact[SCEV:23] i64 %312 in [16,64) (SCEV signed)
    -> Fact[SCEVSYM:24] i64 %312 - start(16) <=u BTC((47 umin (-16 + (16 umax %264))<nsw> umin (-14 + (14 umax %264))<nsw> umin (-1 + %264)<nsw>)) (SCEV symbolic trip count, sub-form)
    -> Fact[PHIINV-hi:25] i64 %312 == i64 16 || ne(i64 %312, i64 64) (latch-implied bound, 1-induction)
    -> Fact[PHIINV-lo:26] i64 %312 >=s i64 16 (monotone nsw increments, 1 arm(s))
    -> Fact[RM:27] i64 %233 in [0,9223372036854775807) (!range)
    -> Fact[KB:28] i64 %233 known bits zero=0x9223372036854775808 one=0x0
    -> Fact[RM:29] i64 %264 in [0,9223372036854775807) (!range)
    -> Fact[KB:30] i64 %264 known bits zero=0x9223372036854775808 one=0x0
    -> Fact[LVI:31] i64 %264 in [1,0) (LVI @ )
    -> [heavy] 32 analysis fact(s) on 43 boundary value(s)
    -> [mv] T3 symbolic index bound: max(idx) = 63
    -> [ind L0] BASE (1 phi(s) = entry): SAT (WARNING: Potential Integer Overflow Bug Detected!) [Query Latency: 0.979792 ms]
    -> [ind L1] BASE (1 phi(s) = entry): SAT (WARNING: Potential Integer Overflow Bug Detected!) [Query Latency: 0.939625 ms]
    -> [ind L2] BASE (1 phi(s) = entry): SAT (WARNING: Potential Integer Overflow Bug Detected!) [Query Latency: 0.989417 ms]
    -> SAT (WARNING: Potential Integer Overflow Bug Detected!) [Query Latency: 12.651917 ms]
    -> [mv] DEAD UNDER HYPOTHESIS H = {%264 >u (63)} (1 of 31 candidates in core, round 1; re-solve 1.459916e+00 ms; trap loop depth 3, hoist to depth 3)
    -> [mv-nofold] fast-trap id 0 (check kept in the H-guarded fast copy) chk 12
  => SUCCESS (fast copy): trap folded in 1 copy inside the H-guarded clone of loop '.preheader.preheader'
  -> Found UB Trap. Starting Backward Slice...
    -> Guard[0] (true edge of ''):  %339 = icmp eq i64 %313, 64
    -> Guard[1] (true edge of ''):  %.not138 = icmp samesign ult i64 %312, %264
    -> Guard[2] (true edge of ''):  %.not135 = icmp ult i64 %323, %264
    -> Guard[3] (true edge of '.preheader.preheader'):  %.not134 = icmp samesign ult i64 %314, %264
    -> Guard[4] (true edge of ''):  %285 = icmp eq i64 %254, 16
    -> Guard[5] (true edge of ''):  %.not133 = icmp samesign ult i64 %253, %264
    -> Guard[6] (true edge of ''):  %.not180 = icmp samesign ult i64 %262, %233
    -> Guard[7] (true edge of ''):  %.not132 = icmp samesign ult i64 %260, %233
    -> Guard[8] (true edge of ''):  %.not131 = icmp samesign ult i64 %258, %233
    -> Guard[9] (true edge of ''):  %.not130 = icmp ult i64 %256, %233
    -> Guard[10] (false edge of ''):  %exitcond.not = icmp eq i64 %248, %234
    -> Guard[11] (false edge of ''):  %235 = icmp samesign ult i64 %233, 64
    -> Guard[12] (false edge of ''):  %208 = icmp eq i64 %205, 0
    -> Guard[13] (false edge of ''):  %206 = icmp slt i64 %205, 0
    -> Guard[14] (true edge of ''):  %.not127 = icmp eq ptr %199, null
    -> Guard[15] (false edge of ''):  %192 = icmp samesign ult i64 %191, 3
    -> Guard[16] (false edge of ''):  %104 = icmp eq i8 %103, 1
    -> Guard[17] (false edge of ''):  %23 = icmp eq i64 %22, 0
    -> Guard[18] (false edge of 'entry'):  %11 = icmp samesign ult i64 %10, 2
    -> Collected 19 dominating context guard(s).
    -> [go3] 0 leaf-closure instruction(s) encoded
    -> Fact[RM:0] i64 %10 in [0,9223372036854775807) (!range)
    -> Fact[KB:1] i64 %10 known bits zero=0x9223372036854775808 one=0x0
    -> Fact[RM:2] i64 %191 in [0,9223372036854775807) (!range)
    -> Fact[KB:3] i64 %191 known bits zero=0x9223372036854775808 one=0x0
    -> Fact[RM:4] i64 %233 in [0,9223372036854775807) (!range)
    -> Fact[KB:5] i64 %233 known bits zero=0x9223372036854775808 one=0x0
    -> Fact[KB:6] i64 %248 known bits zero=0x9223372036854775808 one=0x0
    -> Fact[SCEV:7] i64 %248 in [0,144115188075855871) (SCEV unsigned)
    -> Fact[SCEV:8] i64 %248 in [0,144115188075855871) (SCEV signed)
    -> Fact[SCEVSYM:9] i64 %248 - start(0) <=u BTC(((-1 + (%233 /u 64))<nsw> umin (%233 /u 64))) (SCEV symbolic trip count, sub-form)
    -> Fact[PHIINV-hi:10] i64 %248 == i64 0 || ne(i64 %248, i64 %234) (latch-implied bound, 1-induction)
    -> Fact[PHIINV-hx:11] (i64 0 <=u i64 %234) -> i64 %248 <=u i64 %234 (header-exit eq bound, unit step, 1-induction)
    -> Fact[PHIINV-lo:12] i64 %248 >=s i64 0 (monotone nsw increments, 1 arm(s))
    -> Fact[KB:13] i64 %253 known bits zero=0x9223372036854775808 one=0x0
    -> Fact[SCEV:14] i64 %253 in [0,16) (SCEV unsigned)
    -> Fact[SCEV:15] i64 %253 in [0,16) (SCEV signed)
    -> Fact[PHIINV-hi:16] i64 %253 == i64 0 || ne(i64 %253, i64 16) (latch-implied bound, 1-induction)
    -> Fact[PHIINV-lo:17] i64 %253 >=s i64 0 (monotone nsw increments, 1 arm(s))
    -> Fact[RM:18] i64 %264 in [0,9223372036854775807) (!range)
    -> Fact[KB:19] i64 %264 known bits zero=0x9223372036854775808 one=0x0
    -> Fact[LVI:20] i64 %264 in [1,0) (LVI @ )
    -> Fact[KB:21] i64 %312 known bits zero=0x9223372036854775808 one=0x0
    -> Fact[LVI:22] i64 %312 in [63,64) (LVI @ )
    -> Fact[SCEV:23] i64 %312 in [16,64) (SCEV unsigned)
    -> Fact[SCEV:24] i64 %312 in [16,64) (SCEV signed)
    -> Fact[SCEVSYM:25] i64 %312 - start(16) <=u BTC((47 umin (-16 + (16 umax %264))<nsw> umin (-14 + (14 umax %264))<nsw> umin (-1 + %264)<nsw>)) (SCEV symbolic trip count, sub-form)
    -> Fact[PHIINV-hi:26] i64 %312 == i64 16 || ne(i64 %312, i64 64) (latch-implied bound, 1-induction)
    -> Fact[PHIINV-lo:27] i64 %312 >=s i64 16 (monotone nsw increments, 1 arm(s))
    -> Fact[RM:28] i64 %287 in [0,9223372036854775807) (!range)
    -> Fact[KB:29] i64 %287 known bits zero=0x9223372036854775808 one=0x0
    -> Fact[RM:30] i64 %233 in [0,9223372036854775807) (!range)
    -> Fact[KB:31] i64 %233 known bits zero=0x9223372036854775808 one=0x0
    -> Fact[RM:32] i64 %264 in [0,9223372036854775807) (!range)
    -> Fact[KB:33] i64 %264 known bits zero=0x9223372036854775808 one=0x0
    -> Fact[LVI:34] i64 %264 in [1,0) (LVI @ )
    -> [heavy] 35 analysis fact(s) on 44 boundary value(s)
    -> [mv] T3: not a bounds shape (idx vs invariant count)
    -> [ind L0] BASE (1 phi(s) = entry): SAT (WARNING: Potential Integer Overflow Bug Detected!) [Query Latency: 0.947625 ms]
    -> [ind L1] BASE (1 phi(s) = entry): SAT (WARNING: Potential Integer Overflow Bug Detected!) [Query Latency: 1.059375 ms]
    -> SAT (WARNING: Potential Integer Overflow Bug Detected!) [Query Latency: 11.588834 ms]
    -> [mv] still SAT under 21 hypothesis candidate(s): not versionable
  -> Found UB Trap. Starting Backward Slice...
    -> Guard[0] (false edge of ''):  %288 = icmp eq i64 %287, 0
    -> Guard[1] (true edge of ''):  %339 = icmp eq i64 %313, 64
    -> Guard[2] (true edge of ''):  %.not138 = icmp samesign ult i64 %312, %264
    -> Guard[3] (true edge of ''):  %.not135 = icmp ult i64 %323, %264
    -> Guard[4] (true edge of '.preheader.preheader'):  %.not134 = icmp samesign ult i64 %314, %264
    -> Guard[5] (true edge of ''):  %285 = icmp eq i64 %254, 16
    -> Guard[6] (true edge of ''):  %.not133 = icmp samesign ult i64 %253, %264
    -> Guard[7] (true edge of ''):  %.not180 = icmp samesign ult i64 %262, %233
    -> Guard[8] (true edge of ''):  %.not132 = icmp samesign ult i64 %260, %233
    -> Guard[9] (true edge of ''):  %.not131 = icmp samesign ult i64 %258, %233
    -> Guard[10] (true edge of ''):  %.not130 = icmp ult i64 %256, %233
    -> Guard[11] (false edge of ''):  %exitcond.not = icmp eq i64 %248, %234
    -> Guard[12] (false edge of ''):  %235 = icmp samesign ult i64 %233, 64
    -> Guard[13] (false edge of ''):  %208 = icmp eq i64 %205, 0
    -> Guard[14] (false edge of ''):  %206 = icmp slt i64 %205, 0
    -> Guard[15] (true edge of ''):  %.not127 = icmp eq ptr %199, null
    -> Guard[16] (false edge of ''):  %192 = icmp samesign ult i64 %191, 3
    -> Guard[17] (false edge of ''):  %104 = icmp eq i8 %103, 1
    -> Guard[18] (false edge of ''):  %23 = icmp eq i64 %22, 0
    -> Guard[19] (false edge of 'entry'):  %11 = icmp samesign ult i64 %10, 2
    -> Collected 20 dominating context guard(s).
    -> [go3] 0 leaf-closure instruction(s) encoded
    -> Fact[RM:0] i64 %10 in [0,9223372036854775807) (!range)
    -> Fact[KB:1] i64 %10 known bits zero=0x9223372036854775808 one=0x0
    -> Fact[RM:2] i64 %191 in [0,9223372036854775807) (!range)
    -> Fact[KB:3] i64 %191 known bits zero=0x9223372036854775808 one=0x0
    -> Fact[RM:4] i64 %233 in [0,9223372036854775807) (!range)
    -> Fact[KB:5] i64 %233 known bits zero=0x9223372036854775808 one=0x0
    -> Fact[KB:6] i64 %248 known bits zero=0x9223372036854775808 one=0x0
    -> Fact[SCEV:7] i64 %248 in [0,144115188075855871) (SCEV unsigned)
    -> Fact[SCEV:8] i64 %248 in [0,144115188075855871) (SCEV signed)
    -> Fact[SCEVSYM:9] i64 %248 - start(0) <=u BTC(((-1 + (%233 /u 64))<nsw> umin (%233 /u 64))) (SCEV symbolic trip count, sub-form)
    -> Fact[PHIINV-hi:10] i64 %248 == i64 0 || ne(i64 %248, i64 %234) (latch-implied bound, 1-induction)
    -> Fact[PHIINV-hx:11] (i64 0 <=u i64 %234) -> i64 %248 <=u i64 %234 (header-exit eq bound, unit step, 1-induction)
    -> Fact[PHIINV-lo:12] i64 %248 >=s i64 0 (monotone nsw increments, 1 arm(s))
    -> Fact[KB:13] i64 %253 known bits zero=0x9223372036854775808 one=0x0
    -> Fact[SCEV:14] i64 %253 in [0,16) (SCEV unsigned)
    -> Fact[SCEV:15] i64 %253 in [0,16) (SCEV signed)
    -> Fact[PHIINV-hi:16] i64 %253 == i64 0 || ne(i64 %253, i64 16) (latch-implied bound, 1-induction)
    -> Fact[PHIINV-lo:17] i64 %253 >=s i64 0 (monotone nsw increments, 1 arm(s))
    -> Fact[RM:18] i64 %264 in [0,9223372036854775807) (!range)
    -> Fact[KB:19] i64 %264 known bits zero=0x9223372036854775808 one=0x0
    -> Fact[LVI:20] i64 %264 in [1,0) (LVI @ )
    -> Fact[KB:21] i64 %312 known bits zero=0x9223372036854775808 one=0x0
    -> Fact[LVI:22] i64 %312 in [63,64) (LVI @ )
    -> Fact[SCEV:23] i64 %312 in [16,64) (SCEV unsigned)
    -> Fact[SCEV:24] i64 %312 in [16,64) (SCEV signed)
    -> Fact[SCEVSYM:25] i64 %312 - start(16) <=u BTC((47 umin (-16 + (16 umax %264))<nsw> umin (-14 + (14 umax %264))<nsw> umin (-1 + %264)<nsw>)) (SCEV symbolic trip count, sub-form)
    -> Fact[PHIINV-hi:26] i64 %312 == i64 16 || ne(i64 %312, i64 64) (latch-implied bound, 1-induction)
    -> Fact[PHIINV-lo:27] i64 %312 >=s i64 16 (monotone nsw increments, 1 arm(s))
    -> Fact[RM:28] i64 %287 in [0,9223372036854775807) (!range)
    -> Fact[KB:29] i64 %287 known bits zero=0x9223372036854775808 one=0x0
    -> Fact[LVI:30] i64 %287 in [1,9223372036854775807) (LVI @ )
    -> Fact[RM:31] i64 %233 in [0,9223372036854775807) (!range)
    -> Fact[KB:32] i64 %233 known bits zero=0x9223372036854775808 one=0x0
    -> Fact[RM:33] i64 %264 in [0,9223372036854775807) (!range)
    -> Fact[KB:34] i64 %264 known bits zero=0x9223372036854775808 one=0x0
    -> Fact[LVI:35] i64 %264 in [1,0) (LVI @ )
    -> [heavy] 36 analysis fact(s) on 44 boundary value(s)
    -> [mv] T3: not a bounds shape (idx vs invariant count)
    -> [ind L0] BASE (1 phi(s) = entry): SAT (WARNING: Potential Integer Overflow Bug Detected!) [Query Latency: 0.924417 ms]
    -> [ind L1] BASE (1 phi(s) = entry): SAT (WARNING: Potential Integer Overflow Bug Detected!) [Query Latency: 0.874667 ms]
    -> SAT (WARNING: Potential Integer Overflow Bug Detected!) [Query Latency: 5.532750 ms]
    -> [mv] still SAT under 21 hypothesis candidate(s): not versionable
  -> Found UB Trap. Starting Backward Slice...
    -> Guard[0] (false edge of ''):  %291 = icmp eq i64 %287, 1
    -> Guard[1] (false edge of ''):  %288 = icmp eq i64 %287, 0
    -> Guard[2] (true edge of ''):  %339 = icmp eq i64 %313, 64
    -> Guard[3] (true edge of ''):  %.not138 = icmp samesign ult i64 %312, %264
    -> Guard[4] (true edge of ''):  %.not135 = icmp ult i64 %323, %264
    -> Guard[5] (true edge of '.preheader.preheader'):  %.not134 = icmp samesign ult i64 %314, %264
    -> Guard[6] (true edge of ''):  %285 = icmp eq i64 %254, 16
    -> Guard[7] (true edge of ''):  %.not133 = icmp samesign ult i64 %253, %264
    -> Guard[8] (true edge of ''):  %.not180 = icmp samesign ult i64 %262, %233
    -> Guard[9] (true edge of ''):  %.not132 = icmp samesign ult i64 %260, %233
    -> Guard[10] (true edge of ''):  %.not131 = icmp samesign ult i64 %258, %233
    -> Guard[11] (true edge of ''):  %.not130 = icmp ult i64 %256, %233
    -> Guard[12] (false edge of ''):  %exitcond.not = icmp eq i64 %248, %234
    -> Guard[13] (false edge of ''):  %235 = icmp samesign ult i64 %233, 64
    -> Guard[14] (false edge of ''):  %208 = icmp eq i64 %205, 0
    -> Guard[15] (false edge of ''):  %206 = icmp slt i64 %205, 0
    -> Guard[16] (true edge of ''):  %.not127 = icmp eq ptr %199, null
    -> Guard[17] (false edge of ''):  %192 = icmp samesign ult i64 %191, 3
    -> Guard[18] (false edge of ''):  %104 = icmp eq i8 %103, 1
    -> Guard[19] (false edge of ''):  %23 = icmp eq i64 %22, 0
    -> Guard[20] (false edge of 'entry'):  %11 = icmp samesign ult i64 %10, 2
    -> Collected 21 dominating context guard(s).
    -> [go3] 0 leaf-closure instruction(s) encoded
    -> Fact[RM:0] i64 %10 in [0,9223372036854775807) (!range)
    -> Fact[KB:1] i64 %10 known bits zero=0x9223372036854775808 one=0x0
    -> Fact[RM:2] i64 %191 in [0,9223372036854775807) (!range)
    -> Fact[KB:3] i64 %191 known bits zero=0x9223372036854775808 one=0x0
    -> Fact[RM:4] i64 %233 in [0,9223372036854775807) (!range)
    -> Fact[KB:5] i64 %233 known bits zero=0x9223372036854775808 one=0x0
    -> Fact[KB:6] i64 %248 known bits zero=0x9223372036854775808 one=0x0
    -> Fact[SCEV:7] i64 %248 in [0,144115188075855871) (SCEV unsigned)
    -> Fact[SCEV:8] i64 %248 in [0,144115188075855871) (SCEV signed)
    -> Fact[SCEVSYM:9] i64 %248 - start(0) <=u BTC(((-1 + (%233 /u 64))<nsw> umin (%233 /u 64))) (SCEV symbolic trip count, sub-form)
    -> Fact[PHIINV-hi:10] i64 %248 == i64 0 || ne(i64 %248, i64 %234) (latch-implied bound, 1-induction)
    -> Fact[PHIINV-hx:11] (i64 0 <=u i64 %234) -> i64 %248 <=u i64 %234 (header-exit eq bound, unit step, 1-induction)
    -> Fact[PHIINV-lo:12] i64 %248 >=s i64 0 (monotone nsw increments, 1 arm(s))
    -> Fact[KB:13] i64 %253 known bits zero=0x9223372036854775808 one=0x0
    -> Fact[SCEV:14] i64 %253 in [0,16) (SCEV unsigned)
    -> Fact[SCEV:15] i64 %253 in [0,16) (SCEV signed)
    -> Fact[PHIINV-hi:16] i64 %253 == i64 0 || ne(i64 %253, i64 16) (latch-implied bound, 1-induction)
    -> Fact[PHIINV-lo:17] i64 %253 >=s i64 0 (monotone nsw increments, 1 arm(s))
    -> Fact[RM:18] i64 %264 in [0,9223372036854775807) (!range)
    -> Fact[KB:19] i64 %264 known bits zero=0x9223372036854775808 one=0x0
    -> Fact[LVI:20] i64 %264 in [1,0) (LVI @ )
    -> Fact[KB:21] i64 %312 known bits zero=0x9223372036854775808 one=0x0
    -> Fact[LVI:22] i64 %312 in [63,64) (LVI @ )
    -> Fact[SCEV:23] i64 %312 in [16,64) (SCEV unsigned)
    -> Fact[SCEV:24] i64 %312 in [16,64) (SCEV signed)
    -> Fact[SCEVSYM:25] i64 %312 - start(16) <=u BTC((47 umin (-16 + (16 umax %264))<nsw> umin (-14 + (14 umax %264))<nsw> umin (-1 + %264)<nsw>)) (SCEV symbolic trip count, sub-form)
    -> Fact[PHIINV-hi:26] i64 %312 == i64 16 || ne(i64 %312, i64 64) (latch-implied bound, 1-induction)
    -> Fact[PHIINV-lo:27] i64 %312 >=s i64 16 (monotone nsw increments, 1 arm(s))
    -> Fact[RM:28] i64 %287 in [0,9223372036854775807) (!range)
    -> Fact[KB:29] i64 %287 known bits zero=0x9223372036854775808 one=0x0
    -> Fact[LVI:30] i64 %287 in [2,9223372036854775807) (LVI @ )
    -> Fact[RM:31] i64 %233 in [0,9223372036854775807) (!range)
    -> Fact[KB:32] i64 %233 known bits zero=0x9223372036854775808 one=0x0
    -> Fact[RM:33] i64 %264 in [0,9223372036854775807) (!range)
    -> Fact[KB:34] i64 %264 known bits zero=0x9223372036854775808 one=0x0
    -> Fact[LVI:35] i64 %264 in [1,0) (LVI @ )
    -> [heavy] 36 analysis fact(s) on 44 boundary value(s)
    -> [mv] T3: not a bounds shape (idx vs invariant count)
    -> [ind L0] BASE (1 phi(s) = entry): SAT (WARNING: Potential Integer Overflow Bug Detected!) [Query Latency: 0.919333 ms]
    -> [ind L1] BASE (1 phi(s) = entry): SAT (WARNING: Potential Integer Overflow Bug Detected!) [Query Latency: 0.917667 ms]
    -> SAT (WARNING: Potential Integer Overflow Bug Detected!) [Query Latency: 5.348084 ms]
    -> [mv] still SAT under 21 hypothesis candidate(s): not versionable
  -> Found UB Trap. Starting Backward Slice...
    -> Guard[0] (false edge of ''):  %294 = icmp samesign ult i64 %287, 3
    -> Guard[1] (false edge of ''):  %291 = icmp eq i64 %287, 1
    -> Guard[2] (false edge of ''):  %288 = icmp eq i64 %287, 0
    -> Guard[3] (true edge of ''):  %339 = icmp eq i64 %313, 64
    -> Guard[4] (true edge of ''):  %.not138 = icmp samesign ult i64 %312, %264
    -> Guard[5] (true edge of ''):  %.not135 = icmp ult i64 %323, %264
    -> Guard[6] (true edge of '.preheader.preheader'):  %.not134 = icmp samesign ult i64 %314, %264
    -> Guard[7] (true edge of ''):  %285 = icmp eq i64 %254, 16
    -> Guard[8] (true edge of ''):  %.not133 = icmp samesign ult i64 %253, %264
    -> Guard[9] (true edge of ''):  %.not180 = icmp samesign ult i64 %262, %233
    -> Guard[10] (true edge of ''):  %.not132 = icmp samesign ult i64 %260, %233
    -> Guard[11] (true edge of ''):  %.not131 = icmp samesign ult i64 %258, %233
    -> Guard[12] (true edge of ''):  %.not130 = icmp ult i64 %256, %233
    -> Guard[13] (false edge of ''):  %exitcond.not = icmp eq i64 %248, %234
    -> Guard[14] (false edge of ''):  %235 = icmp samesign ult i64 %233, 64
    -> Guard[15] (false edge of ''):  %208 = icmp eq i64 %205, 0
    -> Guard[16] (false edge of ''):  %206 = icmp slt i64 %205, 0
    -> Guard[17] (true edge of ''):  %.not127 = icmp eq ptr %199, null
    -> Guard[18] (false edge of ''):  %192 = icmp samesign ult i64 %191, 3
    -> Guard[19] (false edge of ''):  %104 = icmp eq i8 %103, 1
    -> Guard[20] (false edge of ''):  %23 = icmp eq i64 %22, 0
    -> Guard[21] (false edge of 'entry'):  %11 = icmp samesign ult i64 %10, 2
    -> Collected 22 dominating context guard(s).
    -> [go3] 0 leaf-closure instruction(s) encoded
    -> Fact[RM:0] i64 %10 in [0,9223372036854775807) (!range)
    -> Fact[KB:1] i64 %10 known bits zero=0x9223372036854775808 one=0x0
    -> Fact[RM:2] i64 %191 in [0,9223372036854775807) (!range)
    -> Fact[KB:3] i64 %191 known bits zero=0x9223372036854775808 one=0x0
    -> Fact[RM:4] i64 %233 in [0,9223372036854775807) (!range)
    -> Fact[KB:5] i64 %233 known bits zero=0x9223372036854775808 one=0x0
    -> Fact[KB:6] i64 %248 known bits zero=0x9223372036854775808 one=0x0
    -> Fact[SCEV:7] i64 %248 in [0,144115188075855871) (SCEV unsigned)
    -> Fact[SCEV:8] i64 %248 in [0,144115188075855871) (SCEV signed)
    -> Fact[SCEVSYM:9] i64 %248 - start(0) <=u BTC(((-1 + (%233 /u 64))<nsw> umin (%233 /u 64))) (SCEV symbolic trip count, sub-form)
    -> Fact[PHIINV-hi:10] i64 %248 == i64 0 || ne(i64 %248, i64 %234) (latch-implied bound, 1-induction)
    -> Fact[PHIINV-hx:11] (i64 0 <=u i64 %234) -> i64 %248 <=u i64 %234 (header-exit eq bound, unit step, 1-induction)
    -> Fact[PHIINV-lo:12] i64 %248 >=s i64 0 (monotone nsw increments, 1 arm(s))
    -> Fact[KB:13] i64 %253 known bits zero=0x9223372036854775808 one=0x0
    -> Fact[SCEV:14] i64 %253 in [0,16) (SCEV unsigned)
    -> Fact[SCEV:15] i64 %253 in [0,16) (SCEV signed)
    -> Fact[PHIINV-hi:16] i64 %253 == i64 0 || ne(i64 %253, i64 16) (latch-implied bound, 1-induction)
    -> Fact[PHIINV-lo:17] i64 %253 >=s i64 0 (monotone nsw increments, 1 arm(s))
    -> Fact[RM:18] i64 %264 in [0,9223372036854775807) (!range)
    -> Fact[KB:19] i64 %264 known bits zero=0x9223372036854775808 one=0x0
    -> Fact[LVI:20] i64 %264 in [1,0) (LVI @ )
    -> Fact[KB:21] i64 %312 known bits zero=0x9223372036854775808 one=0x0
    -> Fact[LVI:22] i64 %312 in [63,64) (LVI @ )
    -> Fact[SCEV:23] i64 %312 in [16,64) (SCEV unsigned)
    -> Fact[SCEV:24] i64 %312 in [16,64) (SCEV signed)
    -> Fact[SCEVSYM:25] i64 %312 - start(16) <=u BTC((47 umin (-16 + (16 umax %264))<nsw> umin (-14 + (14 umax %264))<nsw> umin (-1 + %264)<nsw>)) (SCEV symbolic trip count, sub-form)
    -> Fact[PHIINV-hi:26] i64 %312 == i64 16 || ne(i64 %312, i64 64) (latch-implied bound, 1-induction)
    -> Fact[PHIINV-lo:27] i64 %312 >=s i64 16 (monotone nsw increments, 1 arm(s))
    -> Fact[RM:28] i64 %287 in [0,9223372036854775807) (!range)
    -> Fact[KB:29] i64 %287 known bits zero=0x9223372036854775808 one=0x0
    -> Fact[LVI:30] i64 %287 in [3,9223372036854775807) (LVI @ )
    -> Fact[RM:31] i64 %233 in [0,9223372036854775807) (!range)
    -> Fact[KB:32] i64 %233 known bits zero=0x9223372036854775808 one=0x0
    -> Fact[RM:33] i64 %264 in [0,9223372036854775807) (!range)
    -> Fact[KB:34] i64 %264 known bits zero=0x9223372036854775808 one=0x0
    -> Fact[LVI:35] i64 %264 in [1,0) (LVI @ )
    -> [heavy] 36 analysis fact(s) on 44 boundary value(s)
    -> [mv] T3: not a bounds shape (idx vs invariant count)
    -> [ind L0] BASE (1 phi(s) = entry): SAT (WARNING: Potential Integer Overflow Bug Detected!) [Query Latency: 0.941417 ms]
    -> [ind L1] BASE (1 phi(s) = entry): SAT (WARNING: Potential Integer Overflow Bug Detected!) [Query Latency: 1.011084 ms]
    -> SAT (WARNING: Potential Integer Overflow Bug Detected!) [Query Latency: 9.414708 ms]
    -> [mv] still SAT under 21 hypothesis candidate(s): not versionable
  -> Found UB Trap. Starting Backward Slice...
    -> Guard[0] (false edge of ''):  %297 = icmp eq i64 %287, 3
    -> Guard[1] (false edge of ''):  %294 = icmp samesign ult i64 %287, 3
    -> Guard[2] (false edge of ''):  %291 = icmp eq i64 %287, 1
    -> Guard[3] (false edge of ''):  %288 = icmp eq i64 %287, 0
    -> Guard[4] (true edge of ''):  %339 = icmp eq i64 %313, 64
    -> Guard[5] (true edge of ''):  %.not138 = icmp samesign ult i64 %312, %264
    -> Guard[6] (true edge of ''):  %.not135 = icmp ult i64 %323, %264
    -> Guard[7] (true edge of '.preheader.preheader'):  %.not134 = icmp samesign ult i64 %314, %264
    -> Guard[8] (true edge of ''):  %285 = icmp eq i64 %254, 16
    -> Guard[9] (true edge of ''):  %.not133 = icmp samesign ult i64 %253, %264
    -> Guard[10] (true edge of ''):  %.not180 = icmp samesign ult i64 %262, %233
    -> Guard[11] (true edge of ''):  %.not132 = icmp samesign ult i64 %260, %233
    -> Guard[12] (true edge of ''):  %.not131 = icmp samesign ult i64 %258, %233
    -> Guard[13] (true edge of ''):  %.not130 = icmp ult i64 %256, %233
    -> Guard[14] (false edge of ''):  %exitcond.not = icmp eq i64 %248, %234
    -> Guard[15] (false edge of ''):  %235 = icmp samesign ult i64 %233, 64
    -> Guard[16] (false edge of ''):  %208 = icmp eq i64 %205, 0
    -> Guard[17] (false edge of ''):  %206 = icmp slt i64 %205, 0
    -> Guard[18] (true edge of ''):  %.not127 = icmp eq ptr %199, null
    -> Guard[19] (false edge of ''):  %192 = icmp samesign ult i64 %191, 3
    -> Guard[20] (false edge of ''):  %104 = icmp eq i8 %103, 1
    -> Guard[21] (false edge of ''):  %23 = icmp eq i64 %22, 0
    -> Guard[22] (false edge of 'entry'):  %11 = icmp samesign ult i64 %10, 2
    -> Collected 23 dominating context guard(s).
    -> [go3] 0 leaf-closure instruction(s) encoded
    -> Fact[RM:0] i64 %10 in [0,9223372036854775807) (!range)
    -> Fact[KB:1] i64 %10 known bits zero=0x9223372036854775808 one=0x0
    -> Fact[RM:2] i64 %191 in [0,9223372036854775807) (!range)
    -> Fact[KB:3] i64 %191 known bits zero=0x9223372036854775808 one=0x0
    -> Fact[RM:4] i64 %233 in [0,9223372036854775807) (!range)
    -> Fact[KB:5] i64 %233 known bits zero=0x9223372036854775808 one=0x0
    -> Fact[KB:6] i64 %248 known bits zero=0x9223372036854775808 one=0x0
    -> Fact[SCEV:7] i64 %248 in [0,144115188075855871) (SCEV unsigned)
    -> Fact[SCEV:8] i64 %248 in [0,144115188075855871) (SCEV signed)
    -> Fact[SCEVSYM:9] i64 %248 - start(0) <=u BTC(((-1 + (%233 /u 64))<nsw> umin (%233 /u 64))) (SCEV symbolic trip count, sub-form)
    -> Fact[PHIINV-hi:10] i64 %248 == i64 0 || ne(i64 %248, i64 %234) (latch-implied bound, 1-induction)
    -> Fact[PHIINV-hx:11] (i64 0 <=u i64 %234) -> i64 %248 <=u i64 %234 (header-exit eq bound, unit step, 1-induction)
    -> Fact[PHIINV-lo:12] i64 %248 >=s i64 0 (monotone nsw increments, 1 arm(s))
    -> Fact[KB:13] i64 %253 known bits zero=0x9223372036854775808 one=0x0
    -> Fact[SCEV:14] i64 %253 in [0,16) (SCEV unsigned)
    -> Fact[SCEV:15] i64 %253 in [0,16) (SCEV signed)
    -> Fact[PHIINV-hi:16] i64 %253 == i64 0 || ne(i64 %253, i64 16) (latch-implied bound, 1-induction)
    -> Fact[PHIINV-lo:17] i64 %253 >=s i64 0 (monotone nsw increments, 1 arm(s))
    -> Fact[RM:18] i64 %264 in [0,9223372036854775807) (!range)
    -> Fact[KB:19] i64 %264 known bits zero=0x9223372036854775808 one=0x0
    -> Fact[LVI:20] i64 %264 in [1,0) (LVI @ )
    -> Fact[KB:21] i64 %312 known bits zero=0x9223372036854775808 one=0x0
    -> Fact[LVI:22] i64 %312 in [63,64) (LVI @ )
    -> Fact[SCEV:23] i64 %312 in [16,64) (SCEV unsigned)
    -> Fact[SCEV:24] i64 %312 in [16,64) (SCEV signed)
    -> Fact[SCEVSYM:25] i64 %312 - start(16) <=u BTC((47 umin (-16 + (16 umax %264))<nsw> umin (-14 + (14 umax %264))<nsw> umin (-1 + %264)<nsw>)) (SCEV symbolic trip count, sub-form)
    -> Fact[PHIINV-hi:26] i64 %312 == i64 16 || ne(i64 %312, i64 64) (latch-implied bound, 1-induction)
    -> Fact[PHIINV-lo:27] i64 %312 >=s i64 16 (monotone nsw increments, 1 arm(s))
    -> Fact[RM:28] i64 %287 in [0,9223372036854775807) (!range)
    -> Fact[KB:29] i64 %287 known bits zero=0x9223372036854775808 one=0x0
    -> Fact[LVI:30] i64 %287 in [4,9223372036854775807) (LVI @ )
    -> Fact[RM:31] i64 %233 in [0,9223372036854775807) (!range)
    -> Fact[KB:32] i64 %233 known bits zero=0x9223372036854775808 one=0x0
    -> Fact[RM:33] i64 %264 in [0,9223372036854775807) (!range)
    -> Fact[KB:34] i64 %264 known bits zero=0x9223372036854775808 one=0x0
    -> Fact[LVI:35] i64 %264 in [1,0) (LVI @ )
    -> [heavy] 36 analysis fact(s) on 44 boundary value(s)
    -> [mv] T3: not a bounds shape (idx vs invariant count)
    -> [ind L0] BASE (1 phi(s) = entry): SAT (WARNING: Potential Integer Overflow Bug Detected!) [Query Latency: 0.946958 ms]
    -> [ind L1] BASE (1 phi(s) = entry): SAT (WARNING: Potential Integer Overflow Bug Detected!) [Query Latency: 0.968125 ms]
    -> SAT (WARNING: Potential Integer Overflow Bug Detected!) [Query Latency: 8.870209 ms]
    -> [mv] still SAT under 21 hypothesis candidate(s): not versionable
  -> Found UB Trap. Starting Backward Slice...
    -> Guard[0] (false edge of ''):  %300 = icmp samesign ult i64 %287, 5
    -> Guard[1] (false edge of ''):  %297 = icmp eq i64 %287, 3
    -> Guard[2] (false edge of ''):  %294 = icmp samesign ult i64 %287, 3
    -> Guard[3] (false edge of ''):  %291 = icmp eq i64 %287, 1
    -> Guard[4] (false edge of ''):  %288 = icmp eq i64 %287, 0
    -> Guard[5] (true edge of ''):  %339 = icmp eq i64 %313, 64
    -> Guard[6] (true edge of ''):  %.not138 = icmp samesign ult i64 %312, %264
    -> Guard[7] (true edge of ''):  %.not135 = icmp ult i64 %323, %264
    -> Guard[8] (true edge of '.preheader.preheader'):  %.not134 = icmp samesign ult i64 %314, %264
    -> Guard[9] (true edge of ''):  %285 = icmp eq i64 %254, 16
    -> Guard[10] (true edge of ''):  %.not133 = icmp samesign ult i64 %253, %264
    -> Guard[11] (true edge of ''):  %.not180 = icmp samesign ult i64 %262, %233
    -> Guard[12] (true edge of ''):  %.not132 = icmp samesign ult i64 %260, %233
    -> Guard[13] (true edge of ''):  %.not131 = icmp samesign ult i64 %258, %233
    -> Guard[14] (true edge of ''):  %.not130 = icmp ult i64 %256, %233
    -> Guard[15] (false edge of ''):  %exitcond.not = icmp eq i64 %248, %234
    -> Guard[16] (false edge of ''):  %235 = icmp samesign ult i64 %233, 64
    -> Guard[17] (false edge of ''):  %208 = icmp eq i64 %205, 0
    -> Guard[18] (false edge of ''):  %206 = icmp slt i64 %205, 0
    -> Guard[19] (true edge of ''):  %.not127 = icmp eq ptr %199, null
    -> Guard[20] (false edge of ''):  %192 = icmp samesign ult i64 %191, 3
    -> Guard[21] (false edge of ''):  %104 = icmp eq i8 %103, 1
    -> Guard[22] (false edge of ''):  %23 = icmp eq i64 %22, 0
    -> Guard[23] (false edge of 'entry'):  %11 = icmp samesign ult i64 %10, 2
    -> Collected 24 dominating context guard(s).
    -> [go3] 0 leaf-closure instruction(s) encoded
    -> Fact[RM:0] i64 %10 in [0,9223372036854775807) (!range)
    -> Fact[KB:1] i64 %10 known bits zero=0x9223372036854775808 one=0x0
    -> Fact[RM:2] i64 %191 in [0,9223372036854775807) (!range)
    -> Fact[KB:3] i64 %191 known bits zero=0x9223372036854775808 one=0x0
    -> Fact[RM:4] i64 %233 in [0,9223372036854775807) (!range)
    -> Fact[KB:5] i64 %233 known bits zero=0x9223372036854775808 one=0x0
    -> Fact[KB:6] i64 %248 known bits zero=0x9223372036854775808 one=0x0
    -> Fact[SCEV:7] i64 %248 in [0,144115188075855871) (SCEV unsigned)
    -> Fact[SCEV:8] i64 %248 in [0,144115188075855871) (SCEV signed)
    -> Fact[SCEVSYM:9] i64 %248 - start(0) <=u BTC(((-1 + (%233 /u 64))<nsw> umin (%233 /u 64))) (SCEV symbolic trip count, sub-form)
    -> Fact[PHIINV-hi:10] i64 %248 == i64 0 || ne(i64 %248, i64 %234) (latch-implied bound, 1-induction)
    -> Fact[PHIINV-hx:11] (i64 0 <=u i64 %234) -> i64 %248 <=u i64 %234 (header-exit eq bound, unit step, 1-induction)
    -> Fact[PHIINV-lo:12] i64 %248 >=s i64 0 (monotone nsw increments, 1 arm(s))
    -> Fact[KB:13] i64 %253 known bits zero=0x9223372036854775808 one=0x0
    -> Fact[SCEV:14] i64 %253 in [0,16) (SCEV unsigned)
    -> Fact[SCEV:15] i64 %253 in [0,16) (SCEV signed)
    -> Fact[PHIINV-hi:16] i64 %253 == i64 0 || ne(i64 %253, i64 16) (latch-implied bound, 1-induction)
    -> Fact[PHIINV-lo:17] i64 %253 >=s i64 0 (monotone nsw increments, 1 arm(s))
    -> Fact[RM:18] i64 %264 in [0,9223372036854775807) (!range)
    -> Fact[KB:19] i64 %264 known bits zero=0x9223372036854775808 one=0x0
    -> Fact[LVI:20] i64 %264 in [1,0) (LVI @ )
    -> Fact[KB:21] i64 %312 known bits zero=0x9223372036854775808 one=0x0
    -> Fact[LVI:22] i64 %312 in [63,64) (LVI @ )
    -> Fact[SCEV:23] i64 %312 in [16,64) (SCEV unsigned)
    -> Fact[SCEV:24] i64 %312 in [16,64) (SCEV signed)
    -> Fact[SCEVSYM:25] i64 %312 - start(16) <=u BTC((47 umin (-16 + (16 umax %264))<nsw> umin (-14 + (14 umax %264))<nsw> umin (-1 + %264)<nsw>)) (SCEV symbolic trip count, sub-form)
    -> Fact[PHIINV-hi:26] i64 %312 == i64 16 || ne(i64 %312, i64 64) (latch-implied bound, 1-induction)
    -> Fact[PHIINV-lo:27] i64 %312 >=s i64 16 (monotone nsw increments, 1 arm(s))
    -> Fact[RM:28] i64 %287 in [0,9223372036854775807) (!range)
    -> Fact[KB:29] i64 %287 known bits zero=0x9223372036854775808 one=0x0
    -> Fact[LVI:30] i64 %287 in [5,9223372036854775807) (LVI @ )
    -> Fact[RM:31] i64 %233 in [0,9223372036854775807) (!range)
    -> Fact[KB:32] i64 %233 known bits zero=0x9223372036854775808 one=0x0
    -> Fact[RM:33] i64 %264 in [0,9223372036854775807) (!range)
    -> Fact[KB:34] i64 %264 known bits zero=0x9223372036854775808 one=0x0
    -> Fact[LVI:35] i64 %264 in [1,0) (LVI @ )
    -> [heavy] 36 analysis fact(s) on 44 boundary value(s)
    -> [mv] T3: not a bounds shape (idx vs invariant count)
    -> [ind L0] BASE (1 phi(s) = entry): SAT (WARNING: Potential Integer Overflow Bug Detected!) [Query Latency: 0.939333 ms]
    -> [ind L1] BASE (1 phi(s) = entry): SAT (WARNING: Potential Integer Overflow Bug Detected!) [Query Latency: 1.013666 ms]
    -> SAT (WARNING: Potential Integer Overflow Bug Detected!) [Query Latency: 6.459709 ms]
    -> [mv] still SAT under 21 hypothesis candidate(s): not versionable
  -> Found UB Trap. Starting Backward Slice...
    -> Guard[0] (false edge of ''):  %303 = icmp eq i64 %287, 5
    -> Guard[1] (false edge of ''):  %300 = icmp samesign ult i64 %287, 5
    -> Guard[2] (false edge of ''):  %297 = icmp eq i64 %287, 3
    -> Guard[3] (false edge of ''):  %294 = icmp samesign ult i64 %287, 3
    -> Guard[4] (false edge of ''):  %291 = icmp eq i64 %287, 1
    -> Guard[5] (false edge of ''):  %288 = icmp eq i64 %287, 0
    -> Guard[6] (true edge of ''):  %339 = icmp eq i64 %313, 64
    -> Guard[7] (true edge of ''):  %.not138 = icmp samesign ult i64 %312, %264
    -> Guard[8] (true edge of ''):  %.not135 = icmp ult i64 %323, %264
    -> Guard[9] (true edge of '.preheader.preheader'):  %.not134 = icmp samesign ult i64 %314, %264
    -> Guard[10] (true edge of ''):  %285 = icmp eq i64 %254, 16
    -> Guard[11] (true edge of ''):  %.not133 = icmp samesign ult i64 %253, %264
    -> Guard[12] (true edge of ''):  %.not180 = icmp samesign ult i64 %262, %233
    -> Guard[13] (true edge of ''):  %.not132 = icmp samesign ult i64 %260, %233
    -> Guard[14] (true edge of ''):  %.not131 = icmp samesign ult i64 %258, %233
    -> Guard[15] (true edge of ''):  %.not130 = icmp ult i64 %256, %233
    -> Guard[16] (false edge of ''):  %exitcond.not = icmp eq i64 %248, %234
    -> Guard[17] (false edge of ''):  %235 = icmp samesign ult i64 %233, 64
    -> Guard[18] (false edge of ''):  %208 = icmp eq i64 %205, 0
    -> Guard[19] (false edge of ''):  %206 = icmp slt i64 %205, 0
    -> Guard[20] (true edge of ''):  %.not127 = icmp eq ptr %199, null
    -> Guard[21] (false edge of ''):  %192 = icmp samesign ult i64 %191, 3
    -> Guard[22] (false edge of ''):  %104 = icmp eq i8 %103, 1
    -> Guard[23] (false edge of ''):  %23 = icmp eq i64 %22, 0
    -> Guard[24] (false edge of 'entry'):  %11 = icmp samesign ult i64 %10, 2
    -> Collected 25 dominating context guard(s).
    -> [go3] 0 leaf-closure instruction(s) encoded
    -> Fact[RM:0] i64 %10 in [0,9223372036854775807) (!range)
    -> Fact[KB:1] i64 %10 known bits zero=0x9223372036854775808 one=0x0
    -> Fact[RM:2] i64 %191 in [0,9223372036854775807) (!range)
    -> Fact[KB:3] i64 %191 known bits zero=0x9223372036854775808 one=0x0
    -> Fact[RM:4] i64 %233 in [0,9223372036854775807) (!range)
    -> Fact[KB:5] i64 %233 known bits zero=0x9223372036854775808 one=0x0
    -> Fact[KB:6] i64 %248 known bits zero=0x9223372036854775808 one=0x0
    -> Fact[SCEV:7] i64 %248 in [0,144115188075855871) (SCEV unsigned)
    -> Fact[SCEV:8] i64 %248 in [0,144115188075855871) (SCEV signed)
    -> Fact[SCEVSYM:9] i64 %248 - start(0) <=u BTC(((-1 + (%233 /u 64))<nsw> umin (%233 /u 64))) (SCEV symbolic trip count, sub-form)
    -> Fact[PHIINV-hi:10] i64 %248 == i64 0 || ne(i64 %248, i64 %234) (latch-implied bound, 1-induction)
    -> Fact[PHIINV-hx:11] (i64 0 <=u i64 %234) -> i64 %248 <=u i64 %234 (header-exit eq bound, unit step, 1-induction)
    -> Fact[PHIINV-lo:12] i64 %248 >=s i64 0 (monotone nsw increments, 1 arm(s))
    -> Fact[KB:13] i64 %253 known bits zero=0x9223372036854775808 one=0x0
    -> Fact[SCEV:14] i64 %253 in [0,16) (SCEV unsigned)
    -> Fact[SCEV:15] i64 %253 in [0,16) (SCEV signed)
    -> Fact[PHIINV-hi:16] i64 %253 == i64 0 || ne(i64 %253, i64 16) (latch-implied bound, 1-induction)
    -> Fact[PHIINV-lo:17] i64 %253 >=s i64 0 (monotone nsw increments, 1 arm(s))
    -> Fact[RM:18] i64 %264 in [0,9223372036854775807) (!range)
    -> Fact[KB:19] i64 %264 known bits zero=0x9223372036854775808 one=0x0
    -> Fact[LVI:20] i64 %264 in [1,0) (LVI @ )
    -> Fact[KB:21] i64 %312 known bits zero=0x9223372036854775808 one=0x0
    -> Fact[LVI:22] i64 %312 in [63,64) (LVI @ )
    -> Fact[SCEV:23] i64 %312 in [16,64) (SCEV unsigned)
    -> Fact[SCEV:24] i64 %312 in [16,64) (SCEV signed)
    -> Fact[SCEVSYM:25] i64 %312 - start(16) <=u BTC((47 umin (-16 + (16 umax %264))<nsw> umin (-14 + (14 umax %264))<nsw> umin (-1 + %264)<nsw>)) (SCEV symbolic trip count, sub-form)
    -> Fact[PHIINV-hi:26] i64 %312 == i64 16 || ne(i64 %312, i64 64) (latch-implied bound, 1-induction)
    -> Fact[PHIINV-lo:27] i64 %312 >=s i64 16 (monotone nsw increments, 1 arm(s))
    -> Fact[RM:28] i64 %287 in [0,9223372036854775807) (!range)
    -> Fact[KB:29] i64 %287 known bits zero=0x9223372036854775808 one=0x0
    -> Fact[LVI:30] i64 %287 in [6,9223372036854775807) (LVI @ )
    -> Fact[RM:31] i64 %233 in [0,9223372036854775807) (!range)
    -> Fact[KB:32] i64 %233 known bits zero=0x9223372036854775808 one=0x0
    -> Fact[RM:33] i64 %264 in [0,9223372036854775807) (!range)
    -> Fact[KB:34] i64 %264 known bits zero=0x9223372036854775808 one=0x0
    -> Fact[LVI:35] i64 %264 in [1,0) (LVI @ )
    -> [heavy] 36 analysis fact(s) on 44 boundary value(s)
    -> [mv] T3: not a bounds shape (idx vs invariant count)
    -> [ind L0] BASE (1 phi(s) = entry): SAT (WARNING: Potential Integer Overflow Bug Detected!) [Query Latency: 0.951750 ms]
    -> [ind L1] BASE (1 phi(s) = entry): SAT (WARNING: Potential Integer Overflow Bug Detected!) [Query Latency: 0.955208 ms]
    -> SAT (WARNING: Potential Integer Overflow Bug Detected!) [Query Latency: 9.097291 ms]
    -> [mv] still SAT under 21 hypothesis candidate(s): not versionable
  -> Found UB Trap. Starting Backward Slice...
    -> Guard[0] (false edge of ''):  %306 = icmp samesign ult i64 %287, 7
    -> Guard[1] (false edge of ''):  %303 = icmp eq i64 %287, 5
    -> Guard[2] (false edge of ''):  %300 = icmp samesign ult i64 %287, 5
    -> Guard[3] (false edge of ''):  %297 = icmp eq i64 %287, 3
    -> Guard[4] (false edge of ''):  %294 = icmp samesign ult i64 %287, 3
    -> Guard[5] (false edge of ''):  %291 = icmp eq i64 %287, 1
    -> Guard[6] (false edge of ''):  %288 = icmp eq i64 %287, 0
    -> Guard[7] (true edge of ''):  %339 = icmp eq i64 %313, 64
    -> Guard[8] (true edge of ''):  %.not138 = icmp samesign ult i64 %312, %264
    -> Guard[9] (true edge of ''):  %.not135 = icmp ult i64 %323, %264
    -> Guard[10] (true edge of '.preheader.preheader'):  %.not134 = icmp samesign ult i64 %314, %264
    -> Guard[11] (true edge of ''):  %285 = icmp eq i64 %254, 16
    -> Guard[12] (true edge of ''):  %.not133 = icmp samesign ult i64 %253, %264
    -> Guard[13] (true edge of ''):  %.not180 = icmp samesign ult i64 %262, %233
    -> Guard[14] (true edge of ''):  %.not132 = icmp samesign ult i64 %260, %233
    -> Guard[15] (true edge of ''):  %.not131 = icmp samesign ult i64 %258, %233
    -> Guard[16] (true edge of ''):  %.not130 = icmp ult i64 %256, %233
    -> Guard[17] (false edge of ''):  %exitcond.not = icmp eq i64 %248, %234
    -> Guard[18] (false edge of ''):  %235 = icmp samesign ult i64 %233, 64
    -> Guard[19] (false edge of ''):  %208 = icmp eq i64 %205, 0
    -> Guard[20] (false edge of ''):  %206 = icmp slt i64 %205, 0
    -> Guard[21] (true edge of ''):  %.not127 = icmp eq ptr %199, null
    -> Guard[22] (false edge of ''):  %192 = icmp samesign ult i64 %191, 3
    -> Guard[23] (false edge of ''):  %104 = icmp eq i8 %103, 1
    -> Guard[24] (false edge of ''):  %23 = icmp eq i64 %22, 0
    -> Guard[25] (false edge of 'entry'):  %11 = icmp samesign ult i64 %10, 2
    -> Collected 26 dominating context guard(s).
    -> [go3] 0 leaf-closure instruction(s) encoded
    -> Fact[RM:0] i64 %10 in [0,9223372036854775807) (!range)
    -> Fact[KB:1] i64 %10 known bits zero=0x9223372036854775808 one=0x0
    -> Fact[RM:2] i64 %191 in [0,9223372036854775807) (!range)
    -> Fact[KB:3] i64 %191 known bits zero=0x9223372036854775808 one=0x0
    -> Fact[RM:4] i64 %233 in [0,9223372036854775807) (!range)
    -> Fact[KB:5] i64 %233 known bits zero=0x9223372036854775808 one=0x0
    -> Fact[KB:6] i64 %248 known bits zero=0x9223372036854775808 one=0x0
    -> Fact[SCEV:7] i64 %248 in [0,144115188075855871) (SCEV unsigned)
    -> Fact[SCEV:8] i64 %248 in [0,144115188075855871) (SCEV signed)
    -> Fact[SCEVSYM:9] i64 %248 - start(0) <=u BTC(((-1 + (%233 /u 64))<nsw> umin (%233 /u 64))) (SCEV symbolic trip count, sub-form)
    -> Fact[PHIINV-hi:10] i64 %248 == i64 0 || ne(i64 %248, i64 %234) (latch-implied bound, 1-induction)
    -> Fact[PHIINV-hx:11] (i64 0 <=u i64 %234) -> i64 %248 <=u i64 %234 (header-exit eq bound, unit step, 1-induction)
    -> Fact[PHIINV-lo:12] i64 %248 >=s i64 0 (monotone nsw increments, 1 arm(s))
    -> Fact[KB:13] i64 %253 known bits zero=0x9223372036854775808 one=0x0
    -> Fact[SCEV:14] i64 %253 in [0,16) (SCEV unsigned)
    -> Fact[SCEV:15] i64 %253 in [0,16) (SCEV signed)
    -> Fact[PHIINV-hi:16] i64 %253 == i64 0 || ne(i64 %253, i64 16) (latch-implied bound, 1-induction)
    -> Fact[PHIINV-lo:17] i64 %253 >=s i64 0 (monotone nsw increments, 1 arm(s))
    -> Fact[RM:18] i64 %264 in [0,9223372036854775807) (!range)
    -> Fact[KB:19] i64 %264 known bits zero=0x9223372036854775808 one=0x0
    -> Fact[LVI:20] i64 %264 in [1,0) (LVI @ )
    -> Fact[KB:21] i64 %312 known bits zero=0x9223372036854775808 one=0x0
    -> Fact[LVI:22] i64 %312 in [63,64) (LVI @ )
    -> Fact[SCEV:23] i64 %312 in [16,64) (SCEV unsigned)
    -> Fact[SCEV:24] i64 %312 in [16,64) (SCEV signed)
    -> Fact[SCEVSYM:25] i64 %312 - start(16) <=u BTC((47 umin (-16 + (16 umax %264))<nsw> umin (-14 + (14 umax %264))<nsw> umin (-1 + %264)<nsw>)) (SCEV symbolic trip count, sub-form)
    -> Fact[PHIINV-hi:26] i64 %312 == i64 16 || ne(i64 %312, i64 64) (latch-implied bound, 1-induction)
    -> Fact[PHIINV-lo:27] i64 %312 >=s i64 16 (monotone nsw increments, 1 arm(s))
    -> Fact[RM:28] i64 %287 in [0,9223372036854775807) (!range)
    -> Fact[KB:29] i64 %287 known bits zero=0x9223372036854775808 one=0x0
    -> Fact[LVI:30] i64 %287 in [7,9223372036854775807) (LVI @ )
    -> Fact[RM:31] i64 %233 in [0,9223372036854775807) (!range)
    -> Fact[KB:32] i64 %233 known bits zero=0x9223372036854775808 one=0x0
    -> Fact[RM:33] i64 %264 in [0,9223372036854775807) (!range)
    -> Fact[KB:34] i64 %264 known bits zero=0x9223372036854775808 one=0x0
    -> Fact[LVI:35] i64 %264 in [1,0) (LVI @ )
    -> [heavy] 36 analysis fact(s) on 44 boundary value(s)
    -> [mv] T3: not a bounds shape (idx vs invariant count)
    -> [ind L0] BASE (1 phi(s) = entry): SAT (WARNING: Potential Integer Overflow Bug Detected!) [Query Latency: 0.962583 ms]
    -> [ind L1] BASE (1 phi(s) = entry): SAT (WARNING: Potential Integer Overflow Bug Detected!) [Query Latency: 0.960083 ms]
    -> SAT (WARNING: Potential Integer Overflow Bug Detected!) [Query Latency: 11.982916 ms]
    -> [mv] still SAT under 21 hypothesis candidate(s): not versionable
  -> Found UB Trap. Starting Backward Slice...
    -> Guard[0] (false edge of ''):  %309 = icmp eq i64 %287, 7
    -> Guard[1] (false edge of ''):  %306 = icmp samesign ult i64 %287, 7
    -> Guard[2] (false edge of ''):  %303 = icmp eq i64 %287, 5
    -> Guard[3] (false edge of ''):  %300 = icmp samesign ult i64 %287, 5
    -> Guard[4] (false edge of ''):  %297 = icmp eq i64 %287, 3
    -> Guard[5] (false edge of ''):  %294 = icmp samesign ult i64 %287, 3
    -> Guard[6] (false edge of ''):  %291 = icmp eq i64 %287, 1
    -> Guard[7] (false edge of ''):  %288 = icmp eq i64 %287, 0
    -> Guard[8] (true edge of ''):  %339 = icmp eq i64 %313, 64
    -> Guard[9] (true edge of ''):  %.not138 = icmp samesign ult i64 %312, %264
    -> Guard[10] (true edge of ''):  %.not135 = icmp ult i64 %323, %264
    -> Guard[11] (true edge of '.preheader.preheader'):  %.not134 = icmp samesign ult i64 %314, %264
    -> Guard[12] (true edge of ''):  %285 = icmp eq i64 %254, 16
    -> Guard[13] (true edge of ''):  %.not133 = icmp samesign ult i64 %253, %264
    -> Guard[14] (true edge of ''):  %.not180 = icmp samesign ult i64 %262, %233
    -> Guard[15] (true edge of ''):  %.not132 = icmp samesign ult i64 %260, %233
    -> Guard[16] (true edge of ''):  %.not131 = icmp samesign ult i64 %258, %233
    -> Guard[17] (true edge of ''):  %.not130 = icmp ult i64 %256, %233
    -> Guard[18] (false edge of ''):  %exitcond.not = icmp eq i64 %248, %234
    -> Guard[19] (false edge of ''):  %235 = icmp samesign ult i64 %233, 64
    -> Guard[20] (false edge of ''):  %208 = icmp eq i64 %205, 0
    -> Guard[21] (false edge of ''):  %206 = icmp slt i64 %205, 0
    -> Guard[22] (true edge of ''):  %.not127 = icmp eq ptr %199, null
    -> Guard[23] (false edge of ''):  %192 = icmp samesign ult i64 %191, 3
    -> Guard[24] (false edge of ''):  %104 = icmp eq i8 %103, 1
    -> Guard[25] (false edge of ''):  %23 = icmp eq i64 %22, 0
    -> Guard[26] (false edge of 'entry'):  %11 = icmp samesign ult i64 %10, 2
    -> Collected 27 dominating context guard(s).
    -> [go3] 0 leaf-closure instruction(s) encoded
    -> Fact[RM:0] i64 %10 in [0,9223372036854775807) (!range)
    -> Fact[KB:1] i64 %10 known bits zero=0x9223372036854775808 one=0x0
    -> Fact[RM:2] i64 %191 in [0,9223372036854775807) (!range)
    -> Fact[KB:3] i64 %191 known bits zero=0x9223372036854775808 one=0x0
    -> Fact[RM:4] i64 %233 in [0,9223372036854775807) (!range)
    -> Fact[KB:5] i64 %233 known bits zero=0x9223372036854775808 one=0x0
    -> Fact[RM:6] i64 %241 in [0,9223372036854775807) (!range)
    -> Fact[KB:7] i64 %241 known bits zero=0x9223372036854775808 one=0x0
    -> Fact[KB:8] i64 %248 known bits zero=0x9223372036854775808 one=0x0
    -> Fact[SCEV:9] i64 %248 in [0,144115188075855871) (SCEV unsigned)
    -> Fact[SCEV:10] i64 %248 in [0,144115188075855871) (SCEV signed)
    -> Fact[SCEVSYM:11] i64 %248 - start(0) <=u BTC(((-1 + (%233 /u 64))<nsw> umin (%233 /u 64))) (SCEV symbolic trip count, sub-form)
    -> Fact[PHIINV-hi:12] i64 %248 == i64 0 || ne(i64 %248, i64 %234) (latch-implied bound, 1-induction)
    -> Fact[PHIINV-hx:13] (i64 0 <=u i64 %234) -> i64 %248 <=u i64 %234 (header-exit eq bound, unit step, 1-induction)
    -> Fact[PHIINV-lo:14] i64 %248 >=s i64 0 (monotone nsw increments, 1 arm(s))
    -> Fact[KB:15] i64 %253 known bits zero=0x9223372036854775808 one=0x0
    -> Fact[SCEV:16] i64 %253 in [0,16) (SCEV unsigned)
    -> Fact[SCEV:17] i64 %253 in [0,16) (SCEV signed)
    -> Fact[PHIINV-hi:18] i64 %253 == i64 0 || ne(i64 %253, i64 16) (latch-implied bound, 1-induction)
    -> Fact[PHIINV-lo:19] i64 %253 >=s i64 0 (monotone nsw increments, 1 arm(s))
    -> Fact[RM:20] i64 %264 in [0,9223372036854775807) (!range)
    -> Fact[KB:21] i64 %264 known bits zero=0x9223372036854775808 one=0x0
    -> Fact[LVI:22] i64 %264 in [1,0) (LVI @ )
    -> Fact[KB:23] i64 %312 known bits zero=0x9223372036854775808 one=0x0
    -> Fact[LVI:24] i64 %312 in [63,64) (LVI @ )
    -> Fact[SCEV:25] i64 %312 in [16,64) (SCEV unsigned)
    -> Fact[SCEV:26] i64 %312 in [16,64) (SCEV signed)
    -> Fact[SCEVSYM:27] i64 %312 - start(16) <=u BTC((47 umin (-16 + (16 umax %264))<nsw> umin (-14 + (14 umax %264))<nsw> umin (-1 + %264)<nsw>)) (SCEV symbolic trip count, sub-form)
    -> Fact[PHIINV-hi:28] i64 %312 == i64 16 || ne(i64 %312, i64 64) (latch-implied bound, 1-induction)
    -> Fact[PHIINV-lo:29] i64 %312 >=s i64 16 (monotone nsw increments, 1 arm(s))
    -> Fact[RM:30] i64 %287 in [0,9223372036854775807) (!range)
    -> Fact[KB:31] i64 %287 known bits zero=0x9223372036854775808 one=0x0
    -> Fact[LVI:32] i64 %287 in [8,9223372036854775807) (LVI @ )
    -> Fact[RM:33] i64 %233 in [0,9223372036854775807) (!range)
    -> Fact[KB:34] i64 %233 known bits zero=0x9223372036854775808 one=0x0
    -> Fact[RM:35] i64 %264 in [0,9223372036854775807) (!range)
    -> Fact[KB:36] i64 %264 known bits zero=0x9223372036854775808 one=0x0
    -> Fact[LVI:37] i64 %264 in [1,0) (LVI @ )
    -> [heavy] 38 analysis fact(s) on 45 boundary value(s)
    -> [mv] T3: not a bounds shape (idx vs invariant count)
    -> [ind L0] BASE (1 phi(s) = entry): SAT (WARNING: Potential Integer Overflow Bug Detected!) [Query Latency: 1.009000 ms]
    -> [ind L1] BASE (1 phi(s) = entry): SAT (WARNING: Potential Integer Overflow Bug Detected!) [Query Latency: 1.021292 ms]
    -> SAT (WARNING: Potential Integer Overflow Bug Detected!) [Query Latency: 11.772458 ms]
    -> [mv] still SAT under 24 hypothesis candidate(s): not versionable
  -> Found UB Trap. Starting Backward Slice...
    -> Guard[0] (true edge of ''):  %235 = icmp samesign ult i64 %233, 64
    -> Guard[1] (false edge of ''):  %208 = icmp eq i64 %205, 0
    -> Guard[2] (false edge of ''):  %206 = icmp slt i64 %205, 0
    -> Guard[3] (true edge of ''):  %.not127 = icmp eq ptr %199, null
    -> Guard[4] (false edge of ''):  %192 = icmp samesign ult i64 %191, 3
    -> Guard[5] (false edge of ''):  %104 = icmp eq i8 %103, 1
    -> Guard[6] (false edge of ''):  %23 = icmp eq i64 %22, 0
    -> Guard[7] (false edge of 'entry'):  %11 = icmp samesign ult i64 %10, 2
    -> Collected 8 dominating context guard(s).
    -> Fact[RM:0] i64 %10 in [0,9223372036854775807) (!range)
    -> Fact[KB:1] i64 %10 known bits zero=0x9223372036854775808 one=0x0
    -> Fact[RM:2] i64 %191 in [0,9223372036854775807) (!range)
    -> Fact[KB:3] i64 %191 known bits zero=0x9223372036854775808 one=0x0
    -> Fact[RM:4] i64 %233 in [0,9223372036854775807) (!range)
    -> Fact[KB:5] i64 %233 known bits zero=0x9223372036854775808 one=0x0
    -> Fact[LVI:6] i64 %233 in [0,64) (LVI @ .loopexit)
    -> Fact[RM:7] i64 %.pre in [0,9223372036854775807) (!range)
    -> Fact[KB:8] i64 %.pre known bits zero=0x9223372036854775808 one=0x0
    -> [heavy] 9 analysis fact(s) on 40 boundary value(s)
    -> [mv] T3: not a bounds shape (idx vs invariant count)
    -> [ind L0] BASE (1 phi(s) = entry): SAT (WARNING: Potential Integer Overflow Bug Detected!) [Query Latency: 0.725416 ms]
    -> SAT (WARNING: Potential Integer Overflow Bug Detected!) [Query Latency: 1.862958 ms]
    -> [mv] still SAT under 15 hypothesis candidate(s): not versionable
  -> Found UB Trap. Starting Backward Slice...
    -> Guard[0] (true edge of ''):  %.not = icmp eq i64 %18, 0
    -> Guard[1] (true edge of ''):  %.not126 = icmp eq i64 %26, 0
    -> Guard[2] (false edge of ''):  %23 = icmp eq i64 %22, 0
    -> Guard[3] (false edge of 'entry'):  %11 = icmp samesign ult i64 %10, 2
    -> Collected 4 dominating context guard(s).
    -> Fact[RM:0] i64 %10 in [0,9223372036854775807) (!range)
    -> Fact[KB:1] i64 %10 known bits zero=0x9223372036854775808 one=0x0
    -> Fact[LVI:2] i64 %10 in [2,9223372036854775807) (LVI @ )
    -> Fact[LVI:3] i64 %17 in [0,-2305843009213693952) (LVI @ )
    -> [heavy] 4 analysis fact(s) on 6 boundary value(s)
    -> [ind] trap not in a loop
    -> SAT (WARNING: Potential Integer Overflow Bug Detected!) [Query Latency: 0.169833 ms]
    -> [mv] trap not inside a loop: not versionable
  -> Found UB Trap. Starting Backward Slice...
    -> Guard[0] (true edge of ''):  %.not = icmp eq i64 %18, 0
    -> Guard[1] (true edge of ''):  %.not126 = icmp eq i64 %26, 0
    -> Guard[2] (false edge of ''):  %23 = icmp eq i64 %22, 0
    -> Guard[3] (false edge of 'entry'):  %11 = icmp samesign ult i64 %10, 2
    -> Collected 4 dominating context guard(s).
    -> Fact[RM:0] i64 %10 in [0,9223372036854775807) (!range)
    -> Fact[KB:1] i64 %10 known bits zero=0x9223372036854775808 one=0x0
    -> Fact[LVI:2] i64 %10 in [2,9223372036854775807) (LVI @ )
    -> Fact[LVI:3] i64 %17 in [0,-2305843009213693952) (LVI @ )
    -> [heavy] 4 analysis fact(s) on 6 boundary value(s)
    -> [ind] trap not in a loop
    -> SAT (WARNING: Potential Integer Overflow Bug Detected!) [Query Latency: 0.146500 ms]
    -> [mv] trap not inside a loop: not versionable
  => Total Traps Eliminated: 7
  => Traps Folded In Fast Copies (mv): 1
  => Total Trap Attempts: 25
  => Total SMT Queries Executed: 25
  => Total SMT Query Latency: 2.522199e+02 ms
  => Average SMT Query Latency: 1.008880e+01 ms
  => Total DFS & SMT Execution Time: 4.787283e+02 ms
--------------------------------------------------

[Z3 Oracle] Analyzing Function: $sSaySayxGqd__c7ElementQyd__RszSTRd__lufCs5UInt8V_10Foundation4DataVTt0g5
  [tier: heavy]
  -> Found UB Trap. Starting Backward Slice...
    -> Collected 0 dominating context guard(s).
    -> [heavy] 0 analysis fact(s) on 2 boundary value(s)
    -> [ind] trap not in a loop
    -> SAT (WARNING: Potential Integer Overflow Bug Detected!) [Query Latency: 0.469500 ms]
    -> [mv] trap not inside a loop: not versionable
  -> Found UB Trap. Starting Backward Slice...
    -> Guard[0] (false edge of ''):  %33 = icmp eq i64 %32, 0
    -> Collected 1 dominating context guard(s).
    -> [heavy] 0 analysis fact(s) on 5 boundary value(s)
    -> [ind] trap not in a loop
    -> SAT (WARNING: Potential Integer Overflow Bug Detected!) [Query Latency: 0.365458 ms]
    -> [mv] trap not inside a loop: not versionable
  -> Found UB Trap. Starting Backward Slice...
    -> Collected 0 dominating context guard(s).
    -> [heavy] 0 analysis fact(s) on 1 boundary value(s)
    -> [ind] trap not in a loop
    -> SAT (WARNING: Potential Integer Overflow Bug Detected!) [Query Latency: 0.265125 ms]
    -> [mv] trap not inside a loop: not versionable
  => Total Traps Eliminated: 0
  => Traps Folded In Fast Copies (mv): 0
  => Total Trap Attempts: 3
  => Total SMT Queries Executed: 3
  => Total SMT Query Latency: 1.100083e+00 ms
  => Average SMT Query Latency: 3.666943e-01 ms
  => Total DFS & SMT Execution Time: 3.402291e+00 ms
--------------------------------------------------

[Z3 Oracle] Analyzing Function: $s6sha2564rotrys6UInt32VAD_ADtF
  [tier: heavy]
  -> Found UB Trap. Starting Backward Slice...
    -> Collected 0 dominating context guard(s).
    -> [heavy] 0 analysis fact(s) on 1 boundary value(s)
    -> [ind] trap not in a loop
    -> SAT (WARNING: Potential Integer Overflow Bug Detected!) [Query Latency: 0.069459 ms]
    -> [mv] trap not inside a loop: not versionable
  => Total Traps Eliminated: 0
  => Traps Folded In Fast Copies (mv): 0
  => Total Trap Attempts: 1
  => Total SMT Queries Executed: 1
  => Total SMT Query Latency: 6.945900e-02 ms
  => Average SMT Query Latency: 6.945900e-02 ms
  => Total DFS & SMT Execution Time: 5.666670e-01 ms
--------------------------------------------------

[Z3 Oracle] Analyzing Function: $ss13_parseInteger5ascii5radixq_Sgx_SitSyRzs010FixedWidthB0R_r0_lFSS_SiTg5
  [tier: heavy]
  => Total Traps Eliminated: 0
  => Traps Folded In Fast Copies (mv): 0
  => Total Trap Attempts: 0
  => Total SMT Queries Executed: 0
  => Total SMT Query Latency: 0.000000e+00 ms
  => Average SMT Query Latency: 0.000000e+00 ms
  => Total DFS & SMT Execution Time: 1.600000e-02 ms
--------------------------------------------------

[Z3 Oracle] Analyzing Function: __swift_instantiateConcreteTypeFromMangledNameV2
  [tier: heavy]
  => Total Traps Eliminated: 0
  => Traps Folded In Fast Copies (mv): 0
  => Total Trap Attempts: 0
  => Total SMT Queries Executed: 0
  => Total SMT Query Latency: 0.000000e+00 ms
  => Average SMT Query Latency: 0.000000e+00 ms
  => Total DFS & SMT Execution Time: 8.333000e-03 ms
--------------------------------------------------

[Z3 Oracle] Analyzing Function: $ss13_parseInteger5ascii5radixq_Sgx_SitSyRzs010FixedWidthB0R_r0_lFADSRys5UInt8VGXEfU_SS_SiTg5
  [tier: heavy]
  -> Found UB Trap. Starting Backward Slice...
    -> Collected 0 dominating context guard(s).
    -> [heavy] 0 analysis fact(s) on 1 boundary value(s)
    -> [ind] trap not in a loop
    -> SAT (WARNING: Potential Integer Overflow Bug Detected!) [Query Latency: 0.115875 ms]
    -> [mv] trap not inside a loop: not versionable
  -> Found UB Trap. Starting Backward Slice...
    -> Collected 0 dominating context guard(s).
    -> [heavy] 0 analysis fact(s) on 1 boundary value(s)
    -> [ind] trap not in a loop
    -> SAT (WARNING: Potential Integer Overflow Bug Detected!) [Query Latency: 0.066875 ms]
    -> [mv] trap not inside a loop: not versionable
  => Total Traps Eliminated: 0
  => Traps Folded In Fast Copies (mv): 0
  => Total Trap Attempts: 2
  => Total SMT Queries Executed: 2
  => Total SMT Query Latency: 1.827500e-01 ms
  => Average SMT Query Latency: 9.137500e-02 ms
  => Total DFS & SMT Execution Time: 1.217166e+00 ms
--------------------------------------------------

[Z3 Oracle] Analyzing Function: $sSS8_copyingyS2SFZ
  [tier: heavy]
  => Total Traps Eliminated: 0
  => Traps Folded In Fast Copies (mv): 0
  => Total Trap Attempts: 0
  => Total SMT Queries Executed: 0
  => Total SMT Query Latency: 0.000000e+00 ms
  => Average SMT Query Latency: 0.000000e+00 ms
  => Total DFS & SMT Execution Time: 7.833000e-03 ms
--------------------------------------------------

[Z3 Oracle] Analyzing Function: $sSlsEy11SubSequenceQzqd__cSXRd__5BoundQyd__5IndexRtzluigSS_s16PartialRangeFromVySSAEVGTgq5
  [tier: heavy]
  -> Found UB Trap. Starting Backward Slice...
    -> Collected 0 dominating context guard(s).
    -> [heavy] 0 analysis fact(s) on 3 boundary value(s)
    -> [ind] trap not in a loop
    -> SAT (WARNING: Potential Integer Overflow Bug Detected!) [Query Latency: 0.261792 ms]
    -> [mv] trap not inside a loop: not versionable
  => Total Traps Eliminated: 0
  => Traps Folded In Fast Copies (mv): 0
  => Total Trap Attempts: 1
  => Total SMT Queries Executed: 1
  => Total SMT Query Latency: 2.617920e-01 ms
  => Average SMT Query Latency: 2.617920e-01 ms
  => Total DFS & SMT Execution Time: 8.026250e-01 ms
--------------------------------------------------

[Z3 Oracle] Analyzing Function: $sSS8_copyingySSSsFZ
  [tier: heavy]
  -> Found UB Trap. Starting Backward Slice...
    -> Guard[0] (false edge of ''):  %11 = icmp eq i64 %10, 0
    -> Guard[1] (false edge of 'entry'):  %8 = icmp eq i64 %7, 0
    -> Collected 2 dominating context guard(s).
    -> Fact[LVI:0] i64 %6 in [1152921504606846976,0) (LVI @ )
    -> Fact[LVI:1] i64 %10 in [1,0) (LVI @ )
    -> [heavy] 2 analysis fact(s) on 3 boundary value(s)
    -> [ind] trap not in a loop
    -> SAT (WARNING: Potential Integer Overflow Bug Detected!) [Query Latency: 0.123625 ms]
    -> [mv] trap not inside a loop: not versionable
  => Total Traps Eliminated: 0
  => Traps Folded In Fast Copies (mv): 0
  => Total Trap Attempts: 1
  => Total SMT Queries Executed: 1
  => Total SMT Query Latency: 1.236250e-01 ms
  => Average SMT Query Latency: 1.236250e-01 ms
  => Total DFS & SMT Execution Time: 7.938750e-01 ms
--------------------------------------------------

[Z3 Oracle] Analyzing Function: $ss22_ContiguousArrayBufferV19_uninitializedCount15minimumCapacityAByxGSi_SitcfCs5UInt8V_Tt1gq5
  [tier: heavy]
  => Total Traps Eliminated: 0
  => Traps Folded In Fast Copies (mv): 0
  => Total Trap Attempts: 0
  => Total SMT Queries Executed: 0
  => Total SMT Query Latency: 0.000000e+00 ms
  => Average SMT Query Latency: 0.000000e+00 ms
  => Total DFS & SMT Execution Time: 6.958000e-03 ms
--------------------------------------------------

[Z3 Oracle] Analyzing Function: $sSTsE21_copySequenceContents12initializing8IteratorQz_SitSry7ElementQzG_tFSs8UTF8ViewV_Tgq5
  [tier: heavy]
  -> Found UB Trap. Starting Backward Slice...
    -> Guard[0] (false edge of ''):  %11 = icmp eq i64 %2, 0
    -> Guard[1] (false edge of 'entry'):  %8 = icmp eq i64 %1, 0
    -> Collected 2 dominating context guard(s).
    -> Fact[LVI:0] i64 %1 in [1,0) (LVI @ )
    -> Fact[LVI:1] i64 %2 in [1,0) (LVI @ )
    -> [heavy] 2 analysis fact(s) on 2 boundary value(s)
    -> [ind] trap not in a loop
    -> SAT (WARNING: Potential Integer Overflow Bug Detected!) [Query Latency: 0.089958 ms]
    -> [mv] trap not inside a loop: not versionable
  -> Found UB Trap. Starting Backward Slice...
    -> Guard[0] (false edge of ''):  %17 = icmp eq i64 %16, %14
    -> Guard[1] (false edge of ''):  %13 = icmp slt i64 %2, 0
    -> Guard[2] (false edge of ''):  %11 = icmp eq i64 %2, 0
    -> Guard[3] (false edge of 'entry'):  %8 = icmp eq i64 %1, 0
    -> Collected 4 dominating context guard(s).
    -> [heavy] 0 analysis fact(s) on 8 boundary value(s)
    -> [mv] T3: trap condition not an ICmp
    -> [ind L0] BASE (3 phi(s) = entry): SAT (WARNING: Potential Integer Overflow Bug Detected!) [Query Latency: 0.402166 ms]
    -> SAT (WARNING: Potential Integer Overflow Bug Detected!) [Query Latency: 0.542958 ms]
    -> [mv] still SAT under 18 hypothesis candidate(s): not versionable
  -> Found UB Trap. Starting Backward Slice...
    -> Guard[0] (false edge of ''):  %21 = icmp eq i64 %20, 0
    -> Guard[1] (false edge of ''):  %48 = or i1 %46, %47
    -> Guard[2] (false edge of ''):  %17 = icmp eq i64 %16, %14
    -> Guard[3] (false edge of ''):  %13 = icmp slt i64 %2, 0
    -> Guard[4] (false edge of ''):  %11 = icmp eq i64 %2, 0
    -> Guard[5] (false edge of 'entry'):  %8 = icmp eq i64 %1, 0
    -> Collected 6 dominating context guard(s).
    -> Fact[LVI:0] i64 %19 in [1152921504606846976,0) (LVI @ )
    -> [heavy] 1 analysis fact(s) on 9 boundary value(s)
    -> [mv] T3: refused, bound not invariant in the trap loop: (%72 /u 65536)
    -> [ind L0] BASE (3 phi(s) = entry): SAT (WARNING: Potential Integer Overflow Bug Detected!) [Query Latency: 0.488958 ms]
    -> SAT (WARNING: Potential Integer Overflow Bug Detected!) [Query Latency: 0.454583 ms]
    -> [mv] hypothesis contradicts the context: refusing (H vacuous): {%35 >u 281474976710655}
  => Total Traps Eliminated: 0
  => Traps Folded In Fast Copies (mv): 0
  => Total Trap Attempts: 3
  => Total SMT Queries Executed: 3
  => Total SMT Query Latency: 3.281166e+00 ms
  => Average SMT Query Latency: 1.093722e+00 ms
  => Total DFS & SMT Execution Time: 7.428583e+00 ms
--------------------------------------------------

[Z3 Oracle] Analyzing Function: $ss11_StringGutsV27_slowEnsureMatchingEncodingySS5IndexVAEF
  [tier: heavy]
  => Total Traps Eliminated: 0
  => Traps Folded In Fast Copies (mv): 0
  => Total Trap Attempts: 0
  => Total SMT Queries Executed: 0
  => Total SMT Query Latency: 0.000000e+00 ms
  => Average SMT Query Latency: 0.000000e+00 ms
  => Total DFS & SMT Execution Time: 8.292000e-03 ms
--------------------------------------------------

[Z3 Oracle] Analyzing Function: $s10Foundation4DataV15_RepresentationOWOe
  [tier: heavy]
  => Total Traps Eliminated: 0
  => Traps Folded In Fast Copies (mv): 0
  => Total Trap Attempts: 0
  => Total SMT Queries Executed: 0
  => Total SMT Query Latency: 0.000000e+00 ms
  => Average SMT Query Latency: 0.000000e+00 ms
  => Total DFS & SMT Execution Time: 5.084000e-03 ms
--------------------------------------------------
