swiftc: swift-driver version: 1.148.6 Apple Swift version 6.3.3 (swiftlang-6.3.3.1.3 clang-2100.1.1.101)
opt   : LLVM (http://llvm.org/):
reps  : 10   kernel: adler32   runargs: '3000 perf_test/sha_input.bin'

==== PHASE A: building ====
  built base     traps   39->38   bin    55296 B  eliminated 0
  built base2x   traps   39->38   bin    55296 B  eliminated 0
  built oracle   traps   39->37   bin    55296 B  eliminated 1
==== PHASE B: output equivalence gate ====
  outputs byte-identical across all configs -- gate passed
==== PHASE C: 10 shuffled reps x 3 configs ====
  rep 1/10
  rep 2/10
  rep 3/10
  rep 4/10
  rep 5/10
  rep 6/10
  rep 7/10
  rep 8/10
  rep 9/10
  rep 10/10

config      median       min       avg  audit
base        0.7656    0.7589    0.7652  ok
base2x      0.7661    0.7595    0.7693  ok
oracle      0.7767    0.7728    0.7764  ok
oracle vs base: -1.45% (median)
oracle vs base2x: -1.40% (median)

CSV appended: /Users/ebrah/Project/compiler/ODeSSy/evaluation/perf_swift.csv   (rerun with REPS=15 on the server for the real number)
