==== rebuilding pass ====
ninja: no work to do.
==== oracle-stage parallelism: JOBS=5 x THREADS=8 ====
==== minigzip driver (unsanitized, shared by every build) ====

==== PHASE A: building all binaries ====
  built signed.base      traps   125->125   bin   199928 B text   183750 B compile    5.620s (smt 0.000s)
  built signed.base2x    traps   125->125   bin   195832 B text   182662 B compile    7.609s (smt 0.000s)
  built signed.oracle    traps   125->113   bin   195832 B text   182454 B compile   26.495s (smt 18.863s)
  built unsigned.base    traps  1221->1221  bin   204024 B text   189766 B compile    5.587s (smt 0.000s)
  built unsigned.base2x  traps  1221->1219  bin   212216 B text   195678 B compile    7.869s (smt 0.000s)
  built unsigned.oracle  traps  1221->1081  bin   208120 B text   194558 B compile   92.064s (smt 84.202s)
  built both.base        traps  1298->1298  bin   208120 B text   192094 B compile    5.712s (smt 0.000s)
  built both.base2x      traps  1298->1296  bin   212216 B text   197286 B compile    8.026s (smt 0.000s)
  built both.oracle      traps  1298->1156  bin   212216 B text   196278 B compile  133.649s (smt 125.675s)

==== PHASE B: corpora (8 MB) ====
  corpus dir: /dev/shm/odessy_corpus.463691
  corpus 8 MB ready

==== cooldown 5s after compile phase (thermal settle) ====
==== PHASE C: warmup ====  [pin: numactl --cpunodebind=0 --membind=0]
==== PHASE D: 1 shuffled reps x 9 (binary x size) pairs ====
  rep 1/1  (22:34:07)

spec      config     MB   t_in  t_fin      bin_B    text_B   total_s   min_run   avg_run
signed    base        8    125    125     199928    183750     5.620     2.133     2.133
signed    base2x      8    125    125     195832    182662     7.609     2.143     2.143
signed    oracle      8    125    113     195832    182454    26.495     2.384     2.384
unsigned  base        8   1221   1221     204024    189766     5.587     1.999     1.999
unsigned  base2x      8   1221   1219     212216    195678     7.869     2.153     2.153
unsigned  oracle      8   1221   1081     208120    194558    92.064     1.983     1.983
both      base        8   1298   1298     208120    192094     5.712     2.063     2.063
both      base2x      8   1298   1296     212216    197286     8.026     2.070     2.070
both      oracle      8   1298   1156     212216    196278   133.649     2.234     2.234

CSV: /mydata/ODeSSy/evaluation/perf_zlib.csv   (then: python3 make_perf_report.py)   [oracle stage JOBS=5 x THREADS=8]
Cold-path check: if %-speedup shrinks 8 -> 64 -> 256 MB, the savings are
constant-per-invocation (cold path); flat % means a scaled path changed.
