ninja: no work to do.
==== dial matrix: threads [1 2 4 8 10] x timeout [1 10 100 1000 10000] ms, REPS=3, input=results/static/compile_cost/ir/zlib_deflate.ll ====
 threads timeout_ms    rep   wall_s  unsat    sat  unknown
       1          1      1   23.314      9     37      445
       1          1      2   23.266      9     37      445
       1          1      3   23.444      9     36      446
       1         10      1   26.610     32    218      245
       1         10      2   26.535     32    221      242
       1         10      3   26.247     33    223      239
       1        100      1   39.998     43    376       78
       1        100      2   40.285     42    369       85
       1        100      3   40.786     45    379       75
       1       1000      1   49.673     52    452        2
       1       1000      2   49.762     52    452        2
       1       1000      3   48.122     52    452        2
       1      10000      1   59.916     54    452        0
       1      10000      2   59.338     54    452        0
       1      10000      3   61.104     54    452        0
       2          1      1   15.812      9     33      449
       2          1      2   15.946      8     32      451
       2          1      3   15.987      7     33      451
       2         10      1   17.411     32    214      249
       2         10      2   17.597     32    215      248
       2         10      3   17.457     32    215      248
       2        100      1   24.395     43    373       82
       2        100      2   24.183     43    374       80
       2        100      3   24.343     43    372       82
       2       1000      1   28.603     52    452        2
       2       1000      2   28.444     52    452        2
       2       1000      3   28.832     52    452        2
       2      10000      1   34.719     54    452        0
       2      10000      2   34.780     54    452        0
       2      10000      3   35.118     54    452        0
       4          1      1   11.882      7     32      452
       4          1      2   11.873      6     32      453
       4          1      3   11.983      6     31      454
       4         10      1   12.535     32    216      247
       4         10      2   12.441     32    212      251
       4         10      3   12.675     32    211      252
       4        100      1   16.044     44    360       95
       4        100      2   16.256     44    367       87
       4        100      3   16.063     45    370       84
       4       1000      1   18.601     52    452        2
       4       1000      2   18.917     52    452        2
       4       1000      3   18.303     52    452        2
       4      10000      1   21.512     54    452        0
       4      10000      2   22.149     53    452        1
       4      10000      3   21.371     54    452        0
       8          1      1   10.640      5     32      454
       8          1      2   10.553      5     29      457
       8          1      3   10.641      5     29      457
       8         10      1   10.834     32    206      257
       8         10      2   10.755     32    207      256
       8         10      3   10.846     32    206      257
       8        100      1   12.291     42    345      110
       8        100      2   12.210     41    331      124
       8        100      3   12.239     41    340      115
       8       1000      1   14.250     52    452        2
       8       1000      2   13.990     51    451        3
       8       1000      3   13.979     52    452        2
       8      10000      1   17.054     54    452        0
       8      10000      2   16.125     54    452        0
       8      10000      3   16.150     54    452        0
      10          1      1   10.463      5     27      459
      10          1      2   10.381      5     27      459
      10          1      3   10.542      5     30      456
      10         10      1   10.471     32    204      259
      10         10      2   10.581     32    209      254
      10         10      3   10.574     32    206      257
      10        100      1   11.418     41    332      123
      10        100      2   11.551     42    329      126
      10        100      3   11.545     42    346      109
      10       1000      1   12.982     52    452        2
      10       1000      2   13.094     52    452        2
      10       1000      3   12.921     52    452        2
      10      10000      1   16.760     54    452        0
      10      10000      2   17.666     54    452        0
      10      10000      3   16.660     54    452        0
CSV: evaluation/dial_matrix_x86_current.csv   (then: python3 tools/plot_dial_matrix.py)
