
=== [2026-10-01 14:25:59] ENV ===
b3aa120f4b38c2c5093372579ec528eba132566c

=== [2026-10-01 14:26:03] adler32 [fast] ===
swiftc: Swift version 6.3.3 (swift-6.3.3-RELEASE)  sdk: default
opt   : LLVM (http://llvm.org/):
reps  : 30   kernel: adler32   runargs: '7100 perf_test/sha_input.bin'

==== PHASE A: building ====
  built base     traps   42->42   bin    27632 B  eliminated 0
  built base2x   traps   42->42   bin    27632 B  eliminated 0
  built oracle   traps   42->41   bin    27632 B  eliminated 1 (+1 folded in mv fast copies)
==== PHASE B: output equivalence gate ====
  outputs byte-identical across all configs -- gate passed
==== PHASE C: 30 shuffled reps x configs [base base2x oracle] ====
  rep 1/30
  rep 2/30
  rep 3/30
  rep 4/30
  rep 5/30
  rep 6/30
  rep 7/30
  rep 8/30
  rep 9/30
  rep 10/30
  rep 11/30
  rep 12/30
  rep 13/30
  rep 14/30
  rep 15/30
  rep 16/30
  rep 17/30
  rep 18/30
  rep 19/30
  rep 20/30
  rep 21/30
  rep 22/30
  rep 23/30
  rep 24/30
  rep 25/30
  rep 26/30
  rep 27/30
  rep 28/30
  rep 29/30
  rep 30/30

config      median       min       avg  audit
base        4.9164    4.8898    4.9158  ok
base2x      4.9171    4.8892    4.9164  ok
oracle      4.7317    4.7010    4.7363  ok
oracle vs base: +3.76% (median)
oracle vs base2x: +3.77% (median)
speedup: 1.0390x vs base, 1.0392x vs base2x; noise floor base/base2x 0.9999x

CSV appended: /mydata/ODeSSy/evaluation/perf_swift.csv   (rerun with REPS=15 on the server for the real number)

=== [2026-10-01 14:35:16] sha1 [fast] ===
swiftc: Swift version 6.3.3 (swift-6.3.3-RELEASE)  sdk: default
opt   : LLVM (http://llvm.org/):
reps  : 30   kernel: sha1   runargs: '900 perf_test/sha_input.bin'

==== PHASE A: building ====
  built base     traps   28->27   bin    27616 B  eliminated 0
  built base2x   traps   28->27   bin    27616 B  eliminated 0
  built oracle   traps   28->26   bin    27616 B  eliminated 2
==== PHASE B: output equivalence gate ====
  outputs byte-identical across all configs -- gate passed
==== PHASE C: 30 shuffled reps x configs [base base2x oracle] ====
  rep 1/30
  rep 2/30
  rep 3/30
  rep 4/30
  rep 5/30
  rep 6/30
  rep 7/30
  rep 8/30
  rep 9/30
  rep 10/30
  rep 11/30
  rep 12/30
  rep 13/30
  rep 14/30
  rep 15/30
  rep 16/30
  rep 17/30
  rep 18/30
  rep 19/30
  rep 20/30
  rep 21/30
  rep 22/30
  rep 23/30
  rep 24/30
  rep 25/30
  rep 26/30
  rep 27/30
  rep 28/30
  rep 29/30
  rep 30/30

config      median       min       avg  audit
base        4.6493    4.6399    4.6531  ok
base2x      4.6505    4.6434    4.6547  ok
oracle      4.8806    4.8480    4.8814  ok
oracle vs base: -4.97% (median)
oracle vs base2x: -4.95% (median)
speedup: 0.9526x vs base, 0.9529x vs base2x; noise floor base/base2x 0.9997x

CSV appended: /mydata/ODeSSy/evaluation/perf_swift.csv   (rerun with REPS=15 on the server for the real number)

=== [2026-10-01 14:44:09] md5 [fast] ===
swiftc: Swift version 6.3.3 (swift-6.3.3-RELEASE)  sdk: default
opt   : LLVM (http://llvm.org/):
reps  : 30   kernel: md5   runargs: '1200 perf_test/sha_input.bin'

==== PHASE A: building ====
  built base     traps   29->29   bin    28624 B  eliminated 0
  built base2x   traps   29->29   bin    28624 B  eliminated 0
  built oracle   traps   29->28   bin    28624 B  eliminated 1
==== PHASE B: output equivalence gate ====
  outputs byte-identical across all configs -- gate passed
==== PHASE C: 30 shuffled reps x configs [base base2x oracle] ====
  rep 1/30
  rep 2/30
  rep 3/30
  rep 4/30
  rep 5/30
  rep 6/30
  rep 7/30
  rep 8/30
  rep 9/30
  rep 10/30
  rep 11/30
  rep 12/30
  rep 13/30
  rep 14/30
  rep 15/30
  rep 16/30
  rep 17/30
  rep 18/30
  rep 19/30
  rep 20/30
  rep 21/30
  rep 22/30
  rep 23/30
  rep 24/30
  rep 25/30
  rep 26/30
  rep 27/30
  rep 28/30
  rep 29/30
  rep 30/30

config      median       min       avg  audit
base        6.9626    6.9596    6.9684  ok
base2x      6.9630    6.9587    6.9673  ok
oracle      7.0857    6.9670    7.0738  ok
oracle vs base: -1.77% (median)
oracle vs base2x: -1.76% (median)
speedup: 0.9826x vs base, 0.9827x vs base2x; noise floor base/base2x 0.9999x

CSV appended: /mydata/ODeSSy/evaluation/perf_swift.csv   (rerun with REPS=15 on the server for the real number)

=== [2026-10-01 14:56:34] rust matmul [fast] ===
kernel=/mydata/ODeSSy/native_bench/matmul_bench.rs args=4 reps=30
rustc: rustc 1.97.1 (8bab26f4f 2026-07-14)
passes: oracle-pass<heavy;frame;mv;narrow;timeout=10;threads=10;traps=panic>
kernel object: /mydata/ODeSSy/perf_test/rust_matmul_bench/checked.matmul_bench.5e18e8e9434cff86-cgu.0.rcgu.o
  built base   traps 7   bin 4352432 B
  built base2x   traps 7   bin 4352432 B
  oracle [oracle-pass<heavy;frame;mv;narrow;timeout=10;threads=10;traps=panic>]: eliminated 0, mv folds 2 (UNSAT verdicts: 0)
  built oracle   traps 7   bin 4352608 B
  outputs byte-identical across all configs -- gate passed

config        median       min       avg
base          1.8092    1.7910    1.8341
base2x        1.8110    1.7890    1.8292
oracle        1.3542    1.3209    1.3803
checked       1.8096    1.7862    1.8365
unchecked     1.2845    1.2651    1.2971
oracle   vs base  : +33.61% (median)   vs base2x: +33.74%
ceiling (checked vs unchecked twin): 40.88%
recovery oracle: 82.2% of ceiling

=== [2026-10-01 15:00:49] FAST TIER 1001 DONE ===
