
=== [2026-08-18 13:02:27] ENV + workloads ===

-rw-r--r-- 1 AmiraliE odessy-PG0 1048576 Aug 18 13:02 perf_test/sha_input.bin

=== [2026-08-18 13:02:27] SMOKE: sha1 gate must pass (REPS=1) before burning time ===

swiftc: Swift version 6.3.3 (swift-6.3.3-RELEASE)
opt   : LLVM (http://llvm.org/):
reps  : 1   kernel: sha1   runargs: '900 perf_test/sha_input.bin'

==== PHASE A: building ====
  built base     traps   28->27   bin    27616 B  eliminated 0
  built base2x   traps   28->27   bin    27616 B  eliminated 0
  built oracle   traps   28->26   bin    27616 B  eliminated 2
==== PHASE B: output equivalence gate ====
  outputs byte-identical across all configs -- gate passed
==== PHASE C: 1 shuffled reps x 3 configs ====
  rep 1/1

config      median       min       avg  audit
base        4.6714    4.6714    4.6714  ok
base2x      4.6529    4.6529    4.6529  ok
oracle      4.9173    4.9173    4.9173  ok
oracle vs base: -5.26% (median)
oracle vs base2x: -5.68% (median)

CSV appended: /mydata/ODeSSy/evaluation/perf_swift.csv   (rerun with REPS=15 on the server for the real number)

=== [2026-08-18 13:02:58] JOB1a sha1 relottery A (REPS=30) ===

swiftc: Swift version 6.3.3 (swift-6.3.3-RELEASE)
opt   : LLVM (http://llvm.org/):
reps  : 30   kernel: sha1   runargs: '900 perf_test/sha_input.bin'

==== PHASE A: building ====
  built base     traps   28->27   bin    27616 B  eliminated 0
  built base2x   traps   28->27   bin    27616 B  eliminated 0
  built oracle   traps   28->26   bin    27616 B  eliminated 2
==== PHASE B: output equivalence gate ====
  outputs byte-identical across all configs -- gate passed
==== PHASE C: 30 shuffled reps x 3 configs ====
  rep 1/30
  rep 2/30
  rep 3/30
  rep 4/30
  rep 5/30
  rep 6/30
  rep 7/30
  rep 8/30
  rep 9/30
  rep 10/30
  rep 11/30
  rep 12/30
  rep 13/30
  rep 14/30
  rep 15/30
  rep 16/30
  rep 17/30
  rep 18/30
  rep 19/30
  rep 20/30
  rep 21/30
  rep 22/30
  rep 23/30
  rep 24/30
  rep 25/30
  rep 26/30
  rep 27/30
  rep 28/30
  rep 29/30
  rep 30/30

config      median       min       avg  audit
base        4.6508    4.6476    4.6635  ok
base2x      4.6510    4.6382    4.6620  ok
oracle      4.8670    4.8415    4.8830  ok
oracle vs base: -4.65% (median)
oracle vs base2x: -4.65% (median)

CSV appended: /mydata/ODeSSy/evaluation/perf_swift.csv   (rerun with REPS=15 on the server for the real number)

=== [2026-08-18 13:11:52] JOB1b sha1 relottery B (REPS=30) ===

swiftc: Swift version 6.3.3 (swift-6.3.3-RELEASE)
opt   : LLVM (http://llvm.org/):
reps  : 30   kernel: sha1   runargs: '900 perf_test/sha_input.bin'

==== PHASE A: building ====
  built base     traps   28->27   bin    27616 B  eliminated 0
  built base2x   traps   28->27   bin    27616 B  eliminated 0
  built oracle   traps   28->26   bin    27616 B  eliminated 2
==== PHASE B: output equivalence gate ====
  outputs byte-identical across all configs -- gate passed
==== PHASE C: 30 shuffled reps x 3 configs ====
  rep 1/30
  rep 2/30
  rep 3/30
  rep 4/30
  rep 5/30
  rep 6/30
  rep 7/30
  rep 8/30
  rep 9/30
  rep 10/30
  rep 11/30
  rep 12/30
  rep 13/30
  rep 14/30
  rep 15/30
  rep 16/30
  rep 17/30
  rep 18/30
  rep 19/30
  rep 20/30
  rep 21/30
  rep 22/30
  rep 23/30
  rep 24/30
  rep 25/30
  rep 26/30
  rep 27/30
  rep 28/30
  rep 29/30
  rep 30/30

config      median       min       avg  audit
base        4.6531    4.6453    4.6623  ok
base2x      4.6530    4.6436    4.6604  ok
oracle      4.8776    4.8401    4.8828  ok
oracle vs base: -4.82% (median)
oracle vs base2x: -4.83% (median)

CSV appended: /mydata/ODeSSy/evaluation/perf_swift.csv   (rerun with REPS=15 on the server for the real number)

=== [2026-08-18 13:20:46] JOB2 sha256 anchor (REPS=30) — validates pipeline vs known +4.7/+5.0 ===

swiftc: Swift version 6.3.3 (swift-6.3.3-RELEASE)
opt   : LLVM (http://llvm.org/):
reps  : 30   kernel: sha256   runargs: '600 perf_test/sha_input.bin'

==== PHASE A: building ====
  built base     traps   40->40   bin    28368 B  eliminated 0
  built base2x   traps   40->40   bin    28368 B  eliminated 0
  built oracle   traps   40->35   bin    28368 B  eliminated 5
==== PHASE B: output equivalence gate ====
  outputs byte-identical across all configs -- gate passed
==== PHASE C: 30 shuffled reps x 3 configs ====
  rep 1/30
  rep 2/30
  rep 3/30
  rep 4/30
  rep 5/30
  rep 6/30
  rep 7/30
  rep 8/30
  rep 9/30
  rep 10/30
  rep 11/30
  rep 12/30
  rep 13/30
  rep 14/30
  rep 15/30
  rep 16/30
  rep 17/30
  rep 18/30
  rep 19/30
  rep 20/30
  rep 21/30
  rep 22/30
  rep 23/30
  rep 24/30
  rep 25/30
  rep 26/30
  rep 27/30
  rep 28/30
  rep 29/30
  rep 30/30

config      median       min       avg  audit
base        4.9277    4.9235    4.9278  ok
base2x      4.9169    4.9036    4.9167  ok
oracle      4.6836    4.6808    4.6840  ok
oracle vs base: +4.95% (median)
oracle vs base2x: +4.74% (median)

CSV appended: /mydata/ODeSSy/evaluation/perf_swift.csv   (rerun with REPS=15 on the server for the real number)
