swiftc: swift-driver version: 1.148.6 Apple Swift version 6.3.3 (swiftlang-6.3.3.1.3 clang-2100.1.1.101)
opt   : LLVM (http://llvm.org/):
reps  : 15   kernel: md5   runargs: '500 perf_test/sha_input.bin'

==== PHASE A: building ====
  built base     traps   26->25   bin    55576 B  eliminated 0
  built base2x   traps   26->25   bin    55576 B  eliminated 0
  built oracle   traps   26->20   bin    55576 B  eliminated 5
==== PHASE B: output equivalence gate ====
  outputs byte-identical across all configs -- gate passed
==== PHASE C: 15 shuffled reps x 3 configs ====
  rep 1/15
  rep 2/15
  rep 3/15
  rep 4/15
  rep 5/15
  rep 6/15
  rep 7/15
  rep 8/15
  rep 9/15
  rep 10/15
  rep 11/15
  rep 12/15
  rep 13/15
  rep 14/15
  rep 15/15

config      median       min       avg  audit
base        1.4936    1.4392    1.4987  OUTLIER(min<98%med)
base2x      1.4877    1.4406    1.4921  OUTLIER(min<98%med)
oracle      1.4896    1.4384    1.5021  OUTLIER(min<98%med)
oracle vs base: +0.27% (median)
oracle vs base2x: -0.13% (median)

CSV appended: /Users/ebrah/Project/compiler/ODeSSy/evaluation/perf_swift.csv   (rerun with REPS=15 on the server for the real number)
