swiftc: swift-driver version: 1.148.6 Apple Swift version 6.3.3 (swiftlang-6.3.3.1.3 clang-2100.1.1.101)
opt   : LLVM (http://llvm.org/):
reps  : 10   kernel: md5   runargs: '500 perf_test/sha_input.bin'

==== PHASE A: building ====
  built base     traps   26->25   bin    55576 B  eliminated 0
  built base2x   traps   26->25   bin    55576 B  eliminated 0
  built oracle   traps   26->20   bin    55576 B  eliminated 5
==== PHASE B: output equivalence gate ====
  outputs byte-identical across all configs -- gate passed
==== PHASE C: 10 shuffled reps x 3 configs ====
  rep 1/10
  rep 2/10
  rep 3/10
  rep 4/10
  rep 5/10
  rep 6/10
  rep 7/10
  rep 8/10
  rep 9/10
  rep 10/10

config      median       min       avg  audit
base        1.5353    1.4726    1.5353  OUTLIER(min<98%med)
base2x      1.5229    1.4565    1.5131  OUTLIER(min<98%med)
oracle      1.4836    1.4436    1.4888  OUTLIER(min<98%med)
oracle vs base: +3.37% (median)
oracle vs base2x: +2.58% (median)

CSV appended: /Users/ebrah/Project/compiler/ODeSSy/evaluation/perf_swift.csv   (rerun with REPS=15 on the server for the real number)
