==== rebuilding pass ====
ninja: no work to do.
==== oracle-stage parallelism: JOBS=10 ====
==== minigzip driver (unsanitized, shared by every build) ====

==== PHASE A: building all binaries ====
  built none.base        traps     0->0     bin   173280 B text   147456 B compile    1.882s (smt 0.000s)
  built signed.base      traps   125->125   bin   173280 B text   147456 B compile    1.772s (smt 0.000s)
  built signed.base2x    traps   125->125   bin   173280 B text   147456 B compile    2.564s (smt 0.000s)
  built signed.oracle    traps   125->115   bin   173280 B text   147456 B compile    2.625s (smt 0.189s)
  built unsigned.base    traps  1222->1222  bin   189792 B text   163840 B compile    1.928s (smt 0.000s)
  built unsigned.base2x  traps  1222->1222  bin   189792 B text   163840 B compile    2.596s (smt 0.000s)
  built unsigned.oracle  traps  1222->1078  bin   189792 B text   163840 B compile   58.700s (smt 55.932s)
  built both.base        traps  1299->1299  bin   189792 B text   163840 B compile    2.094s (smt 0.000s)
  built both.base2x      traps  1299->1299  bin   189792 B text   163840 B compile    2.772s (smt 0.000s)
  built both.oracle      traps  1299->1151  bin   189792 B text   163840 B compile   27.035s (smt 24.259s)

==== PHASE B: corpora (8 64 512 MB) ====
  corpus 8 MB ready
  corpus 64 MB ready
  corpus 512 MB ready

==== cooldown 60s after compile phase (thermal settle) ====
==== PHASE C: warmup ====
run_zlib_perf.sh: line 220: 70651 Trace/BPT trap: 5          "${B_PATH[$k]}" -"$LEVEL" < "${CORPUS[$mb]}" > /dev/null 2>&1
  [TRAP] unsigned.base @512MB warmup died rc=133 -- a trap fired!
run_zlib_perf.sh: line 220: 70665 Trace/BPT trap: 5          "${B_PATH[$k]}" -"$LEVEL" < "${CORPUS[$mb]}" > /dev/null 2>&1
  [TRAP] unsigned.base2x @512MB warmup died rc=133 -- a trap fired!
run_zlib_perf.sh: line 220: 70674 Trace/BPT trap: 5          "${B_PATH[$k]}" -"$LEVEL" < "${CORPUS[$mb]}" > /dev/null 2>&1
  [TRAP] unsigned.oracle @512MB warmup died rc=133 -- a trap fired!
run_zlib_perf.sh: line 220: 70684 Trace/BPT trap: 5          "${B_PATH[$k]}" -"$LEVEL" < "${CORPUS[$mb]}" > /dev/null 2>&1
  [TRAP] both.base @512MB warmup died rc=133 -- a trap fired!
run_zlib_perf.sh: line 220: 70701 Trace/BPT trap: 5          "${B_PATH[$k]}" -"$LEVEL" < "${CORPUS[$mb]}" > /dev/null 2>&1
  [TRAP] both.base2x @512MB warmup died rc=133 -- a trap fired!
run_zlib_perf.sh: line 220: 70722 Trace/BPT trap: 5          "${B_PATH[$k]}" -"$LEVEL" < "${CORPUS[$mb]}" > /dev/null 2>&1
  [TRAP] both.oracle @512MB warmup died rc=133 -- a trap fired!
==== PHASE D: 10 shuffled reps x 30 (binary x size) pairs ====
  rep 1/10  (19:42:55)
run_zlib_perf.sh: line 235: 70783 Trace/BPT trap: 5          "${B_PATH[$k]}" -"$LEVEL" < "${CORPUS[$mb]}" > /dev/null 2>&1
  [TRAP] unsigned.oracle @512MB rep 1 died rc=133 -- a trap fired!
run_zlib_perf.sh: line 235: 70790 Trace/BPT trap: 5          "${B_PATH[$k]}" -"$LEVEL" < "${CORPUS[$mb]}" > /dev/null 2>&1
  [TRAP] both.base @512MB rep 1 died rc=133 -- a trap fired!
run_zlib_perf.sh: line 235: 70834 Trace/BPT trap: 5          "${B_PATH[$k]}" -"$LEVEL" < "${CORPUS[$mb]}" > /dev/null 2>&1
  [TRAP] both.oracle @512MB rep 1 died rc=133 -- a trap fired!
