==== rebuilding pass ====
ninja: no work to do.
==== oracle-stage parallelism: JOBS=10 ====
==== minigzip driver (unsanitized, shared by every build) ====

==== PHASE A: building all binaries ====
  built none.base        traps     0->0     bin   173280 B text   147456 B compile    1.896s (smt 0.000s)
  built signed.base      traps   125->125   bin   173280 B text   147456 B compile    1.783s (smt 0.000s)
  built signed.base2x    traps   125->125   bin   173280 B text   147456 B compile    2.545s (smt 0.000s)
  built signed.oracle    traps   125->115   bin   173280 B text   147456 B compile    2.623s (smt 0.175s)
  built unsigned.base    traps  1222->1222  bin   189792 B text   163840 B compile    1.900s (smt 0.000s)
  built unsigned.base2x  traps  1222->1222  bin   189792 B text   163840 B compile    2.572s (smt 0.000s)
  built unsigned.oracle  traps  1222->1078  bin   189792 B text   163840 B compile   62.975s (smt 60.368s)
  built both.base        traps  1299->1299  bin   189792 B text   163840 B compile    2.016s (smt 0.000s)
  built both.base2x      traps  1299->1299  bin   189792 B text   163840 B compile    2.697s (smt 0.000s)
  built both.oracle      traps  1299->1151  bin   189792 B text   163840 B compile   28.134s (smt 25.424s)

==== PHASE B: corpora (128 256 MB) ====
  corpus 128 MB ready
  corpus 256 MB ready

==== cooldown 10s after compile phase (thermal settle) ====
==== PHASE C: warmup ====
==== PHASE D: 1 shuffled reps x 20 (binary x size) pairs ====
  rep 1/1  (20:31:46)

spec      config     MB   t_in  t_fin      bin_B    text_B   total_s   avg_run
none      base      128      0      0     173280    147456     1.896    12.661
none      base      256      0      0     173280    147456     1.896    25.333
signed    base      128    125    125     173280    147456     1.783    12.107
signed    base      256    125    125     173280    147456     1.783    24.373
signed    base2x    128    125    125     173280    147456     2.545    11.996
signed    base2x    256    125    125     173280    147456     2.545    23.990
signed    oracle    128    125    115     173280    147456     2.623    12.117
signed    oracle    256    125    115     173280    147456     2.623    24.761
unsigned  base      128   1222   1222     189792    163840     1.900    12.871
unsigned  base      256   1222   1222     189792    163840     1.900    24.990
unsigned  base2x    128   1222   1222     189792    163840     2.572    12.715
unsigned  base2x    256   1222   1222     189792    163840     2.572    25.394
unsigned  oracle    128   1222   1078     189792    163840    62.975    12.612
unsigned  oracle    256   1222   1078     189792    163840    62.975    25.316
both      base      128   1299   1299     189792    163840     2.016    12.713
both      base      256   1299   1299     189792    163840     2.016    25.757
both      base2x    128   1299   1299     189792    163840     2.697    12.277
both      base2x    256   1299   1299     189792    163840     2.697    24.975
both      oracle    128   1299   1151     189792    163840    28.134    12.731
both      oracle    256   1299   1151     189792    163840    28.134    24.654

CSV: /Users/ebrah/Project/compiler/ODeSSy/evaluation/perf_zlib.csv   (then: python3 make_perf_report.py)   [oracle stage JOBS=10]
Cold-path check: if %-speedup shrinks 8 -> 64 -> 512 MB, the savings are
constant-per-invocation (cold path); flat % means a scaled path changed.
