swiftc: swift-driver version: 1.148.6 Apple Swift version 6.3.3 (swiftlang-6.3.3.1.3 clang-2100.1.1.101)
opt   : LLVM (http://llvm.org/):
reps  : 10   kernel: sha1   runargs: '500 perf_test/sha_input.bin'

==== PHASE A: building ====
  built base     traps   26->23   bin    55416 B  eliminated 0
  built base2x   traps   26->23   bin    55416 B  eliminated 0
  built oracle   traps   26->20   bin    55416 B  eliminated 5
==== PHASE B: output equivalence gate ====
  outputs byte-identical across all configs -- gate passed
==== PHASE C: 10 shuffled reps x 3 configs ====
  rep 1/10
  rep 2/10
  rep 3/10
  rep 4/10
  rep 5/10
  rep 6/10
  rep 7/10
  rep 8/10
  rep 9/10
  rep 10/10

config      median       min       avg  audit
base        0.9907    0.9683    0.9878  OUTLIER(min<98%med)
base2x      0.9817    0.9683    0.9829  ok
oracle      0.9187    0.9046    0.9195  ok
oracle vs base: +7.27% (median)
oracle vs base2x: +6.41% (median)

CSV appended: /Users/ebrah/Project/compiler/ODeSSy/evaluation/perf_swift.csv   (rerun with REPS=15 on the server for the real number)
