swiftc: Swift version 6.3.3 (swift-6.3.3-RELEASE)
opt   : LLVM (http://llvm.org/):
reps  : 15   kernel: sha1   runargs: '900 perf_test/sha_input.bin'

==== PHASE A: building ====
  built base     traps   29->28   bin    27672 B  eliminated 0
  built base2x   traps   29->28   bin    27672 B  eliminated 0
  built oracle   traps   29->28   bin    27672 B  eliminated 1
==== PHASE B: output equivalence gate ====
  outputs byte-identical across all configs -- gate passed
==== PHASE C: 15 shuffled reps x 3 configs ====
  rep 1/15
  rep 2/15
  rep 3/15
  rep 4/15
  rep 5/15
  rep 6/15
  rep 7/15
  rep 8/15
  rep 9/15
  rep 10/15
  rep 11/15
  rep 12/15
  rep 13/15
  rep 14/15
  rep 15/15

config      median       min       avg  audit
base        4.8143    4.8070    4.8206  ok
base2x      4.8192    4.8092    4.8249  ok
oracle      4.8157    4.8091    4.8235  ok
oracle vs base: -0.03% (median)
oracle vs base2x: +0.07% (median)

CSV appended: /mydata/ODeSSy/evaluation/perf_swift.csv   (rerun with REPS=15 on the server for the real number)
