swiftc: swift-driver version: 1.148.6 Apple Swift version 6.3.3 (swiftlang-6.3.3.1.3 clang-2100.1.1.101)
opt   : LLVM (http://llvm.org/):
reps  : 3   kernel: sha256   runargs: '200 perf_test/sha_input.bin'

==== PHASE A: building ====
  built base     traps   38->38   bin    56152 B  eliminated 0
  built base2x   traps   38->38   bin    56160 B  eliminated 0
  built oracle   traps   38->35   bin    56160 B  eliminated 3
==== PHASE B: output equivalence gate ====
  outputs byte-identical across all configs -- gate passed
==== PHASE C: 3 shuffled reps x 3 configs ====
  rep 1/3
  rep 2/3
  rep 3/3

config      median       min       avg  audit
base        0.4987    0.4948    0.5000  ok
base2x      0.5034    0.4997    0.5021  ok
oracle      0.5023    0.5001    0.5028  ok
oracle vs base: -0.73% (median)
oracle vs base2x: +0.20% (median)

CSV appended: /Users/ebrah/Project/compiler/ODeSSy/evaluation/perf_swift.csv   (rerun with REPS=15 on the server for the real number)
