swiftc: Swift version 6.3.3 (swift-6.3.3-RELEASE)
opt   : LLVM (http://llvm.org/):
reps  : 15   kernel: sha256   runargs: '600 perf_test/sha_input.bin'

==== PHASE A: building ====
  built base     traps   41->41   bin    28424 B  eliminated 0
  built base2x   traps   41->41   bin    28424 B  eliminated 0
  built oracle   traps   41->38   bin    28424 B  eliminated 3
==== PHASE B: output equivalence gate ====
  outputs byte-identical across all configs -- gate passed
==== PHASE C: 15 shuffled reps x 3 configs ====
  rep 1/15
  rep 2/15
  rep 3/15
  rep 4/15
  rep 5/15
  rep 6/15
  rep 7/15
  rep 8/15
  rep 9/15
  rep 10/15
  rep 11/15
  rep 12/15
  rep 13/15
  rep 14/15
  rep 15/15

config      median       min       avg  audit
base        4.9499    4.9474    4.9541  ok
base2x      4.9447    4.9420    4.9444  ok
oracle      4.7366    4.7341    4.7368  ok
oracle vs base: +4.31% (median)
oracle vs base2x: +4.21% (median)

CSV appended: /mydata/ODeSSy/evaluation/perf_swift.csv   (rerun with REPS=15 on the server for the real number)
