swiftc: swift-driver version: 1.148.6 Apple Swift version 6.3.3 (swiftlang-6.3.3.1.3 clang-2100.1.1.101)
opt   : LLVM (http://llvm.org/):
reps  : 10   kernel: utf8   runargs: '1500 perf_test/utf8_input.txt'

==== PHASE A: building ====
  built base     traps   22->21   bin    55160 B  eliminated 0
  built base2x   traps   22->21   bin    55160 B  eliminated 0
  built oracle   traps   22->19   bin    55160 B  eliminated 2
==== PHASE B: output equivalence gate ====
  outputs byte-identical across all configs -- gate passed
==== PHASE C: 10 shuffled reps x 3 configs ====
  rep 1/10
  rep 2/10
  rep 3/10
  rep 4/10
  rep 5/10
  rep 6/10
  rep 7/10
  rep 8/10
  rep 9/10
  rep 10/10

config      median       min       avg  audit
base        0.9216    0.9150    0.9267  ok
base2x      0.9231    0.8974    0.9217  OUTLIER(min<98%med)
oracle      0.9405    0.9312    0.9415  ok
oracle vs base: -2.05% (median)
oracle vs base2x: -1.89% (median)

CSV appended: /Users/ebrah/Project/compiler/ODeSSy/evaluation/perf_swift.csv   (rerun with REPS=15 on the server for the real number)
