ninja: no work to do.
==== zstd audit: 26 TUs x [signed unsigned bounds both] x [light ldeq], threads=16 ====
  signed     light  entropy_common           traps=6     unsat=0    sat=2     vac=0 wall=0.2s
  signed     ldeq   entropy_common           traps=6     unsat=0    sat=2     vac=0 wall=0.1s
  signed     light  fse_decompress           traps=2     unsat=0    sat=0     vac=0 wall=0.0s
  signed     ldeq   fse_decompress           traps=2     unsat=0    sat=0     vac=0 wall=0.0s
  signed     light  fse_compress             traps=4     unsat=0    sat=1     vac=0 wall=0.4s
  signed     ldeq   fse_compress             traps=4     unsat=0    sat=1     vac=0 wall=0.3s
  signed     light  huf_compress             traps=28    unsat=1    sat=7     vac=0 wall=0.2s
  signed     ldeq   huf_compress             traps=28    unsat=1    sat=7     vac=0 wall=0.2s
  signed     light  zstd_compress            traps=7     unsat=0    sat=6     vac=0 wall=0.3s
  signed     ldeq   zstd_compress            traps=7     unsat=0    sat=6     vac=0 wall=0.3s
  signed     light  zstd_compress_literals   traps=1     unsat=0    sat=1     vac=0 wall=0.0s
  signed     ldeq   zstd_compress_literals   traps=1     unsat=0    sat=1     vac=0 wall=0.0s
  signed     light  zstd_double_fast         traps=4     unsat=0    sat=4     vac=0 wall=0.1s
  signed     ldeq   zstd_double_fast         traps=4     unsat=0    sat=4     vac=0 wall=0.1s
  signed     light  zstd_lazy                traps=100   unsat=0    sat=100   vac=0 wall=1.0s
  signed     ldeq   zstd_lazy                traps=100   unsat=0    sat=100   vac=0 wall=1.1s
  signed     light  zstdmt_compress          traps=2     unsat=0    sat=2     vac=0 wall=0.1s
  signed     ldeq   zstdmt_compress          traps=2     unsat=0    sat=2     vac=0 wall=0.1s
  signed     light  zstd_opt                 traps=5     unsat=0    sat=2     vac=0 wall=0.2s
  signed     ldeq   zstd_opt                 traps=5     unsat=0    sat=2     vac=0 wall=0.3s
  signed     light  zstd_preSplit            traps=13    unsat=0    sat=4     vac=0 wall=2.8s
  signed     ldeq   zstd_preSplit            traps=13    unsat=0    sat=4     vac=0 wall=2.9s
  signed     light  huf_decompress           traps=5     unsat=0    sat=2     vac=0 wall=0.1s
  signed     ldeq   huf_decompress           traps=5     unsat=0    sat=2     vac=0 wall=0.1s
  signed     light  zstd_decompress_block    traps=6     unsat=2    sat=4     vac=0 wall=1.9s
  signed     ldeq   zstd_decompress_block    traps=6     unsat=2    sat=4     vac=0 wall=2.4s
  signed     light  zstd_decompress          traps=1     unsat=0    sat=1     vac=0 wall=0.2s
  signed     ldeq   zstd_decompress          traps=1     unsat=0    sat=1     vac=0 wall=0.2s
  unsigned   light  entropy_common           traps=26    unsat=2    sat=24    vac=0 wall=0.2s
  unsigned   ldeq   entropy_common           traps=26    unsat=2    sat=24    vac=0 wall=0.3s
  unsigned   light  fse_decompress           traps=149   unsat=42   sat=107   vac=0 wall=2.9s
  unsigned   ldeq   fse_decompress           traps=149   unsat=42   sat=107   vac=0 wall=3.3s
  unsigned   light  xxhash                   traps=175   unsat=62   sat=109   vac=61 wall=8.5s
  unsigned   ldeq   xxhash                   traps=175   unsat=62   sat=109   vac=61 wall=10.9s
  unsigned   light  zstd_common              traps=2     unsat=0    sat=2     vac=0 wall=0.1s
  unsigned   ldeq   zstd_common              traps=2     unsat=0    sat=2     vac=0 wall=0.0s
  unsigned   light  fse_compress             traps=81    unsat=6    sat=73    vac=0 wall=6.2s
  unsigned   ldeq   fse_compress             traps=81    unsat=6    sat=73    vac=0 wall=5.1s
  unsigned   light  hist                     traps=38    unsat=0    sat=38    vac=0 wall=0.3s
  unsigned   ldeq   hist                     traps=38    unsat=0    sat=38    vac=0 wall=0.3s
  unsigned   light  huf_compress             traps=207   unsat=1    sat=148   vac=0 wall=21.1s
  unsigned   ldeq   huf_compress             traps=207   unsat=1    sat=147   vac=0 wall=22.1s
  unsigned   light  zstd_compress            traps=310   unsat=23   sat=258   vac=0 wall=12.5s
  unsigned   ldeq   zstd_compress            traps=310   unsat=23   sat=257   vac=0 wall=12.5s
  unsigned   light  zstd_compress_literals   traps=9     unsat=2    sat=7     vac=0 wall=0.1s
  unsigned   ldeq   zstd_compress_literals   traps=9     unsat=2    sat=7     vac=0 wall=0.1s
  unsigned   light  zstd_compress_sequences  traps=60    unsat=16   sat=44    vac=0 wall=0.4s
  unsigned   ldeq   zstd_compress_sequences  traps=60    unsat=16   sat=44    vac=0 wall=0.5s
  unsigned   light  zstd_compress_superblock traps=52    unsat=0    sat=41    vac=0 wall=11.4s
  unsigned   ldeq   zstd_compress_superblock traps=52    unsat=0    sat=41    vac=0 wall=11.5s
  unsigned   light  zstd_double_fast         traps=397   unsat=18   sat=347   vac=0 wall=6.3s
  unsigned   ldeq   zstd_double_fast         traps=397   unsat=18   sat=347   vac=0 wall=6.5s
  unsigned   light  zstd_fast                traps=431   unsat=38   sat=339   vac=0 wall=14.5s
  unsigned   ldeq   zstd_fast                traps=431   unsat=38   sat=339   vac=0 wall=14.4s
  unsigned   light  zstd_lazy                traps=2370  unsat=211  sat=1884  vac=0 wall=48.8s
  unsigned   ldeq   zstd_lazy                traps=2370  unsat=211  sat=1880  vac=0 wall=50.2s
  unsigned   light  zstd_ldm                 traps=71    unsat=16   sat=53    vac=0 wall=1.1s
  unsigned   ldeq   zstd_ldm                 traps=71    unsat=16   sat=53    vac=0 wall=1.1s
  unsigned   light  zstdmt_compress          traps=91    unsat=3    sat=82    vac=0 wall=10.8s
  unsigned   ldeq   zstdmt_compress          traps=91    unsat=3    sat=82    vac=0 wall=10.8s
  unsigned   light  zstd_opt                 traps=712   unsat=83   sat=578   vac=0 wall=20.5s
  unsigned   ldeq   zstd_opt                 traps=712   unsat=83   sat=578   vac=0 wall=20.3s
  unsigned   light  zstd_preSplit            traps=25    unsat=0    sat=23    vac=0 wall=1.0s
  unsigned   ldeq   zstd_preSplit            traps=25    unsat=0    sat=23    vac=0 wall=1.0s
  unsigned   light  huf_decompress           traps=507   unsat=148  sat=291   vac=0 wall=6.5s
  unsigned   ldeq   huf_decompress           traps=507   unsat=148  sat=291   vac=0 wall=6.7s
  unsigned   light  zstd_ddict               traps=3     unsat=0    sat=3     vac=0 wall=0.1s
  unsigned   ldeq   zstd_ddict               traps=3     unsat=0    sat=3     vac=0 wall=0.1s
  unsigned   light  zstd_decompress_block    traps=427   unsat=81   sat=336   vac=0 wall=18.7s
  unsigned   ldeq   zstd_decompress_block    traps=427   unsat=81   sat=336   vac=0 wall=18.6s
  unsigned   light  zstd_decompress          traps=94    unsat=8    sat=82    vac=0 wall=0.8s
  unsigned   ldeq   zstd_decompress          traps=94    unsat=8    sat=82    vac=0 wall=0.9s
  bounds     light  fse_compress             traps=9     unsat=1    sat=8     vac=0 wall=0.3s
  bounds     ldeq   fse_compress             traps=9     unsat=1    sat=8     vac=0 wall=0.3s
  bounds     light  huf_compress             traps=16    unsat=7    sat=5     vac=0 wall=0.2s
  bounds     ldeq   huf_compress             traps=16    unsat=7    sat=5     vac=0 wall=0.2s
  bounds     light  zstd_compress            traps=18    unsat=3    sat=14    vac=0 wall=0.3s
  bounds     ldeq   zstd_compress            traps=18    unsat=3    sat=14    vac=0 wall=0.3s
  bounds     light  zstd_compress_sequences  traps=29    unsat=0    sat=23    vac=0 wall=0.4s
  bounds     ldeq   zstd_compress_sequences  traps=29    unsat=0    sat=23    vac=0 wall=0.4s
  bounds     light  zstd_compress_superblock traps=3     unsat=0    sat=2     vac=0 wall=11.2s
  bounds     ldeq   zstd_compress_superblock traps=3     unsat=0    sat=2     vac=0 wall=11.2s
  bounds     light  zstd_lazy                traps=81    unsat=0    sat=45    vac=0 wall=0.6s
  bounds     ldeq   zstd_lazy                traps=81    unsat=0    sat=45    vac=0 wall=0.5s
  bounds     light  zstd_opt                 traps=21    unsat=2    sat=19    vac=0 wall=1.6s
  bounds     ldeq   zstd_opt                 traps=21    unsat=2    sat=19    vac=0 wall=1.1s
  bounds     light  zstd_preSplit            traps=4     unsat=2    sat=2     vac=0 wall=0.1s
  bounds     ldeq   zstd_preSplit            traps=4     unsat=2    sat=2     vac=0 wall=0.1s
  bounds     light  huf_decompress           traps=5     unsat=3    sat=0     vac=0 wall=3.1s
  bounds     ldeq   huf_decompress           traps=5     unsat=3    sat=0     vac=0 wall=3.1s
  bounds     light  zstd_decompress_block    traps=10    unsat=0    sat=10    vac=0 wall=0.5s
  bounds     ldeq   zstd_decompress_block    traps=10    unsat=0    sat=10    vac=0 wall=0.6s
  bounds     light  zstd_decompress          traps=2     unsat=0    sat=0     vac=0 wall=0.0s
  bounds     ldeq   zstd_decompress          traps=2     unsat=0    sat=0     vac=0 wall=0.0s
  both       light  entropy_common           traps=30    unsat=2    sat=22    vac=0 wall=0.3s
  both       ldeq   entropy_common           traps=30    unsat=2    sat=22    vac=0 wall=0.3s
  both       light  fse_decompress           traps=149   unsat=40   sat=107   vac=0 wall=2.3s
  both       ldeq   fse_decompress           traps=149   unsat=40   sat=107   vac=0 wall=4.3s
  both       light  xxhash                   traps=175   unsat=62   sat=109   vac=61 wall=10.0s
  both       ldeq   xxhash                   traps=175   unsat=62   sat=109   vac=61 wall=8.1s
  both       light  zstd_common              traps=2     unsat=0    sat=2     vac=0 wall=0.1s
  both       ldeq   zstd_common              traps=2     unsat=0    sat=2     vac=0 wall=0.0s
  both       light  fse_compress             traps=84    unsat=5    sat=72    vac=0 wall=5.5s
  both       ldeq   fse_compress             traps=84    unsat=5    sat=72    vac=0 wall=6.0s
  both       light  hist                     traps=38    unsat=0    sat=38    vac=0 wall=0.3s
  both       ldeq   hist                     traps=38    unsat=0    sat=38    vac=0 wall=0.3s
  both       light  huf_compress             traps=231   unsat=2    sat=149   vac=0 wall=22.7s
  both       ldeq   huf_compress             traps=231   unsat=2    sat=149   vac=0 wall=21.8s
  both       light  zstd_compress            traps=316   unsat=23   sat=263   vac=0 wall=12.7s
  both       ldeq   zstd_compress            traps=316   unsat=22   sat=263   vac=0 wall=12.5s
  both       light  zstd_compress_literals   traps=10    unsat=2    sat=8     vac=0 wall=0.2s
  both       ldeq   zstd_compress_literals   traps=10    unsat=2    sat=8     vac=0 wall=0.1s
  both       light  zstd_compress_sequences  traps=60    unsat=16   sat=44    vac=0 wall=0.5s
  both       ldeq   zstd_compress_sequences  traps=60    unsat=16   sat=44    vac=0 wall=0.5s
  both       light  zstd_compress_superblock traps=52    unsat=0    sat=40    vac=0 wall=11.6s
  both       ldeq   zstd_compress_superblock traps=52    unsat=0    sat=41    vac=0 wall=11.6s
  both       light  zstd_double_fast         traps=397   unsat=18   sat=343   vac=0 wall=7.0s
  both       ldeq   zstd_double_fast         traps=397   unsat=18   sat=343   vac=0 wall=7.3s
  both       light  zstd_fast                traps=431   unsat=38   sat=339   vac=0 wall=14.5s
  both       ldeq   zstd_fast                traps=431   unsat=38   sat=339   vac=0 wall=14.4s
  both       light  zstd_lazy                traps=2458  unsat=211  sat=1957  vac=0 wall=54.4s
  both       ldeq   zstd_lazy                traps=2458  unsat=211  sat=1957  vac=0 wall=54.4s
  both       light  zstd_ldm                 traps=71    unsat=16   sat=53    vac=0 wall=1.2s
  both       ldeq   zstd_ldm                 traps=71    unsat=16   sat=53    vac=0 wall=1.1s
  both       light  zstdmt_compress          traps=93    unsat=3    sat=84    vac=0 wall=10.8s
  both       ldeq   zstdmt_compress          traps=93    unsat=3    sat=84    vac=0 wall=10.9s
  both       light  zstd_opt                 traps=724   unsat=85   sat=579   vac=0 wall=21.7s
  both       ldeq   zstd_opt                 traps=724   unsat=85   sat=579   vac=0 wall=21.4s
  both       light  zstd_preSplit            traps=38    unsat=0    sat=27    vac=0 wall=2.0s
  both       ldeq   zstd_preSplit            traps=38    unsat=0    sat=27    vac=0 wall=2.0s
  both       light  huf_decompress           traps=512   unsat=150  sat=295   vac=0 wall=6.7s
  both       ldeq   huf_decompress           traps=512   unsat=150  sat=295   vac=0 wall=6.5s
  both       light  zstd_ddict               traps=3     unsat=0    sat=3     vac=0 wall=0.1s
  both       ldeq   zstd_ddict               traps=3     unsat=0    sat=3     vac=0 wall=0.1s
  both       light  zstd_decompress_block    traps=431   unsat=81   sat=338   vac=0 wall=19.3s
  both       ldeq   zstd_decompress_block    traps=431   unsat=81   sat=338   vac=0 wall=19.3s
  both       light  zstd_decompress          traps=94    unsat=8    sat=81    vac=0 wall=0.8s
  both       ldeq   zstd_decompress          traps=94    unsat=8    sat=81    vac=0 wall=0.8s

CSV: /mydata/ODeSSy/evaluation/zstd_audit.csv
== TOTALS (spec,variant: unsat/traps) ==
  signed,ldeq        3 / 184  (1.6%)
  signed,light       3 / 184  (1.6%)
  both,ldeq          761 / 6399  (11.9%)
  both,light         762 / 6399  (11.9%)
  bounds,light       18 / 198  (9.1%)
  unsigned,ldeq      760 / 6237  (12.2%)
  unsigned,light     760 / 6237  (12.2%)
  bounds,ldeq        18 / 198  (9.1%)
