[ODeSSy] 25 trap site(s) across 13 function(s); threads=1 [tier: heavy] [frame] [mv] [narrow] [ind] [mv-nofold] [traps=odessy.chk]

[Z3 Oracle] Analyzing Function: main
  [tier: heavy]
  -> Found UB Trap. Starting Backward Slice...
    -> Collected 0 dominating context guard(s).
    -> Fact[RM:0] i64 %10 in [0,9223372036854775807) (!range)
    -> Fact[KB:1] i64 %10 known bits zero=0x9223372036854775808 one=0x0
    -> [heavy] 2 analysis fact(s) on 1 boundary value(s)
    -> [ind] trap not in a loop
    -> SAT (WARNING: Potential Integer Overflow Bug Detected!) [Query Latency: 0.085584 ms]
    -> [mv] trap not inside a loop: not versionable
  -> Found UB Trap. Starting Backward Slice...
    -> Guard[0] (false edge of ''):  %23 = icmp eq i64 %22, 0
    -> Guard[1] (false edge of 'entry'):  %11 = icmp samesign ult i64 %10, 2
    -> Collected 2 dominating context guard(s).
    -> Fact[RM:0] i64 %10 in [0,9223372036854775807) (!range)
    -> Fact[KB:1] i64 %10 known bits zero=0x9223372036854775808 one=0x0
    -> [heavy] 2 analysis fact(s) on 34 boundary value(s)
    -> [ind] trap not in a loop
    -> SAT (WARNING: Potential Integer Overflow Bug Detected!) [Query Latency: 9.129375 ms]
    -> [mv] trap not inside a loop: not versionable
  -> Found UB Trap. Starting Backward Slice...
    -> Guard[0] (false edge of ''):  %104 = icmp eq i8 %103, 1
    -> Guard[1] (false edge of ''):  %23 = icmp eq i64 %22, 0
    -> Guard[2] (false edge of 'entry'):  %11 = icmp samesign ult i64 %10, 2
    -> Collected 3 dominating context guard(s).
    -> Fact[RM:0] i64 %10 in [0,9223372036854775807) (!range)
    -> Fact[KB:1] i64 %10 known bits zero=0x9223372036854775808 one=0x0
    -> Fact[RM:2] i64 %191 in [0,9223372036854775807) (!range)
    -> Fact[KB:3] i64 %191 known bits zero=0x9223372036854775808 one=0x0
    -> [heavy] 4 analysis fact(s) on 35 boundary value(s)
    -> [ind] trap not in a loop
    -> SAT (WARNING: Potential Integer Overflow Bug Detected!) [Query Latency: 3.929208 ms]
    -> [mv] trap not inside a loop: not versionable
  -> Found UB Trap. Starting Backward Slice...
    -> Guard[0] (true edge of ''):  %.not73 = icmp eq ptr %199, null
    -> Guard[1] (false edge of ''):  %192 = icmp samesign ult i64 %191, 3
    -> Guard[2] (false edge of ''):  %104 = icmp eq i8 %103, 1
    -> Guard[3] (false edge of ''):  %23 = icmp eq i64 %22, 0
    -> Guard[4] (false edge of 'entry'):  %11 = icmp samesign ult i64 %10, 2
    -> Collected 5 dominating context guard(s).
    -> Fact[RM:0] i64 %10 in [0,9223372036854775807) (!range)
    -> Fact[KB:1] i64 %10 known bits zero=0x9223372036854775808 one=0x0
    -> Fact[RM:2] i64 %191 in [0,9223372036854775807) (!range)
    -> Fact[KB:3] i64 %191 known bits zero=0x9223372036854775808 one=0x0
    -> Fact[LVI:4] i64 %191 in [3,9223372036854775807) (LVI @ )
    -> [heavy] 5 analysis fact(s) on 38 boundary value(s)
    -> [ind] trap not in a loop
    -> SAT (WARNING: Potential Integer Overflow Bug Detected!) [Query Latency: 2.709166 ms]
    -> [mv] trap not inside a loop: not versionable
  -> Found UB Trap. Starting Backward Slice...
    -> Guard[0] (false edge of ''):  %.not74 = icmp eq i64 %224, 0
    -> Guard[1] (false edge of ''):  %221 = icmp eq i64 %218, 0
    -> Guard[2] (false edge of ''):  %219 = icmp slt i64 %218, 0
    -> Guard[3] (true edge of ''):  %.not73 = icmp eq ptr %199, null
    -> Guard[4] (false edge of ''):  %192 = icmp samesign ult i64 %191, 3
    -> Guard[5] (false edge of ''):  %104 = icmp eq i8 %103, 1
    -> Guard[6] (false edge of ''):  %23 = icmp eq i64 %22, 0
    -> Guard[7] (false edge of 'entry'):  %11 = icmp samesign ult i64 %10, 2
    -> Collected 8 dominating context guard(s).
    -> Fact[RM:0] i64 %10 in [0,9223372036854775807) (!range)
    -> Fact[KB:1] i64 %10 known bits zero=0x9223372036854775808 one=0x0
    -> Fact[RM:2] i64 %191 in [0,9223372036854775807) (!range)
    -> Fact[KB:3] i64 %191 known bits zero=0x9223372036854775808 one=0x0
    -> Fact[RM:4] i64 %224 in [0,9223372036854775807) (!range)
    -> Fact[KB:5] i64 %224 known bits zero=0x9223372036854775808 one=0x0
    -> [heavy] 6 analysis fact(s) on 40 boundary value(s)
    -> [mv] T3: trap condition not an ICmp
    -> [ind L0] BASE (3 phi(s) = entry): UNSAT (Dead Code / Impossible Path) [Query Latency: 0.114083 ms]
    -> Fact[p0.PHIINV-hi:0] i64 %237 == i64 0 || slt(i64 %237, i64 %224) (latch-implied bound, 1-induction)
    -> Fact[p0.PHIINV-hi:1] i64 %249 == i64 0 || slt(i64 %249, i64 255) (latch-implied bound, 1-induction)
    -> Fact[p0.SCEV:2] i64 %250 in [0,-9223372036854775808) (SCEV unsigned)
    -> Fact[p0.SCEV:3] i64 %250 in [0,-9223372036854775808) (SCEV signed)
    -> Fact[p0.SCEVSYM:4] i64 %250 - start((-1024 + (1024 smax %237))<nsw>) <=u BTC((1023 + (-1 * (1024 smax %237))<nsw> + ((-1023 + (1024 smax %237))<nsw> smax %237))) (SCEV symbolic trip count, sub-form)
    -> Fact[p0.PHIINV-hi:5] i64 %250 == i64 %.ph || slt(i64 %250, i64 %237) (latch-implied bound, 1-induction)
    -> Fact[p0.PHIINV-lo:6] i64 %250 >=s i64 %.ph (monotone nsw increments, 1 arm(s))
    -> Fact[p0.KB:7] i64 %252 known bits zero=0x9223372036854775808 one=0x0
    -> Fact[p0.SCEV:8] i64 %252 in [0,255) (SCEV unsigned)
    -> Fact[p0.SCEV:9] i64 %252 in [0,255) (SCEV signed)
    -> Fact[p0.PHIINV-hi:10] i64 %252 == i64 0 || ne(i64 %252, i64 255) (latch-implied bound, 1-induction)
    -> Fact[p0.PHIINV-hx:11] (i64 0 <=u i64 %244) -> i64 %252 <=u i64 %244 (header-exit eq bound, unit step, 1-induction)
    -> Fact[p0.PHIINV-lo:12] i64 %252 >=s i64 0 (monotone nsw increments, 1 arm(s))
    -> Fact[p0.RM:13] i64 %224 in [0,9223372036854775807) (!range)
    -> Fact[p0.KB:14] i64 %224 known bits zero=0x9223372036854775808 one=0x0
    -> [ind L0] STEP (copy: 53 instr, 0 skipped, 18 fresh, 15 fact(s), 3 link(s)): SAT (WARNING: Potential Integer Overflow Bug Detected!) [Query Latency: 2.557667 ms]
    -> [ind L1] BASE (2 phi(s) = entry): SAT (WARNING: Potential Integer Overflow Bug Detected!) [Query Latency: 1.061584 ms]
    -> SAT (WARNING: Potential Integer Overflow Bug Detected!) [Query Latency: 2.506959 ms]
    -> [mv] still SAT under 24 hypothesis candidate(s): not versionable
  -> Found UB Trap. Starting Backward Slice...
    -> Guard[0] (false edge of ''):  %293 = extractvalue { i64, i1 } %292, 1
    -> Guard[1] (false edge of ''):  %.not74 = icmp eq i64 %224, 0
    -> Guard[2] (false edge of ''):  %221 = icmp eq i64 %218, 0
    -> Guard[3] (false edge of ''):  %219 = icmp slt i64 %218, 0
    -> Guard[4] (true edge of ''):  %.not73 = icmp eq ptr %199, null
    -> Guard[5] (false edge of ''):  %192 = icmp samesign ult i64 %191, 3
    -> Guard[6] (false edge of ''):  %104 = icmp eq i8 %103, 1
    -> Guard[7] (false edge of ''):  %23 = icmp eq i64 %22, 0
    -> Guard[8] (false edge of 'entry'):  %11 = icmp samesign ult i64 %10, 2
    -> Collected 9 dominating context guard(s).
    -> Fact[RM:0] i64 %10 in [0,9223372036854775807) (!range)
    -> Fact[KB:1] i64 %10 known bits zero=0x9223372036854775808 one=0x0
    -> Fact[RM:2] i64 %191 in [0,9223372036854775807) (!range)
    -> Fact[KB:3] i64 %191 known bits zero=0x9223372036854775808 one=0x0
    -> Fact[RM:4] i64 %224 in [0,9223372036854775807) (!range)
    -> Fact[KB:5] i64 %224 known bits zero=0x9223372036854775808 one=0x0
    -> Fact[LVI:6] i64 %236 in [-9223372036854775808,9223372036854775807) (LVI @ )
    -> Fact[PHIINV-hi:7] i64 %237 == i64 0 || slt(i64 %237, i64 %224) (latch-implied bound, 1-induction)
    -> [heavy] 8 analysis fact(s) on 41 boundary value(s)
    -> [mv] T3: trap condition not an ICmp
    -> UNSAT (Dead Code / Impossible Path) [Query Latency: 0.210250 ms]
  => SUCCESS: Trap mathematically neutralized!
  -> Found UB Trap. Starting Backward Slice...
    -> Guard[0] (true edge of ''):  %277 = icmp sgt i64 %272, 3
    -> Guard[1] (false edge of ''):  %or.cond27 = select i1 %274, i1 %275, i1 false
    -> Guard[2] (false edge of ''):  %.not74 = icmp eq i64 %224, 0
    -> Guard[3] (false edge of ''):  %221 = icmp eq i64 %218, 0
    -> Guard[4] (false edge of ''):  %219 = icmp slt i64 %218, 0
    -> Guard[5] (true edge of ''):  %.not73 = icmp eq ptr %199, null
    -> Guard[6] (false edge of ''):  %192 = icmp samesign ult i64 %191, 3
    -> Guard[7] (false edge of ''):  %104 = icmp eq i8 %103, 1
    -> Guard[8] (false edge of ''):  %23 = icmp eq i64 %22, 0
    -> Guard[9] (false edge of 'entry'):  %11 = icmp samesign ult i64 %10, 2
    -> Collected 10 dominating context guard(s).
    -> [go3] 3 leaf-closure instruction(s) encoded
    -> Fact[RM:0] i64 %10 in [0,9223372036854775807) (!range)
    -> Fact[KB:1] i64 %10 known bits zero=0x9223372036854775808 one=0x0
    -> Fact[RM:2] i64 %191 in [0,9223372036854775807) (!range)
    -> Fact[KB:3] i64 %191 known bits zero=0x9223372036854775808 one=0x0
    -> Fact[RM:4] i64 %224 in [0,9223372036854775807) (!range)
    -> Fact[KB:5] i64 %224 known bits zero=0x9223372036854775808 one=0x0
    -> Fact[PHIINV-hi:6] i64 %237 == i64 0 || slt(i64 %237, i64 %224) (latch-implied bound, 1-induction)
    -> Fact[PHIINV-hi:7] i64 %249 == i64 0 || slt(i64 %249, i64 255) (latch-implied bound, 1-induction)
    -> Fact[SCEV:8] i64 %250 in [0,-9223372036854775808) (SCEV unsigned)
    -> Fact[SCEV:9] i64 %250 in [0,-9223372036854775808) (SCEV signed)
    -> Fact[SCEVSYM:10] i64 %250 - start((-1024 + (1024 smax %237))<nsw>) <=u BTC((1023 + (-1 * (1024 smax %237))<nsw> + ((-1023 + (1024 smax %237))<nsw> smax %237))) (SCEV symbolic trip count, sub-form)
    -> Fact[PHIINV-hi:11] i64 %250 == i64 %.ph || slt(i64 %250, i64 %237) (latch-implied bound, 1-induction)
    -> Fact[PHIINV-lo:12] i64 %250 >=s i64 %.ph (monotone nsw increments, 1 arm(s))
    -> Fact[KB:13] i64 %252 known bits zero=0x9223372036854775808 one=0x0
    -> Fact[SCEV:14] i64 %252 in [0,255) (SCEV unsigned)
    -> Fact[SCEV:15] i64 %252 in [0,255) (SCEV signed)
    -> Fact[PHIINV-hi:16] i64 %252 == i64 0 || ne(i64 %252, i64 255) (latch-implied bound, 1-induction)
    -> Fact[PHIINV-hx:17] (i64 0 <=u i64 %244) -> i64 %252 <=u i64 %244 (header-exit eq bound, unit step, 1-induction)
    -> Fact[PHIINV-lo:18] i64 %252 >=s i64 0 (monotone nsw increments, 1 arm(s))
    -> Fact[RM:19] i64 %224 in [0,9223372036854775807) (!range)
    -> Fact[KB:20] i64 %224 known bits zero=0x9223372036854775808 one=0x0
    -> [heavy] 21 analysis fact(s) on 47 boundary value(s)
    -> [mv] T3: trap condition not an ICmp
    -> [ind L0] BASE: UNSAT (first lap excluded by the guards)
    -> Fact[p0.PHIINV-hi:0] i64 %237 == i64 0 || slt(i64 %237, i64 %224) (latch-implied bound, 1-induction)
    -> Fact[p0.PHIINV-hi:1] i64 %249 == i64 0 || slt(i64 %249, i64 255) (latch-implied bound, 1-induction)
    -> Fact[p0.SCEV:2] i64 %250 in [0,-9223372036854775808) (SCEV unsigned)
    -> Fact[p0.SCEV:3] i64 %250 in [0,-9223372036854775808) (SCEV signed)
    -> Fact[p0.SCEVSYM:4] i64 %250 - start((-1024 + (1024 smax %237))<nsw>) <=u BTC((1023 + (-1 * (1024 smax %237))<nsw> + ((-1023 + (1024 smax %237))<nsw> smax %237))) (SCEV symbolic trip count, sub-form)
    -> Fact[p0.PHIINV-hi:5] i64 %250 == i64 %.ph || slt(i64 %250, i64 %237) (latch-implied bound, 1-induction)
    -> Fact[p0.PHIINV-lo:6] i64 %250 >=s i64 %.ph (monotone nsw increments, 1 arm(s))
    -> Fact[p0.KB:7] i64 %252 known bits zero=0x9223372036854775808 one=0x0
    -> Fact[p0.SCEV:8] i64 %252 in [0,255) (SCEV unsigned)
    -> Fact[p0.SCEV:9] i64 %252 in [0,255) (SCEV signed)
    -> Fact[p0.PHIINV-hi:10] i64 %252 == i64 0 || ne(i64 %252, i64 255) (latch-implied bound, 1-induction)
    -> Fact[p0.PHIINV-hx:11] (i64 0 <=u i64 %244) -> i64 %252 <=u i64 %244 (header-exit eq bound, unit step, 1-induction)
    -> Fact[p0.PHIINV-lo:12] i64 %252 >=s i64 0 (monotone nsw increments, 1 arm(s))
    -> Fact[p0.RM:13] i64 %224 in [0,9223372036854775807) (!range)
    -> Fact[p0.KB:14] i64 %224 known bits zero=0x9223372036854775808 one=0x0
    -> [ind L0] STEP (copy: 53 instr, 0 skipped, 18 fresh, 15 fact(s), 3 link(s)): SAT (WARNING: Potential Integer Overflow Bug Detected!) [Query Latency: 12.793083 ms]
    -> [ind L1] BASE (2 phi(s) = entry): SAT (WARNING: Potential Integer Overflow Bug Detected!) [Query Latency: 2.014791 ms]
    -> SAT (WARNING: Potential Integer Overflow Bug Detected!) [Query Latency: 6.557458 ms]
    -> [mv] still SAT under 24 hypothesis candidate(s): not versionable
  -> Found UB Trap. Starting Backward Slice...
    -> Guard[0] (false edge of ''):  %280 = extractvalue { i64, i1 } %279, 1
    -> Guard[1] (true edge of ''):  %277 = icmp sgt i64 %272, 3
    -> Guard[2] (false edge of ''):  %or.cond27 = select i1 %274, i1 %275, i1 false
    -> Guard[3] (false edge of ''):  %.not74 = icmp eq i64 %224, 0
    -> Guard[4] (false edge of ''):  %221 = icmp eq i64 %218, 0
    -> Guard[5] (false edge of ''):  %219 = icmp slt i64 %218, 0
    -> Guard[6] (true edge of ''):  %.not73 = icmp eq ptr %199, null
    -> Guard[7] (false edge of ''):  %192 = icmp samesign ult i64 %191, 3
    -> Guard[8] (false edge of ''):  %104 = icmp eq i8 %103, 1
    -> Guard[9] (false edge of ''):  %23 = icmp eq i64 %22, 0
    -> Guard[10] (false edge of 'entry'):  %11 = icmp samesign ult i64 %10, 2
    -> Collected 11 dominating context guard(s).
    -> [go3] 3 leaf-closure instruction(s) encoded
    -> Fact[RM:0] i64 %10 in [0,9223372036854775807) (!range)
    -> Fact[KB:1] i64 %10 known bits zero=0x9223372036854775808 one=0x0
    -> Fact[RM:2] i64 %191 in [0,9223372036854775807) (!range)
    -> Fact[KB:3] i64 %191 known bits zero=0x9223372036854775808 one=0x0
    -> Fact[RM:4] i64 %224 in [0,9223372036854775807) (!range)
    -> Fact[KB:5] i64 %224 known bits zero=0x9223372036854775808 one=0x0
    -> Fact[LVI:6] i64 %236 in [-9223372036854775808,9223372036854775805) (LVI @ )
    -> Fact[PHIINV-hi:7] i64 %237 == i64 0 || slt(i64 %237, i64 %224) (latch-implied bound, 1-induction)
    -> Fact[PHIINV-hi:8] i64 %249 == i64 0 || slt(i64 %249, i64 255) (latch-implied bound, 1-induction)
    -> Fact[SCEV:9] i64 %250 in [0,-9223372036854775808) (SCEV unsigned)
    -> Fact[SCEV:10] i64 %250 in [0,-9223372036854775808) (SCEV signed)
    -> Fact[SCEVSYM:11] i64 %250 - start((-1024 + (1024 smax %237))<nsw>) <=u BTC((1023 + (-1 * (1024 smax %237))<nsw> + ((-1023 + (1024 smax %237))<nsw> smax %237))) (SCEV symbolic trip count, sub-form)
    -> Fact[PHIINV-hi:12] i64 %250 == i64 %.ph || slt(i64 %250, i64 %237) (latch-implied bound, 1-induction)
    -> Fact[PHIINV-lo:13] i64 %250 >=s i64 %.ph (monotone nsw increments, 1 arm(s))
    -> Fact[KB:14] i64 %252 known bits zero=0x9223372036854775808 one=0x0
    -> Fact[SCEV:15] i64 %252 in [0,255) (SCEV unsigned)
    -> Fact[SCEV:16] i64 %252 in [0,255) (SCEV signed)
    -> Fact[PHIINV-hi:17] i64 %252 == i64 0 || ne(i64 %252, i64 255) (latch-implied bound, 1-induction)
    -> Fact[PHIINV-hx:18] (i64 0 <=u i64 %244) -> i64 %252 <=u i64 %244 (header-exit eq bound, unit step, 1-induction)
    -> Fact[PHIINV-lo:19] i64 %252 >=s i64 0 (monotone nsw increments, 1 arm(s))
    -> Fact[RM:20] i64 %224 in [0,9223372036854775807) (!range)
    -> Fact[KB:21] i64 %224 known bits zero=0x9223372036854775808 one=0x0
    -> [heavy] 22 analysis fact(s) on 47 boundary value(s)
    -> [mv] T3: trap condition not an ICmp
    -> [ind L0] BASE: UNSAT (first lap excluded by the guards)
    -> Fact[p0.PHIINV-hi:0] i64 %237 == i64 0 || slt(i64 %237, i64 %224) (latch-implied bound, 1-induction)
    -> Fact[p0.PHIINV-hi:1] i64 %249 == i64 0 || slt(i64 %249, i64 255) (latch-implied bound, 1-induction)
    -> Fact[p0.SCEV:2] i64 %250 in [0,-9223372036854775808) (SCEV unsigned)
    -> Fact[p0.SCEV:3] i64 %250 in [0,-9223372036854775808) (SCEV signed)
    -> Fact[p0.SCEVSYM:4] i64 %250 - start((-1024 + (1024 smax %237))<nsw>) <=u BTC((1023 + (-1 * (1024 smax %237))<nsw> + ((-1023 + (1024 smax %237))<nsw> smax %237))) (SCEV symbolic trip count, sub-form)
    -> Fact[p0.PHIINV-hi:5] i64 %250 == i64 %.ph || slt(i64 %250, i64 %237) (latch-implied bound, 1-induction)
    -> Fact[p0.PHIINV-lo:6] i64 %250 >=s i64 %.ph (monotone nsw increments, 1 arm(s))
    -> Fact[p0.KB:7] i64 %252 known bits zero=0x9223372036854775808 one=0x0
    -> Fact[p0.SCEV:8] i64 %252 in [0,255) (SCEV unsigned)
    -> Fact[p0.SCEV:9] i64 %252 in [0,255) (SCEV signed)
    -> Fact[p0.PHIINV-hi:10] i64 %252 == i64 0 || ne(i64 %252, i64 255) (latch-implied bound, 1-induction)
    -> Fact[p0.PHIINV-hx:11] (i64 0 <=u i64 %244) -> i64 %252 <=u i64 %244 (header-exit eq bound, unit step, 1-induction)
    -> Fact[p0.PHIINV-lo:12] i64 %252 >=s i64 0 (monotone nsw increments, 1 arm(s))
    -> Fact[p0.RM:13] i64 %224 in [0,9223372036854775807) (!range)
    -> Fact[p0.KB:14] i64 %224 known bits zero=0x9223372036854775808 one=0x0
    -> [ind L0] STEP (copy: 53 instr, 0 skipped, 18 fresh, 15 fact(s), 3 link(s)): SAT (WARNING: Potential Integer Overflow Bug Detected!) [Query Latency: 17.094708 ms]
    -> [ind L1] BASE (2 phi(s) = entry): SAT (WARNING: Potential Integer Overflow Bug Detected!) [Query Latency: 1.426583 ms]
    -> SAT (WARNING: Potential Integer Overflow Bug Detected!) [Query Latency: 17.139958 ms]
    -> [mv] loosen: {%224 <=s 2^31} -> {%224 <=s 2^62}: UNSAT, adopted (1.362084e+00 ms)
    -> [mv] DEAD UNDER HYPOTHESIS H = {%224 <=s 2^62} (1 of 24 candidates in core, round 0; re-solve 5.257667e+00 ms; trap loop depth 2, hoist to depth 1)
    -> [mv-nofold] fast-trap id 0 (check kept in the H-guarded fast copy) chk 7
  => SUCCESS (fast copy): trap folded in 1 copy inside the H-guarded clone of loop ''
  -> Found UB Trap. Starting Backward Slice...
    -> Guard[0] (true edge of ''):  %265 = icmp slt i64 %249, %.lcssa
    -> Guard[1] (false edge of ''):  %.not74 = icmp eq i64 %224, 0
    -> Guard[2] (false edge of ''):  %221 = icmp eq i64 %218, 0
    -> Guard[3] (false edge of ''):  %219 = icmp slt i64 %218, 0
    -> Guard[4] (true edge of ''):  %.not73 = icmp eq ptr %199, null
    -> Guard[5] (false edge of ''):  %192 = icmp samesign ult i64 %191, 3
    -> Guard[6] (false edge of ''):  %104 = icmp eq i8 %103, 1
    -> Guard[7] (false edge of ''):  %23 = icmp eq i64 %22, 0
    -> Guard[8] (false edge of 'entry'):  %11 = icmp samesign ult i64 %10, 2
    -> Collected 9 dominating context guard(s).
    -> [go3] 3 leaf-closure instruction(s) encoded
    -> Fact[RM:0] i64 %10 in [0,9223372036854775807) (!range)
    -> Fact[KB:1] i64 %10 known bits zero=0x9223372036854775808 one=0x0
    -> Fact[RM:2] i64 %191 in [0,9223372036854775807) (!range)
    -> Fact[KB:3] i64 %191 known bits zero=0x9223372036854775808 one=0x0
    -> Fact[RM:4] i64 %224 in [0,9223372036854775807) (!range)
    -> Fact[KB:5] i64 %224 known bits zero=0x9223372036854775808 one=0x0
    -> Fact[PHIINV-hi:6] i64 %237 == i64 0 || slt(i64 %237, i64 %224) (latch-implied bound, 1-induction)
    -> Fact[LVI:7] i64 %249 in [-9223372036854775808,9223372036854775807) (LVI @ )
    -> Fact[PHIINV-hi:8] i64 %249 == i64 0 || slt(i64 %249, i64 255) (latch-implied bound, 1-induction)
    -> Fact[SCEV:9] i64 %250 in [0,-9223372036854775808) (SCEV unsigned)
    -> Fact[SCEV:10] i64 %250 in [0,-9223372036854775808) (SCEV signed)
    -> Fact[SCEVSYM:11] i64 %250 - start((-1024 + (1024 smax %237))<nsw>) <=u BTC((1023 + (-1 * (1024 smax %237))<nsw> + ((-1023 + (1024 smax %237))<nsw> smax %237))) (SCEV symbolic trip count, sub-form)
    -> Fact[PHIINV-hi:12] i64 %250 == i64 %.ph || slt(i64 %250, i64 %237) (latch-implied bound, 1-induction)
    -> Fact[PHIINV-lo:13] i64 %250 >=s i64 %.ph (monotone nsw increments, 1 arm(s))
    -> Fact[KB:14] i64 %252 known bits zero=0x9223372036854775808 one=0x0
    -> Fact[SCEV:15] i64 %252 in [0,255) (SCEV unsigned)
    -> Fact[SCEV:16] i64 %252 in [0,255) (SCEV signed)
    -> Fact[PHIINV-hi:17] i64 %252 == i64 0 || ne(i64 %252, i64 255) (latch-implied bound, 1-induction)
    -> Fact[PHIINV-hx:18] (i64 0 <=u i64 %244) -> i64 %252 <=u i64 %244 (header-exit eq bound, unit step, 1-induction)
    -> Fact[PHIINV-lo:19] i64 %252 >=s i64 0 (monotone nsw increments, 1 arm(s))
    -> Fact[RM:20] i64 %224 in [0,9223372036854775807) (!range)
    -> Fact[KB:21] i64 %224 known bits zero=0x9223372036854775808 one=0x0
    -> [heavy] 22 analysis fact(s) on 46 boundary value(s)
    -> [mv] T3: trap condition not an ICmp
    -> UNSAT (Dead Code / Impossible Path) [Query Latency: 0.376292 ms]
  => SUCCESS: Trap mathematically neutralized!
  -> Found UB Trap. Starting Backward Slice...
    -> Guard[0] (false edge of ''):  %exitcond.not = icmp eq i64 %252, %244
    -> Guard[1] (false edge of ''):  %.not74 = icmp eq i64 %224, 0
    -> Guard[2] (false edge of ''):  %221 = icmp eq i64 %218, 0
    -> Guard[3] (false edge of ''):  %219 = icmp slt i64 %218, 0
    -> Guard[4] (true edge of ''):  %.not73 = icmp eq ptr %199, null
    -> Guard[5] (false edge of ''):  %192 = icmp samesign ult i64 %191, 3
    -> Guard[6] (false edge of ''):  %104 = icmp eq i8 %103, 1
    -> Guard[7] (false edge of ''):  %23 = icmp eq i64 %22, 0
    -> Guard[8] (false edge of 'entry'):  %11 = icmp samesign ult i64 %10, 2
    -> Collected 9 dominating context guard(s).
    -> [go3] 3 leaf-closure instruction(s) encoded
    -> Fact[RM:0] i64 %10 in [0,9223372036854775807) (!range)
    -> Fact[KB:1] i64 %10 known bits zero=0x9223372036854775808 one=0x0
    -> Fact[RM:2] i64 %191 in [0,9223372036854775807) (!range)
    -> Fact[KB:3] i64 %191 known bits zero=0x9223372036854775808 one=0x0
    -> Fact[RM:4] i64 %224 in [0,9223372036854775807) (!range)
    -> Fact[KB:5] i64 %224 known bits zero=0x9223372036854775808 one=0x0
    -> Fact[PHIINV-hi:6] i64 %237 == i64 0 || slt(i64 %237, i64 %224) (latch-implied bound, 1-induction)
    -> Fact[SCEV:7] i64 %250 in [0,-9223372036854775808) (SCEV unsigned)
    -> Fact[SCEV:8] i64 %250 in [0,-9223372036854775808) (SCEV signed)
    -> Fact[SCEVSYM:9] i64 %250 - start((-1024 + (1024 smax %237))<nsw>) <=u BTC((1023 + (-1 * (1024 smax %237))<nsw> + ((-1023 + (1024 smax %237))<nsw> smax %237))) (SCEV symbolic trip count, sub-form)
    -> Fact[PHIINV-hi:10] i64 %250 == i64 %.ph || slt(i64 %250, i64 %237) (latch-implied bound, 1-induction)
    -> Fact[PHIINV-lo:11] i64 %250 >=s i64 %.ph (monotone nsw increments, 1 arm(s))
    -> Fact[KB:12] i64 %252 known bits zero=0x9223372036854775808 one=0x0
    -> Fact[SCEV:13] i64 %252 in [0,255) (SCEV unsigned)
    -> Fact[SCEV:14] i64 %252 in [0,255) (SCEV signed)
    -> Fact[PHIINV-hi:15] i64 %252 == i64 0 || ne(i64 %252, i64 255) (latch-implied bound, 1-induction)
    -> Fact[PHIINV-hx:16] (i64 0 <=u i64 %244) -> i64 %252 <=u i64 %244 (header-exit eq bound, unit step, 1-induction)
    -> Fact[PHIINV-lo:17] i64 %252 >=s i64 0 (monotone nsw increments, 1 arm(s))
    -> Fact[RM:18] i64 %224 in [0,9223372036854775807) (!range)
    -> Fact[KB:19] i64 %224 known bits zero=0x9223372036854775808 one=0x0
    -> [heavy] 20 analysis fact(s) on 43 boundary value(s)
    -> [mv] T3 symbolic index bound: max(idx) = (253 + ((-1023 + (1024 smax %237))<nsw> smax %237))<nuw>
    -> UNSAT (Dead Code / Impossible Path) [Query Latency: 303.907708 ms]
  => SUCCESS: Trap mathematically neutralized!
  -> Found UB Trap. Starting Backward Slice...
    -> Guard[0] (true edge of ''):  %.not76 = icmp ult i64 %254, %224
    -> Guard[1] (false edge of ''):  %exitcond.not = icmp eq i64 %252, %244
    -> Guard[2] (false edge of ''):  %.not74 = icmp eq i64 %224, 0
    -> Guard[3] (false edge of ''):  %221 = icmp eq i64 %218, 0
    -> Guard[4] (false edge of ''):  %219 = icmp slt i64 %218, 0
    -> Guard[5] (true edge of ''):  %.not73 = icmp eq ptr %199, null
    -> Guard[6] (false edge of ''):  %192 = icmp samesign ult i64 %191, 3
    -> Guard[7] (false edge of ''):  %104 = icmp eq i8 %103, 1
    -> Guard[8] (false edge of ''):  %23 = icmp eq i64 %22, 0
    -> Guard[9] (false edge of 'entry'):  %11 = icmp samesign ult i64 %10, 2
    -> Collected 10 dominating context guard(s).
    -> [go3] 3 leaf-closure instruction(s) encoded
    -> Fact[RM:0] i64 %10 in [0,9223372036854775807) (!range)
    -> Fact[KB:1] i64 %10 known bits zero=0x9223372036854775808 one=0x0
    -> Fact[RM:2] i64 %191 in [0,9223372036854775807) (!range)
    -> Fact[KB:3] i64 %191 known bits zero=0x9223372036854775808 one=0x0
    -> Fact[RM:4] i64 %224 in [0,9223372036854775807) (!range)
    -> Fact[KB:5] i64 %224 known bits zero=0x9223372036854775808 one=0x0
    -> Fact[LVI:6] i64 %224 in [1,0) (LVI @ )
    -> Fact[PHIINV-hi:7] i64 %237 == i64 0 || slt(i64 %237, i64 %224) (latch-implied bound, 1-induction)
    -> Fact[SCEV:8] i64 %250 in [0,-9223372036854775808) (SCEV unsigned)
    -> Fact[SCEV:9] i64 %250 in [0,-9223372036854775808) (SCEV signed)
    -> Fact[SCEVSYM:10] i64 %250 - start((-1024 + (1024 smax %237))<nsw>) <=u BTC((1023 + (-1 * (1024 smax %237))<nsw> + ((-1023 + (1024 smax %237))<nsw> smax %237))) (SCEV symbolic trip count, sub-form)
    -> Fact[PHIINV-hi:11] i64 %250 == i64 %.ph || slt(i64 %250, i64 %237) (latch-implied bound, 1-induction)
    -> Fact[PHIINV-lo:12] i64 %250 >=s i64 %.ph (monotone nsw increments, 1 arm(s))
    -> Fact[KB:13] i64 %252 known bits zero=0x9223372036854775808 one=0x0
    -> Fact[SCEV:14] i64 %252 in [0,255) (SCEV unsigned)
    -> Fact[SCEV:15] i64 %252 in [0,255) (SCEV signed)
    -> Fact[PHIINV-hi:16] i64 %252 == i64 0 || ne(i64 %252, i64 255) (latch-implied bound, 1-induction)
    -> Fact[PHIINV-hx:17] (i64 0 <=u i64 %244) -> i64 %252 <=u i64 %244 (header-exit eq bound, unit step, 1-induction)
    -> Fact[PHIINV-lo:18] i64 %252 >=s i64 0 (monotone nsw increments, 1 arm(s))
    -> Fact[RM:19] i64 %224 in [0,9223372036854775807) (!range)
    -> Fact[KB:20] i64 %224 known bits zero=0x9223372036854775808 one=0x0
    -> Fact[LVI:21] i64 %224 in [1,0) (LVI @ )
    -> [heavy] 22 analysis fact(s) on 43 boundary value(s)
    -> [mv] T3: not a bounds shape (idx vs invariant count)
    -> UNSAT (Dead Code / Impossible Path) [Query Latency: 42.018000 ms]
  => SUCCESS: Trap mathematically neutralized!
  -> Found UB Trap. Starting Backward Slice...
    -> Guard[0] (true edge of ''):  %.not = icmp eq i64 %18, 0
    -> Guard[1] (true edge of ''):  %.not72 = icmp eq i64 %26, 0
    -> Guard[2] (false edge of ''):  %23 = icmp eq i64 %22, 0
    -> Guard[3] (false edge of 'entry'):  %11 = icmp samesign ult i64 %10, 2
    -> Collected 4 dominating context guard(s).
    -> Fact[RM:0] i64 %10 in [0,9223372036854775807) (!range)
    -> Fact[KB:1] i64 %10 known bits zero=0x9223372036854775808 one=0x0
    -> Fact[LVI:2] i64 %10 in [2,9223372036854775807) (LVI @ )
    -> Fact[LVI:3] i64 %17 in [0,-2305843009213693952) (LVI @ )
    -> [heavy] 4 analysis fact(s) on 6 boundary value(s)
    -> [ind] trap not in a loop
    -> SAT (WARNING: Potential Integer Overflow Bug Detected!) [Query Latency: 0.161958 ms]
    -> [mv] trap not inside a loop: not versionable
  -> Found UB Trap. Starting Backward Slice...
    -> Guard[0] (true edge of ''):  %.not = icmp eq i64 %18, 0
    -> Guard[1] (true edge of ''):  %.not72 = icmp eq i64 %26, 0
    -> Guard[2] (false edge of ''):  %23 = icmp eq i64 %22, 0
    -> Guard[3] (false edge of 'entry'):  %11 = icmp samesign ult i64 %10, 2
    -> Collected 4 dominating context guard(s).
    -> Fact[RM:0] i64 %10 in [0,9223372036854775807) (!range)
    -> Fact[KB:1] i64 %10 known bits zero=0x9223372036854775808 one=0x0
    -> Fact[LVI:2] i64 %10 in [2,9223372036854775807) (LVI @ )
    -> Fact[LVI:3] i64 %17 in [0,-2305843009213693952) (LVI @ )
    -> [heavy] 4 analysis fact(s) on 6 boundary value(s)
    -> [ind] trap not in a loop
    -> SAT (WARNING: Potential Integer Overflow Bug Detected!) [Query Latency: 0.152042 ms]
    -> [mv] trap not inside a loop: not versionable
  => Total Traps Eliminated: 4
  => Traps Folded In Fast Copies (mv): 1
  => Total Trap Attempts: 13
  => Total SMT Queries Executed: 13
  => Total SMT Query Latency: 5.016185e+02 ms
  => Average SMT Query Latency: 3.858604e+01 ms
  => Total DFS & SMT Execution Time: 6.076388e+02 ms
--------------------------------------------------

[Z3 Oracle] Analyzing Function: $sSaySayxGqd__c7ElementQyd__RszSTRd__lufCs5UInt8V_10Foundation4DataVTt0g5
  [tier: heavy]
  -> Found UB Trap. Starting Backward Slice...
    -> Collected 0 dominating context guard(s).
    -> [heavy] 0 analysis fact(s) on 2 boundary value(s)
    -> [ind] trap not in a loop
    -> SAT (WARNING: Potential Integer Overflow Bug Detected!) [Query Latency: 0.505791 ms]
    -> [mv] trap not inside a loop: not versionable
  -> Found UB Trap. Starting Backward Slice...
    -> Guard[0] (false edge of ''):  %33 = icmp eq i64 %32, 0
    -> Collected 1 dominating context guard(s).
    -> [heavy] 0 analysis fact(s) on 5 boundary value(s)
    -> [ind] trap not in a loop
    -> SAT (WARNING: Potential Integer Overflow Bug Detected!) [Query Latency: 0.367500 ms]
    -> [mv] trap not inside a loop: not versionable
  -> Found UB Trap. Starting Backward Slice...
    -> Collected 0 dominating context guard(s).
    -> [heavy] 0 analysis fact(s) on 1 boundary value(s)
    -> [ind] trap not in a loop
    -> SAT (WARNING: Potential Integer Overflow Bug Detected!) [Query Latency: 0.270125 ms]
    -> [mv] trap not inside a loop: not versionable
  => Total Traps Eliminated: 0
  => Traps Folded In Fast Copies (mv): 0
  => Total Trap Attempts: 3
  => Total SMT Queries Executed: 3
  => Total SMT Query Latency: 1.143416e+00 ms
  => Average SMT Query Latency: 3.811387e-01 ms
  => Total DFS & SMT Execution Time: 3.724751e+00 ms
--------------------------------------------------

[Z3 Oracle] Analyzing Function: $ss13_parseInteger5ascii5radixq_Sgx_SitSyRzs010FixedWidthB0R_r0_lFSS_SiTg5
  [tier: heavy]
  => Total Traps Eliminated: 0
  => Traps Folded In Fast Copies (mv): 0
  => Total Trap Attempts: 0
  => Total SMT Queries Executed: 0
  => Total SMT Query Latency: 0.000000e+00 ms
  => Average SMT Query Latency: 0.000000e+00 ms
  => Total DFS & SMT Execution Time: 1.691700e-02 ms
--------------------------------------------------

[Z3 Oracle] Analyzing Function: $ss13_parseInteger5ascii5radixq_Sgx_SitSyRzs010FixedWidthB0R_r0_lFADSRys5UInt8VGXEfU_SS_SiTg5
  [tier: heavy]
  -> Found UB Trap. Starting Backward Slice...
    -> Collected 0 dominating context guard(s).
    -> [heavy] 0 analysis fact(s) on 1 boundary value(s)
    -> [ind] trap not in a loop
    -> SAT (WARNING: Potential Integer Overflow Bug Detected!) [Query Latency: 0.075333 ms]
    -> [mv] trap not inside a loop: not versionable
  -> Found UB Trap. Starting Backward Slice...
    -> Collected 0 dominating context guard(s).
    -> [heavy] 0 analysis fact(s) on 1 boundary value(s)
    -> [ind] trap not in a loop
    -> SAT (WARNING: Potential Integer Overflow Bug Detected!) [Query Latency: 0.069666 ms]
    -> [mv] trap not inside a loop: not versionable
  => Total Traps Eliminated: 0
  => Traps Folded In Fast Copies (mv): 0
  => Total Trap Attempts: 2
  => Total SMT Queries Executed: 2
  => Total SMT Query Latency: 1.449990e-01 ms
  => Average SMT Query Latency: 7.249950e-02 ms
  => Total DFS & SMT Execution Time: 1.200000e+00 ms
--------------------------------------------------

[Z3 Oracle] Analyzing Function: $sSS8_copyingyS2SFZ
  [tier: heavy]
  => Total Traps Eliminated: 0
  => Traps Folded In Fast Copies (mv): 0
  => Total Trap Attempts: 0
  => Total SMT Queries Executed: 0
  => Total SMT Query Latency: 0.000000e+00 ms
  => Average SMT Query Latency: 0.000000e+00 ms
  => Total DFS & SMT Execution Time: 7.708000e-03 ms
--------------------------------------------------

[Z3 Oracle] Analyzing Function: $sSlsEy11SubSequenceQzqd__cSXRd__5BoundQyd__5IndexRtzluigSS_s16PartialRangeFromVySSAEVGTgq5
  [tier: heavy]
  -> Found UB Trap. Starting Backward Slice...
    -> Collected 0 dominating context guard(s).
    -> [heavy] 0 analysis fact(s) on 3 boundary value(s)
    -> [ind] trap not in a loop
    -> SAT (WARNING: Potential Integer Overflow Bug Detected!) [Query Latency: 0.263458 ms]
    -> [mv] trap not inside a loop: not versionable
  => Total Traps Eliminated: 0
  => Traps Folded In Fast Copies (mv): 0
  => Total Trap Attempts: 1
  => Total SMT Queries Executed: 1
  => Total SMT Query Latency: 2.634580e-01 ms
  => Average SMT Query Latency: 2.634580e-01 ms
  => Total DFS & SMT Execution Time: 8.225410e-01 ms
--------------------------------------------------

[Z3 Oracle] Analyzing Function: $sSS8_copyingySSSsFZ
  [tier: heavy]
  -> Found UB Trap. Starting Backward Slice...
    -> Guard[0] (false edge of ''):  %11 = icmp eq i64 %10, 0
    -> Guard[1] (false edge of 'entry'):  %8 = icmp eq i64 %7, 0
    -> Collected 2 dominating context guard(s).
    -> Fact[LVI:0] i64 %6 in [1152921504606846976,0) (LVI @ )
    -> Fact[LVI:1] i64 %10 in [1,0) (LVI @ )
    -> [heavy] 2 analysis fact(s) on 3 boundary value(s)
    -> [ind] trap not in a loop
    -> SAT (WARNING: Potential Integer Overflow Bug Detected!) [Query Latency: 0.133708 ms]
    -> [mv] trap not inside a loop: not versionable
  => Total Traps Eliminated: 0
  => Traps Folded In Fast Copies (mv): 0
  => Total Trap Attempts: 1
  => Total SMT Queries Executed: 1
  => Total SMT Query Latency: 1.337080e-01 ms
  => Average SMT Query Latency: 1.337080e-01 ms
  => Total DFS & SMT Execution Time: 8.001250e-01 ms
--------------------------------------------------

[Z3 Oracle] Analyzing Function: $ss22_ContiguousArrayBufferV19_uninitializedCount15minimumCapacityAByxGSi_SitcfCs5UInt8V_Tt1gq5
  [tier: heavy]
  => Total Traps Eliminated: 0
  => Traps Folded In Fast Copies (mv): 0
  => Total Trap Attempts: 0
  => Total SMT Queries Executed: 0
  => Total SMT Query Latency: 0.000000e+00 ms
  => Average SMT Query Latency: 0.000000e+00 ms
  => Total DFS & SMT Execution Time: 5.292000e-03 ms
--------------------------------------------------

[Z3 Oracle] Analyzing Function: $sSTsE21_copySequenceContents12initializing8IteratorQz_SitSry7ElementQzG_tFSs8UTF8ViewV_Tgq5
  [tier: heavy]
  -> Found UB Trap. Starting Backward Slice...
    -> Guard[0] (false edge of ''):  %11 = icmp eq i64 %2, 0
    -> Guard[1] (false edge of 'entry'):  %8 = icmp eq i64 %1, 0
    -> Collected 2 dominating context guard(s).
    -> Fact[LVI:0] i64 %1 in [1,0) (LVI @ )
    -> Fact[LVI:1] i64 %2 in [1,0) (LVI @ )
    -> [heavy] 2 analysis fact(s) on 2 boundary value(s)
    -> [ind] trap not in a loop
    -> SAT (WARNING: Potential Integer Overflow Bug Detected!) [Query Latency: 0.072750 ms]
    -> [mv] trap not inside a loop: not versionable
  -> Found UB Trap. Starting Backward Slice...
    -> Guard[0] (false edge of ''):  %17 = icmp eq i64 %16, %14
    -> Guard[1] (false edge of ''):  %13 = icmp slt i64 %2, 0
    -> Guard[2] (false edge of ''):  %11 = icmp eq i64 %2, 0
    -> Guard[3] (false edge of 'entry'):  %8 = icmp eq i64 %1, 0
    -> Collected 4 dominating context guard(s).
    -> [heavy] 0 analysis fact(s) on 8 boundary value(s)
    -> [mv] T3: trap condition not an ICmp
    -> [ind L0] BASE (3 phi(s) = entry): SAT (WARNING: Potential Integer Overflow Bug Detected!) [Query Latency: 0.435084 ms]
    -> SAT (WARNING: Potential Integer Overflow Bug Detected!) [Query Latency: 0.527875 ms]
    -> [mv] still SAT under 18 hypothesis candidate(s): not versionable
  -> Found UB Trap. Starting Backward Slice...
    -> Guard[0] (false edge of ''):  %21 = icmp eq i64 %20, 0
    -> Guard[1] (false edge of ''):  %48 = or i1 %46, %47
    -> Guard[2] (false edge of ''):  %17 = icmp eq i64 %16, %14
    -> Guard[3] (false edge of ''):  %13 = icmp slt i64 %2, 0
    -> Guard[4] (false edge of ''):  %11 = icmp eq i64 %2, 0
    -> Guard[5] (false edge of 'entry'):  %8 = icmp eq i64 %1, 0
    -> Collected 6 dominating context guard(s).
    -> Fact[LVI:0] i64 %19 in [1152921504606846976,0) (LVI @ )
    -> [heavy] 1 analysis fact(s) on 9 boundary value(s)
    -> [mv] T3: refused, bound not invariant in the trap loop: (%72 /u 65536)
    -> [ind L0] BASE (3 phi(s) = entry): SAT (WARNING: Potential Integer Overflow Bug Detected!) [Query Latency: 0.292333 ms]
    -> SAT (WARNING: Potential Integer Overflow Bug Detected!) [Query Latency: 0.453792 ms]
    -> [mv] hypothesis contradicts the context: refusing (H vacuous): {%35 >u 281474976710655}
  => Total Traps Eliminated: 0
  => Traps Folded In Fast Copies (mv): 0
  => Total Trap Attempts: 3
  => Total SMT Queries Executed: 3
  => Total SMT Query Latency: 3.030708e+00 ms
  => Average SMT Query Latency: 1.010236e+00 ms
  => Total DFS & SMT Execution Time: 6.980709e+00 ms
--------------------------------------------------

[Z3 Oracle] Analyzing Function: $ss11_StringGutsV27_slowEnsureMatchingEncodingySS5IndexVAEF
  [tier: heavy]
  => Total Traps Eliminated: 0
  => Traps Folded In Fast Copies (mv): 0
  => Total Trap Attempts: 0
  => Total SMT Queries Executed: 0
  => Total SMT Query Latency: 0.000000e+00 ms
  => Average SMT Query Latency: 0.000000e+00 ms
  => Total DFS & SMT Execution Time: 8.750000e-03 ms
--------------------------------------------------

[Z3 Oracle] Analyzing Function: $ss32_copyCollectionToContiguousArrayys0dE0Vy7ElementQzGxSlRzlFs0E5SliceVys5UInt8VG_Tg5
  [tier: heavy]
  -> Found UB Trap. Starting Backward Slice...
    -> Collected 0 dominating context guard(s).
    -> [heavy] 0 analysis fact(s) on 2 boundary value(s)
    -> [ind] trap not in a loop
    -> SAT (WARNING: Potential Integer Overflow Bug Detected!) [Query Latency: 0.546834 ms]
    -> [mv] trap not inside a loop: not versionable
  -> Found UB Trap. Starting Backward Slice...
    -> Guard[0] (false edge of ''):  %9 = icmp eq i64 %6, 0
    -> Guard[1] (false edge of 'entry'):  %7 = extractvalue { i64, i1 } %5, 1
    -> Collected 2 dominating context guard(s).
    -> [heavy] 0 analysis fact(s) on 2 boundary value(s)
    -> UNSAT (Dead Code / Impossible Path) [Query Latency: 0.016250 ms]
  => SUCCESS: Trap mathematically neutralized!
  => Total Traps Eliminated: 1
  => Traps Folded In Fast Copies (mv): 0
  => Total Trap Attempts: 2
  => Total SMT Queries Executed: 2
  => Total SMT Query Latency: 5.630840e-01 ms
  => Average SMT Query Latency: 2.815420e-01 ms
  => Total DFS & SMT Execution Time: 2.121417e+00 ms
--------------------------------------------------

[Z3 Oracle] Analyzing Function: __swift_instantiateConcreteTypeFromMangledNameV2
  [tier: heavy]
  => Total Traps Eliminated: 0
  => Traps Folded In Fast Copies (mv): 0
  => Total Trap Attempts: 0
  => Total SMT Queries Executed: 0
  => Total SMT Query Latency: 0.000000e+00 ms
  => Average SMT Query Latency: 0.000000e+00 ms
  => Total DFS & SMT Execution Time: 7.625000e-03 ms
--------------------------------------------------

[Z3 Oracle] Analyzing Function: $s10Foundation4DataV15_RepresentationOWOe
  [tier: heavy]
  => Total Traps Eliminated: 0
  => Traps Folded In Fast Copies (mv): 0
  => Total Trap Attempts: 0
  => Total SMT Queries Executed: 0
  => Total SMT Query Latency: 0.000000e+00 ms
  => Average SMT Query Latency: 0.000000e+00 ms
  => Total DFS & SMT Execution Time: 5.958000e-03 ms
--------------------------------------------------
