[ODeSSy] 4 trap site(s) across 2 function(s); threads=1 [tier: heavy] [frame] [mv] [narrow] [ind] [traps=bounds_error,boundserror,odessy.chk]

[Z3 Oracle] Analyzing Function: julia_lz77_scan_145
  [tier: heavy]
  -> Found UB Trap. Starting Backward Slice...
    -> Guard[0] (false edge of 'L19.postloop'):  %.not32.postloop.not = icmp sgt i64 %33, %"data::Array.size.0.copyload", !dbg !47
    -> Guard[1] (true edge of 'L8'):  %.not3145 = icmp slt i64 %value_phi2, %value_phi49, !dbg !42
    -> Guard[2] (false edge of 'top'):  %.not48 = icmp slt i64 %"data::Array.size.0.copyload", 2, !dbg !32
    -> Collected 3 dominating context guard(s).
    -> [go3] 10 leaf-closure instruction(s) encoded
    -> Fact[PHIINV-hi:0] i64 %value_phi49 == i64 2 || sle(i64 %value_phi49, i64 %"data::Array.size.0.copyload") (latch-implied bound, 1-induction)
    -> Fact[SCEVSYM:1] i64 %value_phi346 - start(%value_phi2) <=u BTC((-1 + (-1 * %value_phi2) + %value_phi49)) (SCEV symbolic trip count, sub-form)
    -> Fact[PHIINV-lo:2] i64 %value_phi346 >=s i64 %value_phi2 (monotone nsw increments, 1 arm(s))
    -> Fact[SCEV:3] i64 %value_phi5.postloop in [0,765) (SCEV unsigned)
    -> Fact[SCEV:4] i64 %value_phi5.postloop in [0,765) (SCEV signed)
    -> Fact[PHIINV-lo:5] i64 %value_phi5.postloop >=s i64 %value_phi5.copy (monotone nsw increments, 1 arm(s))
    -> Fact[KB:6] i64 %smax83 known bits zero=0x18446744073709551360 one=0x0
    -> Fact[KB:7] i64 %value_phi5 known bits zero=0x9223372036854775808 one=0x0
    -> Fact[SCEV:8] i64 %value_phi5 in [0,510) (SCEV unsigned)
    -> Fact[SCEV:9] i64 %value_phi5 in [0,510) (SCEV signed)
    -> Fact[PHIINV-hi:10] i64 %value_phi5 == i64 %value_phi5.preloop.copy || slt(i64 %value_phi5, i64 %smin62) (latch-implied bound, 1-induction)
    -> Fact[PHIINV-lo:11] i64 %value_phi5 >=s i64 %value_phi5.preloop.copy (monotone nsw increments, 1 arm(s))
    -> Fact[SCEVEQ:12] i64 %value_phi5.copy in phi image (2 incoming)
    -> Fact[KB:13] i64 %value_phi5.preloop.copy known bits zero=0x18446744073709551360 one=0x0
    -> Fact[SCEVEQ:14] i64 %value_phi5.preloop.copy in phi image (2 incoming)
    -> Fact[KB:15] i64 %17 known bits zero=0x9223372036854775808 one=0x0
    -> Fact[KB:16] i64 %smax83 known bits zero=0x18446744073709551360 one=0x0
    -> [heavy] 17 analysis fact(s) on 18 boundary value(s)
    -> [mv] T3 symbolic index bound: max(idx) = (-2 + (254 umax %value_phi5.copy) + %value_phi49)
    -> [ind L0] BASE (1 phi(s) = entry): SAT (WARNING: Potential Integer Overflow Bug Detected!) [Query Latency: 5.084702 ms]
    -> [ind L1] BASE (4 phi(s) = entry): SAT (WARNING: Potential Integer Overflow Bug Detected!) [Query Latency: 13.749842 ms]
    -> [ind L2] BASE (2 phi(s) = entry): SAT (WARNING: Potential Integer Overflow Bug Detected!) [Query Latency: 43.174879 ms]
    -> SAT (WARNING: Potential Integer Overflow Bug Detected!) [Query Latency: 37.467407 ms]
    -> [mv] still UNKNOWN under 40 hypothesis candidate(s): not versionable
  -> Found UB Trap. Starting Backward Slice...
    -> Guard[0] (false edge of 'L19.preloop'):  %.not32.preloop.not = icmp sgt i64 %24, %"data::Array.size.0.copyload", !dbg !47
    -> Guard[1] (false edge of 'L19.preheader'):  %.not103 = icmp sgt i64 %11, -1, !dbg !44
    -> Guard[2] (true edge of 'L8'):  %.not3145 = icmp slt i64 %value_phi2, %value_phi49, !dbg !42
    -> Guard[3] (false edge of 'top'):  %.not48 = icmp slt i64 %"data::Array.size.0.copyload", 2, !dbg !32
    -> Collected 4 dominating context guard(s).
    -> [go3] 3 leaf-closure instruction(s) encoded
    -> Fact[PHIINV-hi:0] i64 %value_phi49 == i64 2 || sle(i64 %value_phi49, i64 %"data::Array.size.0.copyload") (latch-implied bound, 1-induction)
    -> Fact[SCEVSYM:1] i64 %value_phi346 - start(%value_phi2) <=u BTC((-1 + (-1 * %value_phi2) + %value_phi49)) (SCEV symbolic trip count, sub-form)
    -> Fact[PHIINV-lo:2] i64 %value_phi346 >=s i64 %value_phi2 (monotone nsw increments, 1 arm(s))
    -> Fact[KB:3] i64 %value_phi5.preloop known bits zero=0x9223372036854775808 one=0x0
    -> Fact[SCEV:4] i64 %value_phi5.preloop in [0,255) (SCEV unsigned)
    -> Fact[SCEV:5] i64 %value_phi5.preloop in [0,255) (SCEV signed)
    -> Fact[PHIINV-hi:6] i64 %value_phi5.preloop == i64 0 || ne(i64 %value_phi5.preloop, i64 %smin82) (latch-implied bound, 1-induction)
    -> Fact[PHIINV-lo:7] i64 %value_phi5.preloop >=s i64 0 (monotone nsw increments, 1 arm(s))
    -> [heavy] 8 analysis fact(s) on 8 boundary value(s)
    -> [mv] T3 symbolic index bound: max(idx) = (-3 + (255 smin (-1 * ((-9223372036854775807 smax (-2 + %value_phi49)) smin (-9223372036854775807 smax (-1 + %value_phi49))))<nsw>) + %value_phi49)
    -> [ind L0] BASE (1 phi(s) = entry): SAT (WARNING: Potential Integer Overflow Bug Detected!) [Query Latency: 42.856429 ms]
    -> [ind L1] BASE (4 phi(s) = entry): SAT (WARNING: Potential Integer Overflow Bug Detected!) [Query Latency: 4.627035 ms]
    -> [ind L2] BASE (2 phi(s) = entry): SAT (WARNING: Potential Integer Overflow Bug Detected!) [Query Latency: 4.015134 ms]
    -> SAT (WARNING: Potential Integer Overflow Bug Detected!) [Query Latency: 53.097790 ms]
    -> [mv] minimize: without {%"data::Array.size.0.copyload" <=s 2^31} -> UNSAT, dropped (2.387466e+02 ms)
    -> [mv] minimize: without {%value_phi49 <=s 2^31} -> UNSAT, dropped (4.387219e+02 ms)
    -> [mv] minimize: without {%value_phi49 >=s 0} -> UNSAT, dropped (3.523876e+02 ms)
    -> [mv] minimize: without {%"window::Int64" >=s 0} -> UNSAT, dropped (5.346577e+02 ms)
    -> [mv] hypothesis contradicts the context: refusing (H vacuous): {%"data::Array.size.0.copyload" >u ((-3 + (255 smin (-1 * ((-9223372036854775807 smax (-2 + %value_phi49)) smin (-9223372036854775807 smax (-1 + %value_phi49))))<nsw>) + %value_phi49))}
  -> Found UB Trap. Starting Backward Slice...
    -> Guard[0] (true edge of 'L23.postloop'):  %.not33.postloop = icmp ult i64 %35, %"data::Array.size.0.copyload", !dbg !48
    -> Guard[1] (false edge of 'L19.postloop'):  %.not32.postloop.not = icmp sgt i64 %33, %"data::Array.size.0.copyload", !dbg !47
    -> Guard[2] (true edge of 'L8'):  %.not3145 = icmp slt i64 %value_phi2, %value_phi49, !dbg !42
    -> Guard[3] (false edge of 'top'):  %.not48 = icmp slt i64 %"data::Array.size.0.copyload", 2, !dbg !32
    -> Collected 4 dominating context guard(s).
    -> [go3] 10 leaf-closure instruction(s) encoded
    -> Fact[LVI:0] i64 %"data::Array.size.0.copyload" in [1,0) (LVI @ L38.postloop)
    -> Fact[PHIINV-hi:1] i64 %value_phi49 == i64 2 || sle(i64 %value_phi49, i64 %"data::Array.size.0.copyload") (latch-implied bound, 1-induction)
    -> Fact[SCEVSYM:2] i64 %value_phi346 - start(%value_phi2) <=u BTC((-1 + (-1 * %value_phi2) + %value_phi49)) (SCEV symbolic trip count, sub-form)
    -> Fact[PHIINV-lo:3] i64 %value_phi346 >=s i64 %value_phi2 (monotone nsw increments, 1 arm(s))
    -> Fact[SCEV:4] i64 %value_phi5.postloop in [0,765) (SCEV unsigned)
    -> Fact[SCEV:5] i64 %value_phi5.postloop in [0,765) (SCEV signed)
    -> Fact[PHIINV-lo:6] i64 %value_phi5.postloop >=s i64 %value_phi5.copy (monotone nsw increments, 1 arm(s))
    -> Fact[KB:7] i64 %smax83 known bits zero=0x18446744073709551360 one=0x0
    -> Fact[KB:8] i64 %value_phi5 known bits zero=0x9223372036854775808 one=0x0
    -> Fact[SCEV:9] i64 %value_phi5 in [0,510) (SCEV unsigned)
    -> Fact[SCEV:10] i64 %value_phi5 in [0,510) (SCEV signed)
    -> Fact[PHIINV-hi:11] i64 %value_phi5 == i64 %value_phi5.preloop.copy || slt(i64 %value_phi5, i64 %smin62) (latch-implied bound, 1-induction)
    -> Fact[PHIINV-lo:12] i64 %value_phi5 >=s i64 %value_phi5.preloop.copy (monotone nsw increments, 1 arm(s))
    -> Fact[SCEVEQ:13] i64 %value_phi5.copy in phi image (2 incoming)
    -> Fact[KB:14] i64 %value_phi5.preloop.copy known bits zero=0x18446744073709551360 one=0x0
    -> Fact[SCEVEQ:15] i64 %value_phi5.preloop.copy in phi image (2 incoming)
    -> Fact[KB:16] i64 %17 known bits zero=0x9223372036854775808 one=0x0
    -> Fact[KB:17] i64 %smax83 known bits zero=0x18446744073709551360 one=0x0
    -> [heavy] 18 analysis fact(s) on 18 boundary value(s)
    -> [mv] T3 symbolic index bound: max(idx) = (-1 + (254 umax %value_phi5.copy) + %value_phi49)
    -> [ind L0] BASE (1 phi(s) = entry): SAT (WARNING: Potential Integer Overflow Bug Detected!) [Query Latency: 357.162084 ms]
    -> [ind L1] BASE (4 phi(s) = entry): SAT (WARNING: Potential Integer Overflow Bug Detected!) [Query Latency: 179.496120 ms]
    -> [ind L2] BASE (2 phi(s) = entry): UNSAT (Dead Code / Impossible Path) [Query Latency: 8.155587 ms]
    -> Fact[p2.PHIINV-hi:0] i64 %value_phi49 == i64 2 || sle(i64 %value_phi49, i64 %"data::Array.size.0.copyload") (latch-implied bound, 1-induction)
    -> Fact[p2.SCEVSYM:1] i64 %indvars.iv - start((-1 + %value_phi2)) <=u BTC((-1 + (-1 * %value_phi2) + %value_phi49)) (SCEV symbolic trip count, sub-form)
    -> Fact[p2.SCEV:2] i64 %indvar in [0,-1) (SCEV unsigned)
    -> Fact[p2.SCEV:3] i64 %indvar in [0,-1) (SCEV signed)
    -> Fact[p2.SCEVSYM:4] i64 %indvar - start(0) <=u BTC((-1 + (-1 * %value_phi2) + %value_phi49)) (SCEV symbolic trip count, sub-form)
    -> Fact[p2.PHIINV-hi:5] i64 %indvar == i64 0 || ne(i64 %indvar, i64 %8) (latch-implied bound, 1-induction)
    -> Fact[p2.SCEVSYM:6] i64 %value_phi346 - start(%value_phi2) <=u BTC((-1 + (-1 * %value_phi2) + %value_phi49)) (SCEV symbolic trip count, sub-form)
    -> Fact[p2.PHIINV-lo:7] i64 %value_phi346 >=s i64 %value_phi2 (monotone nsw increments, 1 arm(s))
    -> Fact[p2.KB:8] i64 %value_phi5.preloop known bits zero=0x9223372036854775808 one=0x0
    -> Fact[p2.SCEV:9] i64 %value_phi5.preloop in [0,255) (SCEV unsigned)
    -> Fact[p2.SCEV:10] i64 %value_phi5.preloop in [0,255) (SCEV signed)
    -> Fact[p2.PHIINV-hi:11] i64 %value_phi5.preloop == i64 0 || ne(i64 %value_phi5.preloop, i64 %smin82) (latch-implied bound, 1-induction)
    -> Fact[p2.PHIINV-lo:12] i64 %value_phi5.preloop >=s i64 0 (monotone nsw increments, 1 arm(s))
    -> Fact[p2.KB:13] i64 %value_phi5 known bits zero=0x9223372036854775808 one=0x0
    -> Fact[p2.SCEV:14] i64 %value_phi5 in [0,510) (SCEV unsigned)
    -> Fact[p2.SCEV:15] i64 %value_phi5 in [0,510) (SCEV signed)
    -> Fact[p2.PHIINV-hi:16] i64 %value_phi5 == i64 %value_phi5.preloop.copy || slt(i64 %value_phi5, i64 %smin62) (latch-implied bound, 1-induction)
    -> Fact[p2.PHIINV-lo:17] i64 %value_phi5 >=s i64 %value_phi5.preloop.copy (monotone nsw increments, 1 arm(s))
    -> Fact[p2.SCEV:18] i64 %value_phi5.postloop in [0,765) (SCEV unsigned)
    -> Fact[p2.SCEV:19] i64 %value_phi5.postloop in [0,765) (SCEV signed)
    -> Fact[p2.PHIINV-lo:20] i64 %value_phi5.postloop >=s i64 %value_phi5.copy (monotone nsw increments, 1 arm(s))
    -> Fact[p2.KB:21] i64 %value_phi5.preloop.copy known bits zero=0x18446744073709551360 one=0x0
    -> Fact[p2.SCEVEQ:22] i64 %value_phi5.preloop.copy in phi image (2 incoming)
    -> Fact[p2.SCEVEQ:23] i64 %value_phi5.copy in phi image (2 incoming)
    -> Fact[p2.KB:24] i64 %smax83 known bits zero=0x18446744073709551360 one=0x0
    -> Fact[p2.KB:25] i64 %17 known bits zero=0x9223372036854775808 one=0x0
    -> [ind L2] STEP (copy: 92 instr, 0 skipped, 22 fresh, 26 fact(s), 2 link(s)): SAT (WARNING: Potential Integer Overflow Bug Detected!) [Query Latency: 390.290091 ms]
    -> SAT (WARNING: Potential Integer Overflow Bug Detected!) [Query Latency: 1053.551718 ms]
    -> [mv] minimize: without {%"data::Array.size.0.copyload" <=s 2^31} -> SAT, kept (3.714794e+01 ms)
    -> [mv] minimize: without {%"window::Int64" >=s 0} -> UNSAT, dropped (3.637284e+02 ms)
    -> [mv] loosen: {%"data::Array.size.0.copyload" <=s 2^31} -> {%"data::Array.size.0.copyload" <=s 2^62}: UNSAT, adopted (1.371791e+03 ms)
    -> [mv] DEAD UNDER HYPOTHESIS H = {%"data::Array.size.0.copyload" <=s 2^62} (1 of 43 candidates in core, round 0; re-solve 7.097303e+01 ms; trap loop depth 3, hoist to depth 1)
  => SUCCESS (fast copy): trap folded in 1 copy inside the H-guarded clone of loop 'L8'
  -> Found UB Trap. Starting Backward Slice...
    -> Guard[0] (true edge of 'L23.preloop'):  %.not33.preloop = icmp ult i64 %26, %"data::Array.size.0.copyload", !dbg !48
    -> Guard[1] (false edge of 'L19.preloop'):  %.not32.preloop.not = icmp sgt i64 %24, %"data::Array.size.0.copyload", !dbg !47
    -> Guard[2] (false edge of 'L19.preheader'):  %.not103 = icmp sgt i64 %11, -1, !dbg !44
    -> Guard[3] (true edge of 'L8'):  %.not3145 = icmp slt i64 %value_phi2, %value_phi49, !dbg !42
    -> Guard[4] (false edge of 'top'):  %.not48 = icmp slt i64 %"data::Array.size.0.copyload", 2, !dbg !32
    -> Collected 5 dominating context guard(s).
    -> [go3] 3 leaf-closure instruction(s) encoded
    -> Fact[LVI:0] i64 %"data::Array.size.0.copyload" in [1,0) (LVI @ L38.preloop)
    -> Fact[PHIINV-hi:1] i64 %value_phi49 == i64 2 || sle(i64 %value_phi49, i64 %"data::Array.size.0.copyload") (latch-implied bound, 1-induction)
    -> Fact[SCEVSYM:2] i64 %value_phi346 - start(%value_phi2) <=u BTC((-1 + (-1 * %value_phi2) + %value_phi49)) (SCEV symbolic trip count, sub-form)
    -> Fact[PHIINV-lo:3] i64 %value_phi346 >=s i64 %value_phi2 (monotone nsw increments, 1 arm(s))
    -> Fact[KB:4] i64 %value_phi5.preloop known bits zero=0x9223372036854775808 one=0x0
    -> Fact[SCEV:5] i64 %value_phi5.preloop in [0,255) (SCEV unsigned)
    -> Fact[SCEV:6] i64 %value_phi5.preloop in [0,255) (SCEV signed)
    -> Fact[PHIINV-hi:7] i64 %value_phi5.preloop == i64 0 || ne(i64 %value_phi5.preloop, i64 %smin82) (latch-implied bound, 1-induction)
    -> Fact[PHIINV-lo:8] i64 %value_phi5.preloop >=s i64 0 (monotone nsw increments, 1 arm(s))
    -> [heavy] 9 analysis fact(s) on 8 boundary value(s)
    -> [mv] T3 symbolic index bound: max(idx) = (-2 + (255 smin (-1 * ((-9223372036854775807 smax (-2 + %value_phi49)) smin (-9223372036854775807 smax (-1 + %value_phi49))))<nsw>) + %value_phi49)
    -> [ind L0] BASE (1 phi(s) = entry): UNSAT (Dead Code / Impossible Path) [Query Latency: 1372.488484 ms]
    -> Fact[p0.KB:0] i64 %value_phi5.preloop known bits zero=0x9223372036854775808 one=0x0
    -> Fact[p0.SCEV:1] i64 %value_phi5.preloop in [0,255) (SCEV unsigned)
    -> Fact[p0.SCEV:2] i64 %value_phi5.preloop in [0,255) (SCEV signed)
    -> Fact[p0.PHIINV-hi:3] i64 %value_phi5.preloop == i64 0 || ne(i64 %value_phi5.preloop, i64 %smin82) (latch-implied bound, 1-induction)
    -> Fact[p0.PHIINV-lo:4] i64 %value_phi5.preloop >=s i64 0 (monotone nsw increments, 1 arm(s))
    -> [ind L0] STEP (copy: 15 instr, 0 skipped, 5 fresh, 5 fact(s), 1 link(s)): SAT (WARNING: Potential Integer Overflow Bug Detected!) [Query Latency: 88.232002 ms]
    -> [ind L1] BASE (4 phi(s) = entry): SAT (WARNING: Potential Integer Overflow Bug Detected!) [Query Latency: 56.814919 ms]
    -> [ind L2] BASE (2 phi(s) = entry): UNSAT (Dead Code / Impossible Path) [Query Latency: 13.095662 ms]
    -> Fact[p2.PHIINV-hi:0] i64 %value_phi49 == i64 2 || sle(i64 %value_phi49, i64 %"data::Array.size.0.copyload") (latch-implied bound, 1-induction)
    -> Fact[p2.SCEVSYM:1] i64 %indvars.iv - start((-1 + %value_phi2)) <=u BTC((-1 + (-1 * %value_phi2) + %value_phi49)) (SCEV symbolic trip count, sub-form)
    -> Fact[p2.SCEV:2] i64 %indvar in [0,-1) (SCEV unsigned)
    -> Fact[p2.SCEV:3] i64 %indvar in [0,-1) (SCEV signed)
    -> Fact[p2.SCEVSYM:4] i64 %indvar - start(0) <=u BTC((-1 + (-1 * %value_phi2) + %value_phi49)) (SCEV symbolic trip count, sub-form)
    -> Fact[p2.PHIINV-hi:5] i64 %indvar == i64 0 || ne(i64 %indvar, i64 %8) (latch-implied bound, 1-induction)
    -> Fact[p2.SCEVSYM:6] i64 %value_phi346 - start(%value_phi2) <=u BTC((-1 + (-1 * %value_phi2) + %value_phi49)) (SCEV symbolic trip count, sub-form)
    -> Fact[p2.PHIINV-lo:7] i64 %value_phi346 >=s i64 %value_phi2 (monotone nsw increments, 1 arm(s))
    -> Fact[p2.KB:8] i64 %value_phi5.preloop known bits zero=0x9223372036854775808 one=0x0
    -> Fact[p2.SCEV:9] i64 %value_phi5.preloop in [0,255) (SCEV unsigned)
    -> Fact[p2.SCEV:10] i64 %value_phi5.preloop in [0,255) (SCEV signed)
    -> Fact[p2.PHIINV-hi:11] i64 %value_phi5.preloop == i64 0 || ne(i64 %value_phi5.preloop, i64 %smin82) (latch-implied bound, 1-induction)
    -> Fact[p2.PHIINV-lo:12] i64 %value_phi5.preloop >=s i64 0 (monotone nsw increments, 1 arm(s))
    -> Fact[p2.KB:13] i64 %value_phi5 known bits zero=0x9223372036854775808 one=0x0
    -> Fact[p2.SCEV:14] i64 %value_phi5 in [0,510) (SCEV unsigned)
    -> Fact[p2.SCEV:15] i64 %value_phi5 in [0,510) (SCEV signed)
    -> Fact[p2.PHIINV-hi:16] i64 %value_phi5 == i64 %value_phi5.preloop.copy || slt(i64 %value_phi5, i64 %smin62) (latch-implied bound, 1-induction)
    -> Fact[p2.PHIINV-lo:17] i64 %value_phi5 >=s i64 %value_phi5.preloop.copy (monotone nsw increments, 1 arm(s))
    -> Fact[p2.SCEV:18] i64 %value_phi5.postloop in [0,765) (SCEV unsigned)
    -> Fact[p2.SCEV:19] i64 %value_phi5.postloop in [0,765) (SCEV signed)
    -> Fact[p2.PHIINV-lo:20] i64 %value_phi5.postloop >=s i64 %value_phi5.copy (monotone nsw increments, 1 arm(s))
    -> Fact[p2.KB:21] i64 %value_phi5.preloop.copy known bits zero=0x18446744073709551360 one=0x0
    -> Fact[p2.SCEVEQ:22] i64 %value_phi5.preloop.copy in phi image (2 incoming)
    -> Fact[p2.SCEVEQ:23] i64 %value_phi5.copy in phi image (2 incoming)
    -> Fact[p2.KB:24] i64 %smax83 known bits zero=0x18446744073709551360 one=0x0
    -> Fact[p2.KB:25] i64 %17 known bits zero=0x9223372036854775808 one=0x0
    -> [ind L2] STEP (copy: 92 instr, 0 skipped, 22 fresh, 26 fact(s), 2 link(s)): SAT (WARNING: Potential Integer Overflow Bug Detected!) [Query Latency: 368.314061 ms]
    -> SAT (WARNING: Potential Integer Overflow Bug Detected!) [Query Latency: 803.958203 ms]
    -> [mv] minimize: without {%"data::Array.size.0.copyload" <=s 2^31} -> SAT, kept (3.813930e+01 ms)
    -> [mv] minimize: without {%"window::Int64" <=s 2^31} -> UNSAT, dropped (5.408322e+01 ms)
    -> [mv] minimize: without {%"window::Int64" >=s 0} -> UNSAT, dropped (3.702177e+02 ms)
    -> [mv] loosen: {%"data::Array.size.0.copyload" <=s 2^31} -> {%"data::Array.size.0.copyload" <=s 2^62}: UNSAT, adopted (3.938503e+02 ms)
    -> [mv] DEAD UNDER HYPOTHESIS H = {%"data::Array.size.0.copyload" <=s 2^62} (1 of 40 candidates in core, round 0; re-solve 5.812302e+01 ms; trap loop depth 3, hoist to depth 1)
  => SUCCESS (fast copy): trap folded in 1 copy inside the H-guarded clone of loop 'L8'
  => Total Traps Eliminated: 0
  => Traps Folded In Fast Copies (mv): 2
  => Total Trap Attempts: 4
  => Total SMT Queries Executed: 4
  => Total SMT Query Latency: 4.085612e+04 ms
  => Average SMT Query Latency: 1.021403e+04 ms
  => Total DFS & SMT Execution Time: 4.111615e+04 ms
--------------------------------------------------

[Z3 Oracle] Analyzing Function: jfptr_lz77_scan_146
  [tier: heavy]
  => Total Traps Eliminated: 0
  => Traps Folded In Fast Copies (mv): 0
  => Total Trap Attempts: 0
  => Total SMT Queries Executed: 0
  => Total SMT Query Latency: 0.000000e+00 ms
  => Average SMT Query Latency: 0.000000e+00 ms
  => Total DFS & SMT Execution Time: 5.628000e-02 ms
--------------------------------------------------
