swiftc: Apple Swift version 6.3.3 (swift-6.3.3-RELEASE)  sdk: /Library/Developer/CommandLineTools/SDKs/MacOSX26.5.sdk
opt   : LLVM (http://llvm.org/):
reps  : 10   kernel: main   runargs: '300 perf_test/sha_input.bin'

==== PHASE A: building ====
  built base     traps 2651->2962 bin  1013048 B  eliminated 0
  built base2x   traps 2651->3319 bin  1029560 B  eliminated 0
  built oracle   traps 2651->2736 bin  1013160 B  eliminated 213
==== PHASE B: output equivalence gate ====
  outputs byte-identical across all configs -- gate passed
==== PHASE C: 10 shuffled reps x 3 configs ====
  rep 1/10
  rep 2/10
  rep 3/10
  rep 4/10
  rep 5/10
  rep 6/10
  rep 7/10
  rep 8/10
  rep 9/10
  rep 10/10

config      median       min       avg  audit
base        0.9265    0.9155    0.9270  ok
base2x      0.9302    0.9115    0.9298  OUTLIER(min<98%med)
oracle      0.9289    0.9184    0.9282  ok
oracle vs base: -0.26% (median)
oracle vs base2x: +0.13% (median)

CSV appended: /Users/ebrah/Project/compiler/ODeSSy/evaluation/perf_swift.csv   (rerun with REPS=15 on the server for the real number)
