swiftc: Apple Swift version 6.3.3 (swift-6.3.3-RELEASE)  sdk: /Library/Developer/CommandLineTools/SDKs/MacOSX26.5.sdk
opt   : LLVM (http://llvm.org/):
reps  : 10   kernel: main   runargs: '300 perf_test/sha_input.bin'

==== PHASE A: building ====
  built base     traps 2651->2962 bin  1013048 B  eliminated 0
  built base2x   traps 2651->3319 bin  1029560 B  eliminated 0
  built oracle   traps 2651->2700 bin  1013160 B  eliminated 261
==== PHASE B: output equivalence gate ====
  outputs byte-identical across all configs -- gate passed
==== PHASE C: 10 shuffled reps x 3 configs ====
  rep 1/10
  rep 2/10
  rep 3/10
  rep 4/10
  rep 5/10
  rep 6/10
  rep 7/10
  rep 8/10
  rep 9/10
  rep 10/10

config      median       min       avg  audit
base        0.9374    0.9296    0.9404  ok
base2x      0.9384    0.9252    0.9411  ok
oracle      0.9276    0.9154    0.9314  ok
oracle vs base: +1.05% (median)
oracle vs base2x: +1.15% (median)

CSV appended: /Users/ebrah/Project/compiler/ODeSSy/evaluation/perf_swift.csv   (rerun with REPS=15 on the server for the real number)
