swiftc: swift-driver version: 1.148.6 Apple Swift version 6.3.3 (swiftlang-6.3.3.1.3 clang-2100.1.1.101)
opt   : LLVM (http://llvm.org/):
reps  : 30   kernel: md5   runargs: '500 perf_test/sha_input.bin'

==== PHASE A: building ====
  built base     traps   26->25   bin    55576 B  eliminated 0
  built base2x   traps   26->25   bin    55576 B  eliminated 0
  built oracle   traps   26->20   bin    55576 B  eliminated 5
==== PHASE B: output equivalence gate ====
  outputs byte-identical across all configs -- gate passed
==== PHASE C: 30 shuffled reps x 3 configs ====
  rep 1/30
  rep 2/30
  rep 3/30
  rep 4/30
  rep 5/30
  rep 6/30
  rep 7/30
  rep 8/30
  rep 9/30
  rep 10/30
  rep 11/30
  rep 12/30
  rep 13/30
  rep 14/30
  rep 15/30
  rep 16/30
  rep 17/30
  rep 18/30
  rep 19/30
  rep 20/30
  rep 21/30
  rep 22/30
  rep 23/30
  rep 24/30
  rep 25/30
  rep 26/30
  rep 27/30
  rep 28/30
  rep 29/30
  rep 30/30

config      median       min       avg  audit
base        1.4867    1.4707    1.5142  ok
base2x      1.4998    1.4759    1.5193  ok
oracle      1.4963    1.4653    1.5111  OUTLIER(min<98%med)
oracle vs base: -0.65% (median)
oracle vs base2x: +0.23% (median)

CSV appended: /Users/ebrah/Project/compiler/ODeSSy/evaluation/perf_swift.csv   (rerun with REPS=15 on the server for the real number)
