swiftc: Swift version 6.3.3 (swift-6.3.3-RELEASE)
opt   : LLVM (http://llvm.org/):
reps  : 15   kernel: sha1   runargs: '900 perf_test/sha_input.bin'

==== PHASE A: building ====
  built base     traps   28->27   bin    27616 B  eliminated 0
  built base2x   traps   28->27   bin    27616 B  eliminated 0
  built oracle   traps   28->26   bin    27616 B  eliminated 2
==== PHASE B: output equivalence gate ====
  outputs byte-identical across all configs -- gate passed
==== PHASE C: 15 shuffled reps x 3 configs ====
  rep 1/15
  rep 2/15
  rep 3/15
  rep 4/15
  rep 5/15
  rep 6/15
  rep 7/15
  rep 8/15
  rep 9/15
  rep 10/15
  rep 11/15
  rep 12/15
  rep 13/15
  rep 14/15
  rep 15/15

config      median       min       avg  audit
base        4.6562    4.6451    4.6770  ok
base2x      4.6490    4.6443    4.6677  ok
oracle      4.8672    4.8541    4.8736  ok
oracle vs base: -4.53% (median)
oracle vs base2x: -4.69% (median)

CSV appended: /mydata/ODeSSy/evaluation/perf_swift.csv   (rerun with REPS=15 on the server for the real number)
