swiftc: Swift version 6.3.3 (swift-6.3.3-RELEASE)
opt   : LLVM (http://llvm.org/):
reps  : 15   kernel: sha256   runargs: '600 perf_test/sha_input.bin'

==== PHASE A: building ====
  built base     traps   40->40   bin    28368 B  eliminated 0
  built base2x   traps   40->40   bin    28368 B  eliminated 0
  built oracle   traps   40->35   bin    28368 B  eliminated 5
==== PHASE B: output equivalence gate ====
  outputs byte-identical across all configs -- gate passed
==== PHASE C: 15 shuffled reps x 3 configs ====
  rep 1/15
  rep 2/15
  rep 3/15
  rep 4/15
  rep 5/15
  rep 6/15
  rep 7/15
  rep 8/15
  rep 9/15
  rep 10/15
  rep 11/15
  rep 12/15
  rep 13/15
  rep 14/15
  rep 15/15

config      median       min       avg  audit
base        4.9304    4.9220    4.9288  ok
base2x      4.9154    4.9125    4.9169  ok
oracle      4.6838    4.6822    4.6840  ok
oracle vs base: +5.00% (median)
oracle vs base2x: +4.71% (median)

CSV appended: /mydata/ODeSSy/evaluation/perf_swift.csv   (rerun with REPS=15 on the server for the real number)
