=== base64 mv 300 ms
  built base     traps   28->26   bin    55576 B  eliminated 0
  built base2x   traps   28->26   bin    55584 B  eliminated 0
  built oracle   traps   28->24   bin    55584 B  eliminated 2
==== PHASE B: output equivalence gate ====
  outputs byte-identical across all configs -- gate passed
==== PHASE C: 30 shuffled reps x 3 configs ====
config      median       min       avg  audit
base        0.2049    0.2004    0.2072  OUTLIER(min<98%med)
base2x      0.2056    0.1998    0.2083  OUTLIER(min<98%med)
oracle      0.2324    0.2283    0.2364  ok
oracle vs base: -13.42% (median)
oracle vs base2x: -13.04% (median)
=== crc32 mv 300 ms
  built base     traps   38->37   bin    56376 B  eliminated 0
  built base2x   traps   38->37   bin    56384 B  eliminated 0
  built oracle   traps   38->37   bin    56384 B  eliminated 0
==== PHASE B: output equivalence gate ====
  outputs byte-identical across all configs -- gate passed
==== PHASE C: 30 shuffled reps x 3 configs ====
config      median       min       avg  audit
base        0.4929    0.4721    0.4927  OUTLIER(min<98%med)
base2x      0.5006    0.4724    0.4959  OUTLIER(min<98%med)
oracle      0.4719    0.4650    0.4799  ok
oracle vs base: +4.28% (median)
oracle vs base2x: +5.74% (median)
