swiftc: swift-driver version: 1.148.6 Apple Swift version 6.3.3 (swiftlang-6.3.3.1.3 clang-2100.1.1.101)
opt   : LLVM (http://llvm.org/):
reps  : 10   kernel: sha256   runargs: '200 perf_test/sha_input.bin'

==== PHASE A: building ====
  built base     traps   38->37   bin    56040 B  eliminated 0
  built base2x   traps   38->37   bin    56048 B  eliminated 0
  built oracle   traps   38->34   bin    56048 B  eliminated 3
==== PHASE B: output equivalence gate ====
  outputs byte-identical across all configs -- gate passed
==== PHASE C: 10 shuffled reps x 3 configs ====
  rep 1/10
  rep 2/10
  rep 3/10
  rep 4/10
  rep 5/10
  rep 6/10
  rep 7/10
  rep 8/10
  rep 9/10
  rep 10/10

config      median       min       avg  audit
base        0.4970    0.4930    0.4978  ok
base2x      0.4909    0.4832    0.4920  ok
oracle      0.4736    0.4678    0.4745  ok
oracle vs base: +4.71% (median)
oracle vs base2x: +3.53% (median)

CSV appended: /Users/ebrah/Project/compiler/ODeSSy/evaluation/perf_swift.csv   (rerun with REPS=15 on the server for the real number)
