swiftc: Swift version 6.3.3 (swift-6.3.3-RELEASE)
opt   : LLVM (http://llvm.org/):
reps  : 15   kernel: utf8   runargs: '1500 perf_test/utf8_input.txt'

==== PHASE A: building ====
  built base     traps   25->25   bin    27512 B  eliminated 0
  built base2x   traps   25->25   bin    27512 B  eliminated 0
  built oracle   traps   25->23   bin    27512 B  eliminated 2
==== PHASE B: output equivalence gate ====
  outputs byte-identical across all configs -- gate passed
==== PHASE C: 15 shuffled reps x 3 configs ====
  rep 1/15
  rep 2/15
  rep 3/15
  rep 4/15
  rep 5/15
  rep 6/15
  rep 7/15
  rep 8/15
  rep 9/15
  rep 10/15
  rep 11/15
  rep 12/15
  rep 13/15
  rep 14/15
  rep 15/15

config      median       min       avg  audit
base        2.8681    2.8661    2.8697  ok
base2x      2.8680    2.8661    2.8694  ok
oracle      2.8679    2.8668    2.8691  ok
oracle vs base: +0.01% (median)
oracle vs base2x: +0.00% (median)

CSV appended: /mydata/ODeSSy/evaluation/perf_swift.csv   (rerun with REPS=15 on the server for the real number)
