==== rebuilding pass ====
ninja: no work to do.
==== oracle-stage parallelism: JOBS=2 x THREADS=8 ====
==== minigzip driver (unsanitized, shared by every build) ====

==== PHASE A: building all binaries ====
  built none.base        traps     0->0     bin   195832 B text   181446 B compile    5.369s (smt 0.000s)
  built both.base        traps  1298->1298  bin   208120 B text   192094 B compile    5.792s (smt 0.000s)
  built both.base2x      traps  1298->1296  bin   212216 B text   197286 B compile    8.166s (smt 0.000s)
  built both.oracle      traps  1298->1152  bin   212216 B text   195846 B compile  216.964s (smt 208.924s)

==== PHASE B: corpora (8 64 MB) ====
  corpus dir: /dev/shm/odessy_corpus.127084
  corpus 8 MB ready
  corpus 64 MB ready
  MODE=decomp: corpora pre-compressed; timing minigzip -d

==== cooldown 60s after compile phase (thermal settle) ====
==== PHASE C: warmup ====  [pin: numactl --cpunodebind=0 --membind=0]
scripts/run_zlib_perf.sh: line 283: 127933 Illegal instruction     (core dumped) $PIN "${B_PATH[$k]}" "$RUNFLAG" < "${CORPUS[$mb]}" > /dev/null 2>&1
  [TRAP] both.base @8MB warmup died rc=132 -- a trap fired!
scripts/run_zlib_perf.sh: line 283: 127939 Illegal instruction     (core dumped) $PIN "${B_PATH[$k]}" "$RUNFLAG" < "${CORPUS[$mb]}" > /dev/null 2>&1
  [TRAP] both.base @64MB warmup died rc=132 -- a trap fired!
scripts/run_zlib_perf.sh: line 283: 127945 Illegal instruction     (core dumped) $PIN "${B_PATH[$k]}" "$RUNFLAG" < "${CORPUS[$mb]}" > /dev/null 2>&1
  [TRAP] both.base2x @8MB warmup died rc=132 -- a trap fired!
scripts/run_zlib_perf.sh: line 283: 127951 Illegal instruction     (core dumped) $PIN "${B_PATH[$k]}" "$RUNFLAG" < "${CORPUS[$mb]}" > /dev/null 2>&1
  [TRAP] both.base2x @64MB warmup died rc=132 -- a trap fired!
scripts/run_zlib_perf.sh: line 283: 127957 Illegal instruction     (core dumped) $PIN "${B_PATH[$k]}" "$RUNFLAG" < "${CORPUS[$mb]}" > /dev/null 2>&1
  [TRAP] both.oracle @8MB warmup died rc=132 -- a trap fired!
scripts/run_zlib_perf.sh: line 283: 127963 Illegal instruction     (core dumped) $PIN "${B_PATH[$k]}" "$RUNFLAG" < "${CORPUS[$mb]}" > /dev/null 2>&1
  [TRAP] both.oracle @64MB warmup died rc=132 -- a trap fired!
==== PHASE D: 10 shuffled reps x 8 (binary x size) pairs ====
  rep 1/10  (15:58:57)
scripts/run_zlib_perf.sh: line 298: 127975 Illegal instruction     (core dumped) $PIN "${B_PATH[$k]}" "$RUNFLAG" < "${CORPUS[$mb]}" > /dev/null 2>&1
  [TRAP] both.base @8MB rep 1 died rc=132 -- a trap fired!
scripts/run_zlib_perf.sh: line 298: 127992 Illegal instruction     (core dumped) $PIN "${B_PATH[$k]}" "$RUNFLAG" < "${CORPUS[$mb]}" > /dev/null 2>&1
  [TRAP] both.base2x @64MB rep 1 died rc=132 -- a trap fired!
scripts/run_zlib_perf.sh: line 298: 128002 Illegal instruction     (core dumped) $PIN "${B_PATH[$k]}" "$RUNFLAG" < "${CORPUS[$mb]}" > /dev/null 2>&1
  [TRAP] both.base2x @8MB rep 1 died rc=132 -- a trap fired!
scripts/run_zlib_perf.sh: line 298: 128011 Illegal instruction     (core dumped) $PIN "${B_PATH[$k]}" "$RUNFLAG" < "${CORPUS[$mb]}" > /dev/null 2>&1
  [TRAP] both.base @64MB rep 1 died rc=132 -- a trap fired!
scripts/run_zlib_perf.sh: line 298: 128020 Illegal instruction     (core dumped) $PIN "${B_PATH[$k]}" "$RUNFLAG" < "${CORPUS[$mb]}" > /dev/null 2>&1
  [TRAP] both.oracle @64MB rep 1 died rc=132 -- a trap fired!
scripts/run_zlib_perf.sh: line 298: 128029 Illegal instruction     (core dumped) $PIN "${B_PATH[$k]}" "$RUNFLAG" < "${CORPUS[$mb]}" > /dev/null 2>&1
  [TRAP] both.oracle @8MB rep 1 died rc=132 -- a trap fired!
  rep 2/10  (15:59:05)
scripts/run_zlib_perf.sh: line 298: 128042 Illegal instruction     (core dumped) $PIN "${B_PATH[$k]}" "$RUNFLAG" < "${CORPUS[$mb]}" > /dev/null 2>&1
  [TRAP] both.base @8MB rep 2 died rc=132 -- a trap fired!
scripts/run_zlib_perf.sh: line 298: 128051 Illegal instruction     (core dumped) $PIN "${B_PATH[$k]}" "$RUNFLAG" < "${CORPUS[$mb]}" > /dev/null 2>&1
  [TRAP] both.oracle @64MB rep 2 died rc=132 -- a trap fired!
scripts/run_zlib_perf.sh: line 298: 128064 Illegal instruction     (core dumped) $PIN "${B_PATH[$k]}" "$RUNFLAG" < "${CORPUS[$mb]}" > /dev/null 2>&1
  [TRAP] both.base @64MB rep 2 died rc=132 -- a trap fired!
scripts/run_zlib_perf.sh: line 298: 128073 Illegal instruction     (core dumped) $PIN "${B_PATH[$k]}" "$RUNFLAG" < "${CORPUS[$mb]}" > /dev/null 2>&1
  [TRAP] both.oracle @8MB rep 2 died rc=132 -- a trap fired!
scripts/run_zlib_perf.sh: line 298: 128082 Illegal instruction     (core dumped) $PIN "${B_PATH[$k]}" "$RUNFLAG" < "${CORPUS[$mb]}" > /dev/null 2>&1
  [TRAP] both.base2x @8MB rep 2 died rc=132 -- a trap fired!
scripts/run_zlib_perf.sh: line 298: 128091 Illegal instruction     (core dumped) $PIN "${B_PATH[$k]}" "$RUNFLAG" < "${CORPUS[$mb]}" > /dev/null 2>&1
  [TRAP] both.base2x @64MB rep 2 died rc=132 -- a trap fired!
  rep 3/10  (15:59:13)
scripts/run_zlib_perf.sh: line 298: 128108 Illegal instruction     (core dumped) $PIN "${B_PATH[$k]}" "$RUNFLAG" < "${CORPUS[$mb]}" > /dev/null 2>&1
  [TRAP] both.oracle @64MB rep 3 died rc=132 -- a trap fired!
scripts/run_zlib_perf.sh: line 298: 128117 Illegal instruction     (core dumped) $PIN "${B_PATH[$k]}" "$RUNFLAG" < "${CORPUS[$mb]}" > /dev/null 2>&1
  [TRAP] both.base @64MB rep 3 died rc=132 -- a trap fired!
scripts/run_zlib_perf.sh: line 298: 128130 Illegal instruction     (core dumped) $PIN "${B_PATH[$k]}" "$RUNFLAG" < "${CORPUS[$mb]}" > /dev/null 2>&1
  [TRAP] both.base2x @8MB rep 3 died rc=132 -- a trap fired!
scripts/run_zlib_perf.sh: line 298: 128139 Illegal instruction     (core dumped) $PIN "${B_PATH[$k]}" "$RUNFLAG" < "${CORPUS[$mb]}" > /dev/null 2>&1
  [TRAP] both.base2x @64MB rep 3 died rc=132 -- a trap fired!
scripts/run_zlib_perf.sh: line 298: 128152 Illegal instruction     (core dumped) $PIN "${B_PATH[$k]}" "$RUNFLAG" < "${CORPUS[$mb]}" > /dev/null 2>&1
  [TRAP] both.oracle @8MB rep 3 died rc=132 -- a trap fired!
scripts/run_zlib_perf.sh: line 298: 128161 Illegal instruction     (core dumped) $PIN "${B_PATH[$k]}" "$RUNFLAG" < "${CORPUS[$mb]}" > /dev/null 2>&1
  [TRAP] both.base @8MB rep 3 died rc=132 -- a trap fired!
  rep 4/10  (15:59:20)
scripts/run_zlib_perf.sh: line 298: 128174 Illegal instruction     (core dumped) $PIN "${B_PATH[$k]}" "$RUNFLAG" < "${CORPUS[$mb]}" > /dev/null 2>&1
  [TRAP] both.base @8MB rep 4 died rc=132 -- a trap fired!
scripts/run_zlib_perf.sh: line 298: 128183 Illegal instruction     (core dumped) $PIN "${B_PATH[$k]}" "$RUNFLAG" < "${CORPUS[$mb]}" > /dev/null 2>&1
  [TRAP] both.base2x @64MB rep 4 died rc=132 -- a trap fired!
scripts/run_zlib_perf.sh: line 298: 128192 Illegal instruction     (core dumped) $PIN "${B_PATH[$k]}" "$RUNFLAG" < "${CORPUS[$mb]}" > /dev/null 2>&1
  [TRAP] both.base @64MB rep 4 died rc=132 -- a trap fired!
scripts/run_zlib_perf.sh: line 298: 128205 Illegal instruction     (core dumped) $PIN "${B_PATH[$k]}" "$RUNFLAG" < "${CORPUS[$mb]}" > /dev/null 2>&1
  [TRAP] both.base2x @8MB rep 4 died rc=132 -- a trap fired!
scripts/run_zlib_perf.sh: line 298: 128214 Illegal instruction     (core dumped) $PIN "${B_PATH[$k]}" "$RUNFLAG" < "${CORPUS[$mb]}" > /dev/null 2>&1
  [TRAP] both.oracle @8MB rep 4 died rc=132 -- a trap fired!
scripts/run_zlib_perf.sh: line 298: 128223 Illegal instruction     (core dumped) $PIN "${B_PATH[$k]}" "$RUNFLAG" < "${CORPUS[$mb]}" > /dev/null 2>&1
  [TRAP] both.oracle @64MB rep 4 died rc=132 -- a trap fired!
  rep 5/10  (15:59:28)
scripts/run_zlib_perf.sh: line 298: 128240 Illegal instruction     (core dumped) $PIN "${B_PATH[$k]}" "$RUNFLAG" < "${CORPUS[$mb]}" > /dev/null 2>&1
  [TRAP] both.base @8MB rep 5 died rc=132 -- a trap fired!
scripts/run_zlib_perf.sh: line 298: 128253 Illegal instruction     (core dumped) $PIN "${B_PATH[$k]}" "$RUNFLAG" < "${CORPUS[$mb]}" > /dev/null 2>&1
  [TRAP] both.base @64MB rep 5 died rc=132 -- a trap fired!
scripts/run_zlib_perf.sh: line 298: 128262 Illegal instruction     (core dumped) $PIN "${B_PATH[$k]}" "$RUNFLAG" < "${CORPUS[$mb]}" > /dev/null 2>&1
  [TRAP] both.base2x @8MB rep 5 died rc=132 -- a trap fired!
scripts/run_zlib_perf.sh: line 298: 128273 Illegal instruction     (core dumped) $PIN "${B_PATH[$k]}" "$RUNFLAG" < "${CORPUS[$mb]}" > /dev/null 2>&1
  [TRAP] both.oracle @8MB rep 5 died rc=132 -- a trap fired!
scripts/run_zlib_perf.sh: line 298: 128282 Illegal instruction     (core dumped) $PIN "${B_PATH[$k]}" "$RUNFLAG" < "${CORPUS[$mb]}" > /dev/null 2>&1
  [TRAP] both.base2x @64MB rep 5 died rc=132 -- a trap fired!
scripts/run_zlib_perf.sh: line 298: 128291 Illegal instruction     (core dumped) $PIN "${B_PATH[$k]}" "$RUNFLAG" < "${CORPUS[$mb]}" > /dev/null 2>&1
  [TRAP] both.oracle @64MB rep 5 died rc=132 -- a trap fired!
  rep 6/10  (15:59:35)
scripts/run_zlib_perf.sh: line 298: 128308 Illegal instruction     (core dumped) $PIN "${B_PATH[$k]}" "$RUNFLAG" < "${CORPUS[$mb]}" > /dev/null 2>&1
  [TRAP] both.base @64MB rep 6 died rc=132 -- a trap fired!
scripts/run_zlib_perf.sh: line 298: 128317 Illegal instruction     (core dumped) $PIN "${B_PATH[$k]}" "$RUNFLAG" < "${CORPUS[$mb]}" > /dev/null 2>&1
  [TRAP] both.base @8MB rep 6 died rc=132 -- a trap fired!
scripts/run_zlib_perf.sh: line 298: 128330 Illegal instruction     (core dumped) $PIN "${B_PATH[$k]}" "$RUNFLAG" < "${CORPUS[$mb]}" > /dev/null 2>&1
  [TRAP] both.base2x @64MB rep 6 died rc=132 -- a trap fired!
scripts/run_zlib_perf.sh: line 298: 128343 Illegal instruction     (core dumped) $PIN "${B_PATH[$k]}" "$RUNFLAG" < "${CORPUS[$mb]}" > /dev/null 2>&1
  [TRAP] both.oracle @8MB rep 6 died rc=132 -- a trap fired!
scripts/run_zlib_perf.sh: line 298: 128352 Illegal instruction     (core dumped) $PIN "${B_PATH[$k]}" "$RUNFLAG" < "${CORPUS[$mb]}" > /dev/null 2>&1
  [TRAP] both.base2x @8MB rep 6 died rc=132 -- a trap fired!
scripts/run_zlib_perf.sh: line 298: 128361 Illegal instruction     (core dumped) $PIN "${B_PATH[$k]}" "$RUNFLAG" < "${CORPUS[$mb]}" > /dev/null 2>&1
  [TRAP] both.oracle @64MB rep 6 died rc=132 -- a trap fired!
  rep 7/10  (15:59:43)
scripts/run_zlib_perf.sh: line 298: 128374 Illegal instruction     (core dumped) $PIN "${B_PATH[$k]}" "$RUNFLAG" < "${CORPUS[$mb]}" > /dev/null 2>&1
  [TRAP] both.oracle @8MB rep 7 died rc=132 -- a trap fired!
scripts/run_zlib_perf.sh: line 298: 128383 Illegal instruction     (core dumped) $PIN "${B_PATH[$k]}" "$RUNFLAG" < "${CORPUS[$mb]}" > /dev/null 2>&1
  [TRAP] both.base2x @8MB rep 7 died rc=132 -- a trap fired!
scripts/run_zlib_perf.sh: line 298: 128392 Illegal instruction     (core dumped) $PIN "${B_PATH[$k]}" "$RUNFLAG" < "${CORPUS[$mb]}" > /dev/null 2>&1
  [TRAP] both.base @64MB rep 7 died rc=132 -- a trap fired!
scripts/run_zlib_perf.sh: line 298: 128405 Illegal instruction     (core dumped) $PIN "${B_PATH[$k]}" "$RUNFLAG" < "${CORPUS[$mb]}" > /dev/null 2>&1
  [TRAP] both.oracle @64MB rep 7 died rc=132 -- a trap fired!
scripts/run_zlib_perf.sh: line 298: 128414 Illegal instruction     (core dumped) $PIN "${B_PATH[$k]}" "$RUNFLAG" < "${CORPUS[$mb]}" > /dev/null 2>&1
  [TRAP] both.base2x @64MB rep 7 died rc=132 -- a trap fired!
scripts/run_zlib_perf.sh: line 298: 128423 Illegal instruction     (core dumped) $PIN "${B_PATH[$k]}" "$RUNFLAG" < "${CORPUS[$mb]}" > /dev/null 2>&1
  [TRAP] both.base @8MB rep 7 died rc=132 -- a trap fired!
  rep 8/10  (15:59:50)
scripts/run_zlib_perf.sh: line 298: 128448 Illegal instruction     (core dumped) $PIN "${B_PATH[$k]}" "$RUNFLAG" < "${CORPUS[$mb]}" > /dev/null 2>&1
  [TRAP] both.base @8MB rep 8 died rc=132 -- a trap fired!
scripts/run_zlib_perf.sh: line 298: 128457 Illegal instruction     (core dumped) $PIN "${B_PATH[$k]}" "$RUNFLAG" < "${CORPUS[$mb]}" > /dev/null 2>&1
  [TRAP] both.base2x @64MB rep 8 died rc=132 -- a trap fired!
scripts/run_zlib_perf.sh: line 298: 128466 Illegal instruction     (core dumped) $PIN "${B_PATH[$k]}" "$RUNFLAG" < "${CORPUS[$mb]}" > /dev/null 2>&1
  [TRAP] both.oracle @64MB rep 8 died rc=132 -- a trap fired!
scripts/run_zlib_perf.sh: line 298: 128475 Illegal instruction     (core dumped) $PIN "${B_PATH[$k]}" "$RUNFLAG" < "${CORPUS[$mb]}" > /dev/null 2>&1
  [TRAP] both.base @64MB rep 8 died rc=132 -- a trap fired!
scripts/run_zlib_perf.sh: line 298: 128484 Illegal instruction     (core dumped) $PIN "${B_PATH[$k]}" "$RUNFLAG" < "${CORPUS[$mb]}" > /dev/null 2>&1
  [TRAP] both.oracle @8MB rep 8 died rc=132 -- a trap fired!
scripts/run_zlib_perf.sh: line 298: 128493 Illegal instruction     (core dumped) $PIN "${B_PATH[$k]}" "$RUNFLAG" < "${CORPUS[$mb]}" > /dev/null 2>&1
  [TRAP] both.base2x @8MB rep 8 died rc=132 -- a trap fired!
  rep 9/10  (15:59:58)
scripts/run_zlib_perf.sh: line 298: 128506 Illegal instruction     (core dumped) $PIN "${B_PATH[$k]}" "$RUNFLAG" < "${CORPUS[$mb]}" > /dev/null 2>&1
  [TRAP] both.base @8MB rep 9 died rc=132 -- a trap fired!
scripts/run_zlib_perf.sh: line 298: 128519 Illegal instruction     (core dumped) $PIN "${B_PATH[$k]}" "$RUNFLAG" < "${CORPUS[$mb]}" > /dev/null 2>&1
  [TRAP] both.base2x @8MB rep 9 died rc=132 -- a trap fired!
scripts/run_zlib_perf.sh: line 298: 128528 Illegal instruction     (core dumped) $PIN "${B_PATH[$k]}" "$RUNFLAG" < "${CORPUS[$mb]}" > /dev/null 2>&1
  [TRAP] both.oracle @64MB rep 9 died rc=132 -- a trap fired!
scripts/run_zlib_perf.sh: line 298: 128541 Illegal instruction     (core dumped) $PIN "${B_PATH[$k]}" "$RUNFLAG" < "${CORPUS[$mb]}" > /dev/null 2>&1
  [TRAP] both.oracle @8MB rep 9 died rc=132 -- a trap fired!
scripts/run_zlib_perf.sh: line 298: 128550 Illegal instruction     (core dumped) $PIN "${B_PATH[$k]}" "$RUNFLAG" < "${CORPUS[$mb]}" > /dev/null 2>&1
  [TRAP] both.base2x @64MB rep 9 died rc=132 -- a trap fired!
scripts/run_zlib_perf.sh: line 298: 128561 Illegal instruction     (core dumped) $PIN "${B_PATH[$k]}" "$RUNFLAG" < "${CORPUS[$mb]}" > /dev/null 2>&1
  [TRAP] both.base @64MB rep 9 died rc=132 -- a trap fired!
  rep 10/10  (16:00:06)
scripts/run_zlib_perf.sh: line 298: 128574 Illegal instruction     (core dumped) $PIN "${B_PATH[$k]}" "$RUNFLAG" < "${CORPUS[$mb]}" > /dev/null 2>&1
  [TRAP] both.base2x @64MB rep 10 died rc=132 -- a trap fired!
scripts/run_zlib_perf.sh: line 298: 128584 Illegal instruction     (core dumped) $PIN "${B_PATH[$k]}" "$RUNFLAG" < "${CORPUS[$mb]}" > /dev/null 2>&1
  [TRAP] both.base2x @8MB rep 10 died rc=132 -- a trap fired!
scripts/run_zlib_perf.sh: line 298: 128593 Illegal instruction     (core dumped) $PIN "${B_PATH[$k]}" "$RUNFLAG" < "${CORPUS[$mb]}" > /dev/null 2>&1
  [TRAP] both.oracle @64MB rep 10 died rc=132 -- a trap fired!
scripts/run_zlib_perf.sh: line 298: 128606 Illegal instruction     (core dumped) $PIN "${B_PATH[$k]}" "$RUNFLAG" < "${CORPUS[$mb]}" > /dev/null 2>&1
  [TRAP] both.base @8MB rep 10 died rc=132 -- a trap fired!
scripts/run_zlib_perf.sh: line 298: 128615 Illegal instruction     (core dumped) $PIN "${B_PATH[$k]}" "$RUNFLAG" < "${CORPUS[$mb]}" > /dev/null 2>&1
  [TRAP] both.oracle @8MB rep 10 died rc=132 -- a trap fired!
scripts/run_zlib_perf.sh: line 298: 128624 Illegal instruction     (core dumped) $PIN "${B_PATH[$k]}" "$RUNFLAG" < "${CORPUS[$mb]}" > /dev/null 2>&1
  [TRAP] both.base @64MB rep 10 died rc=132 -- a trap fired!

spec      config     MB   t_in  t_fin      bin_B    text_B   total_s   min_run   avg_run
none      base        8      0      0     195832    181446     5.369     0.048     0.050
none      base       64      0      0     195832    181446     5.369     0.356     0.358
both      base        8   1298   1298     208120    192094     5.792     1.186     1.189
both      base       64   1298   1298     208120    192094     5.792     1.183     1.189
both      base2x      8   1298   1296     212216    197286     8.166     1.186     1.189
both      base2x     64   1298   1296     212216    197286     8.166     1.183     1.189
both      oracle      8   1298   1152     212216    195846   216.964     1.184     1.189
both      oracle     64   1298   1152     212216    195846   216.964     1.184     1.189

CSV: /mydata/ODeSSy/evaluation/perf_zlib_full.csv   (then: python3 make_perf_report.py)   [oracle stage JOBS=2 x THREADS=8]
Cold-path check: if %-speedup shrinks 8 -> 64 -> 256 MB, the savings are
constant-per-invocation (cold path); flat % means a scaled path changed.
