[ODeSSy] 19 trap site(s) across 1 function(s); threads=1 [tier: heavy] [frame] [mv] [narrow] [ind] [traps=bounds_error,boundserror,odessy.chk]

[Z3 Oracle] Analyzing Function: japi1_filt!_145
  [tier: heavy]
  -> Found UB Trap. Starting Backward Slice...
    -> Guard[0] (false edge of 'top'):  %12 = icmp slt i64 %11, 1, !dbg !59
    -> Collected 1 dominating context guard(s).
    -> Fact[LVI:0] i64 %11 in [1,-9223372036854775808) (LVI @ L23.preheader)
    -> [heavy] 1 analysis fact(s) on 2 boundary value(s)
    -> [ind] trap not in a loop
    -> SAT (WARNING: Potential Integer Overflow Bug Detected!) [Query Latency: 0.094709 ms]
    -> [mv] trap not inside a loop: not versionable
  -> Found UB Trap. Starting Backward Slice...
    -> Guard[0] (false edge of 'L23.preheader'):  %.not183 = icmp eq i64 %.size.0.copyload.fr, 0
    -> Guard[1] (false edge of 'top'):  %12 = icmp slt i64 %11, 1, !dbg !59
    -> Collected 2 dominating context guard(s).
    -> Frame refused (clobber between loads):  %.size23.0.copyload = load i64, ptr %.size_ptr22, align 8  vs  %.size53.0.copyload.us.us.us = load i64, ptr %.size_ptr22, align 8
         clobber: (MemoryPhi: clobber on some incoming arm)
    -> Fact[LVI:0] i64 %11 in [1,-9223372036854775808) (LVI @ L23.preheader.split)
    -> [heavy] 1 analysis fact(s) on 3 boundary value(s)
    -> [ind] trap not in a loop
    -> SAT (WARNING: Potential Integer Overflow Bug Detected!) [Query Latency: 0.090750 ms]
    -> [mv] trap not inside a loop: not versionable
  -> Found UB Trap. Starting Backward Slice...
    -> Guard[0] (true edge of 'L23.preheader.split.split.split.split.us'):  %.not191 = icmp ult i64 %.size.0.copyload.fr, %.size110.0.copyload.fr
    -> Guard[1] (true edge of 'L23.preheader.split.split.split'):  %.not190 = icmp ult i64 %.size.0.copyload.fr, %.size23.0.copyload.fr
    -> Guard[2] (false edge of 'L23.preheader.split.split'):  %14 = icmp slt i64 %13, 1
    -> Guard[3] (false edge of 'L23.preheader.split'):  %.not184 = icmp eq i64 %.size23.0.copyload.fr, 0
    -> Guard[4] (false edge of 'L23.preheader'):  %.not183 = icmp eq i64 %.size.0.copyload.fr, 0
    -> Guard[5] (false edge of 'top'):  %12 = icmp slt i64 %11, 1, !dbg !59
    -> Collected 6 dominating context guard(s).
    -> Frame refused (clobber between loads):  %.size23.0.copyload = load i64, ptr %.size_ptr22, align 8  vs  %.size53.0.copyload.us.us.us = load i64, ptr %.size_ptr22, align 8
         clobber: (MemoryPhi: clobber on some incoming arm)
    -> Frame refused (clobber between loads):  %.size110.0.copyload = load i64, ptr %.size_ptr65, align 8  vs  %.size66.0.copyload.us.us.us = load i64, ptr %.size_ptr65, align 8
         clobber: (MemoryPhi: clobber on some incoming arm)
    -> [go3] 0 leaf-closure instruction(s) encoded
    -> Fact[SCEV:0] i64 %value_phi6.us231.us.us in [1,-9223372036854775808) (SCEV unsigned)
    -> Fact[SCEV:1] i64 %value_phi6.us231.us.us in [1,-9223372036854775808) (SCEV signed)
    -> Fact[SCEVSYM:2] i64 %value_phi6.us231.us.us - start(1) <=u BTC((%11 umin_seq ((-1 + (0 smax %11))<nsw> umin %.size138.0.copyload))) (SCEV symbolic trip count, sub-form)
    -> Fact[PHIINV-hx:3] (i64 1 <=u i64 %29) -> i64 %value_phi6.us231.us.us <=u i64 %29 (header-exit eq bound, unit step, 1-induction)
    -> [heavy] 4 analysis fact(s) on 6 boundary value(s)
    -> [mv] T3: not a bounds shape (idx vs invariant count)
    -> UNSAT (Dead Code / Impossible Path) [Query Latency: 44.544959 ms]
  => SUCCESS: Trap mathematically neutralized!
  -> Found UB Trap. Starting Backward Slice...
    -> Guard[0] (true edge of 'L23.preheader.split.split.split.us.split.us'):  %.not191 = icmp ult i64 %.size.0.copyload.fr, %.size110.0.copyload.fr
    -> Guard[1] (true edge of 'L23.preheader.split.split.split.us'):  %.not190 = icmp ult i64 %.size.0.copyload.fr, %.size23.0.copyload.fr
    -> Guard[2] (true edge of 'L23.preheader.split.split'):  %14 = icmp slt i64 %13, 1
    -> Guard[3] (false edge of 'L23.preheader.split'):  %.not184 = icmp eq i64 %.size23.0.copyload.fr, 0
    -> Guard[4] (false edge of 'L23.preheader'):  %.not183 = icmp eq i64 %.size.0.copyload.fr, 0
    -> Guard[5] (false edge of 'top'):  %12 = icmp slt i64 %11, 1, !dbg !59
    -> Collected 6 dominating context guard(s).
    -> Frame refused (clobber between loads):  %.size23.0.copyload = load i64, ptr %.size_ptr22, align 8  vs  %.size53.0.copyload.us.us.us = load i64, ptr %.size_ptr22, align 8
         clobber: (MemoryPhi: clobber on some incoming arm)
    -> Frame refused (clobber between loads):  %.size110.0.copyload = load i64, ptr %.size_ptr65, align 8  vs  %.size66.0.copyload.us.us.us = load i64, ptr %.size_ptr65, align 8
         clobber: (MemoryPhi: clobber on some incoming arm)
    -> [go3] 0 leaf-closure instruction(s) encoded
    -> Fact[SCEV:0] i64 %value_phi6.us221.us.us.us in [1,-9223372036854775808) (SCEV unsigned)
    -> Fact[SCEV:1] i64 %value_phi6.us221.us.us.us in [1,-9223372036854775808) (SCEV signed)
    -> Fact[SCEVSYM:2] i64 %value_phi6.us221.us.us.us - start(1) <=u BTC((%11 umin_seq ((-1 + (0 smax %11))<nsw> umin %.size138.0.copyload))) (SCEV symbolic trip count, sub-form)
    -> Fact[PHIINV-hx:3] (i64 1 <=u i64 %16) -> i64 %value_phi6.us221.us.us.us <=u i64 %16 (header-exit eq bound, unit step, 1-induction)
    -> [heavy] 4 analysis fact(s) on 6 boundary value(s)
    -> [mv] T3: not a bounds shape (idx vs invariant count)
    -> UNSAT (Dead Code / Impossible Path) [Query Latency: 33.031500 ms]
  => SUCCESS: Trap mathematically neutralized!
  -> Found UB Trap. Starting Backward Slice...
    -> Guard[0] (false edge of 'L23.preheader.split.split.split'):  %.not190 = icmp ult i64 %.size.0.copyload.fr, %.size23.0.copyload.fr
    -> Guard[1] (false edge of 'L23.preheader.split.split'):  %14 = icmp slt i64 %13, 1
    -> Guard[2] (false edge of 'L23.preheader.split'):  %.not184 = icmp eq i64 %.size23.0.copyload.fr, 0
    -> Guard[3] (false edge of 'L23.preheader'):  %.not183 = icmp eq i64 %.size.0.copyload.fr, 0
    -> Guard[4] (false edge of 'top'):  %12 = icmp slt i64 %11, 1, !dbg !59
    -> Collected 5 dominating context guard(s).
    -> Frame refused (clobber between loads):  %.size23.0.copyload = load i64, ptr %.size_ptr22, align 8  vs  %.size53.0.copyload.us.us.us = load i64, ptr %.size_ptr22, align 8
         clobber: (MemoryPhi: clobber on some incoming arm)
    -> [go3] 23 leaf-closure instruction(s) encoded
    -> Fact[SCEVSYM:0] i64 %value_phi37 - start(%bc.resume.val) <=u BTC((((-1 * %bc.resume.val) + (1 umax %.size110.0.copyload.fr)) umin ((-1 * %bc.resume.val) + (1 umax %.size.0.copyload.fr)) umin ((-1 * %bc.resume.val) + (1 umax %.size23.0.copyload.fr)) umin ((-1 * %bc.resume.val) + (0 smax (-1 + %.size.0.copyload.fr))))) (SCEV symbolic trip count, sub-form)
    -> Fact[PHIINV-hx:1] (i64 %bc.resume.val <=u i64 %umax295) -> i64 %value_phi37 <=u i64 %umax295 (header-exit eq bound, unit step, 1-induction)
    -> Fact[KB:2] i64 %index known bits zero=0x7 one=0x0
    -> Fact[SCEV:3] i64 %index in [0,-7) (SCEV unsigned)
    -> Fact[SCEV:4] i64 %index in [-9223372036854775808,9223372036854775801) (SCEV signed)
    -> Fact[SCEVSYM:5] i64 %index - start(0) <=u 8*BTC(((-7 + (-1 * %167)<nsw> + ((-1 + (1 umax %.size110.0.copyload.fr)) umin (-1 + (1 umax %.size.0.copyload.fr)) umin (-1 + (1 umax %.size23.0.copyload.fr)) umin (-1 + (0 smax (-1 + %.size.0.copyload.fr)))<nsw>)) /u 8)) (SCEV symbolic trip count, sub-form)
    -> Fact[PHIINV-hi:6] i64 %index == i64 0 || ne(i64 %index, i64 %n.vec) (latch-implied bound, 1-induction)
    -> Fact[SCEVEQ:7] i64 %bc.resume.val in phi image (4 incoming)
    -> Fact[SCEVEQ:8] i64 %.size110.0.copyload.fr == freeze operand (leaf identity)
    -> Fact[SCEVEQ:9] i64 %.size.0.copyload.fr == freeze operand (leaf identity)
    -> Fact[SCEVEQ:10] i64 %.size23.0.copyload.fr == freeze operand (leaf identity)
    -> Fact[KB:11] i64 %167 known bits zero=0x18446744073709551600 one=0x0
    -> Fact[SCEVEQ:12] i64 %ind.end == SCEV((2 + (-1 * %167)<nsw> + ((-1 + (1 umax %.size110.0.copyload.fr)) umin (-1 + (1 umax %.size.0.copyload.fr)) umin (-1 + (1 umax %.size23.0.copyload.fr)) umin (-1 + (0 smax (-1 + %.size.0.copyload.fr)))<nsw>)))
    -> [heavy] 13 analysis fact(s) on 14 boundary value(s)
    -> [mv] T3: not a bounds shape (idx vs invariant count)
    -> UNSAT (Dead Code / Impossible Path) [Query Latency: 258.588709 ms]
  => SUCCESS: Trap mathematically neutralized!
  -> Found UB Trap. Starting Backward Slice...
    -> Guard[0] (false edge of 'L23.preheader.split.split.split.split.us'):  %.not191 = icmp ult i64 %.size.0.copyload.fr, %.size110.0.copyload.fr
    -> Guard[1] (true edge of 'L23.preheader.split.split.split'):  %.not190 = icmp ult i64 %.size.0.copyload.fr, %.size23.0.copyload.fr
    -> Guard[2] (false edge of 'L23.preheader.split.split'):  %14 = icmp slt i64 %13, 1
    -> Guard[3] (false edge of 'L23.preheader.split'):  %.not184 = icmp eq i64 %.size23.0.copyload.fr, 0
    -> Guard[4] (false edge of 'L23.preheader'):  %.not183 = icmp eq i64 %.size.0.copyload.fr, 0
    -> Guard[5] (false edge of 'top'):  %12 = icmp slt i64 %11, 1, !dbg !59
    -> Collected 6 dominating context guard(s).
    -> Frame refused (clobber between loads):  %.size23.0.copyload = load i64, ptr %.size_ptr22, align 8  vs  %.size53.0.copyload.us.us.us = load i64, ptr %.size_ptr22, align 8
         clobber: (MemoryPhi: clobber on some incoming arm)
    -> Frame refused (clobber between loads):  %.size110.0.copyload = load i64, ptr %.size_ptr65, align 8  vs  %.size66.0.copyload.us.us.us = load i64, ptr %.size_ptr65, align 8
         clobber: (MemoryPhi: clobber on some incoming arm)
    -> [go3] 23 leaf-closure instruction(s) encoded
    -> Fact[SCEVSYM:0] i64 %value_phi37.us - start(%bc.resume.val387) <=u BTC((((-1 * %bc.resume.val387) + (1 umax %.size110.0.copyload.fr)) umin ((-1 * %bc.resume.val387) + (1 umax %.size.0.copyload.fr)) umin ((-1 * %bc.resume.val387) + (1 umax %.size23.0.copyload.fr)) umin ((-1 * %bc.resume.val387) + (0 smax (-1 + %.size.0.copyload.fr))))) (SCEV symbolic trip count, sub-form)
    -> Fact[PHIINV-hx:1] (i64 %bc.resume.val387 <=u i64 %umax289) -> i64 %value_phi37.us <=u i64 %umax289 (header-exit eq bound, unit step, 1-induction)
    -> Fact[KB:2] i64 %index389 known bits zero=0x7 one=0x0
    -> Fact[SCEV:3] i64 %index389 in [0,-7) (SCEV unsigned)
    -> Fact[SCEV:4] i64 %index389 in [-9223372036854775808,9223372036854775801) (SCEV signed)
    -> Fact[SCEVSYM:5] i64 %index389 - start(0) <=u 8*BTC(((-7 + (-1 * %109)<nsw> + ((-1 + (1 umax %.size110.0.copyload.fr)) umin (-1 + (1 umax %.size.0.copyload.fr)) umin (-1 + (1 umax %.size23.0.copyload.fr)) umin (-1 + (0 smax (-1 + %.size.0.copyload.fr)))<nsw>)) /u 8)) (SCEV symbolic trip count, sub-form)
    -> Fact[PHIINV-hi:6] i64 %index389 == i64 0 || ne(i64 %index389, i64 %n.vec385) (latch-implied bound, 1-induction)
    -> Fact[SCEVEQ:7] i64 %bc.resume.val387 in phi image (4 incoming)
    -> Fact[SCEVEQ:8] i64 %.size110.0.copyload.fr == freeze operand (leaf identity)
    -> Fact[SCEVEQ:9] i64 %.size.0.copyload.fr == freeze operand (leaf identity)
    -> Fact[SCEVEQ:10] i64 %.size23.0.copyload.fr == freeze operand (leaf identity)
    -> Fact[KB:11] i64 %109 known bits zero=0x18446744073709551600 one=0x0
    -> Fact[SCEVEQ:12] i64 %ind.end386 == SCEV((2 + (-1 * %109)<nsw> + ((-1 + (1 umax %.size110.0.copyload.fr)) umin (-1 + (1 umax %.size.0.copyload.fr)) umin (-1 + (1 umax %.size23.0.copyload.fr)) umin (-1 + (0 smax (-1 + %.size.0.copyload.fr)))<nsw>)))
    -> [heavy] 13 analysis fact(s) on 14 boundary value(s)
    -> [mv] T3: not a bounds shape (idx vs invariant count)
    -> UNSAT (Dead Code / Impossible Path) [Query Latency: 242.202750 ms]
  => SUCCESS: Trap mathematically neutralized!
  -> Found UB Trap. Starting Backward Slice...
    -> Guard[0] (false edge of 'L23.us230.us.us'):  %exitcond287.not = icmp eq i64 %value_phi6.us231.us.us, %29, !dbg !69
    -> Guard[1] (true edge of 'L23.preheader.split.split.split.split.us'):  %.not191 = icmp ult i64 %.size.0.copyload.fr, %.size110.0.copyload.fr
    -> Guard[2] (true edge of 'L23.preheader.split.split.split'):  %.not190 = icmp ult i64 %.size.0.copyload.fr, %.size23.0.copyload.fr
    -> Guard[3] (false edge of 'L23.preheader.split.split'):  %14 = icmp slt i64 %13, 1
    -> Guard[4] (false edge of 'L23.preheader.split'):  %.not184 = icmp eq i64 %.size23.0.copyload.fr, 0
    -> Guard[5] (false edge of 'L23.preheader'):  %.not183 = icmp eq i64 %.size.0.copyload.fr, 0
    -> Guard[6] (false edge of 'top'):  %12 = icmp slt i64 %11, 1, !dbg !59
    -> Collected 7 dominating context guard(s).
    -> Frame refused (clobber between loads):  %.size23.0.copyload = load i64, ptr %.size_ptr22, align 8  vs  %.size53.0.copyload.us.us.us = load i64, ptr %.size_ptr22, align 8
         clobber: (MemoryPhi: clobber on some incoming arm)
    -> Frame refused (clobber between loads):  %.size110.0.copyload = load i64, ptr %.size_ptr65, align 8  vs  %.size66.0.copyload.us.us.us = load i64, ptr %.size_ptr65, align 8
         clobber: (MemoryPhi: clobber on some incoming arm)
    -> [go3] 22 leaf-closure instruction(s) encoded
    -> Fact[SCEV:0] i64 %value_phi6.us231.us.us in [1,-9223372036854775808) (SCEV unsigned)
    -> Fact[SCEV:1] i64 %value_phi6.us231.us.us in [1,-9223372036854775808) (SCEV signed)
    -> Fact[SCEVSYM:2] i64 %value_phi6.us231.us.us - start(1) <=u BTC((%11 umin_seq ((-1 + (0 smax %11))<nsw> umin %.size138.0.copyload))) (SCEV symbolic trip count, sub-form)
    -> Fact[PHIINV-hx:3] (i64 1 <=u i64 %29) -> i64 %value_phi6.us231.us.us <=u i64 %29 (header-exit eq bound, unit step, 1-induction)
    -> Fact[SCEVSYM:4] i64 %value_phi37.us.us.us - start(%bc.resume.val444) <=u BTC(((((-1 * %bc.resume.val444) + (1 umax %.size53.0.copyload.us.us.us.fr)) umin ((-1 * %bc.resume.val444) + %.size.0.copyload.fr)) umin_seq (((-1 * %bc.resume.val444) + (1 umax %.size66.0.copyload.us.us.us)) umin ((-1 * %bc.resume.val444) + (0 smax (-1 + %.size.0.copyload.fr)))))) (SCEV symbolic trip count, sub-form)
    -> Fact[PHIINV-hx:5] (i64 %bc.resume.val444 <=u i64 %.size.0.copyload.fr) -> i64 %value_phi37.us.us.us <=u i64 %.size.0.copyload.fr (header-exit eq bound, unit step, 1-induction)
    -> Fact[KB:6] i64 %index446 known bits zero=0x7 one=0x0
    -> Fact[SCEV:7] i64 %index446 in [0,-7) (SCEV unsigned)
    -> Fact[SCEV:8] i64 %index446 in [-9223372036854775808,9223372036854775801) (SCEV signed)
    -> Fact[SCEVSYM:9] i64 %index446 - start(0) <=u 8*BTC(((-7 + (-1 * %45)<nsw> + ((-1 + (1 umax %.size53.0.copyload.us.us.us.fr)) umin (-1 + %.size.0.copyload.fr) umin %38)) /u 8)) (SCEV symbolic trip count, sub-form)
    -> Fact[PHIINV-hi:10] i64 %index446 == i64 0 || ne(i64 %index446, i64 %n.vec442) (latch-implied bound, 1-induction)
    -> Fact[SCEVEQ:11] i64 %bc.resume.val444 in phi image (4 incoming)
    -> Fact[SCEVEQ:12] i64 %.size53.0.copyload.us.us.us.fr == freeze operand (leaf identity)
    -> Fact[SCEVEQ:13] i64 %.size.0.copyload.fr == freeze operand (leaf identity)
    -> Fact[KB:14] i64 %45 known bits zero=0x18446744073709551600 one=0x0
    -> Fact[SCEVEQ:15] i64 %38 == freeze operand (leaf identity)
    -> Fact[SCEVEQ:16] i64 %ind.end443 == SCEV((2 + (-1 * %45)<nsw> + ((-1 + (1 umax %.size53.0.copyload.us.us.us.fr)) umin (-1 + %.size.0.copyload.fr) umin %38)))
    -> Fact[SCEVEQ:17] i64 %umin434 == SCEV(((-1 + (1 umax %.size66.0.copyload.us.us.us)) umin (-1 + (0 smax (-1 + %.size.0.copyload.fr)))<nsw>))
    -> [heavy] 18 analysis fact(s) on 20 boundary value(s)
    -> [mv] T3: not a bounds shape (idx vs invariant count)
    -> UNSAT (Dead Code / Impossible Path) [Query Latency: 1521.582709 ms]
  => SUCCESS: Trap mathematically neutralized!
  -> Found UB Trap. Starting Backward Slice...
    -> Guard[0] (false edge of 'L98'):  %exitcond296.not = icmp eq i64 %value_phi37, %umax295, !dbg !108
    -> Guard[1] (false edge of 'L23.preheader.split.split.split'):  %.not190 = icmp ult i64 %.size.0.copyload.fr, %.size23.0.copyload.fr
    -> Guard[2] (false edge of 'L23.preheader.split.split'):  %14 = icmp slt i64 %13, 1
    -> Guard[3] (false edge of 'L23.preheader.split'):  %.not184 = icmp eq i64 %.size23.0.copyload.fr, 0
    -> Guard[4] (false edge of 'L23.preheader'):  %.not183 = icmp eq i64 %.size.0.copyload.fr, 0
    -> Guard[5] (false edge of 'top'):  %12 = icmp slt i64 %11, 1, !dbg !59
    -> Collected 6 dominating context guard(s).
    -> Frame refused (clobber between loads):  %.size23.0.copyload = load i64, ptr %.size_ptr22, align 8  vs  %.size53.0.copyload.us.us.us = load i64, ptr %.size_ptr22, align 8
         clobber: (MemoryPhi: clobber on some incoming arm)
    -> [go3] 23 leaf-closure instruction(s) encoded
    -> Fact[SCEVSYM:0] i64 %value_phi37 - start(%bc.resume.val) <=u BTC((((-1 * %bc.resume.val) + (1 umax %.size110.0.copyload.fr)) umin ((-1 * %bc.resume.val) + (1 umax %.size.0.copyload.fr)) umin ((-1 * %bc.resume.val) + (1 umax %.size23.0.copyload.fr)) umin ((-1 * %bc.resume.val) + (0 smax (-1 + %.size.0.copyload.fr))))) (SCEV symbolic trip count, sub-form)
    -> Fact[PHIINV-hx:1] (i64 %bc.resume.val <=u i64 %umax295) -> i64 %value_phi37 <=u i64 %umax295 (header-exit eq bound, unit step, 1-induction)
    -> Fact[KB:2] i64 %index known bits zero=0x7 one=0x0
    -> Fact[SCEV:3] i64 %index in [0,-7) (SCEV unsigned)
    -> Fact[SCEV:4] i64 %index in [-9223372036854775808,9223372036854775801) (SCEV signed)
    -> Fact[SCEVSYM:5] i64 %index - start(0) <=u 8*BTC(((-7 + (-1 * %167)<nsw> + ((-1 + (1 umax %.size110.0.copyload.fr)) umin (-1 + (1 umax %.size.0.copyload.fr)) umin (-1 + (1 umax %.size23.0.copyload.fr)) umin (-1 + (0 smax (-1 + %.size.0.copyload.fr)))<nsw>)) /u 8)) (SCEV symbolic trip count, sub-form)
    -> Fact[PHIINV-hi:6] i64 %index == i64 0 || ne(i64 %index, i64 %n.vec) (latch-implied bound, 1-induction)
    -> Fact[SCEVEQ:7] i64 %bc.resume.val in phi image (4 incoming)
    -> Fact[SCEVEQ:8] i64 %.size110.0.copyload.fr == freeze operand (leaf identity)
    -> Fact[SCEVEQ:9] i64 %.size.0.copyload.fr == freeze operand (leaf identity)
    -> Fact[SCEVEQ:10] i64 %.size23.0.copyload.fr == freeze operand (leaf identity)
    -> Fact[KB:11] i64 %167 known bits zero=0x18446744073709551600 one=0x0
    -> Fact[SCEVEQ:12] i64 %ind.end == SCEV((2 + (-1 * %167)<nsw> + ((-1 + (1 umax %.size110.0.copyload.fr)) umin (-1 + (1 umax %.size.0.copyload.fr)) umin (-1 + (1 umax %.size23.0.copyload.fr)) umin (-1 + (0 smax (-1 + %.size.0.copyload.fr)))<nsw>)))
    -> [heavy] 13 analysis fact(s) on 14 boundary value(s)
    -> [mv] T3: not a bounds shape (idx vs invariant count)
    -> [ind L0] BASE (1 phi(s) = entry): SAT (WARNING: Potential Integer Overflow Bug Detected!) [Query Latency: 0.897834 ms]
    -> SAT (WARNING: Potential Integer Overflow Bug Detected!) [Query Latency: 4.467791 ms]
    -> [mv] still SAT under 15 hypothesis candidate(s): not versionable
  -> Found UB Trap. Starting Backward Slice...
    -> Guard[0] (false edge of 'L98.us'):  %exitcond290.not = icmp eq i64 %value_phi37.us, %umax289, !dbg !108
    -> Guard[1] (false edge of 'L23.preheader.split.split.split.split.us'):  %.not191 = icmp ult i64 %.size.0.copyload.fr, %.size110.0.copyload.fr
    -> Guard[2] (true edge of 'L23.preheader.split.split.split'):  %.not190 = icmp ult i64 %.size.0.copyload.fr, %.size23.0.copyload.fr
    -> Guard[3] (false edge of 'L23.preheader.split.split'):  %14 = icmp slt i64 %13, 1
    -> Guard[4] (false edge of 'L23.preheader.split'):  %.not184 = icmp eq i64 %.size23.0.copyload.fr, 0
    -> Guard[5] (false edge of 'L23.preheader'):  %.not183 = icmp eq i64 %.size.0.copyload.fr, 0
    -> Guard[6] (false edge of 'top'):  %12 = icmp slt i64 %11, 1, !dbg !59
    -> Collected 7 dominating context guard(s).
    -> Frame refused (clobber between loads):  %.size23.0.copyload = load i64, ptr %.size_ptr22, align 8  vs  %.size53.0.copyload.us.us.us = load i64, ptr %.size_ptr22, align 8
         clobber: (MemoryPhi: clobber on some incoming arm)
    -> Frame refused (clobber between loads):  %.size110.0.copyload = load i64, ptr %.size_ptr65, align 8  vs  %.size66.0.copyload.us.us.us = load i64, ptr %.size_ptr65, align 8
         clobber: (MemoryPhi: clobber on some incoming arm)
    -> [go3] 23 leaf-closure instruction(s) encoded
    -> Fact[SCEVSYM:0] i64 %value_phi37.us - start(%bc.resume.val387) <=u BTC((((-1 * %bc.resume.val387) + (1 umax %.size110.0.copyload.fr)) umin ((-1 * %bc.resume.val387) + (1 umax %.size.0.copyload.fr)) umin ((-1 * %bc.resume.val387) + (1 umax %.size23.0.copyload.fr)) umin ((-1 * %bc.resume.val387) + (0 smax (-1 + %.size.0.copyload.fr))))) (SCEV symbolic trip count, sub-form)
    -> Fact[PHIINV-hx:1] (i64 %bc.resume.val387 <=u i64 %umax289) -> i64 %value_phi37.us <=u i64 %umax289 (header-exit eq bound, unit step, 1-induction)
    -> Fact[KB:2] i64 %index389 known bits zero=0x7 one=0x0
    -> Fact[SCEV:3] i64 %index389 in [0,-7) (SCEV unsigned)
    -> Fact[SCEV:4] i64 %index389 in [-9223372036854775808,9223372036854775801) (SCEV signed)
    -> Fact[SCEVSYM:5] i64 %index389 - start(0) <=u 8*BTC(((-7 + (-1 * %109)<nsw> + ((-1 + (1 umax %.size110.0.copyload.fr)) umin (-1 + (1 umax %.size.0.copyload.fr)) umin (-1 + (1 umax %.size23.0.copyload.fr)) umin (-1 + (0 smax (-1 + %.size.0.copyload.fr)))<nsw>)) /u 8)) (SCEV symbolic trip count, sub-form)
    -> Fact[PHIINV-hi:6] i64 %index389 == i64 0 || ne(i64 %index389, i64 %n.vec385) (latch-implied bound, 1-induction)
    -> Fact[SCEVEQ:7] i64 %bc.resume.val387 in phi image (4 incoming)
    -> Fact[SCEVEQ:8] i64 %.size110.0.copyload.fr == freeze operand (leaf identity)
    -> Fact[SCEVEQ:9] i64 %.size.0.copyload.fr == freeze operand (leaf identity)
    -> Fact[SCEVEQ:10] i64 %.size23.0.copyload.fr == freeze operand (leaf identity)
    -> Fact[KB:11] i64 %109 known bits zero=0x18446744073709551600 one=0x0
    -> Fact[SCEVEQ:12] i64 %ind.end386 == SCEV((2 + (-1 * %109)<nsw> + ((-1 + (1 umax %.size110.0.copyload.fr)) umin (-1 + (1 umax %.size.0.copyload.fr)) umin (-1 + (1 umax %.size23.0.copyload.fr)) umin (-1 + (0 smax (-1 + %.size.0.copyload.fr)))<nsw>)))
    -> [heavy] 13 analysis fact(s) on 14 boundary value(s)
    -> [mv] T3: not a bounds shape (idx vs invariant count)
    -> UNSAT (Dead Code / Impossible Path) [Query Latency: 162.426583 ms]
  => SUCCESS: Trap mathematically neutralized!
  -> Found UB Trap. Starting Backward Slice...
    -> Guard[0] (false edge of 'L98.us.us.us'):  %exitcond282.not = icmp eq i64 %value_phi37.us.us.us, %.size.0.copyload.fr, !dbg !108
    -> Guard[1] (false edge of 'L23.us230.us.us'):  %exitcond287.not = icmp eq i64 %value_phi6.us231.us.us, %29, !dbg !69
    -> Guard[2] (true edge of 'L23.preheader.split.split.split.split.us'):  %.not191 = icmp ult i64 %.size.0.copyload.fr, %.size110.0.copyload.fr
    -> Guard[3] (true edge of 'L23.preheader.split.split.split'):  %.not190 = icmp ult i64 %.size.0.copyload.fr, %.size23.0.copyload.fr
    -> Guard[4] (false edge of 'L23.preheader.split.split'):  %14 = icmp slt i64 %13, 1
    -> Guard[5] (false edge of 'L23.preheader.split'):  %.not184 = icmp eq i64 %.size23.0.copyload.fr, 0
    -> Guard[6] (false edge of 'L23.preheader'):  %.not183 = icmp eq i64 %.size.0.copyload.fr, 0
    -> Guard[7] (false edge of 'top'):  %12 = icmp slt i64 %11, 1, !dbg !59
    -> Collected 8 dominating context guard(s).
    -> Frame refused (clobber between loads):  %.size23.0.copyload = load i64, ptr %.size_ptr22, align 8  vs  %.size53.0.copyload.us.us.us = load i64, ptr %.size_ptr22, align 8
         clobber: (MemoryPhi: clobber on some incoming arm)
    -> Frame refused (clobber between loads):  %.size110.0.copyload = load i64, ptr %.size_ptr65, align 8  vs  %.size66.0.copyload.us.us.us = load i64, ptr %.size_ptr65, align 8
         clobber: (MemoryPhi: clobber on some incoming arm)
    -> [go3] 22 leaf-closure instruction(s) encoded
    -> Fact[SCEV:0] i64 %value_phi6.us231.us.us in [1,-9223372036854775808) (SCEV unsigned)
    -> Fact[SCEV:1] i64 %value_phi6.us231.us.us in [1,-9223372036854775808) (SCEV signed)
    -> Fact[SCEVSYM:2] i64 %value_phi6.us231.us.us - start(1) <=u BTC((%11 umin_seq ((-1 + (0 smax %11))<nsw> umin %.size138.0.copyload))) (SCEV symbolic trip count, sub-form)
    -> Fact[PHIINV-hx:3] (i64 1 <=u i64 %29) -> i64 %value_phi6.us231.us.us <=u i64 %29 (header-exit eq bound, unit step, 1-induction)
    -> Fact[SCEVSYM:4] i64 %value_phi37.us.us.us - start(%bc.resume.val444) <=u BTC(((((-1 * %bc.resume.val444) + (1 umax %.size53.0.copyload.us.us.us.fr)) umin ((-1 * %bc.resume.val444) + %.size.0.copyload.fr)) umin_seq (((-1 * %bc.resume.val444) + (1 umax %.size66.0.copyload.us.us.us)) umin ((-1 * %bc.resume.val444) + (0 smax (-1 + %.size.0.copyload.fr)))))) (SCEV symbolic trip count, sub-form)
    -> Fact[PHIINV-hx:5] (i64 %bc.resume.val444 <=u i64 %.size.0.copyload.fr) -> i64 %value_phi37.us.us.us <=u i64 %.size.0.copyload.fr (header-exit eq bound, unit step, 1-induction)
    -> Fact[KB:6] i64 %index446 known bits zero=0x7 one=0x0
    -> Fact[SCEV:7] i64 %index446 in [0,-7) (SCEV unsigned)
    -> Fact[SCEV:8] i64 %index446 in [-9223372036854775808,9223372036854775801) (SCEV signed)
    -> Fact[SCEVSYM:9] i64 %index446 - start(0) <=u 8*BTC(((-7 + (-1 * %45)<nsw> + ((-1 + (1 umax %.size53.0.copyload.us.us.us.fr)) umin (-1 + %.size.0.copyload.fr) umin %38)) /u 8)) (SCEV symbolic trip count, sub-form)
    -> Fact[PHIINV-hi:10] i64 %index446 == i64 0 || ne(i64 %index446, i64 %n.vec442) (latch-implied bound, 1-induction)
    -> Fact[SCEVEQ:11] i64 %bc.resume.val444 in phi image (4 incoming)
    -> Fact[SCEVEQ:12] i64 %.size53.0.copyload.us.us.us.fr == freeze operand (leaf identity)
    -> Fact[SCEVEQ:13] i64 %.size.0.copyload.fr == freeze operand (leaf identity)
    -> Fact[KB:14] i64 %45 known bits zero=0x18446744073709551600 one=0x0
    -> Fact[SCEVEQ:15] i64 %38 == freeze operand (leaf identity)
    -> Fact[SCEVEQ:16] i64 %ind.end443 == SCEV((2 + (-1 * %45)<nsw> + ((-1 + (1 umax %.size53.0.copyload.us.us.us.fr)) umin (-1 + %.size.0.copyload.fr) umin %38)))
    -> Fact[SCEVEQ:17] i64 %umin434 == SCEV(((-1 + (1 umax %.size66.0.copyload.us.us.us)) umin (-1 + (0 smax (-1 + %.size.0.copyload.fr)))<nsw>))
    -> [heavy] 18 analysis fact(s) on 21 boundary value(s)
    -> [mv] T3: not a bounds shape (idx vs invariant count)
    -> [ind L0] BASE (1 phi(s) = entry): SAT (WARNING: Potential Integer Overflow Bug Detected!) [Query Latency: 34.301583 ms]
    -> [ind L1] BASE (1 phi(s) = entry): SAT (WARNING: Potential Integer Overflow Bug Detected!) [Query Latency: 0.925625 ms]
    -> SAT (WARNING: Potential Integer Overflow Bug Detected!) [Query Latency: 8.976125 ms]
    -> [mv] still SAT under 36 hypothesis candidate(s): not versionable
  -> Found UB Trap. Starting Backward Slice...
    -> Guard[0] (false edge of 'L115'):  %exitcond298.not = icmp eq i64 %value_phi37, %umax297, !dbg !108
    -> Guard[1] (false edge of 'L98'):  %exitcond296.not = icmp eq i64 %value_phi37, %umax295, !dbg !108
    -> Guard[2] (false edge of 'L23.preheader.split.split.split'):  %.not190 = icmp ult i64 %.size.0.copyload.fr, %.size23.0.copyload.fr
    -> Guard[3] (false edge of 'L23.preheader.split.split'):  %14 = icmp slt i64 %13, 1
    -> Guard[4] (false edge of 'L23.preheader.split'):  %.not184 = icmp eq i64 %.size23.0.copyload.fr, 0
    -> Guard[5] (false edge of 'L23.preheader'):  %.not183 = icmp eq i64 %.size.0.copyload.fr, 0
    -> Guard[6] (false edge of 'top'):  %12 = icmp slt i64 %11, 1, !dbg !59
    -> Collected 7 dominating context guard(s).
    -> Frame refused (clobber between loads):  %.size23.0.copyload = load i64, ptr %.size_ptr22, align 8  vs  %.size53.0.copyload.us.us.us = load i64, ptr %.size_ptr22, align 8
         clobber: (MemoryPhi: clobber on some incoming arm)
    -> [go3] 23 leaf-closure instruction(s) encoded
    -> Fact[SCEVSYM:0] i64 %value_phi37 - start(%bc.resume.val) <=u BTC((((-1 * %bc.resume.val) + (1 umax %.size110.0.copyload.fr)) umin ((-1 * %bc.resume.val) + (1 umax %.size.0.copyload.fr)) umin ((-1 * %bc.resume.val) + (1 umax %.size23.0.copyload.fr)) umin ((-1 * %bc.resume.val) + (0 smax (-1 + %.size.0.copyload.fr))))) (SCEV symbolic trip count, sub-form)
    -> Fact[PHIINV-hx:1] (i64 %bc.resume.val <=u i64 %umax295) -> i64 %value_phi37 <=u i64 %umax295 (header-exit eq bound, unit step, 1-induction)
    -> Fact[KB:2] i64 %index known bits zero=0x7 one=0x0
    -> Fact[SCEV:3] i64 %index in [0,-7) (SCEV unsigned)
    -> Fact[SCEV:4] i64 %index in [-9223372036854775808,9223372036854775801) (SCEV signed)
    -> Fact[SCEVSYM:5] i64 %index - start(0) <=u 8*BTC(((-7 + (-1 * %167)<nsw> + ((-1 + (1 umax %.size110.0.copyload.fr)) umin (-1 + (1 umax %.size.0.copyload.fr)) umin (-1 + (1 umax %.size23.0.copyload.fr)) umin (-1 + (0 smax (-1 + %.size.0.copyload.fr)))<nsw>)) /u 8)) (SCEV symbolic trip count, sub-form)
    -> Fact[PHIINV-hi:6] i64 %index == i64 0 || ne(i64 %index, i64 %n.vec) (latch-implied bound, 1-induction)
    -> Fact[SCEVEQ:7] i64 %bc.resume.val in phi image (4 incoming)
    -> Fact[SCEVEQ:8] i64 %.size110.0.copyload.fr == freeze operand (leaf identity)
    -> Fact[SCEVEQ:9] i64 %.size.0.copyload.fr == freeze operand (leaf identity)
    -> Fact[SCEVEQ:10] i64 %.size23.0.copyload.fr == freeze operand (leaf identity)
    -> Fact[KB:11] i64 %167 known bits zero=0x18446744073709551600 one=0x0
    -> Fact[SCEVEQ:12] i64 %ind.end == SCEV((2 + (-1 * %167)<nsw> + ((-1 + (1 umax %.size110.0.copyload.fr)) umin (-1 + (1 umax %.size.0.copyload.fr)) umin (-1 + (1 umax %.size23.0.copyload.fr)) umin (-1 + (0 smax (-1 + %.size.0.copyload.fr)))<nsw>)))
    -> [heavy] 13 analysis fact(s) on 15 boundary value(s)
    -> [mv] T3: not a bounds shape (idx vs invariant count)
    -> [ind L0] BASE (1 phi(s) = entry): SAT (WARNING: Potential Integer Overflow Bug Detected!) [Query Latency: 5.296500 ms]
    -> SAT (WARNING: Potential Integer Overflow Bug Detected!) [Query Latency: 1.389208 ms]
    -> [mv] still SAT under 18 hypothesis candidate(s): not versionable
  -> Found UB Trap. Starting Backward Slice...
    -> Guard[0] (false edge of 'L115.us'):  %exitcond292.not = icmp eq i64 %value_phi37.us, %umax291, !dbg !108
    -> Guard[1] (false edge of 'L98.us'):  %exitcond290.not = icmp eq i64 %value_phi37.us, %umax289, !dbg !108
    -> Guard[2] (false edge of 'L23.preheader.split.split.split.split.us'):  %.not191 = icmp ult i64 %.size.0.copyload.fr, %.size110.0.copyload.fr
    -> Guard[3] (true edge of 'L23.preheader.split.split.split'):  %.not190 = icmp ult i64 %.size.0.copyload.fr, %.size23.0.copyload.fr
    -> Guard[4] (false edge of 'L23.preheader.split.split'):  %14 = icmp slt i64 %13, 1
    -> Guard[5] (false edge of 'L23.preheader.split'):  %.not184 = icmp eq i64 %.size23.0.copyload.fr, 0
    -> Guard[6] (false edge of 'L23.preheader'):  %.not183 = icmp eq i64 %.size.0.copyload.fr, 0
    -> Guard[7] (false edge of 'top'):  %12 = icmp slt i64 %11, 1, !dbg !59
    -> Collected 8 dominating context guard(s).
    -> Frame refused (clobber between loads):  %.size23.0.copyload = load i64, ptr %.size_ptr22, align 8  vs  %.size53.0.copyload.us.us.us = load i64, ptr %.size_ptr22, align 8
         clobber: (MemoryPhi: clobber on some incoming arm)
    -> Frame refused (clobber between loads):  %.size110.0.copyload = load i64, ptr %.size_ptr65, align 8  vs  %.size66.0.copyload.us.us.us = load i64, ptr %.size_ptr65, align 8
         clobber: (MemoryPhi: clobber on some incoming arm)
    -> [go3] 23 leaf-closure instruction(s) encoded
    -> Fact[SCEVSYM:0] i64 %value_phi37.us - start(%bc.resume.val387) <=u BTC((((-1 * %bc.resume.val387) + (1 umax %.size110.0.copyload.fr)) umin ((-1 * %bc.resume.val387) + (1 umax %.size.0.copyload.fr)) umin ((-1 * %bc.resume.val387) + (1 umax %.size23.0.copyload.fr)) umin ((-1 * %bc.resume.val387) + (0 smax (-1 + %.size.0.copyload.fr))))) (SCEV symbolic trip count, sub-form)
    -> Fact[PHIINV-hx:1] (i64 %bc.resume.val387 <=u i64 %umax289) -> i64 %value_phi37.us <=u i64 %umax289 (header-exit eq bound, unit step, 1-induction)
    -> Fact[KB:2] i64 %index389 known bits zero=0x7 one=0x0
    -> Fact[SCEV:3] i64 %index389 in [0,-7) (SCEV unsigned)
    -> Fact[SCEV:4] i64 %index389 in [-9223372036854775808,9223372036854775801) (SCEV signed)
    -> Fact[SCEVSYM:5] i64 %index389 - start(0) <=u 8*BTC(((-7 + (-1 * %109)<nsw> + ((-1 + (1 umax %.size110.0.copyload.fr)) umin (-1 + (1 umax %.size.0.copyload.fr)) umin (-1 + (1 umax %.size23.0.copyload.fr)) umin (-1 + (0 smax (-1 + %.size.0.copyload.fr)))<nsw>)) /u 8)) (SCEV symbolic trip count, sub-form)
    -> Fact[PHIINV-hi:6] i64 %index389 == i64 0 || ne(i64 %index389, i64 %n.vec385) (latch-implied bound, 1-induction)
    -> Fact[SCEVEQ:7] i64 %bc.resume.val387 in phi image (4 incoming)
    -> Fact[SCEVEQ:8] i64 %.size110.0.copyload.fr == freeze operand (leaf identity)
    -> Fact[SCEVEQ:9] i64 %.size.0.copyload.fr == freeze operand (leaf identity)
    -> Fact[SCEVEQ:10] i64 %.size23.0.copyload.fr == freeze operand (leaf identity)
    -> Fact[KB:11] i64 %109 known bits zero=0x18446744073709551600 one=0x0
    -> Fact[SCEVEQ:12] i64 %ind.end386 == SCEV((2 + (-1 * %109)<nsw> + ((-1 + (1 umax %.size110.0.copyload.fr)) umin (-1 + (1 umax %.size.0.copyload.fr)) umin (-1 + (1 umax %.size23.0.copyload.fr)) umin (-1 + (0 smax (-1 + %.size.0.copyload.fr)))<nsw>)))
    -> [heavy] 13 analysis fact(s) on 14 boundary value(s)
    -> [mv] T3: not a bounds shape (idx vs invariant count)
    -> [ind L0] BASE (1 phi(s) = entry): SAT (WARNING: Potential Integer Overflow Bug Detected!) [Query Latency: 0.582833 ms]
    -> SAT (WARNING: Potential Integer Overflow Bug Detected!) [Query Latency: 3.135459 ms]
    -> [mv] still SAT under 15 hypothesis candidate(s): not versionable
  -> Found UB Trap. Starting Backward Slice...
    -> Guard[0] (false edge of 'L115.us.us.us'):  %exitcond284.not = icmp eq i64 %value_phi37.us.us.us, %umax283, !dbg !108
    -> Guard[1] (false edge of 'L98.us.us.us'):  %exitcond282.not = icmp eq i64 %value_phi37.us.us.us, %.size.0.copyload.fr, !dbg !108
    -> Guard[2] (false edge of 'L23.us230.us.us'):  %exitcond287.not = icmp eq i64 %value_phi6.us231.us.us, %29, !dbg !69
    -> Guard[3] (true edge of 'L23.preheader.split.split.split.split.us'):  %.not191 = icmp ult i64 %.size.0.copyload.fr, %.size110.0.copyload.fr
    -> Guard[4] (true edge of 'L23.preheader.split.split.split'):  %.not190 = icmp ult i64 %.size.0.copyload.fr, %.size23.0.copyload.fr
    -> Guard[5] (false edge of 'L23.preheader.split.split'):  %14 = icmp slt i64 %13, 1
    -> Guard[6] (false edge of 'L23.preheader.split'):  %.not184 = icmp eq i64 %.size23.0.copyload.fr, 0
    -> Guard[7] (false edge of 'L23.preheader'):  %.not183 = icmp eq i64 %.size.0.copyload.fr, 0
    -> Guard[8] (false edge of 'top'):  %12 = icmp slt i64 %11, 1, !dbg !59
    -> Collected 9 dominating context guard(s).
    -> Frame refused (clobber between loads):  %.size23.0.copyload = load i64, ptr %.size_ptr22, align 8  vs  %.size53.0.copyload.us.us.us = load i64, ptr %.size_ptr22, align 8
         clobber: (MemoryPhi: clobber on some incoming arm)
    -> Frame refused (clobber between loads):  %.size110.0.copyload = load i64, ptr %.size_ptr65, align 8  vs  %.size66.0.copyload.us.us.us = load i64, ptr %.size_ptr65, align 8
         clobber: (MemoryPhi: clobber on some incoming arm)
    -> [go3] 22 leaf-closure instruction(s) encoded
    -> Fact[SCEV:0] i64 %value_phi6.us231.us.us in [1,-9223372036854775808) (SCEV unsigned)
    -> Fact[SCEV:1] i64 %value_phi6.us231.us.us in [1,-9223372036854775808) (SCEV signed)
    -> Fact[SCEVSYM:2] i64 %value_phi6.us231.us.us - start(1) <=u BTC((%11 umin_seq ((-1 + (0 smax %11))<nsw> umin %.size138.0.copyload))) (SCEV symbolic trip count, sub-form)
    -> Fact[PHIINV-hx:3] (i64 1 <=u i64 %29) -> i64 %value_phi6.us231.us.us <=u i64 %29 (header-exit eq bound, unit step, 1-induction)
    -> Fact[SCEVSYM:4] i64 %value_phi37.us.us.us - start(%bc.resume.val444) <=u BTC(((((-1 * %bc.resume.val444) + (1 umax %.size53.0.copyload.us.us.us.fr)) umin ((-1 * %bc.resume.val444) + %.size.0.copyload.fr)) umin_seq (((-1 * %bc.resume.val444) + (1 umax %.size66.0.copyload.us.us.us)) umin ((-1 * %bc.resume.val444) + (0 smax (-1 + %.size.0.copyload.fr)))))) (SCEV symbolic trip count, sub-form)
    -> Fact[PHIINV-hx:5] (i64 %bc.resume.val444 <=u i64 %.size.0.copyload.fr) -> i64 %value_phi37.us.us.us <=u i64 %.size.0.copyload.fr (header-exit eq bound, unit step, 1-induction)
    -> Fact[KB:6] i64 %index446 known bits zero=0x7 one=0x0
    -> Fact[SCEV:7] i64 %index446 in [0,-7) (SCEV unsigned)
    -> Fact[SCEV:8] i64 %index446 in [-9223372036854775808,9223372036854775801) (SCEV signed)
    -> Fact[SCEVSYM:9] i64 %index446 - start(0) <=u 8*BTC(((-7 + (-1 * %45)<nsw> + ((-1 + (1 umax %.size53.0.copyload.us.us.us.fr)) umin (-1 + %.size.0.copyload.fr) umin %38)) /u 8)) (SCEV symbolic trip count, sub-form)
    -> Fact[PHIINV-hi:10] i64 %index446 == i64 0 || ne(i64 %index446, i64 %n.vec442) (latch-implied bound, 1-induction)
    -> Fact[SCEVEQ:11] i64 %bc.resume.val444 in phi image (4 incoming)
    -> Fact[SCEVEQ:12] i64 %.size53.0.copyload.us.us.us.fr == freeze operand (leaf identity)
    -> Fact[SCEVEQ:13] i64 %.size.0.copyload.fr == freeze operand (leaf identity)
    -> Fact[KB:14] i64 %45 known bits zero=0x18446744073709551600 one=0x0
    -> Fact[SCEVEQ:15] i64 %38 == freeze operand (leaf identity)
    -> Fact[SCEVEQ:16] i64 %ind.end443 == SCEV((2 + (-1 * %45)<nsw> + ((-1 + (1 umax %.size53.0.copyload.us.us.us.fr)) umin (-1 + %.size.0.copyload.fr) umin %38)))
    -> Fact[SCEVEQ:17] i64 %umin434 == SCEV(((-1 + (1 umax %.size66.0.copyload.us.us.us)) umin (-1 + (0 smax (-1 + %.size.0.copyload.fr)))<nsw>))
    -> [heavy] 18 analysis fact(s) on 21 boundary value(s)
    -> [mv] T3: not a bounds shape (idx vs invariant count)
    -> [ind L0] BASE (1 phi(s) = entry): SAT (WARNING: Potential Integer Overflow Bug Detected!) [Query Latency: 12.766375 ms]
    -> [ind L1] BASE (1 phi(s) = entry): SAT (WARNING: Potential Integer Overflow Bug Detected!) [Query Latency: 0.905333 ms]
    -> SAT (WARNING: Potential Integer Overflow Bug Detected!) [Query Latency: 21.444042 ms]
    -> [mv] still SAT under 36 hypothesis candidate(s): not versionable
  -> Found UB Trap. Starting Backward Slice...
    -> Guard[0] (false edge of 'L134'):  %exitcond300.not = icmp eq i64 %value_phi37, %umax299, !dbg !108
    -> Guard[1] (false edge of 'L115'):  %exitcond298.not = icmp eq i64 %value_phi37, %umax297, !dbg !108
    -> Guard[2] (false edge of 'L98'):  %exitcond296.not = icmp eq i64 %value_phi37, %umax295, !dbg !108
    -> Guard[3] (false edge of 'L23.preheader.split.split.split'):  %.not190 = icmp ult i64 %.size.0.copyload.fr, %.size23.0.copyload.fr
    -> Guard[4] (false edge of 'L23.preheader.split.split'):  %14 = icmp slt i64 %13, 1
    -> Guard[5] (false edge of 'L23.preheader.split'):  %.not184 = icmp eq i64 %.size23.0.copyload.fr, 0
    -> Guard[6] (false edge of 'L23.preheader'):  %.not183 = icmp eq i64 %.size.0.copyload.fr, 0
    -> Guard[7] (false edge of 'top'):  %12 = icmp slt i64 %11, 1, !dbg !59
    -> Collected 8 dominating context guard(s).
    -> Frame refused (clobber between loads):  %.size23.0.copyload = load i64, ptr %.size_ptr22, align 8  vs  %.size53.0.copyload.us.us.us = load i64, ptr %.size_ptr22, align 8
         clobber: (MemoryPhi: clobber on some incoming arm)
    -> [go3] 23 leaf-closure instruction(s) encoded
    -> Fact[SCEVSYM:0] i64 %value_phi37 - start(%bc.resume.val) <=u BTC((((-1 * %bc.resume.val) + (1 umax %.size110.0.copyload.fr)) umin ((-1 * %bc.resume.val) + (1 umax %.size.0.copyload.fr)) umin ((-1 * %bc.resume.val) + (1 umax %.size23.0.copyload.fr)) umin ((-1 * %bc.resume.val) + (0 smax (-1 + %.size.0.copyload.fr))))) (SCEV symbolic trip count, sub-form)
    -> Fact[PHIINV-hx:1] (i64 %bc.resume.val <=u i64 %umax295) -> i64 %value_phi37 <=u i64 %umax295 (header-exit eq bound, unit step, 1-induction)
    -> Fact[KB:2] i64 %index known bits zero=0x7 one=0x0
    -> Fact[SCEV:3] i64 %index in [0,-7) (SCEV unsigned)
    -> Fact[SCEV:4] i64 %index in [-9223372036854775808,9223372036854775801) (SCEV signed)
    -> Fact[SCEVSYM:5] i64 %index - start(0) <=u 8*BTC(((-7 + (-1 * %167)<nsw> + ((-1 + (1 umax %.size110.0.copyload.fr)) umin (-1 + (1 umax %.size.0.copyload.fr)) umin (-1 + (1 umax %.size23.0.copyload.fr)) umin (-1 + (0 smax (-1 + %.size.0.copyload.fr)))<nsw>)) /u 8)) (SCEV symbolic trip count, sub-form)
    -> Fact[PHIINV-hi:6] i64 %index == i64 0 || ne(i64 %index, i64 %n.vec) (latch-implied bound, 1-induction)
    -> Fact[SCEVEQ:7] i64 %bc.resume.val in phi image (4 incoming)
    -> Fact[SCEVEQ:8] i64 %.size110.0.copyload.fr == freeze operand (leaf identity)
    -> Fact[SCEVEQ:9] i64 %.size.0.copyload.fr == freeze operand (leaf identity)
    -> Fact[SCEVEQ:10] i64 %.size23.0.copyload.fr == freeze operand (leaf identity)
    -> Fact[KB:11] i64 %167 known bits zero=0x18446744073709551600 one=0x0
    -> Fact[SCEVEQ:12] i64 %ind.end == SCEV((2 + (-1 * %167)<nsw> + ((-1 + (1 umax %.size110.0.copyload.fr)) umin (-1 + (1 umax %.size.0.copyload.fr)) umin (-1 + (1 umax %.size23.0.copyload.fr)) umin (-1 + (0 smax (-1 + %.size.0.copyload.fr)))<nsw>)))
    -> [heavy] 13 analysis fact(s) on 15 boundary value(s)
    -> [mv] T3: not a bounds shape (idx vs invariant count)
    -> [ind L0] BASE (1 phi(s) = entry): SAT (WARNING: Potential Integer Overflow Bug Detected!) [Query Latency: 70.716416 ms]
    -> SAT (WARNING: Potential Integer Overflow Bug Detected!) [Query Latency: 375.718416 ms]
    -> [mv] still SAT under 18 hypothesis candidate(s): not versionable
  -> Found UB Trap. Starting Backward Slice...
    -> Guard[0] (true edge of 'L23.preheader.split.split'):  %14 = icmp slt i64 %13, 1
    -> Guard[1] (false edge of 'L23.preheader.split'):  %.not184 = icmp eq i64 %.size23.0.copyload.fr, 0
    -> Guard[2] (false edge of 'L23.preheader'):  %.not183 = icmp eq i64 %.size.0.copyload.fr, 0
    -> Guard[3] (false edge of 'top'):  %12 = icmp slt i64 %11, 1, !dbg !59
    -> Collected 4 dominating context guard(s).
    -> Frame refused (clobber between loads):  %.size23.0.copyload = load i64, ptr %.size_ptr22, align 8  vs  %.size53.0.copyload.us.us.us = load i64, ptr %.size_ptr22, align 8
         clobber: (MemoryPhi: clobber on some incoming arm)
    -> Fact[LVI:0] i64 %11 in [1,-9223372036854775808) (LVI @ L23.preheader.split.split.split.us)
    -> [heavy] 1 analysis fact(s) on 3 boundary value(s)
    -> [ind] trap not in a loop
    -> SAT (WARNING: Potential Integer Overflow Bug Detected!) [Query Latency: 0.141875 ms]
    -> [mv] trap not inside a loop: not versionable
  -> Found UB Trap. Starting Backward Slice...
    -> Guard[0] (false edge of 'L134.us'):  %exitcond294.not = icmp eq i64 %value_phi37.us, %umax293, !dbg !108
    -> Guard[1] (false edge of 'L115.us'):  %exitcond292.not = icmp eq i64 %value_phi37.us, %umax291, !dbg !108
    -> Guard[2] (false edge of 'L98.us'):  %exitcond290.not = icmp eq i64 %value_phi37.us, %umax289, !dbg !108
    -> Guard[3] (false edge of 'L23.preheader.split.split.split.split.us'):  %.not191 = icmp ult i64 %.size.0.copyload.fr, %.size110.0.copyload.fr
    -> Guard[4] (true edge of 'L23.preheader.split.split.split'):  %.not190 = icmp ult i64 %.size.0.copyload.fr, %.size23.0.copyload.fr
    -> Guard[5] (false edge of 'L23.preheader.split.split'):  %14 = icmp slt i64 %13, 1
    -> Guard[6] (false edge of 'L23.preheader.split'):  %.not184 = icmp eq i64 %.size23.0.copyload.fr, 0
    -> Guard[7] (false edge of 'L23.preheader'):  %.not183 = icmp eq i64 %.size.0.copyload.fr, 0
    -> Guard[8] (false edge of 'top'):  %12 = icmp slt i64 %11, 1, !dbg !59
    -> Collected 9 dominating context guard(s).
    -> Frame refused (clobber between loads):  %.size23.0.copyload = load i64, ptr %.size_ptr22, align 8  vs  %.size53.0.copyload.us.us.us = load i64, ptr %.size_ptr22, align 8
         clobber: (MemoryPhi: clobber on some incoming arm)
    -> Frame refused (clobber between loads):  %.size110.0.copyload = load i64, ptr %.size_ptr65, align 8  vs  %.size66.0.copyload.us.us.us = load i64, ptr %.size_ptr65, align 8
         clobber: (MemoryPhi: clobber on some incoming arm)
    -> [go3] 23 leaf-closure instruction(s) encoded
    -> Fact[SCEVSYM:0] i64 %value_phi37.us - start(%bc.resume.val387) <=u BTC((((-1 * %bc.resume.val387) + (1 umax %.size110.0.copyload.fr)) umin ((-1 * %bc.resume.val387) + (1 umax %.size.0.copyload.fr)) umin ((-1 * %bc.resume.val387) + (1 umax %.size23.0.copyload.fr)) umin ((-1 * %bc.resume.val387) + (0 smax (-1 + %.size.0.copyload.fr))))) (SCEV symbolic trip count, sub-form)
    -> Fact[PHIINV-hx:1] (i64 %bc.resume.val387 <=u i64 %umax289) -> i64 %value_phi37.us <=u i64 %umax289 (header-exit eq bound, unit step, 1-induction)
    -> Fact[KB:2] i64 %index389 known bits zero=0x7 one=0x0
    -> Fact[SCEV:3] i64 %index389 in [0,-7) (SCEV unsigned)
    -> Fact[SCEV:4] i64 %index389 in [-9223372036854775808,9223372036854775801) (SCEV signed)
    -> Fact[SCEVSYM:5] i64 %index389 - start(0) <=u 8*BTC(((-7 + (-1 * %109)<nsw> + ((-1 + (1 umax %.size110.0.copyload.fr)) umin (-1 + (1 umax %.size.0.copyload.fr)) umin (-1 + (1 umax %.size23.0.copyload.fr)) umin (-1 + (0 smax (-1 + %.size.0.copyload.fr)))<nsw>)) /u 8)) (SCEV symbolic trip count, sub-form)
    -> Fact[PHIINV-hi:6] i64 %index389 == i64 0 || ne(i64 %index389, i64 %n.vec385) (latch-implied bound, 1-induction)
    -> Fact[SCEVEQ:7] i64 %bc.resume.val387 in phi image (4 incoming)
    -> Fact[SCEVEQ:8] i64 %.size110.0.copyload.fr == freeze operand (leaf identity)
    -> Fact[SCEVEQ:9] i64 %.size.0.copyload.fr == freeze operand (leaf identity)
    -> Fact[SCEVEQ:10] i64 %.size23.0.copyload.fr == freeze operand (leaf identity)
    -> Fact[KB:11] i64 %109 known bits zero=0x18446744073709551600 one=0x0
    -> Fact[SCEVEQ:12] i64 %ind.end386 == SCEV((2 + (-1 * %109)<nsw> + ((-1 + (1 umax %.size110.0.copyload.fr)) umin (-1 + (1 umax %.size.0.copyload.fr)) umin (-1 + (1 umax %.size23.0.copyload.fr)) umin (-1 + (0 smax (-1 + %.size.0.copyload.fr)))<nsw>)))
    -> [heavy] 13 analysis fact(s) on 14 boundary value(s)
    -> [mv] T3: not a bounds shape (idx vs invariant count)
    -> [ind L0] BASE (1 phi(s) = entry): SAT (WARNING: Potential Integer Overflow Bug Detected!) [Query Latency: 27.475584 ms]
    -> SAT (WARNING: Potential Integer Overflow Bug Detected!) [Query Latency: 423.941666 ms]
    -> [mv] still SAT under 15 hypothesis candidate(s): not versionable
  -> Found UB Trap. Starting Backward Slice...
    -> Guard[0] (true edge of 'L23.preheader.split.split.split.us'):  %.not190 = icmp ult i64 %.size.0.copyload.fr, %.size23.0.copyload.fr
    -> Guard[1] (true edge of 'L23.preheader.split.split'):  %14 = icmp slt i64 %13, 1
    -> Guard[2] (false edge of 'L23.preheader.split'):  %.not184 = icmp eq i64 %.size23.0.copyload.fr, 0
    -> Guard[3] (false edge of 'L23.preheader'):  %.not183 = icmp eq i64 %.size.0.copyload.fr, 0
    -> Guard[4] (false edge of 'top'):  %12 = icmp slt i64 %11, 1, !dbg !59
    -> Collected 5 dominating context guard(s).
    -> Frame refused (clobber between loads):  %.size23.0.copyload = load i64, ptr %.size_ptr22, align 8  vs  %.size53.0.copyload.us.us.us = load i64, ptr %.size_ptr22, align 8
         clobber: (MemoryPhi: clobber on some incoming arm)
    -> Frame refused (clobber between loads):  %.size110.0.copyload = load i64, ptr %.size_ptr65, align 8  vs  %.size66.0.copyload.us.us.us = load i64, ptr %.size_ptr65, align 8
         clobber: (MemoryPhi: clobber on some incoming arm)
    -> Fact[LVI:0] i64 %11 in [1,-9223372036854775808) (LVI @ L23.preheader.split.split.split.us.split.us)
    -> [heavy] 1 analysis fact(s) on 4 boundary value(s)
    -> [ind] trap not in a loop
    -> SAT (WARNING: Potential Integer Overflow Bug Detected!) [Query Latency: 0.189458 ms]
    -> [mv] trap not inside a loop: not versionable
  -> Found UB Trap. Starting Backward Slice...
    -> Guard[0] (true edge of 'L175.us.us.us'):  %.not189.not.us.us.us = icmp eq i64 %value_phi37.us.us.us, %value_phi33, !dbg !127
    -> Guard[1] (false edge of 'L134.us.us.us'):  %exitcond286.not = icmp eq i64 %value_phi37.us.us.us, %umax285, !dbg !108
    -> Guard[2] (false edge of 'L115.us.us.us'):  %exitcond284.not = icmp eq i64 %value_phi37.us.us.us, %umax283, !dbg !108
    -> Guard[3] (false edge of 'L98.us.us.us'):  %exitcond282.not = icmp eq i64 %value_phi37.us.us.us, %.size.0.copyload.fr, !dbg !108
    -> Guard[4] (false edge of 'L23.us230.us.us'):  %exitcond287.not = icmp eq i64 %value_phi6.us231.us.us, %29, !dbg !69
    -> Guard[5] (true edge of 'L23.preheader.split.split.split.split.us'):  %.not191 = icmp ult i64 %.size.0.copyload.fr, %.size110.0.copyload.fr
    -> Guard[6] (true edge of 'L23.preheader.split.split.split'):  %.not190 = icmp ult i64 %.size.0.copyload.fr, %.size23.0.copyload.fr
    -> Guard[7] (false edge of 'L23.preheader.split.split'):  %14 = icmp slt i64 %13, 1
    -> Guard[8] (false edge of 'L23.preheader.split'):  %.not184 = icmp eq i64 %.size23.0.copyload.fr, 0
    -> Guard[9] (false edge of 'L23.preheader'):  %.not183 = icmp eq i64 %.size.0.copyload.fr, 0
    -> Guard[10] (false edge of 'top'):  %12 = icmp slt i64 %11, 1, !dbg !59
    -> Collected 11 dominating context guard(s).
    -> Frame refused (clobber between loads):  %.size23.0.copyload = load i64, ptr %.size_ptr22, align 8  vs  %.size53.0.copyload.us.us.us = load i64, ptr %.size_ptr22, align 8
         clobber: (MemoryPhi: clobber on some incoming arm)
    -> Frame refused (clobber between loads):  %.size110.0.copyload = load i64, ptr %.size_ptr65, align 8  vs  %.size66.0.copyload.us.us.us = load i64, ptr %.size_ptr65, align 8
         clobber: (MemoryPhi: clobber on some incoming arm)
    -> [go3] 22 leaf-closure instruction(s) encoded
    -> Fact[SCEV:0] i64 %value_phi6.us231.us.us in [1,-9223372036854775808) (SCEV unsigned)
    -> Fact[SCEV:1] i64 %value_phi6.us231.us.us in [1,-9223372036854775808) (SCEV signed)
    -> Fact[SCEVSYM:2] i64 %value_phi6.us231.us.us - start(1) <=u BTC((%11 umin_seq ((-1 + (0 smax %11))<nsw> umin %.size138.0.copyload))) (SCEV symbolic trip count, sub-form)
    -> Fact[PHIINV-hx:3] (i64 1 <=u i64 %29) -> i64 %value_phi6.us231.us.us <=u i64 %29 (header-exit eq bound, unit step, 1-induction)
    -> Fact[SCEVSYM:4] i64 %value_phi37.us.us.us - start(%bc.resume.val444) <=u BTC(((((-1 * %bc.resume.val444) + (1 umax %.size53.0.copyload.us.us.us.fr)) umin ((-1 * %bc.resume.val444) + %.size.0.copyload.fr)) umin_seq (((-1 * %bc.resume.val444) + (1 umax %.size66.0.copyload.us.us.us)) umin ((-1 * %bc.resume.val444) + (0 smax (-1 + %.size.0.copyload.fr)))))) (SCEV symbolic trip count, sub-form)
    -> Fact[PHIINV-hx:5] (i64 %bc.resume.val444 <=u i64 %.size.0.copyload.fr) -> i64 %value_phi37.us.us.us <=u i64 %.size.0.copyload.fr (header-exit eq bound, unit step, 1-induction)
    -> Fact[KB:6] i64 %index446 known bits zero=0x7 one=0x0
    -> Fact[SCEV:7] i64 %index446 in [0,-7) (SCEV unsigned)
    -> Fact[SCEV:8] i64 %index446 in [-9223372036854775808,9223372036854775801) (SCEV signed)
    -> Fact[SCEVSYM:9] i64 %index446 - start(0) <=u 8*BTC(((-7 + (-1 * %45)<nsw> + ((-1 + (1 umax %.size53.0.copyload.us.us.us.fr)) umin (-1 + %.size.0.copyload.fr) umin %38)) /u 8)) (SCEV symbolic trip count, sub-form)
    -> Fact[PHIINV-hi:10] i64 %index446 == i64 0 || ne(i64 %index446, i64 %n.vec442) (latch-implied bound, 1-induction)
    -> Fact[SCEVEQ:11] i64 %bc.resume.val444 in phi image (4 incoming)
    -> Fact[SCEVEQ:12] i64 %.size53.0.copyload.us.us.us.fr == freeze operand (leaf identity)
    -> Fact[SCEVEQ:13] i64 %.size.0.copyload.fr == freeze operand (leaf identity)
    -> Fact[KB:14] i64 %45 known bits zero=0x18446744073709551600 one=0x0
    -> Fact[SCEVEQ:15] i64 %38 == freeze operand (leaf identity)
    -> Fact[SCEVEQ:16] i64 %ind.end443 == SCEV((2 + (-1 * %45)<nsw> + ((-1 + (1 umax %.size53.0.copyload.us.us.us.fr)) umin (-1 + %.size.0.copyload.fr) umin %38)))
    -> Fact[SCEVEQ:17] i64 %umin434 == SCEV(((-1 + (1 umax %.size66.0.copyload.us.us.us)) umin (-1 + (0 smax (-1 + %.size.0.copyload.fr)))<nsw>))
    -> [heavy] 18 analysis fact(s) on 21 boundary value(s)
    -> [mv] T3: not a bounds shape (idx vs invariant count)
    -> [ind L0] BASE (1 phi(s) = entry): SAT (WARNING: Potential Integer Overflow Bug Detected!) [Query Latency: 1.223917 ms]
    -> SAT (WARNING: Potential Integer Overflow Bug Detected!) [Query Latency: 103.851584 ms]
    -> [mv] still SAT under 15 hypothesis candidate(s): not versionable
  -> Found UB Trap. Starting Backward Slice...
    -> Guard[0] (false edge of 'L23.us220.us.us.us'):  %exitcond.not = icmp eq i64 %value_phi6.us221.us.us.us, %16, !dbg !69
    -> Guard[1] (true edge of 'L23.preheader.split.split.split.us.split.us'):  %.not191 = icmp ult i64 %.size.0.copyload.fr, %.size110.0.copyload.fr
    -> Guard[2] (true edge of 'L23.preheader.split.split.split.us'):  %.not190 = icmp ult i64 %.size.0.copyload.fr, %.size23.0.copyload.fr
    -> Guard[3] (true edge of 'L23.preheader.split.split'):  %14 = icmp slt i64 %13, 1
    -> Guard[4] (false edge of 'L23.preheader.split'):  %.not184 = icmp eq i64 %.size23.0.copyload.fr, 0
    -> Guard[5] (false edge of 'L23.preheader'):  %.not183 = icmp eq i64 %.size.0.copyload.fr, 0
    -> Guard[6] (false edge of 'top'):  %12 = icmp slt i64 %11, 1, !dbg !59
    -> Collected 7 dominating context guard(s).
    -> Frame refused (clobber between loads):  %.size23.0.copyload = load i64, ptr %.size_ptr22, align 8  vs  %.size53.0.copyload.us.us.us = load i64, ptr %.size_ptr22, align 8
         clobber: (MemoryPhi: clobber on some incoming arm)
    -> Frame refused (clobber between loads):  %.size110.0.copyload = load i64, ptr %.size_ptr65, align 8  vs  %.size66.0.copyload.us.us.us = load i64, ptr %.size_ptr65, align 8
         clobber: (MemoryPhi: clobber on some incoming arm)
    -> [go3] 0 leaf-closure instruction(s) encoded
    -> Fact[SCEV:0] i64 %value_phi6.us221.us.us.us in [1,-9223372036854775808) (SCEV unsigned)
    -> Fact[SCEV:1] i64 %value_phi6.us221.us.us.us in [1,-9223372036854775808) (SCEV signed)
    -> Fact[SCEVSYM:2] i64 %value_phi6.us221.us.us.us - start(1) <=u BTC((%11 umin_seq ((-1 + (0 smax %11))<nsw> umin %.size138.0.copyload))) (SCEV symbolic trip count, sub-form)
    -> Fact[PHIINV-hx:3] (i64 1 <=u i64 %16) -> i64 %value_phi6.us221.us.us.us <=u i64 %16 (header-exit eq bound, unit step, 1-induction)
    -> [heavy] 4 analysis fact(s) on 6 boundary value(s)
    -> [mv] T3: not a bounds shape (idx vs invariant count)
    -> [ind L0] BASE (1 phi(s) = entry): SAT (WARNING: Potential Integer Overflow Bug Detected!) [Query Latency: 0.226125 ms]
    -> SAT (WARNING: Potential Integer Overflow Bug Detected!) [Query Latency: 0.497917 ms]
    -> [mv] still SAT under 15 hypothesis candidate(s): not versionable
  => Total Traps Eliminated: 6
  => Traps Folded In Fast Copies (mv): 0
  => Total Trap Attempts: 19
  => Total SMT Queries Executed: 19
  => Total SMT Query Latency: 3.417758e+03 ms
  => Average SMT Query Latency: 1.798820e+02 ms
  => Total DFS & SMT Execution Time: 3.513412e+03 ms
--------------------------------------------------
