[ODeSSy] 38 trap site(s) across 14 function(s); threads=1 [tier: heavy] [frame] [mv] [narrow] [ind] [traps=odessy.chk]

[Z3 Oracle] Analyzing Function: main
  [tier: heavy]
  -> Found UB Trap. Starting Backward Slice...
    -> Collected 0 dominating context guard(s).
    -> Fact[RM:0] i64 %5 in [0,9223372036854775807) (!range)
    -> Fact[KB:1] i64 %5 known bits zero=0x9223372036854775808 one=0x0
    -> [heavy] 2 analysis fact(s) on 1 boundary value(s)
    -> [ind] trap not in a loop
    -> SAT (WARNING: Potential Integer Overflow Bug Detected!) [Query Latency: 0.485201 ms]
    -> [mv] trap not inside a loop: not versionable
  -> Found UB Trap. Starting Backward Slice...
    -> Guard[0] (false edge of ''):  %18 = icmp eq i64 %17, 0
    -> Guard[1] (false edge of 'entry'):  %6 = icmp samesign ult i64 %5, 2
    -> Collected 2 dominating context guard(s).
    -> Fact[RM:0] i64 %5 in [0,9223372036854775807) (!range)
    -> Fact[KB:1] i64 %5 known bits zero=0x9223372036854775808 one=0x0
    -> [heavy] 2 analysis fact(s) on 20 boundary value(s)
    -> [ind] trap not in a loop
    -> SAT (WARNING: Potential Integer Overflow Bug Detected!) [Query Latency: 18.510366 ms]
    -> [mv] trap not inside a loop: not versionable
  -> Found UB Trap. Starting Backward Slice...
    -> Guard[0] (false edge of ''):  %39 = icmp eq i8 %38, 1
    -> Guard[1] (false edge of ''):  %18 = icmp eq i64 %17, 0
    -> Guard[2] (false edge of 'entry'):  %6 = icmp samesign ult i64 %5, 2
    -> Collected 3 dominating context guard(s).
    -> Fact[RM:0] i64 %5 in [0,9223372036854775807) (!range)
    -> Fact[KB:1] i64 %5 known bits zero=0x9223372036854775808 one=0x0
    -> Fact[RM:2] i64 %115 in [0,9223372036854775807) (!range)
    -> Fact[KB:3] i64 %115 known bits zero=0x9223372036854775808 one=0x0
    -> [heavy] 4 analysis fact(s) on 21 boundary value(s)
    -> [ind] trap not in a loop
    -> SAT (WARNING: Potential Integer Overflow Bug Detected!) [Query Latency: 3.989250 ms]
    -> [mv] trap not inside a loop: not versionable
  -> Found UB Trap. Starting Backward Slice...
    -> Guard[0] (true edge of ''):  %.not28 = icmp eq ptr %126, null
    -> Guard[1] (false edge of ''):  %116 = icmp samesign ult i64 %115, 3
    -> Guard[2] (false edge of ''):  %39 = icmp eq i8 %38, 1
    -> Guard[3] (false edge of ''):  %18 = icmp eq i64 %17, 0
    -> Guard[4] (false edge of 'entry'):  %6 = icmp samesign ult i64 %5, 2
    -> Collected 5 dominating context guard(s).
    -> Fact[RM:0] i64 %5 in [0,9223372036854775807) (!range)
    -> Fact[KB:1] i64 %5 known bits zero=0x9223372036854775808 one=0x0
    -> Fact[RM:2] i64 %115 in [0,9223372036854775807) (!range)
    -> Fact[KB:3] i64 %115 known bits zero=0x9223372036854775808 one=0x0
    -> Fact[LVI:4] i64 %115 in [3,9223372036854775807) (LVI @ )
    -> [heavy] 5 analysis fact(s) on 24 boundary value(s)
    -> [ind] trap not in a loop
    -> SAT (WARNING: Potential Integer Overflow Bug Detected!) [Query Latency: 5.547498 ms]
    -> [mv] trap not inside a loop: not versionable
  => Total Traps Eliminated: 0
  => Traps Folded In Fast Copies (mv): 0
  => Total Trap Attempts: 4
  => Total SMT Queries Executed: 4
  => Total SMT Query Latency: 2.853232e+01 ms
  => Average SMT Query Latency: 7.133079e+00 ms
  => Total DFS & SMT Execution Time: 1.803915e+02 ms
--------------------------------------------------

[Z3 Oracle] Analyzing Function: $s7adler32AAys6UInt32VSays5UInt8VGF
  [tier: heavy]
  -> Found UB Trap. Starting Backward Slice...
    -> Collected 0 dominating context guard(s).
    -> [heavy] 0 analysis fact(s) on 1 boundary value(s)
    -> [ind] trap not in a loop
    -> SAT (WARNING: Potential Integer Overflow Bug Detected!) [Query Latency: 0.170768 ms]
    -> [mv] trap not inside a loop: not versionable
  -> Found UB Trap. Starting Backward Slice...
    -> Collected 0 dominating context guard(s).
    -> [go3] 1 leaf-closure instruction(s) encoded
    -> Fact[RM:0] i64 %2 in [0,9223372036854775807) (!range)
    -> Fact[KB:1] i64 %2 known bits zero=0x9223372036854775808 one=0x0
    -> Fact[LVI:2] i64 %2 in [1,0) (LVI @ )
    -> Fact[LVI:3] i64 %3 in [-9223372036854775807,-9223372036854775808) (LVI @ )
    -> Fact[PHIINV-hi:4] i64 %13 == i64 %2 || sge(i64 %13, i64 %3) (latch-implied bound, 1-induction)
    -> Fact[SCEV:5] i64 %19 in [-1152921504606846974,576460752303423488) (SCEV unsigned)
    -> Fact[SCEV:6] i64 %19 in [-1152921504606846974,576460752303423488) (SCEV signed)
    -> [heavy] 7 analysis fact(s) on 8 boundary value(s)
    -> [ind] trap not in a loop
    -> SAT (WARNING: Potential Integer Overflow Bug Detected!) [Query Latency: 28.188909 ms]
    -> [mv] trap not inside a loop: not versionable
  -> Found UB Trap. Starting Backward Slice...
    -> Guard[0] (false edge of 'entry'):  %.not = icmp slt i64 %2, %3
    -> Collected 1 dominating context guard(s).
    -> Fact[RM:0] i64 %2 in [0,9223372036854775807) (!range)
    -> Fact[KB:1] i64 %2 known bits zero=0x9223372036854775808 one=0x0
    -> Fact[LVI:2] i64 %2 in [0,9223372036854775807) (LVI @ )
    -> Fact[LVI:3] i64 %3 in [-9223372036854775808,9223372036854775807) (LVI @ )
    -> [heavy] 4 analysis fact(s) on 3 boundary value(s)
    -> [ind] trap not in a loop
    -> SAT (WARNING: Potential Integer Overflow Bug Detected!) [Query Latency: 0.417726 ms]
    -> [mv] trap not inside a loop: not versionable
  -> Found UB Trap. Starting Backward Slice...
    -> Guard[0] (false edge of ''):  %7 = icmp eq i32 %6, 0
    -> Guard[1] (false edge of 'entry'):  %.not = icmp slt i64 %2, %3
    -> Collected 2 dominating context guard(s).
    -> [go3] 0 leaf-closure instruction(s) encoded
    -> Fact[RM:0] i64 %2 in [0,9223372036854775807) (!range)
    -> Fact[KB:1] i64 %2 known bits zero=0x9223372036854775808 one=0x0
    -> Fact[PHIINV-hi:2] i64 %13 == i64 %2 || sge(i64 %13, i64 %3) (latch-implied bound, 1-induction)
    -> [heavy] 3 analysis fact(s) on 4 boundary value(s)
    -> [mv] T3: trap condition not an ICmp
    -> [ind L0] BASE (4 phi(s) = entry): SAT (WARNING: Potential Integer Overflow Bug Detected!) [Query Latency: 3.068680 ms]
    -> SAT (WARNING: Potential Integer Overflow Bug Detected!) [Query Latency: 4.962201 ms]
    -> [mv] minimize: without {%3 <=s 2^31} -> UNSAT, dropped (2.506620e-01 ms)
    -> [mv] DEAD UNDER HYPOTHESIS H = {%3 >=s 0} (1 of 9 candidates in core, round 0; re-solve 1.113177e+00 ms; trap loop depth 1, hoist to depth 1)
  => SUCCESS (fast copy): trap folded in 1 copy inside the H-guarded clone of loop ''
  -> Found UB Trap. Starting Backward Slice...
    -> Guard[0] (false edge of ''):  %18 = extractvalue { i64, i1 } %16, 1
    -> Guard[1] (false edge of ''):  %7 = icmp eq i32 %6, 0
    -> Guard[2] (false edge of 'entry'):  %.not = icmp slt i64 %2, %3
    -> Collected 3 dominating context guard(s).
    -> [go3] 1 leaf-closure instruction(s) encoded
    -> Fact[RM:0] i64 %2 in [0,9223372036854775807) (!range)
    -> Fact[KB:1] i64 %2 known bits zero=0x9223372036854775808 one=0x0
    -> Fact[PHIINV-hi:2] i64 %13 == i64 %2 || sge(i64 %13, i64 %3) (latch-implied bound, 1-induction)
    -> [heavy] 3 analysis fact(s) on 6 boundary value(s)
    -> [mv] T3 symbolic index bound: max(idx) = ((16 * %10)<nsw> + (-16 * (1 smin %10)) + %14)
    -> [ind L0] BASE (4 phi(s) = entry): SAT (WARNING: Potential Integer Overflow Bug Detected!) [Query Latency: 4.972523 ms]
    -> [ind L1] BASE (4 phi(s) = entry): SAT (WARNING: Potential Integer Overflow Bug Detected!) [Query Latency: 1.249134 ms]
    -> SAT (WARNING: Potential Integer Overflow Bug Detected!) [Query Latency: 1.709583 ms]
    -> [mv] still SAT under 22 hypothesis candidate(s): not versionable
  -> Found UB Trap. Starting Backward Slice...
    -> Guard[0] (true edge of '.preheader'):  %.not41 = icmp ult i64 %20, %2
    -> Guard[1] (false edge of ''):  %18 = extractvalue { i64, i1 } %16, 1
    -> Guard[2] (false edge of ''):  %7 = icmp eq i32 %6, 0
    -> Guard[3] (false edge of 'entry'):  %.not = icmp slt i64 %2, %3
    -> Collected 4 dominating context guard(s).
    -> [go3] 1 leaf-closure instruction(s) encoded
    -> Fact[RM:0] i64 %2 in [0,9223372036854775807) (!range)
    -> Fact[KB:1] i64 %2 known bits zero=0x9223372036854775808 one=0x0
    -> Fact[LVI:2] i64 %2 in [1,0) (LVI @ )
    -> Fact[PHIINV-hi:3] i64 %13 == i64 %2 || sge(i64 %13, i64 %3) (latch-implied bound, 1-induction)
    -> Fact[LVI:4] i64 %20 in [-9223372036854775792,-9223372036854775808) (LVI @ )
    -> [heavy] 5 analysis fact(s) on 6 boundary value(s)
    -> [mv] T3: not a bounds shape (idx vs invariant count)
    -> [ind L0] BASE (4 phi(s) = entry): SAT (WARNING: Potential Integer Overflow Bug Detected!) [Query Latency: 5.861433 ms]
    -> [ind L1] BASE (4 phi(s) = entry): SAT (WARNING: Potential Integer Overflow Bug Detected!) [Query Latency: 5.049734 ms]
    -> SAT (WARNING: Potential Integer Overflow Bug Detected!) [Query Latency: 2.713121 ms]
    -> [mv] still SAT under 21 hypothesis candidate(s): not versionable
  -> Found UB Trap. Starting Backward Slice...
    -> Guard[0] (true edge of ''):  %.not42 = icmp slt i64 %24, %2
    -> Guard[1] (true edge of '.preheader'):  %.not41 = icmp ult i64 %20, %2
    -> Guard[2] (false edge of ''):  %18 = extractvalue { i64, i1 } %16, 1
    -> Guard[3] (false edge of ''):  %7 = icmp eq i32 %6, 0
    -> Guard[4] (false edge of 'entry'):  %.not = icmp slt i64 %2, %3
    -> Collected 5 dominating context guard(s).
    -> [go3] 1 leaf-closure instruction(s) encoded
    -> Fact[RM:0] i64 %2 in [0,9223372036854775807) (!range)
    -> Fact[KB:1] i64 %2 known bits zero=0x9223372036854775808 one=0x0
    -> Fact[LVI:2] i64 %2 in [-9223372036854775790,-9223372036854775808) (LVI @ )
    -> Fact[PHIINV-hi:3] i64 %13 == i64 %2 || sge(i64 %13, i64 %3) (latch-implied bound, 1-induction)
    -> [heavy] 4 analysis fact(s) on 6 boundary value(s)
    -> [mv] T3: not a bounds shape (idx vs invariant count)
    -> [ind L0] BASE (4 phi(s) = entry): SAT (WARNING: Potential Integer Overflow Bug Detected!) [Query Latency: 5.404687 ms]
    -> [ind L1] BASE (4 phi(s) = entry): SAT (WARNING: Potential Integer Overflow Bug Detected!) [Query Latency: 1.702900 ms]
    -> SAT (WARNING: Potential Integer Overflow Bug Detected!) [Query Latency: 3.138232 ms]
    -> [mv] still SAT under 21 hypothesis candidate(s): not versionable
  -> Found UB Trap. Starting Backward Slice...
    -> Guard[0] (true edge of ''):  %.not43 = icmp slt i64 %26, %2
    -> Guard[1] (true edge of ''):  %.not42 = icmp slt i64 %24, %2
    -> Guard[2] (true edge of '.preheader'):  %.not41 = icmp ult i64 %20, %2
    -> Guard[3] (false edge of ''):  %18 = extractvalue { i64, i1 } %16, 1
    -> Guard[4] (false edge of ''):  %7 = icmp eq i32 %6, 0
    -> Guard[5] (false edge of 'entry'):  %.not = icmp slt i64 %2, %3
    -> Collected 6 dominating context guard(s).
    -> [go3] 1 leaf-closure instruction(s) encoded
    -> Fact[RM:0] i64 %2 in [0,9223372036854775807) (!range)
    -> Fact[KB:1] i64 %2 known bits zero=0x9223372036854775808 one=0x0
    -> Fact[LVI:2] i64 %2 in [-9223372036854775807,-9223372036854775808) (LVI @ )
    -> Fact[PHIINV-hi:3] i64 %13 == i64 %2 || sge(i64 %13, i64 %3) (latch-implied bound, 1-induction)
    -> [heavy] 4 analysis fact(s) on 6 boundary value(s)
    -> [mv] T3 symbolic index bound: max(idx) = (3 + (16 * %10)<nsw> + (-16 * (1 smin %10)) + %14)
    -> [ind L0] BASE (4 phi(s) = entry): SAT (WARNING: Potential Integer Overflow Bug Detected!) [Query Latency: 6.137140 ms]
    -> [ind L1] BASE (4 phi(s) = entry): SAT (WARNING: Potential Integer Overflow Bug Detected!) [Query Latency: 18.770796 ms]
    -> SAT (WARNING: Potential Integer Overflow Bug Detected!) [Query Latency: 3.865322 ms]
    -> [mv] still SAT under 22 hypothesis candidate(s): not versionable
  -> Found UB Trap. Starting Backward Slice...
    -> Guard[0] (true edge of ''):  %.not44 = icmp ult i64 %28, %2
    -> Guard[1] (true edge of ''):  %.not43 = icmp slt i64 %26, %2
    -> Guard[2] (true edge of ''):  %.not42 = icmp slt i64 %24, %2
    -> Guard[3] (true edge of '.preheader'):  %.not41 = icmp ult i64 %20, %2
    -> Guard[4] (false edge of ''):  %18 = extractvalue { i64, i1 } %16, 1
    -> Guard[5] (false edge of ''):  %7 = icmp eq i32 %6, 0
    -> Guard[6] (false edge of 'entry'):  %.not = icmp slt i64 %2, %3
    -> Collected 7 dominating context guard(s).
    -> [go3] 1 leaf-closure instruction(s) encoded
    -> Fact[RM:0] i64 %2 in [0,9223372036854775807) (!range)
    -> Fact[KB:1] i64 %2 known bits zero=0x9223372036854775808 one=0x0
    -> Fact[LVI:2] i64 %2 in [4,0) (LVI @ )
    -> Fact[PHIINV-hi:3] i64 %13 == i64 %2 || sge(i64 %13, i64 %3) (latch-implied bound, 1-induction)
    -> [heavy] 4 analysis fact(s) on 6 boundary value(s)
    -> [mv] T3 symbolic index bound: max(idx) = (4 + (16 * %10)<nsw> + (-16 * (1 smin %10)) + %14)
    -> [ind L0] BASE (4 phi(s) = entry): SAT (WARNING: Potential Integer Overflow Bug Detected!) [Query Latency: 4.809987 ms]
    -> [ind L1] BASE (4 phi(s) = entry): SAT (WARNING: Potential Integer Overflow Bug Detected!) [Query Latency: 1.774567 ms]
    -> SAT (WARNING: Potential Integer Overflow Bug Detected!) [Query Latency: 4.505519 ms]
    -> [mv] still SAT under 22 hypothesis candidate(s): not versionable
  -> Found UB Trap. Starting Backward Slice...
    -> Guard[0] (true edge of ''):  %.not45 = icmp ult i64 %30, %2
    -> Guard[1] (true edge of ''):  %.not44 = icmp ult i64 %28, %2
    -> Guard[2] (true edge of ''):  %.not43 = icmp slt i64 %26, %2
    -> Guard[3] (true edge of ''):  %.not42 = icmp slt i64 %24, %2
    -> Guard[4] (true edge of '.preheader'):  %.not41 = icmp ult i64 %20, %2
    -> Guard[5] (false edge of ''):  %18 = extractvalue { i64, i1 } %16, 1
    -> Guard[6] (false edge of ''):  %7 = icmp eq i32 %6, 0
    -> Guard[7] (false edge of 'entry'):  %.not = icmp slt i64 %2, %3
    -> Collected 8 dominating context guard(s).
    -> [go3] 1 leaf-closure instruction(s) encoded
    -> Fact[RM:0] i64 %2 in [0,9223372036854775807) (!range)
    -> Fact[KB:1] i64 %2 known bits zero=0x9223372036854775808 one=0x0
    -> Fact[LVI:2] i64 %2 in [5,0) (LVI @ )
    -> Fact[PHIINV-hi:3] i64 %13 == i64 %2 || sge(i64 %13, i64 %3) (latch-implied bound, 1-induction)
    -> [heavy] 4 analysis fact(s) on 6 boundary value(s)
    -> [mv] T3 symbolic index bound: max(idx) = (5 + (16 * %10)<nsw> + (-16 * (1 smin %10)) + %14)
    -> [ind L0] BASE (4 phi(s) = entry): SAT (WARNING: Potential Integer Overflow Bug Detected!) [Query Latency: 5.670566 ms]
    -> [ind L1] BASE (4 phi(s) = entry): SAT (WARNING: Potential Integer Overflow Bug Detected!) [Query Latency: 25.404410 ms]
    -> SAT (WARNING: Potential Integer Overflow Bug Detected!) [Query Latency: 5.021535 ms]
    -> [mv] still SAT under 22 hypothesis candidate(s): not versionable
  -> Found UB Trap. Starting Backward Slice...
    -> Guard[0] (true edge of ''):  %.not46 = icmp ult i64 %32, %2
    -> Guard[1] (true edge of ''):  %.not45 = icmp ult i64 %30, %2
    -> Guard[2] (true edge of ''):  %.not44 = icmp ult i64 %28, %2
    -> Guard[3] (true edge of ''):  %.not43 = icmp slt i64 %26, %2
    -> Guard[4] (true edge of ''):  %.not42 = icmp slt i64 %24, %2
    -> Guard[5] (true edge of '.preheader'):  %.not41 = icmp ult i64 %20, %2
    -> Guard[6] (false edge of ''):  %18 = extractvalue { i64, i1 } %16, 1
    -> Guard[7] (false edge of ''):  %7 = icmp eq i32 %6, 0
    -> Guard[8] (false edge of 'entry'):  %.not = icmp slt i64 %2, %3
    -> Collected 9 dominating context guard(s).
    -> [go3] 1 leaf-closure instruction(s) encoded
    -> Fact[RM:0] i64 %2 in [0,9223372036854775807) (!range)
    -> Fact[KB:1] i64 %2 known bits zero=0x9223372036854775808 one=0x0
    -> Fact[LVI:2] i64 %2 in [6,0) (LVI @ )
    -> Fact[PHIINV-hi:3] i64 %13 == i64 %2 || sge(i64 %13, i64 %3) (latch-implied bound, 1-induction)
    -> [heavy] 4 analysis fact(s) on 6 boundary value(s)
    -> [mv] T3 symbolic index bound: max(idx) = (6 + (16 * %10)<nsw> + (-16 * (1 smin %10)) + %14)
    -> [ind L0] BASE (4 phi(s) = entry): SAT (WARNING: Potential Integer Overflow Bug Detected!) [Query Latency: 7.283161 ms]
    -> [ind L1] BASE (4 phi(s) = entry): SAT (WARNING: Potential Integer Overflow Bug Detected!) [Query Latency: 2.618219 ms]
    -> SAT (WARNING: Potential Integer Overflow Bug Detected!) [Query Latency: 6.909484 ms]
    -> [mv] still SAT under 22 hypothesis candidate(s): not versionable
  -> Found UB Trap. Starting Backward Slice...
    -> Guard[0] (true edge of ''):  %.not47 = icmp ult i64 %34, %2
    -> Guard[1] (true edge of ''):  %.not46 = icmp ult i64 %32, %2
    -> Guard[2] (true edge of ''):  %.not45 = icmp ult i64 %30, %2
    -> Guard[3] (true edge of ''):  %.not44 = icmp ult i64 %28, %2
    -> Guard[4] (true edge of ''):  %.not43 = icmp slt i64 %26, %2
    -> Guard[5] (true edge of ''):  %.not42 = icmp slt i64 %24, %2
    -> Guard[6] (true edge of '.preheader'):  %.not41 = icmp ult i64 %20, %2
    -> Guard[7] (false edge of ''):  %18 = extractvalue { i64, i1 } %16, 1
    -> Guard[8] (false edge of ''):  %7 = icmp eq i32 %6, 0
    -> Guard[9] (false edge of 'entry'):  %.not = icmp slt i64 %2, %3
    -> Collected 10 dominating context guard(s).
    -> [go3] 1 leaf-closure instruction(s) encoded
    -> Fact[RM:0] i64 %2 in [0,9223372036854775807) (!range)
    -> Fact[KB:1] i64 %2 known bits zero=0x9223372036854775808 one=0x0
    -> Fact[LVI:2] i64 %2 in [7,0) (LVI @ )
    -> Fact[PHIINV-hi:3] i64 %13 == i64 %2 || sge(i64 %13, i64 %3) (latch-implied bound, 1-induction)
    -> [heavy] 4 analysis fact(s) on 6 boundary value(s)
    -> [mv] T3 symbolic index bound: max(idx) = (7 + (16 * %10)<nsw> + (-16 * (1 smin %10)) + %14)
    -> [ind L0] BASE (4 phi(s) = entry): SAT (WARNING: Potential Integer Overflow Bug Detected!) [Query Latency: 6.650940 ms]
    -> [ind L1] BASE (4 phi(s) = entry): SAT (WARNING: Potential Integer Overflow Bug Detected!) [Query Latency: 48.092573 ms]
    -> SAT (WARNING: Potential Integer Overflow Bug Detected!) [Query Latency: 6.336251 ms]
    -> [mv] still SAT under 22 hypothesis candidate(s): not versionable
  -> Found UB Trap. Starting Backward Slice...
    -> Guard[0] (true edge of ''):  %.not48 = icmp ult i64 %36, %2
    -> Guard[1] (true edge of ''):  %.not47 = icmp ult i64 %34, %2
    -> Guard[2] (true edge of ''):  %.not46 = icmp ult i64 %32, %2
    -> Guard[3] (true edge of ''):  %.not45 = icmp ult i64 %30, %2
    -> Guard[4] (true edge of ''):  %.not44 = icmp ult i64 %28, %2
    -> Guard[5] (true edge of ''):  %.not43 = icmp slt i64 %26, %2
    -> Guard[6] (true edge of ''):  %.not42 = icmp slt i64 %24, %2
    -> Guard[7] (true edge of '.preheader'):  %.not41 = icmp ult i64 %20, %2
    -> Guard[8] (false edge of ''):  %18 = extractvalue { i64, i1 } %16, 1
    -> Guard[9] (false edge of ''):  %7 = icmp eq i32 %6, 0
    -> Guard[10] (false edge of 'entry'):  %.not = icmp slt i64 %2, %3
    -> Collected 11 dominating context guard(s).
    -> [go3] 1 leaf-closure instruction(s) encoded
    -> Fact[RM:0] i64 %2 in [0,9223372036854775807) (!range)
    -> Fact[KB:1] i64 %2 known bits zero=0x9223372036854775808 one=0x0
    -> Fact[LVI:2] i64 %2 in [8,0) (LVI @ )
    -> Fact[PHIINV-hi:3] i64 %13 == i64 %2 || sge(i64 %13, i64 %3) (latch-implied bound, 1-induction)
    -> [heavy] 4 analysis fact(s) on 6 boundary value(s)
    -> [mv] T3 symbolic index bound: max(idx) = (8 + (16 * %10)<nsw> + (-16 * (1 smin %10)) + %14)
    -> [ind L0] BASE (4 phi(s) = entry): SAT (WARNING: Potential Integer Overflow Bug Detected!) [Query Latency: 6.964691 ms]
    -> [ind L1] BASE (4 phi(s) = entry): SAT (WARNING: Potential Integer Overflow Bug Detected!) [Query Latency: 18.406406 ms]
    -> SAT (WARNING: Potential Integer Overflow Bug Detected!) [Query Latency: 6.323901 ms]
    -> [mv] still SAT under 22 hypothesis candidate(s): not versionable
  -> Found UB Trap. Starting Backward Slice...
    -> Guard[0] (true edge of ''):  %.not49 = icmp ult i64 %38, %2
    -> Guard[1] (true edge of ''):  %.not48 = icmp ult i64 %36, %2
    -> Guard[2] (true edge of ''):  %.not47 = icmp ult i64 %34, %2
    -> Guard[3] (true edge of ''):  %.not46 = icmp ult i64 %32, %2
    -> Guard[4] (true edge of ''):  %.not45 = icmp ult i64 %30, %2
    -> Guard[5] (true edge of ''):  %.not44 = icmp ult i64 %28, %2
    -> Guard[6] (true edge of ''):  %.not43 = icmp slt i64 %26, %2
    -> Guard[7] (true edge of ''):  %.not42 = icmp slt i64 %24, %2
    -> Guard[8] (true edge of '.preheader'):  %.not41 = icmp ult i64 %20, %2
    -> Guard[9] (false edge of ''):  %18 = extractvalue { i64, i1 } %16, 1
    -> Guard[10] (false edge of ''):  %7 = icmp eq i32 %6, 0
    -> Guard[11] (false edge of 'entry'):  %.not = icmp slt i64 %2, %3
    -> Collected 12 dominating context guard(s).
    -> [go3] 1 leaf-closure instruction(s) encoded
    -> Fact[RM:0] i64 %2 in [0,9223372036854775807) (!range)
    -> Fact[KB:1] i64 %2 known bits zero=0x9223372036854775808 one=0x0
    -> Fact[LVI:2] i64 %2 in [9,0) (LVI @ )
    -> Fact[PHIINV-hi:3] i64 %13 == i64 %2 || sge(i64 %13, i64 %3) (latch-implied bound, 1-induction)
    -> [heavy] 4 analysis fact(s) on 6 boundary value(s)
    -> [mv] T3 symbolic index bound: max(idx) = (9 + (16 * %10)<nsw> + (-16 * (1 smin %10)) + %14)
    -> [ind L0] BASE (4 phi(s) = entry): SAT (WARNING: Potential Integer Overflow Bug Detected!) [Query Latency: 6.676439 ms]
    -> [ind L1] BASE (4 phi(s) = entry): SAT (WARNING: Potential Integer Overflow Bug Detected!) [Query Latency: 5.238928 ms]
    -> SAT (WARNING: Potential Integer Overflow Bug Detected!) [Query Latency: 7.897519 ms]
    -> [mv] still SAT under 22 hypothesis candidate(s): not versionable
  -> Found UB Trap. Starting Backward Slice...
    -> Guard[0] (true edge of ''):  %.not50 = icmp ult i64 %40, %2
    -> Guard[1] (true edge of ''):  %.not49 = icmp ult i64 %38, %2
    -> Guard[2] (true edge of ''):  %.not48 = icmp ult i64 %36, %2
    -> Guard[3] (true edge of ''):  %.not47 = icmp ult i64 %34, %2
    -> Guard[4] (true edge of ''):  %.not46 = icmp ult i64 %32, %2
    -> Guard[5] (true edge of ''):  %.not45 = icmp ult i64 %30, %2
    -> Guard[6] (true edge of ''):  %.not44 = icmp ult i64 %28, %2
    -> Guard[7] (true edge of ''):  %.not43 = icmp slt i64 %26, %2
    -> Guard[8] (true edge of ''):  %.not42 = icmp slt i64 %24, %2
    -> Guard[9] (true edge of '.preheader'):  %.not41 = icmp ult i64 %20, %2
    -> Guard[10] (false edge of ''):  %18 = extractvalue { i64, i1 } %16, 1
    -> Guard[11] (false edge of ''):  %7 = icmp eq i32 %6, 0
    -> Guard[12] (false edge of 'entry'):  %.not = icmp slt i64 %2, %3
    -> Collected 13 dominating context guard(s).
    -> [go3] 1 leaf-closure instruction(s) encoded
    -> Fact[RM:0] i64 %2 in [0,9223372036854775807) (!range)
    -> Fact[KB:1] i64 %2 known bits zero=0x9223372036854775808 one=0x0
    -> Fact[LVI:2] i64 %2 in [10,0) (LVI @ )
    -> Fact[PHIINV-hi:3] i64 %13 == i64 %2 || sge(i64 %13, i64 %3) (latch-implied bound, 1-induction)
    -> [heavy] 4 analysis fact(s) on 6 boundary value(s)
    -> [mv] T3 symbolic index bound: max(idx) = (10 + (16 * %10)<nsw> + (-16 * (1 smin %10)) + %14)
    -> [ind L0] BASE (4 phi(s) = entry): SAT (WARNING: Potential Integer Overflow Bug Detected!) [Query Latency: 6.994142 ms]
    -> [ind L1] BASE (4 phi(s) = entry): SAT (WARNING: Potential Integer Overflow Bug Detected!) [Query Latency: 12.484585 ms]
    -> SAT (WARNING: Potential Integer Overflow Bug Detected!) [Query Latency: 8.090180 ms]
    -> [mv] still SAT under 22 hypothesis candidate(s): not versionable
  -> Found UB Trap. Starting Backward Slice...
    -> Guard[0] (true edge of ''):  %.not51 = icmp ult i64 %42, %2
    -> Guard[1] (true edge of ''):  %.not50 = icmp ult i64 %40, %2
    -> Guard[2] (true edge of ''):  %.not49 = icmp ult i64 %38, %2
    -> Guard[3] (true edge of ''):  %.not48 = icmp ult i64 %36, %2
    -> Guard[4] (true edge of ''):  %.not47 = icmp ult i64 %34, %2
    -> Guard[5] (true edge of ''):  %.not46 = icmp ult i64 %32, %2
    -> Guard[6] (true edge of ''):  %.not45 = icmp ult i64 %30, %2
    -> Guard[7] (true edge of ''):  %.not44 = icmp ult i64 %28, %2
    -> Guard[8] (true edge of ''):  %.not43 = icmp slt i64 %26, %2
    -> Guard[9] (true edge of ''):  %.not42 = icmp slt i64 %24, %2
    -> Guard[10] (true edge of '.preheader'):  %.not41 = icmp ult i64 %20, %2
    -> Guard[11] (false edge of ''):  %18 = extractvalue { i64, i1 } %16, 1
    -> Guard[12] (false edge of ''):  %7 = icmp eq i32 %6, 0
    -> Guard[13] (false edge of 'entry'):  %.not = icmp slt i64 %2, %3
    -> Collected 14 dominating context guard(s).
    -> [go3] 1 leaf-closure instruction(s) encoded
    -> Fact[RM:0] i64 %2 in [0,9223372036854775807) (!range)
    -> Fact[KB:1] i64 %2 known bits zero=0x9223372036854775808 one=0x0
    -> Fact[LVI:2] i64 %2 in [11,0) (LVI @ )
    -> Fact[PHIINV-hi:3] i64 %13 == i64 %2 || sge(i64 %13, i64 %3) (latch-implied bound, 1-induction)
    -> [heavy] 4 analysis fact(s) on 6 boundary value(s)
    -> [mv] T3 symbolic index bound: max(idx) = (11 + (16 * %10)<nsw> + (-16 * (1 smin %10)) + %14)
    -> [ind L0] BASE (4 phi(s) = entry): SAT (WARNING: Potential Integer Overflow Bug Detected!) [Query Latency: 8.271650 ms]
    -> [ind L1] BASE (4 phi(s) = entry): SAT (WARNING: Potential Integer Overflow Bug Detected!) [Query Latency: 22.587057 ms]
    -> SAT (WARNING: Potential Integer Overflow Bug Detected!) [Query Latency: 9.076951 ms]
    -> [mv] still SAT under 22 hypothesis candidate(s): not versionable
  -> Found UB Trap. Starting Backward Slice...
    -> Guard[0] (true edge of ''):  %.not52 = icmp ult i64 %44, %2
    -> Guard[1] (true edge of ''):  %.not51 = icmp ult i64 %42, %2
    -> Guard[2] (true edge of ''):  %.not50 = icmp ult i64 %40, %2
    -> Guard[3] (true edge of ''):  %.not49 = icmp ult i64 %38, %2
    -> Guard[4] (true edge of ''):  %.not48 = icmp ult i64 %36, %2
    -> Guard[5] (true edge of ''):  %.not47 = icmp ult i64 %34, %2
    -> Guard[6] (true edge of ''):  %.not46 = icmp ult i64 %32, %2
    -> Guard[7] (true edge of ''):  %.not45 = icmp ult i64 %30, %2
    -> Guard[8] (true edge of ''):  %.not44 = icmp ult i64 %28, %2
    -> Guard[9] (true edge of ''):  %.not43 = icmp slt i64 %26, %2
    -> Guard[10] (true edge of ''):  %.not42 = icmp slt i64 %24, %2
    -> Guard[11] (true edge of '.preheader'):  %.not41 = icmp ult i64 %20, %2
    -> Guard[12] (false edge of ''):  %18 = extractvalue { i64, i1 } %16, 1
    -> Guard[13] (false edge of ''):  %7 = icmp eq i32 %6, 0
    -> Guard[14] (false edge of 'entry'):  %.not = icmp slt i64 %2, %3
    -> Collected 15 dominating context guard(s).
    -> [go3] 1 leaf-closure instruction(s) encoded
    -> Fact[RM:0] i64 %2 in [0,9223372036854775807) (!range)
    -> Fact[KB:1] i64 %2 known bits zero=0x9223372036854775808 one=0x0
    -> Fact[LVI:2] i64 %2 in [12,0) (LVI @ )
    -> Fact[PHIINV-hi:3] i64 %13 == i64 %2 || sge(i64 %13, i64 %3) (latch-implied bound, 1-induction)
    -> [heavy] 4 analysis fact(s) on 6 boundary value(s)
    -> [mv] T3 symbolic index bound: max(idx) = (12 + (16 * %10)<nsw> + (-16 * (1 smin %10)) + %14)
    -> [ind L0] BASE (4 phi(s) = entry): SAT (WARNING: Potential Integer Overflow Bug Detected!) [Query Latency: 10.111294 ms]
    -> [ind L1] BASE (4 phi(s) = entry): SAT (WARNING: Potential Integer Overflow Bug Detected!) [Query Latency: 38.793208 ms]
    -> SAT (WARNING: Potential Integer Overflow Bug Detected!) [Query Latency: 9.503277 ms]
    -> [mv] still SAT under 22 hypothesis candidate(s): not versionable
  -> Found UB Trap. Starting Backward Slice...
    -> Guard[0] (true edge of ''):  %.not53 = icmp ult i64 %46, %2
    -> Guard[1] (true edge of ''):  %.not52 = icmp ult i64 %44, %2
    -> Guard[2] (true edge of ''):  %.not51 = icmp ult i64 %42, %2
    -> Guard[3] (true edge of ''):  %.not50 = icmp ult i64 %40, %2
    -> Guard[4] (true edge of ''):  %.not49 = icmp ult i64 %38, %2
    -> Guard[5] (true edge of ''):  %.not48 = icmp ult i64 %36, %2
    -> Guard[6] (true edge of ''):  %.not47 = icmp ult i64 %34, %2
    -> Guard[7] (true edge of ''):  %.not46 = icmp ult i64 %32, %2
    -> Guard[8] (true edge of ''):  %.not45 = icmp ult i64 %30, %2
    -> Guard[9] (true edge of ''):  %.not44 = icmp ult i64 %28, %2
    -> Guard[10] (true edge of ''):  %.not43 = icmp slt i64 %26, %2
    -> Guard[11] (true edge of ''):  %.not42 = icmp slt i64 %24, %2
    -> Guard[12] (true edge of '.preheader'):  %.not41 = icmp ult i64 %20, %2
    -> Guard[13] (false edge of ''):  %18 = extractvalue { i64, i1 } %16, 1
    -> Guard[14] (false edge of ''):  %7 = icmp eq i32 %6, 0
    -> Guard[15] (false edge of 'entry'):  %.not = icmp slt i64 %2, %3
    -> Collected 16 dominating context guard(s).
    -> [go3] 1 leaf-closure instruction(s) encoded
    -> Fact[RM:0] i64 %2 in [0,9223372036854775807) (!range)
    -> Fact[KB:1] i64 %2 known bits zero=0x9223372036854775808 one=0x0
    -> Fact[LVI:2] i64 %2 in [13,0) (LVI @ )
    -> Fact[PHIINV-hi:3] i64 %13 == i64 %2 || sge(i64 %13, i64 %3) (latch-implied bound, 1-induction)
    -> [heavy] 4 analysis fact(s) on 6 boundary value(s)
    -> [mv] T3 symbolic index bound: max(idx) = (13 + (16 * %10)<nsw> + (-16 * (1 smin %10)) + %14)
    -> [ind L0] BASE (4 phi(s) = entry): SAT (WARNING: Potential Integer Overflow Bug Detected!) [Query Latency: 10.070210 ms]
    -> [ind L1] BASE (4 phi(s) = entry): SAT (WARNING: Potential Integer Overflow Bug Detected!) [Query Latency: 6.544566 ms]
    -> SAT (WARNING: Potential Integer Overflow Bug Detected!) [Query Latency: 10.171197 ms]
    -> [mv] still SAT under 22 hypothesis candidate(s): not versionable
  -> Found UB Trap. Starting Backward Slice...
    -> Guard[0] (true edge of ''):  %.not54 = icmp ult i64 %48, %2
    -> Guard[1] (true edge of ''):  %.not53 = icmp ult i64 %46, %2
    -> Guard[2] (true edge of ''):  %.not52 = icmp ult i64 %44, %2
    -> Guard[3] (true edge of ''):  %.not51 = icmp ult i64 %42, %2
    -> Guard[4] (true edge of ''):  %.not50 = icmp ult i64 %40, %2
    -> Guard[5] (true edge of ''):  %.not49 = icmp ult i64 %38, %2
    -> Guard[6] (true edge of ''):  %.not48 = icmp ult i64 %36, %2
    -> Guard[7] (true edge of ''):  %.not47 = icmp ult i64 %34, %2
    -> Guard[8] (true edge of ''):  %.not46 = icmp ult i64 %32, %2
    -> Guard[9] (true edge of ''):  %.not45 = icmp ult i64 %30, %2
    -> Guard[10] (true edge of ''):  %.not44 = icmp ult i64 %28, %2
    -> Guard[11] (true edge of ''):  %.not43 = icmp slt i64 %26, %2
    -> Guard[12] (true edge of ''):  %.not42 = icmp slt i64 %24, %2
    -> Guard[13] (true edge of '.preheader'):  %.not41 = icmp ult i64 %20, %2
    -> Guard[14] (false edge of ''):  %18 = extractvalue { i64, i1 } %16, 1
    -> Guard[15] (false edge of ''):  %7 = icmp eq i32 %6, 0
    -> Guard[16] (false edge of 'entry'):  %.not = icmp slt i64 %2, %3
    -> Collected 17 dominating context guard(s).
    -> [go3] 1 leaf-closure instruction(s) encoded
    -> Fact[RM:0] i64 %2 in [0,9223372036854775807) (!range)
    -> Fact[KB:1] i64 %2 known bits zero=0x9223372036854775808 one=0x0
    -> Fact[LVI:2] i64 %2 in [14,0) (LVI @ )
    -> Fact[PHIINV-hi:3] i64 %13 == i64 %2 || sge(i64 %13, i64 %3) (latch-implied bound, 1-induction)
    -> [heavy] 4 analysis fact(s) on 6 boundary value(s)
    -> [mv] T3 symbolic index bound: max(idx) = (14 + (16 * %10)<nsw> + (-16 * (1 smin %10)) + %14)
    -> [ind L0] BASE (4 phi(s) = entry): SAT (WARNING: Potential Integer Overflow Bug Detected!) [Query Latency: 8.784588 ms]
    -> [ind L1] BASE (4 phi(s) = entry): SAT (WARNING: Potential Integer Overflow Bug Detected!) [Query Latency: 44.594151 ms]
    -> SAT (WARNING: Potential Integer Overflow Bug Detected!) [Query Latency: 11.415951 ms]
    -> [mv] still SAT under 22 hypothesis candidate(s): not versionable
  -> Found UB Trap. Starting Backward Slice...
    -> Guard[0] (true edge of ''):  %.not55 = icmp ult i64 %50, %2
    -> Guard[1] (true edge of ''):  %.not54 = icmp ult i64 %48, %2
    -> Guard[2] (true edge of ''):  %.not53 = icmp ult i64 %46, %2
    -> Guard[3] (true edge of ''):  %.not52 = icmp ult i64 %44, %2
    -> Guard[4] (true edge of ''):  %.not51 = icmp ult i64 %42, %2
    -> Guard[5] (true edge of ''):  %.not50 = icmp ult i64 %40, %2
    -> Guard[6] (true edge of ''):  %.not49 = icmp ult i64 %38, %2
    -> Guard[7] (true edge of ''):  %.not48 = icmp ult i64 %36, %2
    -> Guard[8] (true edge of ''):  %.not47 = icmp ult i64 %34, %2
    -> Guard[9] (true edge of ''):  %.not46 = icmp ult i64 %32, %2
    -> Guard[10] (true edge of ''):  %.not45 = icmp ult i64 %30, %2
    -> Guard[11] (true edge of ''):  %.not44 = icmp ult i64 %28, %2
    -> Guard[12] (true edge of ''):  %.not43 = icmp slt i64 %26, %2
    -> Guard[13] (true edge of ''):  %.not42 = icmp slt i64 %24, %2
    -> Guard[14] (true edge of '.preheader'):  %.not41 = icmp ult i64 %20, %2
    -> Guard[15] (false edge of ''):  %18 = extractvalue { i64, i1 } %16, 1
    -> Guard[16] (false edge of ''):  %7 = icmp eq i32 %6, 0
    -> Guard[17] (false edge of 'entry'):  %.not = icmp slt i64 %2, %3
    -> Collected 18 dominating context guard(s).
    -> [go3] 1 leaf-closure instruction(s) encoded
    -> Fact[RM:0] i64 %2 in [0,9223372036854775807) (!range)
    -> Fact[KB:1] i64 %2 known bits zero=0x9223372036854775808 one=0x0
    -> Fact[LVI:2] i64 %2 in [15,0) (LVI @ )
    -> Fact[PHIINV-hi:3] i64 %13 == i64 %2 || sge(i64 %13, i64 %3) (latch-implied bound, 1-induction)
    -> [heavy] 4 analysis fact(s) on 6 boundary value(s)
    -> [mv] T3 symbolic index bound: max(idx) = (15 + (16 * %10)<nsw> + (-16 * (1 smin %10)) + %14)
    -> [ind L0] BASE (4 phi(s) = entry): SAT (WARNING: Potential Integer Overflow Bug Detected!) [Query Latency: 9.786607 ms]
    -> [ind L1] BASE (4 phi(s) = entry): SAT (WARNING: Potential Integer Overflow Bug Detected!) [Query Latency: 56.019239 ms]
    -> SAT (WARNING: Potential Integer Overflow Bug Detected!) [Query Latency: 11.747553 ms]
    -> [mv] still SAT under 22 hypothesis candidate(s): not versionable
  -> Found UB Trap. Starting Backward Slice...
    -> Guard[0] (true edge of ''):  %.not56 = icmp ult i64 %52, %2
    -> Guard[1] (true edge of ''):  %.not55 = icmp ult i64 %50, %2
    -> Guard[2] (true edge of ''):  %.not54 = icmp ult i64 %48, %2
    -> Guard[3] (true edge of ''):  %.not53 = icmp ult i64 %46, %2
    -> Guard[4] (true edge of ''):  %.not52 = icmp ult i64 %44, %2
    -> Guard[5] (true edge of ''):  %.not51 = icmp ult i64 %42, %2
    -> Guard[6] (true edge of ''):  %.not50 = icmp ult i64 %40, %2
    -> Guard[7] (true edge of ''):  %.not49 = icmp ult i64 %38, %2
    -> Guard[8] (true edge of ''):  %.not48 = icmp ult i64 %36, %2
    -> Guard[9] (true edge of ''):  %.not47 = icmp ult i64 %34, %2
    -> Guard[10] (true edge of ''):  %.not46 = icmp ult i64 %32, %2
    -> Guard[11] (true edge of ''):  %.not45 = icmp ult i64 %30, %2
    -> Guard[12] (true edge of ''):  %.not44 = icmp ult i64 %28, %2
    -> Guard[13] (true edge of ''):  %.not43 = icmp slt i64 %26, %2
    -> Guard[14] (true edge of ''):  %.not42 = icmp slt i64 %24, %2
    -> Guard[15] (true edge of '.preheader'):  %.not41 = icmp ult i64 %20, %2
    -> Guard[16] (false edge of ''):  %18 = extractvalue { i64, i1 } %16, 1
    -> Guard[17] (false edge of ''):  %7 = icmp eq i32 %6, 0
    -> Guard[18] (false edge of 'entry'):  %.not = icmp slt i64 %2, %3
    -> Collected 19 dominating context guard(s).
    -> [go3] 1 leaf-closure instruction(s) encoded
    -> Fact[RM:0] i64 %2 in [0,9223372036854775807) (!range)
    -> Fact[KB:1] i64 %2 known bits zero=0x9223372036854775808 one=0x0
    -> Fact[LVI:2] i64 %2 in [16,0) (LVI @ )
    -> Fact[PHIINV-hi:3] i64 %13 == i64 %2 || sge(i64 %13, i64 %3) (latch-implied bound, 1-induction)
    -> [heavy] 4 analysis fact(s) on 6 boundary value(s)
    -> [mv] T3: trap condition not an ICmp
    -> UNSAT (Dead Code / Impossible Path) [Query Latency: 1.673973 ms]
  => SUCCESS: Trap mathematically neutralized!
  => Total Traps Eliminated: 1
  => Traps Folded In Fast Copies (mv): 1
  => Total Trap Attempts: 21
  => Total SMT Queries Executed: 21
  => Total SMT Query Latency: 4.033479e+03 ms
  => Average SMT Query Latency: 1.920704e+02 ms
  => Total DFS & SMT Execution Time: 5.256782e+03 ms
--------------------------------------------------

[Z3 Oracle] Analyzing Function: $ss17FixedWidthIntegerPsE_5radixxSgqd___SitcSyRd__lufcADSRys5UInt8VGXEfU_AGSiADs5Error_psAARzSSRsd__r__lIetyyrzo_Tpq5Si_Tg5
  [tier: heavy]
  -> Found UB Trap. Starting Backward Slice...
    -> Collected 0 dominating context guard(s).
    -> [heavy] 0 analysis fact(s) on 1 boundary value(s)
    -> [ind] trap not in a loop
    -> SAT (WARNING: Potential Integer Overflow Bug Detected!) [Query Latency: 0.441670 ms]
    -> [mv] trap not inside a loop: not versionable
  -> Found UB Trap. Starting Backward Slice...
    -> Collected 0 dominating context guard(s).
    -> [heavy] 0 analysis fact(s) on 1 boundary value(s)
    -> [ind] trap not in a loop
    -> SAT (WARNING: Potential Integer Overflow Bug Detected!) [Query Latency: 0.415018 ms]
    -> [mv] trap not inside a loop: not versionable
  => Total Traps Eliminated: 0
  => Traps Folded In Fast Copies (mv): 0
  => Total Trap Attempts: 2
  => Total SMT Queries Executed: 2
  => Total SMT Query Latency: 8.566880e-01 ms
  => Average SMT Query Latency: 4.283440e-01 ms
  => Total DFS & SMT Execution Time: 1.968848e+01 ms
--------------------------------------------------

[Z3 Oracle] Analyzing Function: $ss13_parseInteger5ascii5radixq_Sgx_SitSyRzs010FixedWidthB0R_r0_lFSSSiADSSRszsAER_r0_lIetgyr_Tpq5Si_Tg5
  [tier: heavy]
  -> Found UB Trap. Starting Backward Slice...
    -> Guard[0] (true edge of ''):  %.not = icmp eq i64 %19, 0
    -> Collected 1 dominating context guard(s).
    -> [heavy] 0 analysis fact(s) on 10 boundary value(s)
    -> [ind] trap not in a loop
    -> SAT (WARNING: Potential Integer Overflow Bug Detected!) [Query Latency: 0.970927 ms]
    -> [mv] trap not inside a loop: not versionable
  -> Found UB Trap. Starting Backward Slice...
    -> Guard[0] (true edge of ''):  %.not = icmp eq i64 %19, 0
    -> Collected 1 dominating context guard(s).
    -> [heavy] 0 analysis fact(s) on 10 boundary value(s)
    -> [ind] trap not in a loop
    -> SAT (WARNING: Potential Integer Overflow Bug Detected!) [Query Latency: 0.945379 ms]
    -> [mv] trap not inside a loop: not versionable
  => Total Traps Eliminated: 0
  => Traps Folded In Fast Copies (mv): 0
  => Total Trap Attempts: 2
  => Total SMT Queries Executed: 2
  => Total SMT Query Latency: 1.916306e+00 ms
  => Average SMT Query Latency: 9.581530e-01 ms
  => Total DFS & SMT Execution Time: 2.422726e+01 ms
--------------------------------------------------

[Z3 Oracle] Analyzing Function: $sSS8_copyingyS2SFZ
  [tier: heavy]
  => Total Traps Eliminated: 0
  => Traps Folded In Fast Copies (mv): 0
  => Total Trap Attempts: 0
  => Total SMT Queries Executed: 0
  => Total SMT Query Latency: 0.000000e+00 ms
  => Average SMT Query Latency: 0.000000e+00 ms
  => Total DFS & SMT Execution Time: 3.609200e-02 ms
--------------------------------------------------

[Z3 Oracle] Analyzing Function: $sSS8_copyingySSSsFZ
  [tier: heavy]
  -> Found UB Trap. Starting Backward Slice...
    -> Guard[0] (false edge of ''):  %11 = icmp eq i64 %10, 0
    -> Guard[1] (false edge of 'entry'):  %8 = icmp eq i64 %7, 0
    -> Collected 2 dominating context guard(s).
    -> Fact[LVI:0] i64 %6 in [1152921504606846976,0) (LVI @ )
    -> Fact[LVI:1] i64 %10 in [1,0) (LVI @ )
    -> [heavy] 2 analysis fact(s) on 3 boundary value(s)
    -> [ind] trap not in a loop
    -> SAT (WARNING: Potential Integer Overflow Bug Detected!) [Query Latency: 0.481102 ms]
    -> [mv] trap not inside a loop: not versionable
  => Total Traps Eliminated: 0
  => Traps Folded In Fast Copies (mv): 0
  => Total Trap Attempts: 1
  => Total SMT Queries Executed: 1
  => Total SMT Query Latency: 4.811020e-01 ms
  => Average SMT Query Latency: 4.811020e-01 ms
  => Total DFS & SMT Execution Time: 1.133409e+01 ms
--------------------------------------------------

[Z3 Oracle] Analyzing Function: $sSlsE5countSivgSs8UTF8ViewV_Tgq5
  [tier: heavy]
  -> Found UB Trap. Starting Backward Slice...
    -> Guard[0] (false edge of ''):  %6 = icmp eq i64 %5, 0
    -> Collected 1 dominating context guard(s).
    -> Fact[LVI:0] i64 %4 in [1152921504606846976,0) (LVI @ )
    -> [heavy] 1 analysis fact(s) on 4 boundary value(s)
    -> [ind] trap not in a loop
    -> SAT (WARNING: Potential Integer Overflow Bug Detected!) [Query Latency: 2.315994 ms]
    -> [mv] trap not inside a loop: not versionable
  -> Found UB Trap. Starting Backward Slice...
    -> Guard[0] (false edge of ''):  %29 = icmp samesign ult i64 %27, %28
    -> Guard[1] (false edge of ''):  %6 = icmp eq i64 %5, 0
    -> Collected 2 dominating context guard(s).
    -> Fact[LVI:0] i64 %4 in [1152921504606846976,0) (LVI @ )
    -> [heavy] 1 analysis fact(s) on 6 boundary value(s)
    -> [ind] trap not in a loop
    -> SAT (WARNING: Potential Integer Overflow Bug Detected!) [Query Latency: 2.131435 ms]
    -> [mv] trap not inside a loop: not versionable
  => Total Traps Eliminated: 0
  => Traps Folded In Fast Copies (mv): 0
  => Total Trap Attempts: 2
  => Total SMT Queries Executed: 2
  => Total SMT Query Latency: 4.447429e+00 ms
  => Average SMT Query Latency: 2.223714e+00 ms
  => Total DFS & SMT Execution Time: 2.856620e+01 ms
--------------------------------------------------

[Z3 Oracle] Analyzing Function: $ss22_ContiguousArrayBufferV19_uninitializedCount15minimumCapacityAByxGSi_SitcfCs5UInt8V_Tt1gq5
  [tier: heavy]
  => Total Traps Eliminated: 0
  => Traps Folded In Fast Copies (mv): 0
  => Total Trap Attempts: 0
  => Total SMT Queries Executed: 0
  => Total SMT Query Latency: 0.000000e+00 ms
  => Average SMT Query Latency: 0.000000e+00 ms
  => Total DFS & SMT Execution Time: 4.432200e-02 ms
--------------------------------------------------

[Z3 Oracle] Analyzing Function: $sSTsE21_copySequenceContents12initializing8IteratorQz_SitSry7ElementQzG_tFSs8UTF8ViewV_Tgq5
  [tier: heavy]
  -> Found UB Trap. Starting Backward Slice...
    -> Guard[0] (false edge of ''):  %11 = icmp eq i64 %2, 0
    -> Guard[1] (false edge of 'entry'):  %8 = icmp eq i64 %1, 0
    -> Collected 2 dominating context guard(s).
    -> Fact[LVI:0] i64 %1 in [1,0) (LVI @ )
    -> Fact[LVI:1] i64 %2 in [1,0) (LVI @ )
    -> [heavy] 2 analysis fact(s) on 2 boundary value(s)
    -> [ind] trap not in a loop
    -> SAT (WARNING: Potential Integer Overflow Bug Detected!) [Query Latency: 0.275305 ms]
    -> [mv] trap not inside a loop: not versionable
  -> Found UB Trap. Starting Backward Slice...
    -> Guard[0] (false edge of ''):  %17 = icmp eq i64 %16, %14
    -> Guard[1] (false edge of ''):  %13 = icmp slt i64 %2, 0
    -> Guard[2] (false edge of ''):  %11 = icmp eq i64 %2, 0
    -> Guard[3] (false edge of 'entry'):  %8 = icmp eq i64 %1, 0
    -> Collected 4 dominating context guard(s).
    -> [heavy] 0 analysis fact(s) on 8 boundary value(s)
    -> [mv] T3: trap condition not an ICmp
    -> [ind L0] BASE (3 phi(s) = entry): SAT (WARNING: Potential Integer Overflow Bug Detected!) [Query Latency: 2.692275 ms]
    -> SAT (WARNING: Potential Integer Overflow Bug Detected!) [Query Latency: 2.887206 ms]
    -> [mv] still SAT under 18 hypothesis candidate(s): not versionable
  -> Found UB Trap. Starting Backward Slice...
    -> Guard[0] (false edge of ''):  %21 = icmp eq i64 %20, 0
    -> Guard[1] (false edge of ''):  %48 = or i1 %46, %47
    -> Guard[2] (false edge of ''):  %17 = icmp eq i64 %16, %14
    -> Guard[3] (false edge of ''):  %13 = icmp slt i64 %2, 0
    -> Guard[4] (false edge of ''):  %11 = icmp eq i64 %2, 0
    -> Guard[5] (false edge of 'entry'):  %8 = icmp eq i64 %1, 0
    -> Collected 6 dominating context guard(s).
    -> Fact[LVI:0] i64 %19 in [1152921504606846976,0) (LVI @ )
    -> [heavy] 1 analysis fact(s) on 9 boundary value(s)
    -> [mv] T3: refused, bound not invariant in the trap loop: (%72 /u 65536)
    -> [ind L0] BASE (3 phi(s) = entry): SAT (WARNING: Potential Integer Overflow Bug Detected!) [Query Latency: 1.686310 ms]
    -> SAT (WARNING: Potential Integer Overflow Bug Detected!) [Query Latency: 2.684746 ms]
    -> [mv] hypothesis contradicts the context: refusing (H vacuous): {%35 >u 281474976710655}
  => Total Traps Eliminated: 0
  => Traps Folded In Fast Copies (mv): 0
  => Total Trap Attempts: 3
  => Total SMT Queries Executed: 3
  => Total SMT Query Latency: 1.623616e+01 ms
  => Average SMT Query Latency: 5.412055e+00 ms
  => Total DFS & SMT Execution Time: 5.753486e+01 ms
--------------------------------------------------

[Z3 Oracle] Analyzing Function: $ss11_StringGutsV27_slowEnsureMatchingEncodingySS5IndexVAEF
  [tier: heavy]
  => Total Traps Eliminated: 0
  => Traps Folded In Fast Copies (mv): 0
  => Total Trap Attempts: 0
  => Total SMT Queries Executed: 0
  => Total SMT Query Latency: 0.000000e+00 ms
  => Average SMT Query Latency: 0.000000e+00 ms
  => Total DFS & SMT Execution Time: 5.683600e-02 ms
--------------------------------------------------

[Z3 Oracle] Analyzing Function: $ss32_copyCollectionToContiguousArrayys0dE0Vy7ElementQzGxSlRzlF20FoundationEssentials4DataV_Tgq5
  [tier: heavy]
  -> Found UB Trap. Starting Backward Slice...
    -> Collected 0 dominating context guard(s).
    -> [heavy] 0 analysis fact(s) on 2 boundary value(s)
    -> [ind] trap not in a loop
    -> SAT (WARNING: Potential Integer Overflow Bug Detected!) [Query Latency: 5.091506 ms]
    -> [mv] trap not inside a loop: not versionable
  -> Found UB Trap. Starting Backward Slice...
    -> Guard[0] (false edge of ''):  %27 = icmp eq i64 %26, 0
    -> Collected 1 dominating context guard(s).
    -> [heavy] 0 analysis fact(s) on 5 boundary value(s)
    -> [ind] trap not in a loop
    -> SAT (WARNING: Potential Integer Overflow Bug Detected!) [Query Latency: 5.323539 ms]
    -> [mv] trap not inside a loop: not versionable
  -> Found UB Trap. Starting Backward Slice...
    -> Collected 0 dominating context guard(s).
    -> [heavy] 0 analysis fact(s) on 1 boundary value(s)
    -> [ind] trap not in a loop
    -> SAT (WARNING: Potential Integer Overflow Bug Detected!) [Query Latency: 2.018252 ms]
    -> [mv] trap not inside a loop: not versionable
  => Total Traps Eliminated: 0
  => Traps Folded In Fast Copies (mv): 0
  => Total Trap Attempts: 3
  => Total SMT Queries Executed: 3
  => Total SMT Query Latency: 1.243330e+01 ms
  => Average SMT Query Latency: 4.144432e+00 ms
  => Total DFS & SMT Execution Time: 4.922377e+01 ms
--------------------------------------------------

[Z3 Oracle] Analyzing Function: $s20FoundationEssentials4DataV15_RepresentationOWOe
  [tier: heavy]
  => Total Traps Eliminated: 0
  => Traps Folded In Fast Copies (mv): 0
  => Total Trap Attempts: 0
  => Total SMT Queries Executed: 0
  => Total SMT Query Latency: 0.000000e+00 ms
  => Average SMT Query Latency: 0.000000e+00 ms
  => Total DFS & SMT Execution Time: 4.590400e-02 ms
--------------------------------------------------

[Z3 Oracle] Analyzing Function: __swift_instantiateConcreteTypeFromMangledName
  [tier: heavy]
  => Total Traps Eliminated: 0
  => Traps Folded In Fast Copies (mv): 0
  => Total Trap Attempts: 0
  => Total SMT Queries Executed: 0
  => Total SMT Query Latency: 0.000000e+00 ms
  => Average SMT Query Latency: 0.000000e+00 ms
  => Total DFS & SMT Execution Time: 3.734200e-02 ms
--------------------------------------------------

[Z3 Oracle] Analyzing Function: $s20FoundationEssentials4DataV8IteratorV_SitWOh
  [tier: heavy]
  => Total Traps Eliminated: 0
  => Traps Folded In Fast Copies (mv): 0
  => Total Trap Attempts: 0
  => Total SMT Queries Executed: 0
  => Total SMT Query Latency: 0.000000e+00 ms
  => Average SMT Query Latency: 0.000000e+00 ms
  => Total DFS & SMT Execution Time: 4.759200e-02 ms
--------------------------------------------------
