[ODeSSy] 37 trap site(s) across 13 function(s); threads=1 [tier: heavy] [frame] [mv] [narrow] [ind] [mv-nofold]

[Z3 Oracle] Analyzing Function: main
  [tier: heavy]
  -> Found UB Trap. Starting Backward Slice...
    -> Collected 0 dominating context guard(s).
    -> Fact[RM:0] i64 %10 in [0,9223372036854775807) (!range)
    -> Fact[KB:1] i64 %10 known bits zero=0x9223372036854775808 one=0x0
    -> [heavy] 2 analysis fact(s) on 1 boundary value(s)
    -> [ind] trap not in a loop
    -> SAT (WARNING: Potential Integer Overflow Bug Detected!) [Query Latency: 0.082625 ms]
    -> [mv] trap not inside a loop: not versionable
  -> Found UB Trap. Starting Backward Slice...
    -> Guard[0] (false edge of ''):  %23 = icmp eq i64 %22, 0
    -> Guard[1] (false edge of 'entry'):  %11 = icmp samesign ult i64 %10, 2
    -> Collected 2 dominating context guard(s).
    -> Fact[RM:0] i64 %10 in [0,9223372036854775807) (!range)
    -> Fact[KB:1] i64 %10 known bits zero=0x9223372036854775808 one=0x0
    -> [heavy] 2 analysis fact(s) on 34 boundary value(s)
    -> [ind] trap not in a loop
    -> SAT (WARNING: Potential Integer Overflow Bug Detected!) [Query Latency: 8.244166 ms]
    -> [mv] trap not inside a loop: not versionable
  -> Found UB Trap. Starting Backward Slice...
    -> Guard[0] (false edge of ''):  %104 = icmp eq i8 %103, 1
    -> Guard[1] (false edge of ''):  %23 = icmp eq i64 %22, 0
    -> Guard[2] (false edge of 'entry'):  %11 = icmp samesign ult i64 %10, 2
    -> Collected 3 dominating context guard(s).
    -> Fact[RM:0] i64 %10 in [0,9223372036854775807) (!range)
    -> Fact[KB:1] i64 %10 known bits zero=0x9223372036854775808 one=0x0
    -> Fact[RM:2] i64 %191 in [0,9223372036854775807) (!range)
    -> Fact[KB:3] i64 %191 known bits zero=0x9223372036854775808 one=0x0
    -> [heavy] 4 analysis fact(s) on 35 boundary value(s)
    -> [ind] trap not in a loop
    -> SAT (WARNING: Potential Integer Overflow Bug Detected!) [Query Latency: 2.311042 ms]
    -> [mv] trap not inside a loop: not versionable
  -> Found UB Trap. Starting Backward Slice...
    -> Guard[0] (true edge of ''):  %.not49 = icmp eq ptr %199, null
    -> Guard[1] (false edge of ''):  %192 = icmp samesign ult i64 %191, 3
    -> Guard[2] (false edge of ''):  %104 = icmp eq i8 %103, 1
    -> Guard[3] (false edge of ''):  %23 = icmp eq i64 %22, 0
    -> Guard[4] (false edge of 'entry'):  %11 = icmp samesign ult i64 %10, 2
    -> Collected 5 dominating context guard(s).
    -> Fact[RM:0] i64 %10 in [0,9223372036854775807) (!range)
    -> Fact[KB:1] i64 %10 known bits zero=0x9223372036854775808 one=0x0
    -> Fact[RM:2] i64 %191 in [0,9223372036854775807) (!range)
    -> Fact[KB:3] i64 %191 known bits zero=0x9223372036854775808 one=0x0
    -> Fact[LVI:4] i64 %191 in [3,9223372036854775807) (LVI @ )
    -> [heavy] 5 analysis fact(s) on 38 boundary value(s)
    -> [ind] trap not in a loop
    -> SAT (WARNING: Potential Integer Overflow Bug Detected!) [Query Latency: 3.149125 ms]
    -> [mv] trap not inside a loop: not versionable
  -> Found UB Trap. Starting Backward Slice...
    -> Guard[0] (true edge of ''):  %.not = icmp eq i64 %18, 0
    -> Guard[1] (true edge of ''):  %.not48 = icmp eq i64 %26, 0
    -> Guard[2] (false edge of ''):  %23 = icmp eq i64 %22, 0
    -> Guard[3] (false edge of 'entry'):  %11 = icmp samesign ult i64 %10, 2
    -> Collected 4 dominating context guard(s).
    -> Fact[RM:0] i64 %10 in [0,9223372036854775807) (!range)
    -> Fact[KB:1] i64 %10 known bits zero=0x9223372036854775808 one=0x0
    -> Fact[LVI:2] i64 %10 in [2,9223372036854775807) (LVI @ )
    -> Fact[LVI:3] i64 %17 in [0,-2305843009213693952) (LVI @ )
    -> [heavy] 4 analysis fact(s) on 6 boundary value(s)
    -> [ind] trap not in a loop
    -> SAT (WARNING: Potential Integer Overflow Bug Detected!) [Query Latency: 0.150458 ms]
    -> [mv] trap not inside a loop: not versionable
  -> Found UB Trap. Starting Backward Slice...
    -> Guard[0] (true edge of ''):  %.not = icmp eq i64 %18, 0
    -> Guard[1] (true edge of ''):  %.not48 = icmp eq i64 %26, 0
    -> Guard[2] (false edge of ''):  %23 = icmp eq i64 %22, 0
    -> Guard[3] (false edge of 'entry'):  %11 = icmp samesign ult i64 %10, 2
    -> Collected 4 dominating context guard(s).
    -> Fact[RM:0] i64 %10 in [0,9223372036854775807) (!range)
    -> Fact[KB:1] i64 %10 known bits zero=0x9223372036854775808 one=0x0
    -> Fact[LVI:2] i64 %10 in [2,9223372036854775807) (LVI @ )
    -> Fact[LVI:3] i64 %17 in [0,-2305843009213693952) (LVI @ )
    -> [heavy] 4 analysis fact(s) on 6 boundary value(s)
    -> [ind] trap not in a loop
    -> SAT (WARNING: Potential Integer Overflow Bug Detected!) [Query Latency: 0.145875 ms]
    -> [mv] trap not inside a loop: not versionable
  => Total Traps Eliminated: 0
  => Traps Folded In Fast Copies (mv): 0
  => Total Trap Attempts: 6
  => Total SMT Queries Executed: 6
  => Total SMT Query Latency: 1.408329e+01 ms
  => Average SMT Query Latency: 2.347215e+00 ms
  => Total DFS & SMT Execution Time: 3.591142e+01 ms
--------------------------------------------------

[Z3 Oracle] Analyzing Function: $sSaySayxGqd__c7ElementQyd__RszSTRd__lufCs5UInt8V_10Foundation4DataVTt0g5
  [tier: heavy]
  -> Found UB Trap. Starting Backward Slice...
    -> Collected 0 dominating context guard(s).
    -> [heavy] 0 analysis fact(s) on 2 boundary value(s)
    -> [ind] trap not in a loop
    -> SAT (WARNING: Potential Integer Overflow Bug Detected!) [Query Latency: 0.439416 ms]
    -> [mv] trap not inside a loop: not versionable
  -> Found UB Trap. Starting Backward Slice...
    -> Guard[0] (false edge of ''):  %33 = icmp eq i64 %32, 0
    -> Collected 1 dominating context guard(s).
    -> [heavy] 0 analysis fact(s) on 5 boundary value(s)
    -> [ind] trap not in a loop
    -> SAT (WARNING: Potential Integer Overflow Bug Detected!) [Query Latency: 0.353583 ms]
    -> [mv] trap not inside a loop: not versionable
  -> Found UB Trap. Starting Backward Slice...
    -> Collected 0 dominating context guard(s).
    -> [heavy] 0 analysis fact(s) on 1 boundary value(s)
    -> [ind] trap not in a loop
    -> SAT (WARNING: Potential Integer Overflow Bug Detected!) [Query Latency: 0.252750 ms]
    -> [mv] trap not inside a loop: not versionable
  => Total Traps Eliminated: 0
  => Traps Folded In Fast Copies (mv): 0
  => Total Trap Attempts: 3
  => Total SMT Queries Executed: 3
  => Total SMT Query Latency: 1.045749e+00 ms
  => Average SMT Query Latency: 3.485830e-01 ms
  => Total DFS & SMT Execution Time: 3.204833e+00 ms
--------------------------------------------------

[Z3 Oracle] Analyzing Function: $s7adler32AAys6UInt32VSays5UInt8VGF
  [tier: heavy]
  -> Found UB Trap. Starting Backward Slice...
    -> Collected 0 dominating context guard(s).
    -> [heavy] 0 analysis fact(s) on 1 boundary value(s)
    -> [ind] trap not in a loop
    -> SAT (WARNING: Potential Integer Overflow Bug Detected!) [Query Latency: 0.044833 ms]
    -> [mv] trap not inside a loop: not versionable
  -> Found UB Trap. Starting Backward Slice...
    -> Collected 0 dominating context guard(s).
    -> [go3] 1 leaf-closure instruction(s) encoded
    -> Fact[RM:0] i64 %2 in [0,9223372036854775807) (!range)
    -> Fact[KB:1] i64 %2 known bits zero=0x9223372036854775808 one=0x0
    -> Fact[LVI:2] i64 %2 in [1,0) (LVI @ )
    -> Fact[LVI:3] i64 %3 in [-9223372036854775807,-9223372036854775808) (LVI @ )
    -> Fact[PHIINV-hi:4] i64 %13 == i64 %2 || sge(i64 %13, i64 %3) (latch-implied bound, 1-induction)
    -> Fact[SCEV:5] i64 %19 in [-1152921504606846974,576460752303423488) (SCEV unsigned)
    -> Fact[SCEV:6] i64 %19 in [-1152921504606846974,576460752303423488) (SCEV signed)
    -> [heavy] 7 analysis fact(s) on 8 boundary value(s)
    -> [ind] trap not in a loop
    -> SAT (WARNING: Potential Integer Overflow Bug Detected!) [Query Latency: 1.779041 ms]
    -> [mv] trap not inside a loop: not versionable
  -> Found UB Trap. Starting Backward Slice...
    -> Guard[0] (false edge of 'entry'):  %.not = icmp slt i64 %2, %3
    -> Collected 1 dominating context guard(s).
    -> Fact[RM:0] i64 %2 in [0,9223372036854775807) (!range)
    -> Fact[KB:1] i64 %2 known bits zero=0x9223372036854775808 one=0x0
    -> Fact[LVI:2] i64 %2 in [0,9223372036854775807) (LVI @ )
    -> Fact[LVI:3] i64 %3 in [-9223372036854775808,9223372036854775807) (LVI @ )
    -> [heavy] 4 analysis fact(s) on 3 boundary value(s)
    -> [ind] trap not in a loop
    -> SAT (WARNING: Potential Integer Overflow Bug Detected!) [Query Latency: 0.089458 ms]
    -> [mv] trap not inside a loop: not versionable
  -> Found UB Trap. Starting Backward Slice...
    -> Guard[0] (false edge of ''):  %7 = icmp eq i32 %6, 0
    -> Guard[1] (false edge of 'entry'):  %.not = icmp slt i64 %2, %3
    -> Collected 2 dominating context guard(s).
    -> [go3] 0 leaf-closure instruction(s) encoded
    -> Fact[RM:0] i64 %2 in [0,9223372036854775807) (!range)
    -> Fact[KB:1] i64 %2 known bits zero=0x9223372036854775808 one=0x0
    -> Fact[PHIINV-hi:2] i64 %13 == i64 %2 || sge(i64 %13, i64 %3) (latch-implied bound, 1-induction)
    -> [heavy] 3 analysis fact(s) on 4 boundary value(s)
    -> [mv] T3: trap condition not an ICmp
    -> [ind L0] BASE (4 phi(s) = entry): SAT (WARNING: Potential Integer Overflow Bug Detected!) [Query Latency: 0.295666 ms]
    -> SAT (WARNING: Potential Integer Overflow Bug Detected!) [Query Latency: 0.371458 ms]
    -> [mv] minimize: without {%3 <=s 2^31} -> UNSAT, dropped (8.829200e-02 ms)
    -> [mv] DEAD UNDER HYPOTHESIS H = {%3 >=s 0} (1 of 9 candidates in core, round 0; re-solve 1.717080e-01 ms; trap loop depth 1, hoist to depth 1)
    -> [mv-nofold] fast-trap id 0 (check kept in the H-guarded fast copy)
  => SUCCESS (fast copy): trap folded in 1 copy inside the H-guarded clone of loop ''
  -> Found UB Trap. Starting Backward Slice...
    -> Guard[0] (false edge of ''):  %18 = extractvalue { i64, i1 } %16, 1
    -> Guard[1] (false edge of ''):  %7 = icmp eq i32 %6, 0
    -> Guard[2] (false edge of 'entry'):  %.not = icmp slt i64 %2, %3
    -> Collected 3 dominating context guard(s).
    -> [go3] 1 leaf-closure instruction(s) encoded
    -> Fact[RM:0] i64 %2 in [0,9223372036854775807) (!range)
    -> Fact[KB:1] i64 %2 known bits zero=0x9223372036854775808 one=0x0
    -> Fact[PHIINV-hi:2] i64 %13 == i64 %2 || sge(i64 %13, i64 %3) (latch-implied bound, 1-induction)
    -> [heavy] 3 analysis fact(s) on 6 boundary value(s)
    -> [mv] T3 symbolic index bound: max(idx) = ((16 * %10)<nsw> + (-16 * (1 smin %10)) + %14)
    -> [ind L0] BASE (4 phi(s) = entry): SAT (WARNING: Potential Integer Overflow Bug Detected!) [Query Latency: 0.223625 ms]
    -> [ind L1] BASE (4 phi(s) = entry): SAT (WARNING: Potential Integer Overflow Bug Detected!) [Query Latency: 0.179167 ms]
    -> SAT (WARNING: Potential Integer Overflow Bug Detected!) [Query Latency: 0.334750 ms]
    -> [mv] still SAT under 22 hypothesis candidate(s): not versionable
  -> Found UB Trap. Starting Backward Slice...
    -> Guard[0] (true edge of '.preheader'):  %.not41 = icmp ult i64 %20, %2
    -> Guard[1] (false edge of ''):  %18 = extractvalue { i64, i1 } %16, 1
    -> Guard[2] (false edge of ''):  %7 = icmp eq i32 %6, 0
    -> Guard[3] (false edge of 'entry'):  %.not = icmp slt i64 %2, %3
    -> Collected 4 dominating context guard(s).
    -> [go3] 1 leaf-closure instruction(s) encoded
    -> Fact[RM:0] i64 %2 in [0,9223372036854775807) (!range)
    -> Fact[KB:1] i64 %2 known bits zero=0x9223372036854775808 one=0x0
    -> Fact[LVI:2] i64 %2 in [1,0) (LVI @ )
    -> Fact[PHIINV-hi:3] i64 %13 == i64 %2 || sge(i64 %13, i64 %3) (latch-implied bound, 1-induction)
    -> Fact[LVI:4] i64 %20 in [-9223372036854775792,-9223372036854775808) (LVI @ )
    -> [heavy] 5 analysis fact(s) on 6 boundary value(s)
    -> [mv] T3: not a bounds shape (idx vs invariant count)
    -> [ind L0] BASE (4 phi(s) = entry): SAT (WARNING: Potential Integer Overflow Bug Detected!) [Query Latency: 0.256583 ms]
    -> [ind L1] BASE (4 phi(s) = entry): SAT (WARNING: Potential Integer Overflow Bug Detected!) [Query Latency: 1.041916 ms]
    -> SAT (WARNING: Potential Integer Overflow Bug Detected!) [Query Latency: 0.350458 ms]
    -> [mv] still SAT under 21 hypothesis candidate(s): not versionable
  -> Found UB Trap. Starting Backward Slice...
    -> Guard[0] (true edge of ''):  %.not42 = icmp slt i64 %24, %2
    -> Guard[1] (true edge of '.preheader'):  %.not41 = icmp ult i64 %20, %2
    -> Guard[2] (false edge of ''):  %18 = extractvalue { i64, i1 } %16, 1
    -> Guard[3] (false edge of ''):  %7 = icmp eq i32 %6, 0
    -> Guard[4] (false edge of 'entry'):  %.not = icmp slt i64 %2, %3
    -> Collected 5 dominating context guard(s).
    -> [go3] 1 leaf-closure instruction(s) encoded
    -> Fact[RM:0] i64 %2 in [0,9223372036854775807) (!range)
    -> Fact[KB:1] i64 %2 known bits zero=0x9223372036854775808 one=0x0
    -> Fact[LVI:2] i64 %2 in [-9223372036854775790,-9223372036854775808) (LVI @ )
    -> Fact[PHIINV-hi:3] i64 %13 == i64 %2 || sge(i64 %13, i64 %3) (latch-implied bound, 1-induction)
    -> [heavy] 4 analysis fact(s) on 6 boundary value(s)
    -> [mv] T3: not a bounds shape (idx vs invariant count)
    -> [ind L0] BASE (4 phi(s) = entry): SAT (WARNING: Potential Integer Overflow Bug Detected!) [Query Latency: 0.281750 ms]
    -> [ind L1] BASE (4 phi(s) = entry): SAT (WARNING: Potential Integer Overflow Bug Detected!) [Query Latency: 1.029625 ms]
    -> SAT (WARNING: Potential Integer Overflow Bug Detected!) [Query Latency: 1.035959 ms]
    -> [mv] still SAT under 21 hypothesis candidate(s): not versionable
  -> Found UB Trap. Starting Backward Slice...
    -> Guard[0] (true edge of ''):  %.not43 = icmp slt i64 %26, %2
    -> Guard[1] (true edge of ''):  %.not42 = icmp slt i64 %24, %2
    -> Guard[2] (true edge of '.preheader'):  %.not41 = icmp ult i64 %20, %2
    -> Guard[3] (false edge of ''):  %18 = extractvalue { i64, i1 } %16, 1
    -> Guard[4] (false edge of ''):  %7 = icmp eq i32 %6, 0
    -> Guard[5] (false edge of 'entry'):  %.not = icmp slt i64 %2, %3
    -> Collected 6 dominating context guard(s).
    -> [go3] 1 leaf-closure instruction(s) encoded
    -> Fact[RM:0] i64 %2 in [0,9223372036854775807) (!range)
    -> Fact[KB:1] i64 %2 known bits zero=0x9223372036854775808 one=0x0
    -> Fact[LVI:2] i64 %2 in [-9223372036854775807,-9223372036854775808) (LVI @ )
    -> Fact[PHIINV-hi:3] i64 %13 == i64 %2 || sge(i64 %13, i64 %3) (latch-implied bound, 1-induction)
    -> [heavy] 4 analysis fact(s) on 6 boundary value(s)
    -> [mv] T3 symbolic index bound: max(idx) = (3 + (16 * %10)<nsw> + (-16 * (1 smin %10)) + %14)
    -> [ind L0] BASE (4 phi(s) = entry): SAT (WARNING: Potential Integer Overflow Bug Detected!) [Query Latency: 0.382958 ms]
    -> [ind L1] BASE (4 phi(s) = entry): SAT (WARNING: Potential Integer Overflow Bug Detected!) [Query Latency: 3.029625 ms]
    -> SAT (WARNING: Potential Integer Overflow Bug Detected!) [Query Latency: 0.460958 ms]
    -> [mv] still SAT under 22 hypothesis candidate(s): not versionable
  -> Found UB Trap. Starting Backward Slice...
    -> Guard[0] (true edge of ''):  %.not44 = icmp ult i64 %28, %2
    -> Guard[1] (true edge of ''):  %.not43 = icmp slt i64 %26, %2
    -> Guard[2] (true edge of ''):  %.not42 = icmp slt i64 %24, %2
    -> Guard[3] (true edge of '.preheader'):  %.not41 = icmp ult i64 %20, %2
    -> Guard[4] (false edge of ''):  %18 = extractvalue { i64, i1 } %16, 1
    -> Guard[5] (false edge of ''):  %7 = icmp eq i32 %6, 0
    -> Guard[6] (false edge of 'entry'):  %.not = icmp slt i64 %2, %3
    -> Collected 7 dominating context guard(s).
    -> [go3] 1 leaf-closure instruction(s) encoded
    -> Fact[RM:0] i64 %2 in [0,9223372036854775807) (!range)
    -> Fact[KB:1] i64 %2 known bits zero=0x9223372036854775808 one=0x0
    -> Fact[LVI:2] i64 %2 in [4,0) (LVI @ )
    -> Fact[PHIINV-hi:3] i64 %13 == i64 %2 || sge(i64 %13, i64 %3) (latch-implied bound, 1-induction)
    -> [heavy] 4 analysis fact(s) on 6 boundary value(s)
    -> [mv] T3 symbolic index bound: max(idx) = (4 + (16 * %10)<nsw> + (-16 * (1 smin %10)) + %14)
    -> [ind L0] BASE (4 phi(s) = entry): SAT (WARNING: Potential Integer Overflow Bug Detected!) [Query Latency: 0.302375 ms]
    -> [ind L1] BASE (4 phi(s) = entry): SAT (WARNING: Potential Integer Overflow Bug Detected!) [Query Latency: 2.114375 ms]
    -> SAT (WARNING: Potential Integer Overflow Bug Detected!) [Query Latency: 2.514834 ms]
    -> [mv] still SAT under 22 hypothesis candidate(s): not versionable
  -> Found UB Trap. Starting Backward Slice...
    -> Guard[0] (true edge of ''):  %.not45 = icmp ult i64 %30, %2
    -> Guard[1] (true edge of ''):  %.not44 = icmp ult i64 %28, %2
    -> Guard[2] (true edge of ''):  %.not43 = icmp slt i64 %26, %2
    -> Guard[3] (true edge of ''):  %.not42 = icmp slt i64 %24, %2
    -> Guard[4] (true edge of '.preheader'):  %.not41 = icmp ult i64 %20, %2
    -> Guard[5] (false edge of ''):  %18 = extractvalue { i64, i1 } %16, 1
    -> Guard[6] (false edge of ''):  %7 = icmp eq i32 %6, 0
    -> Guard[7] (false edge of 'entry'):  %.not = icmp slt i64 %2, %3
    -> Collected 8 dominating context guard(s).
    -> [go3] 1 leaf-closure instruction(s) encoded
    -> Fact[RM:0] i64 %2 in [0,9223372036854775807) (!range)
    -> Fact[KB:1] i64 %2 known bits zero=0x9223372036854775808 one=0x0
    -> Fact[LVI:2] i64 %2 in [5,0) (LVI @ )
    -> Fact[PHIINV-hi:3] i64 %13 == i64 %2 || sge(i64 %13, i64 %3) (latch-implied bound, 1-induction)
    -> [heavy] 4 analysis fact(s) on 6 boundary value(s)
    -> [mv] T3 symbolic index bound: max(idx) = (5 + (16 * %10)<nsw> + (-16 * (1 smin %10)) + %14)
    -> [ind L0] BASE (4 phi(s) = entry): SAT (WARNING: Potential Integer Overflow Bug Detected!) [Query Latency: 0.311417 ms]
    -> [ind L1] BASE (4 phi(s) = entry): SAT (WARNING: Potential Integer Overflow Bug Detected!) [Query Latency: 0.278334 ms]
    -> SAT (WARNING: Potential Integer Overflow Bug Detected!) [Query Latency: 0.484084 ms]
    -> [mv] still SAT under 22 hypothesis candidate(s): not versionable
  -> Found UB Trap. Starting Backward Slice...
    -> Guard[0] (true edge of ''):  %.not46 = icmp ult i64 %32, %2
    -> Guard[1] (true edge of ''):  %.not45 = icmp ult i64 %30, %2
    -> Guard[2] (true edge of ''):  %.not44 = icmp ult i64 %28, %2
    -> Guard[3] (true edge of ''):  %.not43 = icmp slt i64 %26, %2
    -> Guard[4] (true edge of ''):  %.not42 = icmp slt i64 %24, %2
    -> Guard[5] (true edge of '.preheader'):  %.not41 = icmp ult i64 %20, %2
    -> Guard[6] (false edge of ''):  %18 = extractvalue { i64, i1 } %16, 1
    -> Guard[7] (false edge of ''):  %7 = icmp eq i32 %6, 0
    -> Guard[8] (false edge of 'entry'):  %.not = icmp slt i64 %2, %3
    -> Collected 9 dominating context guard(s).
    -> [go3] 1 leaf-closure instruction(s) encoded
    -> Fact[RM:0] i64 %2 in [0,9223372036854775807) (!range)
    -> Fact[KB:1] i64 %2 known bits zero=0x9223372036854775808 one=0x0
    -> Fact[LVI:2] i64 %2 in [6,0) (LVI @ )
    -> Fact[PHIINV-hi:3] i64 %13 == i64 %2 || sge(i64 %13, i64 %3) (latch-implied bound, 1-induction)
    -> [heavy] 4 analysis fact(s) on 6 boundary value(s)
    -> [mv] T3 symbolic index bound: max(idx) = (6 + (16 * %10)<nsw> + (-16 * (1 smin %10)) + %14)
    -> [ind L0] BASE (4 phi(s) = entry): SAT (WARNING: Potential Integer Overflow Bug Detected!) [Query Latency: 0.331917 ms]
    -> [ind L1] BASE (4 phi(s) = entry): SAT (WARNING: Potential Integer Overflow Bug Detected!) [Query Latency: 0.473250 ms]
    -> SAT (WARNING: Potential Integer Overflow Bug Detected!) [Query Latency: 0.531959 ms]
    -> [mv] still SAT under 22 hypothesis candidate(s): not versionable
  -> Found UB Trap. Starting Backward Slice...
    -> Guard[0] (true edge of ''):  %.not47 = icmp ult i64 %34, %2
    -> Guard[1] (true edge of ''):  %.not46 = icmp ult i64 %32, %2
    -> Guard[2] (true edge of ''):  %.not45 = icmp ult i64 %30, %2
    -> Guard[3] (true edge of ''):  %.not44 = icmp ult i64 %28, %2
    -> Guard[4] (true edge of ''):  %.not43 = icmp slt i64 %26, %2
    -> Guard[5] (true edge of ''):  %.not42 = icmp slt i64 %24, %2
    -> Guard[6] (true edge of '.preheader'):  %.not41 = icmp ult i64 %20, %2
    -> Guard[7] (false edge of ''):  %18 = extractvalue { i64, i1 } %16, 1
    -> Guard[8] (false edge of ''):  %7 = icmp eq i32 %6, 0
    -> Guard[9] (false edge of 'entry'):  %.not = icmp slt i64 %2, %3
    -> Collected 10 dominating context guard(s).
    -> [go3] 1 leaf-closure instruction(s) encoded
    -> Fact[RM:0] i64 %2 in [0,9223372036854775807) (!range)
    -> Fact[KB:1] i64 %2 known bits zero=0x9223372036854775808 one=0x0
    -> Fact[LVI:2] i64 %2 in [7,0) (LVI @ )
    -> Fact[PHIINV-hi:3] i64 %13 == i64 %2 || sge(i64 %13, i64 %3) (latch-implied bound, 1-induction)
    -> [heavy] 4 analysis fact(s) on 6 boundary value(s)
    -> [mv] T3 symbolic index bound: max(idx) = (7 + (16 * %10)<nsw> + (-16 * (1 smin %10)) + %14)
    -> [ind L0] BASE (4 phi(s) = entry): SAT (WARNING: Potential Integer Overflow Bug Detected!) [Query Latency: 0.347125 ms]
    -> [ind L1] BASE (4 phi(s) = entry): SAT (WARNING: Potential Integer Overflow Bug Detected!) [Query Latency: 0.273959 ms]
    -> SAT (WARNING: Potential Integer Overflow Bug Detected!) [Query Latency: 0.549834 ms]
    -> [mv] still SAT under 22 hypothesis candidate(s): not versionable
  -> Found UB Trap. Starting Backward Slice...
    -> Guard[0] (true edge of ''):  %.not48 = icmp ult i64 %36, %2
    -> Guard[1] (true edge of ''):  %.not47 = icmp ult i64 %34, %2
    -> Guard[2] (true edge of ''):  %.not46 = icmp ult i64 %32, %2
    -> Guard[3] (true edge of ''):  %.not45 = icmp ult i64 %30, %2
    -> Guard[4] (true edge of ''):  %.not44 = icmp ult i64 %28, %2
    -> Guard[5] (true edge of ''):  %.not43 = icmp slt i64 %26, %2
    -> Guard[6] (true edge of ''):  %.not42 = icmp slt i64 %24, %2
    -> Guard[7] (true edge of '.preheader'):  %.not41 = icmp ult i64 %20, %2
    -> Guard[8] (false edge of ''):  %18 = extractvalue { i64, i1 } %16, 1
    -> Guard[9] (false edge of ''):  %7 = icmp eq i32 %6, 0
    -> Guard[10] (false edge of 'entry'):  %.not = icmp slt i64 %2, %3
    -> Collected 11 dominating context guard(s).
    -> [go3] 1 leaf-closure instruction(s) encoded
    -> Fact[RM:0] i64 %2 in [0,9223372036854775807) (!range)
    -> Fact[KB:1] i64 %2 known bits zero=0x9223372036854775808 one=0x0
    -> Fact[LVI:2] i64 %2 in [8,0) (LVI @ )
    -> Fact[PHIINV-hi:3] i64 %13 == i64 %2 || sge(i64 %13, i64 %3) (latch-implied bound, 1-induction)
    -> [heavy] 4 analysis fact(s) on 6 boundary value(s)
    -> [mv] T3 symbolic index bound: max(idx) = (8 + (16 * %10)<nsw> + (-16 * (1 smin %10)) + %14)
    -> [ind L0] BASE (4 phi(s) = entry): SAT (WARNING: Potential Integer Overflow Bug Detected!) [Query Latency: 0.360834 ms]
    -> [ind L1] BASE (4 phi(s) = entry): SAT (WARNING: Potential Integer Overflow Bug Detected!) [Query Latency: 0.308000 ms]
    -> SAT (WARNING: Potential Integer Overflow Bug Detected!) [Query Latency: 0.595291 ms]
    -> [mv] still SAT under 22 hypothesis candidate(s): not versionable
  -> Found UB Trap. Starting Backward Slice...
    -> Guard[0] (true edge of ''):  %.not49 = icmp ult i64 %38, %2
    -> Guard[1] (true edge of ''):  %.not48 = icmp ult i64 %36, %2
    -> Guard[2] (true edge of ''):  %.not47 = icmp ult i64 %34, %2
    -> Guard[3] (true edge of ''):  %.not46 = icmp ult i64 %32, %2
    -> Guard[4] (true edge of ''):  %.not45 = icmp ult i64 %30, %2
    -> Guard[5] (true edge of ''):  %.not44 = icmp ult i64 %28, %2
    -> Guard[6] (true edge of ''):  %.not43 = icmp slt i64 %26, %2
    -> Guard[7] (true edge of ''):  %.not42 = icmp slt i64 %24, %2
    -> Guard[8] (true edge of '.preheader'):  %.not41 = icmp ult i64 %20, %2
    -> Guard[9] (false edge of ''):  %18 = extractvalue { i64, i1 } %16, 1
    -> Guard[10] (false edge of ''):  %7 = icmp eq i32 %6, 0
    -> Guard[11] (false edge of 'entry'):  %.not = icmp slt i64 %2, %3
    -> Collected 12 dominating context guard(s).
    -> [go3] 1 leaf-closure instruction(s) encoded
    -> Fact[RM:0] i64 %2 in [0,9223372036854775807) (!range)
    -> Fact[KB:1] i64 %2 known bits zero=0x9223372036854775808 one=0x0
    -> Fact[LVI:2] i64 %2 in [9,0) (LVI @ )
    -> Fact[PHIINV-hi:3] i64 %13 == i64 %2 || sge(i64 %13, i64 %3) (latch-implied bound, 1-induction)
    -> [heavy] 4 analysis fact(s) on 6 boundary value(s)
    -> [mv] T3 symbolic index bound: max(idx) = (9 + (16 * %10)<nsw> + (-16 * (1 smin %10)) + %14)
    -> [ind L0] BASE (4 phi(s) = entry): SAT (WARNING: Potential Integer Overflow Bug Detected!) [Query Latency: 0.366125 ms]
    -> [ind L1] BASE (4 phi(s) = entry): SAT (WARNING: Potential Integer Overflow Bug Detected!) [Query Latency: 0.330875 ms]
    -> SAT (WARNING: Potential Integer Overflow Bug Detected!) [Query Latency: 0.594750 ms]
    -> [mv] still SAT under 22 hypothesis candidate(s): not versionable
  -> Found UB Trap. Starting Backward Slice...
    -> Guard[0] (true edge of ''):  %.not50 = icmp ult i64 %40, %2
    -> Guard[1] (true edge of ''):  %.not49 = icmp ult i64 %38, %2
    -> Guard[2] (true edge of ''):  %.not48 = icmp ult i64 %36, %2
    -> Guard[3] (true edge of ''):  %.not47 = icmp ult i64 %34, %2
    -> Guard[4] (true edge of ''):  %.not46 = icmp ult i64 %32, %2
    -> Guard[5] (true edge of ''):  %.not45 = icmp ult i64 %30, %2
    -> Guard[6] (true edge of ''):  %.not44 = icmp ult i64 %28, %2
    -> Guard[7] (true edge of ''):  %.not43 = icmp slt i64 %26, %2
    -> Guard[8] (true edge of ''):  %.not42 = icmp slt i64 %24, %2
    -> Guard[9] (true edge of '.preheader'):  %.not41 = icmp ult i64 %20, %2
    -> Guard[10] (false edge of ''):  %18 = extractvalue { i64, i1 } %16, 1
    -> Guard[11] (false edge of ''):  %7 = icmp eq i32 %6, 0
    -> Guard[12] (false edge of 'entry'):  %.not = icmp slt i64 %2, %3
    -> Collected 13 dominating context guard(s).
    -> [go3] 1 leaf-closure instruction(s) encoded
    -> Fact[RM:0] i64 %2 in [0,9223372036854775807) (!range)
    -> Fact[KB:1] i64 %2 known bits zero=0x9223372036854775808 one=0x0
    -> Fact[LVI:2] i64 %2 in [10,0) (LVI @ )
    -> Fact[PHIINV-hi:3] i64 %13 == i64 %2 || sge(i64 %13, i64 %3) (latch-implied bound, 1-induction)
    -> [heavy] 4 analysis fact(s) on 6 boundary value(s)
    -> [mv] T3 symbolic index bound: max(idx) = (10 + (16 * %10)<nsw> + (-16 * (1 smin %10)) + %14)
    -> [ind L0] BASE (4 phi(s) = entry): SAT (WARNING: Potential Integer Overflow Bug Detected!) [Query Latency: 0.389792 ms]
    -> [ind L1] BASE (4 phi(s) = entry): SAT (WARNING: Potential Integer Overflow Bug Detected!) [Query Latency: 1.794916 ms]
    -> SAT (WARNING: Potential Integer Overflow Bug Detected!) [Query Latency: 0.621084 ms]
    -> [mv] still SAT under 22 hypothesis candidate(s): not versionable
  -> Found UB Trap. Starting Backward Slice...
    -> Guard[0] (true edge of ''):  %.not51 = icmp ult i64 %42, %2
    -> Guard[1] (true edge of ''):  %.not50 = icmp ult i64 %40, %2
    -> Guard[2] (true edge of ''):  %.not49 = icmp ult i64 %38, %2
    -> Guard[3] (true edge of ''):  %.not48 = icmp ult i64 %36, %2
    -> Guard[4] (true edge of ''):  %.not47 = icmp ult i64 %34, %2
    -> Guard[5] (true edge of ''):  %.not46 = icmp ult i64 %32, %2
    -> Guard[6] (true edge of ''):  %.not45 = icmp ult i64 %30, %2
    -> Guard[7] (true edge of ''):  %.not44 = icmp ult i64 %28, %2
    -> Guard[8] (true edge of ''):  %.not43 = icmp slt i64 %26, %2
    -> Guard[9] (true edge of ''):  %.not42 = icmp slt i64 %24, %2
    -> Guard[10] (true edge of '.preheader'):  %.not41 = icmp ult i64 %20, %2
    -> Guard[11] (false edge of ''):  %18 = extractvalue { i64, i1 } %16, 1
    -> Guard[12] (false edge of ''):  %7 = icmp eq i32 %6, 0
    -> Guard[13] (false edge of 'entry'):  %.not = icmp slt i64 %2, %3
    -> Collected 14 dominating context guard(s).
    -> [go3] 1 leaf-closure instruction(s) encoded
    -> Fact[RM:0] i64 %2 in [0,9223372036854775807) (!range)
    -> Fact[KB:1] i64 %2 known bits zero=0x9223372036854775808 one=0x0
    -> Fact[LVI:2] i64 %2 in [11,0) (LVI @ )
    -> Fact[PHIINV-hi:3] i64 %13 == i64 %2 || sge(i64 %13, i64 %3) (latch-implied bound, 1-induction)
    -> [heavy] 4 analysis fact(s) on 6 boundary value(s)
    -> [mv] T3 symbolic index bound: max(idx) = (11 + (16 * %10)<nsw> + (-16 * (1 smin %10)) + %14)
    -> [ind L0] BASE (4 phi(s) = entry): SAT (WARNING: Potential Integer Overflow Bug Detected!) [Query Latency: 0.380208 ms]
    -> [ind L1] BASE (4 phi(s) = entry): SAT (WARNING: Potential Integer Overflow Bug Detected!) [Query Latency: 0.347875 ms]
    -> SAT (WARNING: Potential Integer Overflow Bug Detected!) [Query Latency: 0.689833 ms]
    -> [mv] still SAT under 22 hypothesis candidate(s): not versionable
  -> Found UB Trap. Starting Backward Slice...
    -> Guard[0] (true edge of ''):  %.not52 = icmp ult i64 %44, %2
    -> Guard[1] (true edge of ''):  %.not51 = icmp ult i64 %42, %2
    -> Guard[2] (true edge of ''):  %.not50 = icmp ult i64 %40, %2
    -> Guard[3] (true edge of ''):  %.not49 = icmp ult i64 %38, %2
    -> Guard[4] (true edge of ''):  %.not48 = icmp ult i64 %36, %2
    -> Guard[5] (true edge of ''):  %.not47 = icmp ult i64 %34, %2
    -> Guard[6] (true edge of ''):  %.not46 = icmp ult i64 %32, %2
    -> Guard[7] (true edge of ''):  %.not45 = icmp ult i64 %30, %2
    -> Guard[8] (true edge of ''):  %.not44 = icmp ult i64 %28, %2
    -> Guard[9] (true edge of ''):  %.not43 = icmp slt i64 %26, %2
    -> Guard[10] (true edge of ''):  %.not42 = icmp slt i64 %24, %2
    -> Guard[11] (true edge of '.preheader'):  %.not41 = icmp ult i64 %20, %2
    -> Guard[12] (false edge of ''):  %18 = extractvalue { i64, i1 } %16, 1
    -> Guard[13] (false edge of ''):  %7 = icmp eq i32 %6, 0
    -> Guard[14] (false edge of 'entry'):  %.not = icmp slt i64 %2, %3
    -> Collected 15 dominating context guard(s).
    -> [go3] 1 leaf-closure instruction(s) encoded
    -> Fact[RM:0] i64 %2 in [0,9223372036854775807) (!range)
    -> Fact[KB:1] i64 %2 known bits zero=0x9223372036854775808 one=0x0
    -> Fact[LVI:2] i64 %2 in [12,0) (LVI @ )
    -> Fact[PHIINV-hi:3] i64 %13 == i64 %2 || sge(i64 %13, i64 %3) (latch-implied bound, 1-induction)
    -> [heavy] 4 analysis fact(s) on 6 boundary value(s)
    -> [mv] T3 symbolic index bound: max(idx) = (12 + (16 * %10)<nsw> + (-16 * (1 smin %10)) + %14)
    -> [ind L0] BASE (4 phi(s) = entry): SAT (WARNING: Potential Integer Overflow Bug Detected!) [Query Latency: 0.408958 ms]
    -> [ind L1] BASE (4 phi(s) = entry): SAT (WARNING: Potential Integer Overflow Bug Detected!) [Query Latency: 1.106958 ms]
    -> SAT (WARNING: Potential Integer Overflow Bug Detected!) [Query Latency: 0.674875 ms]
    -> [mv] still SAT under 22 hypothesis candidate(s): not versionable
  -> Found UB Trap. Starting Backward Slice...
    -> Guard[0] (true edge of ''):  %.not53 = icmp ult i64 %46, %2
    -> Guard[1] (true edge of ''):  %.not52 = icmp ult i64 %44, %2
    -> Guard[2] (true edge of ''):  %.not51 = icmp ult i64 %42, %2
    -> Guard[3] (true edge of ''):  %.not50 = icmp ult i64 %40, %2
    -> Guard[4] (true edge of ''):  %.not49 = icmp ult i64 %38, %2
    -> Guard[5] (true edge of ''):  %.not48 = icmp ult i64 %36, %2
    -> Guard[6] (true edge of ''):  %.not47 = icmp ult i64 %34, %2
    -> Guard[7] (true edge of ''):  %.not46 = icmp ult i64 %32, %2
    -> Guard[8] (true edge of ''):  %.not45 = icmp ult i64 %30, %2
    -> Guard[9] (true edge of ''):  %.not44 = icmp ult i64 %28, %2
    -> Guard[10] (true edge of ''):  %.not43 = icmp slt i64 %26, %2
    -> Guard[11] (true edge of ''):  %.not42 = icmp slt i64 %24, %2
    -> Guard[12] (true edge of '.preheader'):  %.not41 = icmp ult i64 %20, %2
    -> Guard[13] (false edge of ''):  %18 = extractvalue { i64, i1 } %16, 1
    -> Guard[14] (false edge of ''):  %7 = icmp eq i32 %6, 0
    -> Guard[15] (false edge of 'entry'):  %.not = icmp slt i64 %2, %3
    -> Collected 16 dominating context guard(s).
    -> [go3] 1 leaf-closure instruction(s) encoded
    -> Fact[RM:0] i64 %2 in [0,9223372036854775807) (!range)
    -> Fact[KB:1] i64 %2 known bits zero=0x9223372036854775808 one=0x0
    -> Fact[LVI:2] i64 %2 in [13,0) (LVI @ )
    -> Fact[PHIINV-hi:3] i64 %13 == i64 %2 || sge(i64 %13, i64 %3) (latch-implied bound, 1-induction)
    -> [heavy] 4 analysis fact(s) on 6 boundary value(s)
    -> [mv] T3 symbolic index bound: max(idx) = (13 + (16 * %10)<nsw> + (-16 * (1 smin %10)) + %14)
    -> [ind L0] BASE (4 phi(s) = entry): SAT (WARNING: Potential Integer Overflow Bug Detected!) [Query Latency: 0.414750 ms]
    -> [ind L1] BASE (4 phi(s) = entry): SAT (WARNING: Potential Integer Overflow Bug Detected!) [Query Latency: 0.340875 ms]
    -> SAT (WARNING: Potential Integer Overflow Bug Detected!) [Query Latency: 0.685167 ms]
    -> [mv] still SAT under 22 hypothesis candidate(s): not versionable
  -> Found UB Trap. Starting Backward Slice...
    -> Guard[0] (true edge of ''):  %.not54 = icmp ult i64 %48, %2
    -> Guard[1] (true edge of ''):  %.not53 = icmp ult i64 %46, %2
    -> Guard[2] (true edge of ''):  %.not52 = icmp ult i64 %44, %2
    -> Guard[3] (true edge of ''):  %.not51 = icmp ult i64 %42, %2
    -> Guard[4] (true edge of ''):  %.not50 = icmp ult i64 %40, %2
    -> Guard[5] (true edge of ''):  %.not49 = icmp ult i64 %38, %2
    -> Guard[6] (true edge of ''):  %.not48 = icmp ult i64 %36, %2
    -> Guard[7] (true edge of ''):  %.not47 = icmp ult i64 %34, %2
    -> Guard[8] (true edge of ''):  %.not46 = icmp ult i64 %32, %2
    -> Guard[9] (true edge of ''):  %.not45 = icmp ult i64 %30, %2
    -> Guard[10] (true edge of ''):  %.not44 = icmp ult i64 %28, %2
    -> Guard[11] (true edge of ''):  %.not43 = icmp slt i64 %26, %2
    -> Guard[12] (true edge of ''):  %.not42 = icmp slt i64 %24, %2
    -> Guard[13] (true edge of '.preheader'):  %.not41 = icmp ult i64 %20, %2
    -> Guard[14] (false edge of ''):  %18 = extractvalue { i64, i1 } %16, 1
    -> Guard[15] (false edge of ''):  %7 = icmp eq i32 %6, 0
    -> Guard[16] (false edge of 'entry'):  %.not = icmp slt i64 %2, %3
    -> Collected 17 dominating context guard(s).
    -> [go3] 1 leaf-closure instruction(s) encoded
    -> Fact[RM:0] i64 %2 in [0,9223372036854775807) (!range)
    -> Fact[KB:1] i64 %2 known bits zero=0x9223372036854775808 one=0x0
    -> Fact[LVI:2] i64 %2 in [14,0) (LVI @ )
    -> Fact[PHIINV-hi:3] i64 %13 == i64 %2 || sge(i64 %13, i64 %3) (latch-implied bound, 1-induction)
    -> [heavy] 4 analysis fact(s) on 6 boundary value(s)
    -> [mv] T3 symbolic index bound: max(idx) = (14 + (16 * %10)<nsw> + (-16 * (1 smin %10)) + %14)
    -> [ind L0] BASE (4 phi(s) = entry): SAT (WARNING: Potential Integer Overflow Bug Detected!) [Query Latency: 0.509875 ms]
    -> [ind L1] BASE (4 phi(s) = entry): SAT (WARNING: Potential Integer Overflow Bug Detected!) [Query Latency: 3.439917 ms]
    -> SAT (WARNING: Potential Integer Overflow Bug Detected!) [Query Latency: 0.730458 ms]
    -> [mv] still SAT under 22 hypothesis candidate(s): not versionable
  -> Found UB Trap. Starting Backward Slice...
    -> Guard[0] (true edge of ''):  %.not55 = icmp ult i64 %50, %2
    -> Guard[1] (true edge of ''):  %.not54 = icmp ult i64 %48, %2
    -> Guard[2] (true edge of ''):  %.not53 = icmp ult i64 %46, %2
    -> Guard[3] (true edge of ''):  %.not52 = icmp ult i64 %44, %2
    -> Guard[4] (true edge of ''):  %.not51 = icmp ult i64 %42, %2
    -> Guard[5] (true edge of ''):  %.not50 = icmp ult i64 %40, %2
    -> Guard[6] (true edge of ''):  %.not49 = icmp ult i64 %38, %2
    -> Guard[7] (true edge of ''):  %.not48 = icmp ult i64 %36, %2
    -> Guard[8] (true edge of ''):  %.not47 = icmp ult i64 %34, %2
    -> Guard[9] (true edge of ''):  %.not46 = icmp ult i64 %32, %2
    -> Guard[10] (true edge of ''):  %.not45 = icmp ult i64 %30, %2
    -> Guard[11] (true edge of ''):  %.not44 = icmp ult i64 %28, %2
    -> Guard[12] (true edge of ''):  %.not43 = icmp slt i64 %26, %2
    -> Guard[13] (true edge of ''):  %.not42 = icmp slt i64 %24, %2
    -> Guard[14] (true edge of '.preheader'):  %.not41 = icmp ult i64 %20, %2
    -> Guard[15] (false edge of ''):  %18 = extractvalue { i64, i1 } %16, 1
    -> Guard[16] (false edge of ''):  %7 = icmp eq i32 %6, 0
    -> Guard[17] (false edge of 'entry'):  %.not = icmp slt i64 %2, %3
    -> Collected 18 dominating context guard(s).
    -> [go3] 1 leaf-closure instruction(s) encoded
    -> Fact[RM:0] i64 %2 in [0,9223372036854775807) (!range)
    -> Fact[KB:1] i64 %2 known bits zero=0x9223372036854775808 one=0x0
    -> Fact[LVI:2] i64 %2 in [15,0) (LVI @ )
    -> Fact[PHIINV-hi:3] i64 %13 == i64 %2 || sge(i64 %13, i64 %3) (latch-implied bound, 1-induction)
    -> [heavy] 4 analysis fact(s) on 6 boundary value(s)
    -> [mv] T3 symbolic index bound: max(idx) = (15 + (16 * %10)<nsw> + (-16 * (1 smin %10)) + %14)
    -> [ind L0] BASE (4 phi(s) = entry): SAT (WARNING: Potential Integer Overflow Bug Detected!) [Query Latency: 0.426667 ms]
    -> [ind L1] BASE (4 phi(s) = entry): SAT (WARNING: Potential Integer Overflow Bug Detected!) [Query Latency: 1.910584 ms]
    -> SAT (WARNING: Potential Integer Overflow Bug Detected!) [Query Latency: 0.574959 ms]
    -> [mv] still SAT under 22 hypothesis candidate(s): not versionable
  -> Found UB Trap. Starting Backward Slice...
    -> Guard[0] (true edge of ''):  %.not56 = icmp ult i64 %52, %2
    -> Guard[1] (true edge of ''):  %.not55 = icmp ult i64 %50, %2
    -> Guard[2] (true edge of ''):  %.not54 = icmp ult i64 %48, %2
    -> Guard[3] (true edge of ''):  %.not53 = icmp ult i64 %46, %2
    -> Guard[4] (true edge of ''):  %.not52 = icmp ult i64 %44, %2
    -> Guard[5] (true edge of ''):  %.not51 = icmp ult i64 %42, %2
    -> Guard[6] (true edge of ''):  %.not50 = icmp ult i64 %40, %2
    -> Guard[7] (true edge of ''):  %.not49 = icmp ult i64 %38, %2
    -> Guard[8] (true edge of ''):  %.not48 = icmp ult i64 %36, %2
    -> Guard[9] (true edge of ''):  %.not47 = icmp ult i64 %34, %2
    -> Guard[10] (true edge of ''):  %.not46 = icmp ult i64 %32, %2
    -> Guard[11] (true edge of ''):  %.not45 = icmp ult i64 %30, %2
    -> Guard[12] (true edge of ''):  %.not44 = icmp ult i64 %28, %2
    -> Guard[13] (true edge of ''):  %.not43 = icmp slt i64 %26, %2
    -> Guard[14] (true edge of ''):  %.not42 = icmp slt i64 %24, %2
    -> Guard[15] (true edge of '.preheader'):  %.not41 = icmp ult i64 %20, %2
    -> Guard[16] (false edge of ''):  %18 = extractvalue { i64, i1 } %16, 1
    -> Guard[17] (false edge of ''):  %7 = icmp eq i32 %6, 0
    -> Guard[18] (false edge of 'entry'):  %.not = icmp slt i64 %2, %3
    -> Collected 19 dominating context guard(s).
    -> [go3] 1 leaf-closure instruction(s) encoded
    -> Fact[RM:0] i64 %2 in [0,9223372036854775807) (!range)
    -> Fact[KB:1] i64 %2 known bits zero=0x9223372036854775808 one=0x0
    -> Fact[LVI:2] i64 %2 in [16,0) (LVI @ )
    -> Fact[PHIINV-hi:3] i64 %13 == i64 %2 || sge(i64 %13, i64 %3) (latch-implied bound, 1-induction)
    -> [heavy] 4 analysis fact(s) on 6 boundary value(s)
    -> [mv] T3: trap condition not an ICmp
    -> UNSAT (Dead Code / Impossible Path) [Query Latency: 0.253542 ms]
  => SUCCESS: Trap mathematically neutralized!
  => Total Traps Eliminated: 1
  => Traps Folded In Fast Copies (mv): 1
  => Total Trap Attempts: 21
  => Total SMT Queries Executed: 21
  => Total SMT Query Latency: 1.051730e+02 ms
  => Average SMT Query Latency: 5.008240e+00 ms
  => Total DFS & SMT Execution Time: 1.716290e+02 ms
--------------------------------------------------

[Z3 Oracle] Analyzing Function: $ss13_parseInteger5ascii5radixq_Sgx_SitSyRzs010FixedWidthB0R_r0_lFSS_SiTg5
  [tier: heavy]
  => Total Traps Eliminated: 0
  => Traps Folded In Fast Copies (mv): 0
  => Total Trap Attempts: 0
  => Total SMT Queries Executed: 0
  => Total SMT Query Latency: 0.000000e+00 ms
  => Average SMT Query Latency: 0.000000e+00 ms
  => Total DFS & SMT Execution Time: 1.512500e-02 ms
--------------------------------------------------

[Z3 Oracle] Analyzing Function: __swift_instantiateConcreteTypeFromMangledNameV2
  [tier: heavy]
  => Total Traps Eliminated: 0
  => Traps Folded In Fast Copies (mv): 0
  => Total Trap Attempts: 0
  => Total SMT Queries Executed: 0
  => Total SMT Query Latency: 0.000000e+00 ms
  => Average SMT Query Latency: 0.000000e+00 ms
  => Total DFS & SMT Execution Time: 8.625000e-03 ms
--------------------------------------------------

[Z3 Oracle] Analyzing Function: $ss13_parseInteger5ascii5radixq_Sgx_SitSyRzs010FixedWidthB0R_r0_lFADSRys5UInt8VGXEfU_SS_SiTg5
  [tier: heavy]
  -> Found UB Trap. Starting Backward Slice...
    -> Collected 0 dominating context guard(s).
    -> [heavy] 0 analysis fact(s) on 1 boundary value(s)
    -> [ind] trap not in a loop
    -> SAT (WARNING: Potential Integer Overflow Bug Detected!) [Query Latency: 0.078708 ms]
    -> [mv] trap not inside a loop: not versionable
  -> Found UB Trap. Starting Backward Slice...
    -> Collected 0 dominating context guard(s).
    -> [heavy] 0 analysis fact(s) on 1 boundary value(s)
    -> [ind] trap not in a loop
    -> SAT (WARNING: Potential Integer Overflow Bug Detected!) [Query Latency: 0.067334 ms]
    -> [mv] trap not inside a loop: not versionable
  => Total Traps Eliminated: 0
  => Traps Folded In Fast Copies (mv): 0
  => Total Trap Attempts: 2
  => Total SMT Queries Executed: 2
  => Total SMT Query Latency: 1.460420e-01 ms
  => Average SMT Query Latency: 7.302100e-02 ms
  => Total DFS & SMT Execution Time: 1.153542e+00 ms
--------------------------------------------------

[Z3 Oracle] Analyzing Function: $sSS8_copyingyS2SFZ
  [tier: heavy]
  => Total Traps Eliminated: 0
  => Traps Folded In Fast Copies (mv): 0
  => Total Trap Attempts: 0
  => Total SMT Queries Executed: 0
  => Total SMT Query Latency: 0.000000e+00 ms
  => Average SMT Query Latency: 0.000000e+00 ms
  => Total DFS & SMT Execution Time: 7.417000e-03 ms
--------------------------------------------------

[Z3 Oracle] Analyzing Function: $sSlsEy11SubSequenceQzqd__cSXRd__5BoundQyd__5IndexRtzluigSS_s16PartialRangeFromVySSAEVGTgq5
  [tier: heavy]
  -> Found UB Trap. Starting Backward Slice...
    -> Collected 0 dominating context guard(s).
    -> [heavy] 0 analysis fact(s) on 3 boundary value(s)
    -> [ind] trap not in a loop
    -> SAT (WARNING: Potential Integer Overflow Bug Detected!) [Query Latency: 0.244542 ms]
    -> [mv] trap not inside a loop: not versionable
  => Total Traps Eliminated: 0
  => Traps Folded In Fast Copies (mv): 0
  => Total Trap Attempts: 1
  => Total SMT Queries Executed: 1
  => Total SMT Query Latency: 2.445420e-01 ms
  => Average SMT Query Latency: 2.445420e-01 ms
  => Total DFS & SMT Execution Time: 7.659990e-01 ms
--------------------------------------------------

[Z3 Oracle] Analyzing Function: $sSS8_copyingySSSsFZ
  [tier: heavy]
  -> Found UB Trap. Starting Backward Slice...
    -> Guard[0] (false edge of ''):  %11 = icmp eq i64 %10, 0
    -> Guard[1] (false edge of 'entry'):  %8 = icmp eq i64 %7, 0
    -> Collected 2 dominating context guard(s).
    -> Fact[LVI:0] i64 %6 in [1152921504606846976,0) (LVI @ )
    -> Fact[LVI:1] i64 %10 in [1,0) (LVI @ )
    -> [heavy] 2 analysis fact(s) on 3 boundary value(s)
    -> [ind] trap not in a loop
    -> SAT (WARNING: Potential Integer Overflow Bug Detected!) [Query Latency: 0.116667 ms]
    -> [mv] trap not inside a loop: not versionable
  => Total Traps Eliminated: 0
  => Traps Folded In Fast Copies (mv): 0
  => Total Trap Attempts: 1
  => Total SMT Queries Executed: 1
  => Total SMT Query Latency: 1.166670e-01 ms
  => Average SMT Query Latency: 1.166670e-01 ms
  => Total DFS & SMT Execution Time: 7.275840e-01 ms
--------------------------------------------------

[Z3 Oracle] Analyzing Function: $ss22_ContiguousArrayBufferV19_uninitializedCount15minimumCapacityAByxGSi_SitcfCs5UInt8V_Tt1gq5
  [tier: heavy]
  => Total Traps Eliminated: 0
  => Traps Folded In Fast Copies (mv): 0
  => Total Trap Attempts: 0
  => Total SMT Queries Executed: 0
  => Total SMT Query Latency: 0.000000e+00 ms
  => Average SMT Query Latency: 0.000000e+00 ms
  => Total DFS & SMT Execution Time: 6.333000e-03 ms
--------------------------------------------------

[Z3 Oracle] Analyzing Function: $sSTsE21_copySequenceContents12initializing8IteratorQz_SitSry7ElementQzG_tFSs8UTF8ViewV_Tgq5
  [tier: heavy]
  -> Found UB Trap. Starting Backward Slice...
    -> Guard[0] (false edge of ''):  %11 = icmp eq i64 %2, 0
    -> Guard[1] (false edge of 'entry'):  %8 = icmp eq i64 %1, 0
    -> Collected 2 dominating context guard(s).
    -> Fact[LVI:0] i64 %1 in [1,0) (LVI @ )
    -> Fact[LVI:1] i64 %2 in [1,0) (LVI @ )
    -> [heavy] 2 analysis fact(s) on 2 boundary value(s)
    -> [ind] trap not in a loop
    -> SAT (WARNING: Potential Integer Overflow Bug Detected!) [Query Latency: 0.070875 ms]
    -> [mv] trap not inside a loop: not versionable
  -> Found UB Trap. Starting Backward Slice...
    -> Guard[0] (false edge of ''):  %17 = icmp eq i64 %16, %14
    -> Guard[1] (false edge of ''):  %13 = icmp slt i64 %2, 0
    -> Guard[2] (false edge of ''):  %11 = icmp eq i64 %2, 0
    -> Guard[3] (false edge of 'entry'):  %8 = icmp eq i64 %1, 0
    -> Collected 4 dominating context guard(s).
    -> [heavy] 0 analysis fact(s) on 8 boundary value(s)
    -> [mv] T3: trap condition not an ICmp
    -> [ind L0] BASE (3 phi(s) = entry): SAT (WARNING: Potential Integer Overflow Bug Detected!) [Query Latency: 0.399208 ms]
    -> SAT (WARNING: Potential Integer Overflow Bug Detected!) [Query Latency: 0.500542 ms]
    -> [mv] still SAT under 18 hypothesis candidate(s): not versionable
  -> Found UB Trap. Starting Backward Slice...
    -> Guard[0] (false edge of ''):  %21 = icmp eq i64 %20, 0
    -> Guard[1] (false edge of ''):  %48 = or i1 %46, %47
    -> Guard[2] (false edge of ''):  %17 = icmp eq i64 %16, %14
    -> Guard[3] (false edge of ''):  %13 = icmp slt i64 %2, 0
    -> Guard[4] (false edge of ''):  %11 = icmp eq i64 %2, 0
    -> Guard[5] (false edge of 'entry'):  %8 = icmp eq i64 %1, 0
    -> Collected 6 dominating context guard(s).
    -> Fact[LVI:0] i64 %19 in [1152921504606846976,0) (LVI @ )
    -> [heavy] 1 analysis fact(s) on 9 boundary value(s)
    -> [mv] T3: refused, bound not invariant in the trap loop: (%72 /u 65536)
    -> [ind L0] BASE (3 phi(s) = entry): SAT (WARNING: Potential Integer Overflow Bug Detected!) [Query Latency: 0.307000 ms]
    -> SAT (WARNING: Potential Integer Overflow Bug Detected!) [Query Latency: 0.425917 ms]
    -> [mv] hypothesis contradicts the context: refusing (H vacuous): {%35 >u 281474976710655}
  => Total Traps Eliminated: 0
  => Traps Folded In Fast Copies (mv): 0
  => Total Trap Attempts: 3
  => Total SMT Queries Executed: 3
  => Total SMT Query Latency: 2.882001e+00 ms
  => Average SMT Query Latency: 9.606670e-01 ms
  => Total DFS & SMT Execution Time: 6.337458e+00 ms
--------------------------------------------------

[Z3 Oracle] Analyzing Function: $ss11_StringGutsV27_slowEnsureMatchingEncodingySS5IndexVAEF
  [tier: heavy]
  => Total Traps Eliminated: 0
  => Traps Folded In Fast Copies (mv): 0
  => Total Trap Attempts: 0
  => Total SMT Queries Executed: 0
  => Total SMT Query Latency: 0.000000e+00 ms
  => Average SMT Query Latency: 0.000000e+00 ms
  => Total DFS & SMT Execution Time: 8.375000e-03 ms
--------------------------------------------------

[Z3 Oracle] Analyzing Function: $s10Foundation4DataV15_RepresentationOWOe
  [tier: heavy]
  => Total Traps Eliminated: 0
  => Traps Folded In Fast Copies (mv): 0
  => Total Trap Attempts: 0
  => Total SMT Queries Executed: 0
  => Total SMT Query Latency: 0.000000e+00 ms
  => Average SMT Query Latency: 0.000000e+00 ms
  => Total DFS & SMT Execution Time: 5.459000e-03 ms
--------------------------------------------------
