[ODeSSy] 4 trap site(s) across 8 function(s); threads=1 [tier: heavy] [frame] [mv] [narrow] [ind] [mv-nofold] [traps=panic,odessy.chk]

[Z3 Oracle] Analyzing Function: _RINvNtCs2AWtUsOyxgP_3std2rt10lang_startuECs84Sq2elILFG_12matmul_bench
  [tier: heavy]
  => Total Traps Eliminated: 0
  => Traps Folded In Fast Copies (mv): 0
  => Total Trap Attempts: 0
  => Total SMT Queries Executed: 0
  => Total SMT Query Latency: 0.000000e+00 ms
  => Average SMT Query Latency: 0.000000e+00 ms
  => Total DFS & SMT Execution Time: 1.003832e+00 ms
--------------------------------------------------

[Z3 Oracle] Analyzing Function: _RINvNtNtCs2AWtUsOyxgP_3std3sys9backtrace28___rust_begin_short_backtraceFEuuECs84Sq2elILFG_12matmul_bench
  [tier: heavy]
  => Total Traps Eliminated: 0
  => Traps Folded In Fast Copies (mv): 0
  => Total Trap Attempts: 0
  => Total SMT Queries Executed: 0
  => Total SMT Query Latency: 0.000000e+00 ms
  => Average SMT Query Latency: 0.000000e+00 ms
  => Total DFS & SMT Execution Time: 4.265900e-02 ms
--------------------------------------------------

[Z3 Oracle] Analyzing Function: _RNCINvNtCs2AWtUsOyxgP_3std2rt10lang_startuE0Cs84Sq2elILFG_12matmul_bench
  [tier: heavy]
  => Total Traps Eliminated: 0
  => Traps Folded In Fast Copies (mv): 0
  => Total Trap Attempts: 0
  => Total SMT Queries Executed: 0
  => Total SMT Query Latency: 0.000000e+00 ms
  => Average SMT Query Latency: 0.000000e+00 ms
  => Total DFS & SMT Execution Time: 4.984900e-02 ms
--------------------------------------------------

[Z3 Oracle] Analyzing Function: _RNSNvYNCINvNtCs2AWtUsOyxgP_3std2rt10lang_startuE0INtNtNtCs4NRVxsYgnAr_4core3ops8function6FnOnceuE9call_once6vtableCs84Sq2elILFG_12matmul_bench
  [tier: heavy]
  => Total Traps Eliminated: 0
  => Traps Folded In Fast Copies (mv): 0
  => Total Trap Attempts: 0
  => Total SMT Queries Executed: 0
  => Total SMT Query Latency: 0.000000e+00 ms
  => Average SMT Query Latency: 0.000000e+00 ms
  => Total DFS & SMT Execution Time: 3.964000e-02 ms
--------------------------------------------------

[Z3 Oracle] Analyzing Function: _RNvCs84Sq2elILFG_12matmul_bench4main
  [tier: heavy]
  -> Found UB Trap. Starting Backward Slice...
    -> Guard[0] (false edge of 'bb10'):  %_7274.not = icmp eq i64 %_2.sroa.1138.0, 0
    -> Guard[1] (true edge of 'vector.body'):  %41 = icmp eq i64 %index.next, 262144
    -> Guard[2] (false edge of '_RINvXs_NtNtCscdodAO9FK5_5alloc3vec14spec_from_elemxNtB5_12SpecFromElem9from_elemNtNtB9_5alloc6GlobalECs84Sq2elILFG_12matmul_bench.exit21'):  %32 = icmp eq ptr %31, null
    -> Guard[3] (false edge of '_RINvXs_NtNtCscdodAO9FK5_5alloc3vec14spec_from_elemxNtB5_12SpecFromElem9from_elemNtNtB9_5alloc6GlobalECs84Sq2elILFG_12matmul_bench.exit'):  %30 = icmp eq ptr %29, null
    -> Guard[4] (false edge of '_RINvNtCs4NRVxsYgnAr_4core3ptr9drop_glueNtNtCs2AWtUsOyxgP_3std3env4ArgsECs84Sq2elILFG_12matmul_bench.exit'):  %28 = icmp eq ptr %27, null
    -> Guard[5] (false edge of 'bb21'):  %.not13 = icmp eq i64 %3, -1
    -> Collected 6 dominating context guard(s).
    -> [go3] 4 leaf-closure instruction(s) encoded
    -> Fact[RM:0] i64 %3 in [-1,-9223372036854775808) (!range)
    -> Fact[PHIINV-hi:1] i64 %src.sroa.15.258.i == i64 %src.sroa.15.0.i || ne(i64 %src.sroa.15.258.i, i64 0) (latch-implied bound, 1-induction)
    -> Fact[KB:2] i64 %index known bits zero=0x1 one=0x0
    -> Fact[SCEV:3] i64 %index in [0,262143) (SCEV unsigned)
    -> Fact[SCEV:4] i64 %index in [0,262143) (SCEV signed)
    -> Fact[SCEVSYM:5] i64 %index - start(0) <=u 2*BTC(131071) (SCEV symbolic trip count, sub-form)
    -> Fact[PHIINV-hi:6] i64 %index == i64 0 || ne(i64 %index, i64 262144) (latch-implied bound, 1-induction)
    -> Fact[KB:7] i64 %i.sroa.0.036.i known bits zero=0x9223372036854775808 one=0x0
    -> Fact[SCEV:8] i64 %i.sroa.0.036.i in [0,512) (SCEV unsigned)
    -> Fact[SCEV:9] i64 %i.sroa.0.036.i in [0,512) (SCEV signed)
    -> Fact[SCEVSYM:10] i64 %i.sroa.0.036.i - start(0) <=u BTC(511) (SCEV symbolic trip count, sub-form)
    -> Fact[PHIINV-hi:11] i64 %i.sroa.0.036.i == i64 0 || ne(i64 %i.sroa.0.036.i, i64 512) (latch-implied bound, 1-induction)
    -> Fact[PHIINV-lo:12] i64 %i.sroa.0.036.i >=s i64 0 (monotone nsw increments, 1 arm(s))
    -> Fact[KB:13] i64 %k.sroa.0.033.i known bits zero=0x9223372036854775808 one=0x0
    -> Fact[SCEV:14] i64 %k.sroa.0.033.i in [0,512) (SCEV unsigned)
    -> Fact[SCEV:15] i64 %k.sroa.0.033.i in [0,512) (SCEV signed)
    -> Fact[PHIINV-hi:16] i64 %k.sroa.0.033.i == i64 0 || ne(i64 %k.sroa.0.033.i, i64 512) (latch-implied bound, 1-induction)
    -> Fact[PHIINV-lo:17] i64 %k.sroa.0.033.i >=s i64 0 (monotone nsw increments, 1 arm(s))
    -> [heavy] 18 analysis fact(s) on 18 boundary value(s)
    -> [mv] T3 symbolic index bound: max(idx) = 262143
    -> [ind L0] BASE (2 phi(s) = entry): SAT (WARNING: Potential Integer Overflow Bug Detected!) [Query Latency: 2.146572 ms]
    -> [ind L1] BASE (1 phi(s) = entry): SAT (WARNING: Potential Integer Overflow Bug Detected!) [Query Latency: 1.843137 ms]
    -> [ind L2] BASE (2 phi(s) = entry): SAT (WARNING: Potential Integer Overflow Bug Detected!) [Query Latency: 1.848175 ms]
    -> [ind L3] BASE (2 phi(s) = entry): SAT (WARNING: Potential Integer Overflow Bug Detected!) [Query Latency: 2.104014 ms]
    -> SAT (WARNING: Potential Integer Overflow Bug Detected!) [Query Latency: 4.401622 ms]
    -> [mv] DEAD UNDER HYPOTHESIS H = {%_29.1 >u (262143)} (1 of 28 candidates in core, round 1; re-solve 3.739869e+00 ms; trap loop depth 4, hoist to depth 2)
    -> [mv-nofold] fast-trap id 0 (check kept in the H-guarded fast copy) chk 0
  => SUCCESS (fast copy): trap folded in 1 copy inside the H-guarded clone of loop 'bb3.preheader.i'
  -> Found UB Trap. Starting Backward Slice...
    -> Guard[0] (true edge of 'bb7.i31'):  %_24.i32 = icmp samesign ult i64 %_22.0.i, %_29.1
    -> Guard[1] (false edge of 'bb10'):  %_7274.not = icmp eq i64 %_2.sroa.1138.0, 0
    -> Guard[2] (true edge of 'vector.body'):  %41 = icmp eq i64 %index.next, 262144
    -> Guard[3] (false edge of '_RINvXs_NtNtCscdodAO9FK5_5alloc3vec14spec_from_elemxNtB5_12SpecFromElem9from_elemNtNtB9_5alloc6GlobalECs84Sq2elILFG_12matmul_bench.exit21'):  %32 = icmp eq ptr %31, null
    -> Guard[4] (false edge of '_RINvXs_NtNtCscdodAO9FK5_5alloc3vec14spec_from_elemxNtB5_12SpecFromElem9from_elemNtNtB9_5alloc6GlobalECs84Sq2elILFG_12matmul_bench.exit'):  %30 = icmp eq ptr %29, null
    -> Guard[5] (false edge of '_RINvNtCs4NRVxsYgnAr_4core3ptr9drop_glueNtNtCs2AWtUsOyxgP_3std3env4ArgsECs84Sq2elILFG_12matmul_bench.exit'):  %28 = icmp eq ptr %27, null
    -> Guard[6] (false edge of 'bb21'):  %.not13 = icmp eq i64 %3, -1
    -> Collected 7 dominating context guard(s).
    -> [go3] 4 leaf-closure instruction(s) encoded
    -> Fact[RM:0] i64 %3 in [-1,-9223372036854775808) (!range)
    -> Fact[PHIINV-hi:1] i64 %src.sroa.15.258.i == i64 %src.sroa.15.0.i || ne(i64 %src.sroa.15.258.i, i64 0) (latch-implied bound, 1-induction)
    -> Fact[KB:2] i64 %index known bits zero=0x1 one=0x0
    -> Fact[SCEV:3] i64 %index in [0,262143) (SCEV unsigned)
    -> Fact[SCEV:4] i64 %index in [0,262143) (SCEV signed)
    -> Fact[SCEVSYM:5] i64 %index - start(0) <=u 2*BTC(131071) (SCEV symbolic trip count, sub-form)
    -> Fact[PHIINV-hi:6] i64 %index == i64 0 || ne(i64 %index, i64 262144) (latch-implied bound, 1-induction)
    -> Fact[LVI:7] i64 %_29.1 in [1,0) (LVI @ bb9.i33)
    -> Fact[KB:8] i64 %i.sroa.0.036.i known bits zero=0x9223372036854775808 one=0x0
    -> Fact[SCEV:9] i64 %i.sroa.0.036.i in [0,512) (SCEV unsigned)
    -> Fact[SCEV:10] i64 %i.sroa.0.036.i in [0,512) (SCEV signed)
    -> Fact[SCEVSYM:11] i64 %i.sroa.0.036.i - start(0) <=u BTC(511) (SCEV symbolic trip count, sub-form)
    -> Fact[PHIINV-hi:12] i64 %i.sroa.0.036.i == i64 0 || ne(i64 %i.sroa.0.036.i, i64 512) (latch-implied bound, 1-induction)
    -> Fact[PHIINV-lo:13] i64 %i.sroa.0.036.i >=s i64 0 (monotone nsw increments, 1 arm(s))
    -> Fact[KB:14] i64 %j.sroa.0.035.i known bits zero=0x9223372036854775808 one=0x0
    -> Fact[SCEV:15] i64 %j.sroa.0.035.i in [0,512) (SCEV unsigned)
    -> Fact[SCEV:16] i64 %j.sroa.0.035.i in [0,512) (SCEV signed)
    -> Fact[SCEVSYM:17] i64 %j.sroa.0.035.i - start(0) <=u BTC(511) (SCEV symbolic trip count, sub-form)
    -> Fact[PHIINV-hi:18] i64 %j.sroa.0.035.i == i64 0 || ne(i64 %j.sroa.0.035.i, i64 512) (latch-implied bound, 1-induction)
    -> Fact[PHIINV-lo:19] i64 %j.sroa.0.035.i >=s i64 0 (monotone nsw increments, 1 arm(s))
    -> Fact[KB:20] i64 %k.sroa.0.033.i known bits zero=0x9223372036854775808 one=0x0
    -> Fact[SCEV:21] i64 %k.sroa.0.033.i in [0,512) (SCEV unsigned)
    -> Fact[SCEV:22] i64 %k.sroa.0.033.i in [0,512) (SCEV signed)
    -> Fact[PHIINV-hi:23] i64 %k.sroa.0.033.i == i64 0 || ne(i64 %k.sroa.0.033.i, i64 512) (latch-implied bound, 1-induction)
    -> Fact[PHIINV-lo:24] i64 %k.sroa.0.033.i >=s i64 0 (monotone nsw increments, 1 arm(s))
    -> [heavy] 25 analysis fact(s) on 20 boundary value(s)
    -> [mv] T3 symbolic index bound: max(idx) = 262143
    -> [ind L0] BASE (2 phi(s) = entry): SAT (WARNING: Potential Integer Overflow Bug Detected!) [Query Latency: 3.456129 ms]
    -> [ind L1] BASE (1 phi(s) = entry): SAT (WARNING: Potential Integer Overflow Bug Detected!) [Query Latency: 2.334585 ms]
    -> [ind L2] BASE (2 phi(s) = entry): SAT (WARNING: Potential Integer Overflow Bug Detected!) [Query Latency: 2.296810 ms]
    -> [ind L3] BASE (2 phi(s) = entry): SAT (WARNING: Potential Integer Overflow Bug Detected!) [Query Latency: 2.102143 ms]
    -> SAT (WARNING: Potential Integer Overflow Bug Detected!) [Query Latency: 3.898135 ms]
    -> [mv] DEAD UNDER HYPOTHESIS H = {%_31.1 >u (262143)} (1 of 31 candidates in core, round 1; re-solve 3.948044e+00 ms; trap loop depth 4, hoist to depth 2)
    -> [mv-nofold] fast-trap id 1 (check kept in the H-guarded fast copy) chk 1
  => SUCCESS (fast copy): trap folded in 1 copy inside the H-guarded clone of loop 'bb3.preheader.i'
  -> Found UB Trap. Starting Backward Slice...
    -> Guard[0] (true edge of 'bb9.i33'):  %_33.i = icmp samesign ult i64 %_31.0.i, %_31.1
    -> Guard[1] (true edge of 'bb7.i31'):  %_24.i32 = icmp samesign ult i64 %_22.0.i, %_29.1
    -> Guard[2] (false edge of 'bb10'):  %_7274.not = icmp eq i64 %_2.sroa.1138.0, 0
    -> Guard[3] (true edge of 'vector.body'):  %41 = icmp eq i64 %index.next, 262144
    -> Guard[4] (false edge of '_RINvXs_NtNtCscdodAO9FK5_5alloc3vec14spec_from_elemxNtB5_12SpecFromElem9from_elemNtNtB9_5alloc6GlobalECs84Sq2elILFG_12matmul_bench.exit21'):  %32 = icmp eq ptr %31, null
    -> Guard[5] (false edge of '_RINvXs_NtNtCscdodAO9FK5_5alloc3vec14spec_from_elemxNtB5_12SpecFromElem9from_elemNtNtB9_5alloc6GlobalECs84Sq2elILFG_12matmul_bench.exit'):  %30 = icmp eq ptr %29, null
    -> Guard[6] (false edge of '_RINvNtCs4NRVxsYgnAr_4core3ptr9drop_glueNtNtCs2AWtUsOyxgP_3std3env4ArgsECs84Sq2elILFG_12matmul_bench.exit'):  %28 = icmp eq ptr %27, null
    -> Guard[7] (false edge of 'bb21'):  %.not13 = icmp eq i64 %3, -1
    -> Collected 8 dominating context guard(s).
    -> [go3] 4 leaf-closure instruction(s) encoded
    -> Fact[RM:0] i64 %3 in [-1,-9223372036854775808) (!range)
    -> Fact[PHIINV-hi:1] i64 %src.sroa.15.258.i == i64 %src.sroa.15.0.i || ne(i64 %src.sroa.15.258.i, i64 0) (latch-implied bound, 1-induction)
    -> Fact[KB:2] i64 %index known bits zero=0x1 one=0x0
    -> Fact[SCEV:3] i64 %index in [0,262143) (SCEV unsigned)
    -> Fact[SCEV:4] i64 %index in [0,262143) (SCEV signed)
    -> Fact[SCEVSYM:5] i64 %index - start(0) <=u 2*BTC(131071) (SCEV symbolic trip count, sub-form)
    -> Fact[PHIINV-hi:6] i64 %index == i64 0 || ne(i64 %index, i64 262144) (latch-implied bound, 1-induction)
    -> Fact[LVI:7] i64 %_29.1 in [1,0) (LVI @ bb12.i34)
    -> Fact[LVI:8] i64 %_31.1 in [1,0) (LVI @ bb12.i34)
    -> Fact[KB:9] i64 %i.sroa.0.036.i known bits zero=0x9223372036854775808 one=0x0
    -> Fact[SCEV:10] i64 %i.sroa.0.036.i in [0,512) (SCEV unsigned)
    -> Fact[SCEV:11] i64 %i.sroa.0.036.i in [0,512) (SCEV signed)
    -> Fact[SCEVSYM:12] i64 %i.sroa.0.036.i - start(0) <=u BTC(511) (SCEV symbolic trip count, sub-form)
    -> Fact[PHIINV-hi:13] i64 %i.sroa.0.036.i == i64 0 || ne(i64 %i.sroa.0.036.i, i64 512) (latch-implied bound, 1-induction)
    -> Fact[PHIINV-lo:14] i64 %i.sroa.0.036.i >=s i64 0 (monotone nsw increments, 1 arm(s))
    -> Fact[KB:15] i64 %j.sroa.0.035.i known bits zero=0x9223372036854775808 one=0x0
    -> Fact[SCEV:16] i64 %j.sroa.0.035.i in [0,512) (SCEV unsigned)
    -> Fact[SCEV:17] i64 %j.sroa.0.035.i in [0,512) (SCEV signed)
    -> Fact[SCEVSYM:18] i64 %j.sroa.0.035.i - start(0) <=u BTC(511) (SCEV symbolic trip count, sub-form)
    -> Fact[PHIINV-hi:19] i64 %j.sroa.0.035.i == i64 0 || ne(i64 %j.sroa.0.035.i, i64 512) (latch-implied bound, 1-induction)
    -> Fact[PHIINV-lo:20] i64 %j.sroa.0.035.i >=s i64 0 (monotone nsw increments, 1 arm(s))
    -> Fact[KB:21] i64 %k.sroa.0.033.i known bits zero=0x9223372036854775808 one=0x0
    -> Fact[SCEV:22] i64 %k.sroa.0.033.i in [0,512) (SCEV unsigned)
    -> Fact[SCEV:23] i64 %k.sroa.0.033.i in [0,512) (SCEV signed)
    -> Fact[PHIINV-hi:24] i64 %k.sroa.0.033.i == i64 0 || ne(i64 %k.sroa.0.033.i, i64 512) (latch-implied bound, 1-induction)
    -> Fact[PHIINV-lo:25] i64 %k.sroa.0.033.i >=s i64 0 (monotone nsw increments, 1 arm(s))
    -> [heavy] 26 analysis fact(s) on 22 boundary value(s)
    -> [mv] T3: trap condition not an ICmp
    -> [ind L0] BASE (2 phi(s) = entry): SAT (WARNING: Potential Integer Overflow Bug Detected!) [Query Latency: 63.716784 ms]
    -> [ind L1] BASE (1 phi(s) = entry): SAT (WARNING: Potential Integer Overflow Bug Detected!) [Query Latency: 82.018816 ms]
    -> [ind L2] BASE (2 phi(s) = entry): SAT (WARNING: Potential Integer Overflow Bug Detected!) [Query Latency: 65.940639 ms]
    -> [ind L3] BASE (2 phi(s) = entry): SAT (WARNING: Potential Integer Overflow Bug Detected!) [Query Latency: 57.113610 ms]
    -> SAT (WARNING: Potential Integer Overflow Bug Detected!) [Query Latency: 39.110875 ms]
    -> [mv] still SAT under 30 hypothesis candidate(s): not versionable
    -> [narrow] retry: whole-query 64->32 with overflow flags
    -> [go3] 4 leaf-closure instruction(s) encoded
    -> Fact[RM:0] i64 %3 in [-1,-9223372036854775808) (!range)
    -> Fact[PHIINV-hi:1] i64 %src.sroa.15.258.i == i64 %src.sroa.15.0.i || ne(i64 %src.sroa.15.258.i, i64 0) (latch-implied bound, 1-induction)
    -> Fact[KB:2] i64 %index known bits zero=0x1 one=0x0
    -> Fact[SCEV:3] i64 %index in [0,262143) (SCEV unsigned)
    -> Fact[SCEV:4] i64 %index in [0,262143) (SCEV signed)
    -> Fact[SCEVSYM:5] i64 %index - start(0) <=u 2*BTC(131071) (SCEV symbolic trip count, sub-form)
    -> Fact[PHIINV-hi:6] i64 %index == i64 0 || ne(i64 %index, i64 262144) (latch-implied bound, 1-induction)
    -> Fact[LVI:7] i64 %_29.1 in [1,0) (LVI @ bb12.i34)
    -> Fact[LVI:8] i64 %_31.1 in [1,0) (LVI @ bb12.i34)
    -> Fact[KB:9] i64 %i.sroa.0.036.i known bits zero=0x9223372036854775808 one=0x0
    -> Fact[SCEV:10] i64 %i.sroa.0.036.i in [0,512) (SCEV unsigned)
    -> Fact[SCEV:11] i64 %i.sroa.0.036.i in [0,512) (SCEV signed)
    -> Fact[SCEVSYM:12] i64 %i.sroa.0.036.i - start(0) <=u BTC(511) (SCEV symbolic trip count, sub-form)
    -> Fact[PHIINV-hi:13] i64 %i.sroa.0.036.i == i64 0 || ne(i64 %i.sroa.0.036.i, i64 512) (latch-implied bound, 1-induction)
    -> Fact[PHIINV-lo:14] i64 %i.sroa.0.036.i >=s i64 0 (monotone nsw increments, 1 arm(s))
    -> Fact[KB:15] i64 %j.sroa.0.035.i known bits zero=0x9223372036854775808 one=0x0
    -> Fact[SCEV:16] i64 %j.sroa.0.035.i in [0,512) (SCEV unsigned)
    -> Fact[SCEV:17] i64 %j.sroa.0.035.i in [0,512) (SCEV signed)
    -> Fact[SCEVSYM:18] i64 %j.sroa.0.035.i - start(0) <=u BTC(511) (SCEV symbolic trip count, sub-form)
    -> Fact[PHIINV-hi:19] i64 %j.sroa.0.035.i == i64 0 || ne(i64 %j.sroa.0.035.i, i64 512) (latch-implied bound, 1-induction)
    -> Fact[PHIINV-lo:20] i64 %j.sroa.0.035.i >=s i64 0 (monotone nsw increments, 1 arm(s))
    -> Fact[KB:21] i64 %k.sroa.0.033.i known bits zero=0x9223372036854775808 one=0x0
    -> Fact[SCEV:22] i64 %k.sroa.0.033.i in [0,512) (SCEV unsigned)
    -> Fact[SCEV:23] i64 %k.sroa.0.033.i in [0,512) (SCEV signed)
    -> Fact[PHIINV-hi:24] i64 %k.sroa.0.033.i == i64 0 || ne(i64 %k.sroa.0.033.i, i64 512) (latch-implied bound, 1-induction)
    -> Fact[PHIINV-lo:25] i64 %k.sroa.0.033.i >=s i64 0 (monotone nsw increments, 1 arm(s))
    -> [heavy] 26 analysis fact(s) on 22 boundary value(s)
    -> [mv] T3: trap condition not an ICmp
    -> SAT (WARNING: Potential Integer Overflow Bug Detected!) [Query Latency: 38.571640 ms]
    -> [narrow] whole-query narrowing refused: zero_extend from narrowed width (exact solver used)
    -> [mv] loosen: {%index <=s 2^15} -> {%index <=s 2^30}: kept tight (5.301705e+00 ms)
    -> [mv] hypothesis contradicts the context: refusing (H vacuous): {%index <=s 2^15}
    -> [narrow] retry: mul-only 16-bit-operand encoding
    -> [go3] 4 leaf-closure instruction(s) encoded
    -> Fact[RM:0] i64 %3 in [-1,-9223372036854775808) (!range)
    -> Fact[PHIINV-hi:1] i64 %src.sroa.15.258.i == i64 %src.sroa.15.0.i || ne(i64 %src.sroa.15.258.i, i64 0) (latch-implied bound, 1-induction)
    -> Fact[KB:2] i64 %index known bits zero=0x1 one=0x0
    -> Fact[SCEV:3] i64 %index in [0,262143) (SCEV unsigned)
    -> Fact[SCEV:4] i64 %index in [0,262143) (SCEV signed)
    -> Fact[SCEVSYM:5] i64 %index - start(0) <=u 2*BTC(131071) (SCEV symbolic trip count, sub-form)
    -> Fact[PHIINV-hi:6] i64 %index == i64 0 || ne(i64 %index, i64 262144) (latch-implied bound, 1-induction)
    -> Fact[LVI:7] i64 %_29.1 in [1,0) (LVI @ bb12.i34)
    -> Fact[LVI:8] i64 %_31.1 in [1,0) (LVI @ bb12.i34)
    -> Fact[KB:9] i64 %i.sroa.0.036.i known bits zero=0x9223372036854775808 one=0x0
    -> Fact[SCEV:10] i64 %i.sroa.0.036.i in [0,512) (SCEV unsigned)
    -> Fact[SCEV:11] i64 %i.sroa.0.036.i in [0,512) (SCEV signed)
    -> Fact[SCEVSYM:12] i64 %i.sroa.0.036.i - start(0) <=u BTC(511) (SCEV symbolic trip count, sub-form)
    -> Fact[PHIINV-hi:13] i64 %i.sroa.0.036.i == i64 0 || ne(i64 %i.sroa.0.036.i, i64 512) (latch-implied bound, 1-induction)
    -> Fact[PHIINV-lo:14] i64 %i.sroa.0.036.i >=s i64 0 (monotone nsw increments, 1 arm(s))
    -> Fact[KB:15] i64 %j.sroa.0.035.i known bits zero=0x9223372036854775808 one=0x0
    -> Fact[SCEV:16] i64 %j.sroa.0.035.i in [0,512) (SCEV unsigned)
    -> Fact[SCEV:17] i64 %j.sroa.0.035.i in [0,512) (SCEV signed)
    -> Fact[SCEVSYM:18] i64 %j.sroa.0.035.i - start(0) <=u BTC(511) (SCEV symbolic trip count, sub-form)
    -> Fact[PHIINV-hi:19] i64 %j.sroa.0.035.i == i64 0 || ne(i64 %j.sroa.0.035.i, i64 512) (latch-implied bound, 1-induction)
    -> Fact[PHIINV-lo:20] i64 %j.sroa.0.035.i >=s i64 0 (monotone nsw increments, 1 arm(s))
    -> Fact[KB:21] i64 %k.sroa.0.033.i known bits zero=0x9223372036854775808 one=0x0
    -> Fact[SCEV:22] i64 %k.sroa.0.033.i in [0,512) (SCEV unsigned)
    -> Fact[SCEV:23] i64 %k.sroa.0.033.i in [0,512) (SCEV signed)
    -> Fact[PHIINV-hi:24] i64 %k.sroa.0.033.i == i64 0 || ne(i64 %k.sroa.0.033.i, i64 512) (latch-implied bound, 1-induction)
    -> Fact[PHIINV-lo:25] i64 %k.sroa.0.033.i >=s i64 0 (monotone nsw increments, 1 arm(s))
    -> [heavy] 26 analysis fact(s) on 22 boundary value(s)
    -> [mv] T3: trap condition not an ICmp
    -> SAT (WARNING: Potential Integer Overflow Bug Detected!) [Query Latency: 39.558910 ms]
    -> [narrow] side condition certified for 1 multiplication(s)
    -> [mv] loosen: {%index <=s 2^15} -> {%index <=s 2^30}: kept tight (5.238648e+00 ms)
    -> [mv] hypothesis contradicts the context: refusing (H vacuous): {%index <=s 2^15}
  -> Found UB Trap. Starting Backward Slice...
    -> Guard[0] (false edge of 'bb12.i34'):  %_34.1.i = extractvalue { i64, i1 } %48, 1
    -> Guard[1] (true edge of 'bb9.i33'):  %_33.i = icmp samesign ult i64 %_31.0.i, %_31.1
    -> Guard[2] (true edge of 'bb7.i31'):  %_24.i32 = icmp samesign ult i64 %_22.0.i, %_29.1
    -> Guard[3] (false edge of 'bb10'):  %_7274.not = icmp eq i64 %_2.sroa.1138.0, 0
    -> Guard[4] (true edge of 'vector.body'):  %41 = icmp eq i64 %index.next, 262144
    -> Guard[5] (false edge of '_RINvXs_NtNtCscdodAO9FK5_5alloc3vec14spec_from_elemxNtB5_12SpecFromElem9from_elemNtNtB9_5alloc6GlobalECs84Sq2elILFG_12matmul_bench.exit21'):  %32 = icmp eq ptr %31, null
    -> Guard[6] (false edge of '_RINvXs_NtNtCscdodAO9FK5_5alloc3vec14spec_from_elemxNtB5_12SpecFromElem9from_elemNtNtB9_5alloc6GlobalECs84Sq2elILFG_12matmul_bench.exit'):  %30 = icmp eq ptr %29, null
    -> Guard[7] (false edge of '_RINvNtCs4NRVxsYgnAr_4core3ptr9drop_glueNtNtCs2AWtUsOyxgP_3std3env4ArgsECs84Sq2elILFG_12matmul_bench.exit'):  %28 = icmp eq ptr %27, null
    -> Guard[8] (false edge of 'bb21'):  %.not13 = icmp eq i64 %3, -1
    -> Collected 9 dominating context guard(s).
    -> [go3] 4 leaf-closure instruction(s) encoded
    -> Fact[RM:0] i64 %3 in [-1,-9223372036854775808) (!range)
    -> Fact[PHIINV-hi:1] i64 %src.sroa.15.258.i == i64 %src.sroa.15.0.i || ne(i64 %src.sroa.15.258.i, i64 0) (latch-implied bound, 1-induction)
    -> Fact[KB:2] i64 %index known bits zero=0x1 one=0x0
    -> Fact[SCEV:3] i64 %index in [0,262143) (SCEV unsigned)
    -> Fact[SCEV:4] i64 %index in [0,262143) (SCEV signed)
    -> Fact[SCEVSYM:5] i64 %index - start(0) <=u 2*BTC(131071) (SCEV symbolic trip count, sub-form)
    -> Fact[PHIINV-hi:6] i64 %index == i64 0 || ne(i64 %index, i64 262144) (latch-implied bound, 1-induction)
    -> Fact[LVI:7] i64 %_29.1 in [1,0) (LVI @ bb13.i)
    -> Fact[LVI:8] i64 %_31.1 in [1,0) (LVI @ bb13.i)
    -> Fact[KB:9] i64 %i.sroa.0.036.i known bits zero=0x9223372036854775808 one=0x0
    -> Fact[SCEV:10] i64 %i.sroa.0.036.i in [0,512) (SCEV unsigned)
    -> Fact[SCEV:11] i64 %i.sroa.0.036.i in [0,512) (SCEV signed)
    -> Fact[SCEVSYM:12] i64 %i.sroa.0.036.i - start(0) <=u BTC(511) (SCEV symbolic trip count, sub-form)
    -> Fact[PHIINV-hi:13] i64 %i.sroa.0.036.i == i64 0 || ne(i64 %i.sroa.0.036.i, i64 512) (latch-implied bound, 1-induction)
    -> Fact[PHIINV-lo:14] i64 %i.sroa.0.036.i >=s i64 0 (monotone nsw increments, 1 arm(s))
    -> Fact[KB:15] i64 %j.sroa.0.035.i known bits zero=0x9223372036854775808 one=0x0
    -> Fact[SCEV:16] i64 %j.sroa.0.035.i in [0,512) (SCEV unsigned)
    -> Fact[SCEV:17] i64 %j.sroa.0.035.i in [0,512) (SCEV signed)
    -> Fact[SCEVSYM:18] i64 %j.sroa.0.035.i - start(0) <=u BTC(511) (SCEV symbolic trip count, sub-form)
    -> Fact[PHIINV-hi:19] i64 %j.sroa.0.035.i == i64 0 || ne(i64 %j.sroa.0.035.i, i64 512) (latch-implied bound, 1-induction)
    -> Fact[PHIINV-lo:20] i64 %j.sroa.0.035.i >=s i64 0 (monotone nsw increments, 1 arm(s))
    -> Fact[KB:21] i64 %k.sroa.0.033.i known bits zero=0x9223372036854775808 one=0x0
    -> Fact[SCEV:22] i64 %k.sroa.0.033.i in [0,512) (SCEV unsigned)
    -> Fact[SCEV:23] i64 %k.sroa.0.033.i in [0,512) (SCEV signed)
    -> Fact[PHIINV-hi:24] i64 %k.sroa.0.033.i == i64 0 || ne(i64 %k.sroa.0.033.i, i64 512) (latch-implied bound, 1-induction)
    -> Fact[PHIINV-lo:25] i64 %k.sroa.0.033.i >=s i64 0 (monotone nsw increments, 1 arm(s))
    -> [heavy] 26 analysis fact(s) on 23 boundary value(s)
    -> [mv] T3: trap condition not an ICmp
    -> [ind L0] BASE (2 phi(s) = entry): UNSAT (Dead Code / Impossible Path) [Query Latency: 4.895633 ms]
    -> Fact[p0.KB:0] i64 %k.sroa.0.033.i known bits zero=0x9223372036854775808 one=0x0
    -> Fact[p0.SCEV:1] i64 %k.sroa.0.033.i in [0,512) (SCEV unsigned)
    -> Fact[p0.SCEV:2] i64 %k.sroa.0.033.i in [0,512) (SCEV signed)
    -> Fact[p0.PHIINV-hi:3] i64 %k.sroa.0.033.i == i64 0 || ne(i64 %k.sroa.0.033.i, i64 512) (latch-implied bound, 1-induction)
    -> Fact[p0.PHIINV-lo:4] i64 %k.sroa.0.033.i >=s i64 0 (monotone nsw increments, 1 arm(s))
    -> [ind L0] STEP (copy: 19 instr, 0 skipped, 6 fresh, 5 fact(s), 2 link(s)): SAT (WARNING: Potential Integer Overflow Bug Detected!) [Query Latency: 29.136671 ms]
    -> [ind L1] BASE (1 phi(s) = entry): SAT (WARNING: Potential Integer Overflow Bug Detected!) [Query Latency: 13.042215 ms]
    -> [ind L2] BASE (2 phi(s) = entry): SAT (WARNING: Potential Integer Overflow Bug Detected!) [Query Latency: 12.722498 ms]
    -> [ind L3] BASE (2 phi(s) = entry): SAT (WARNING: Potential Integer Overflow Bug Detected!) [Query Latency: 12.784412 ms]
    -> SAT (WARNING: Potential Integer Overflow Bug Detected!) [Query Latency: 77.232375 ms]
    -> [mv] still SAT under 30 hypothesis candidate(s): not versionable
    -> [narrow] retry: whole-query 64->32 with overflow flags
    -> [go3] 4 leaf-closure instruction(s) encoded
    -> Fact[RM:0] i64 %3 in [-1,-9223372036854775808) (!range)
    -> Fact[PHIINV-hi:1] i64 %src.sroa.15.258.i == i64 %src.sroa.15.0.i || ne(i64 %src.sroa.15.258.i, i64 0) (latch-implied bound, 1-induction)
    -> Fact[KB:2] i64 %index known bits zero=0x1 one=0x0
    -> Fact[SCEV:3] i64 %index in [0,262143) (SCEV unsigned)
    -> Fact[SCEV:4] i64 %index in [0,262143) (SCEV signed)
    -> Fact[SCEVSYM:5] i64 %index - start(0) <=u 2*BTC(131071) (SCEV symbolic trip count, sub-form)
    -> Fact[PHIINV-hi:6] i64 %index == i64 0 || ne(i64 %index, i64 262144) (latch-implied bound, 1-induction)
    -> Fact[LVI:7] i64 %_29.1 in [1,0) (LVI @ bb13.i)
    -> Fact[LVI:8] i64 %_31.1 in [1,0) (LVI @ bb13.i)
    -> Fact[KB:9] i64 %i.sroa.0.036.i known bits zero=0x9223372036854775808 one=0x0
    -> Fact[SCEV:10] i64 %i.sroa.0.036.i in [0,512) (SCEV unsigned)
    -> Fact[SCEV:11] i64 %i.sroa.0.036.i in [0,512) (SCEV signed)
    -> Fact[SCEVSYM:12] i64 %i.sroa.0.036.i - start(0) <=u BTC(511) (SCEV symbolic trip count, sub-form)
    -> Fact[PHIINV-hi:13] i64 %i.sroa.0.036.i == i64 0 || ne(i64 %i.sroa.0.036.i, i64 512) (latch-implied bound, 1-induction)
    -> Fact[PHIINV-lo:14] i64 %i.sroa.0.036.i >=s i64 0 (monotone nsw increments, 1 arm(s))
    -> Fact[KB:15] i64 %j.sroa.0.035.i known bits zero=0x9223372036854775808 one=0x0
    -> Fact[SCEV:16] i64 %j.sroa.0.035.i in [0,512) (SCEV unsigned)
    -> Fact[SCEV:17] i64 %j.sroa.0.035.i in [0,512) (SCEV signed)
    -> Fact[SCEVSYM:18] i64 %j.sroa.0.035.i - start(0) <=u BTC(511) (SCEV symbolic trip count, sub-form)
    -> Fact[PHIINV-hi:19] i64 %j.sroa.0.035.i == i64 0 || ne(i64 %j.sroa.0.035.i, i64 512) (latch-implied bound, 1-induction)
    -> Fact[PHIINV-lo:20] i64 %j.sroa.0.035.i >=s i64 0 (monotone nsw increments, 1 arm(s))
    -> Fact[KB:21] i64 %k.sroa.0.033.i known bits zero=0x9223372036854775808 one=0x0
    -> Fact[SCEV:22] i64 %k.sroa.0.033.i in [0,512) (SCEV unsigned)
    -> Fact[SCEV:23] i64 %k.sroa.0.033.i in [0,512) (SCEV signed)
    -> Fact[PHIINV-hi:24] i64 %k.sroa.0.033.i == i64 0 || ne(i64 %k.sroa.0.033.i, i64 512) (latch-implied bound, 1-induction)
    -> Fact[PHIINV-lo:25] i64 %k.sroa.0.033.i >=s i64 0 (monotone nsw increments, 1 arm(s))
    -> [heavy] 26 analysis fact(s) on 23 boundary value(s)
    -> [mv] T3: trap condition not an ICmp
    -> SAT (WARNING: Potential Integer Overflow Bug Detected!) [Query Latency: 77.491744 ms]
    -> [narrow] whole-query narrowing refused: zero_extend from narrowed width (exact solver used)
    -> [mv] loosen: {%index <=s 2^15} -> {%index <=s 2^30}: kept tight (7.261759e+00 ms)
    -> [mv] hypothesis contradicts the context: refusing (H vacuous): {%index <=s 2^15}
    -> [narrow] retry: mul-only 16-bit-operand encoding
    -> [go3] 4 leaf-closure instruction(s) encoded
    -> Fact[RM:0] i64 %3 in [-1,-9223372036854775808) (!range)
    -> Fact[PHIINV-hi:1] i64 %src.sroa.15.258.i == i64 %src.sroa.15.0.i || ne(i64 %src.sroa.15.258.i, i64 0) (latch-implied bound, 1-induction)
    -> Fact[KB:2] i64 %index known bits zero=0x1 one=0x0
    -> Fact[SCEV:3] i64 %index in [0,262143) (SCEV unsigned)
    -> Fact[SCEV:4] i64 %index in [0,262143) (SCEV signed)
    -> Fact[SCEVSYM:5] i64 %index - start(0) <=u 2*BTC(131071) (SCEV symbolic trip count, sub-form)
    -> Fact[PHIINV-hi:6] i64 %index == i64 0 || ne(i64 %index, i64 262144) (latch-implied bound, 1-induction)
    -> Fact[LVI:7] i64 %_29.1 in [1,0) (LVI @ bb13.i)
    -> Fact[LVI:8] i64 %_31.1 in [1,0) (LVI @ bb13.i)
    -> Fact[KB:9] i64 %i.sroa.0.036.i known bits zero=0x9223372036854775808 one=0x0
    -> Fact[SCEV:10] i64 %i.sroa.0.036.i in [0,512) (SCEV unsigned)
    -> Fact[SCEV:11] i64 %i.sroa.0.036.i in [0,512) (SCEV signed)
    -> Fact[SCEVSYM:12] i64 %i.sroa.0.036.i - start(0) <=u BTC(511) (SCEV symbolic trip count, sub-form)
    -> Fact[PHIINV-hi:13] i64 %i.sroa.0.036.i == i64 0 || ne(i64 %i.sroa.0.036.i, i64 512) (latch-implied bound, 1-induction)
    -> Fact[PHIINV-lo:14] i64 %i.sroa.0.036.i >=s i64 0 (monotone nsw increments, 1 arm(s))
    -> Fact[KB:15] i64 %j.sroa.0.035.i known bits zero=0x9223372036854775808 one=0x0
    -> Fact[SCEV:16] i64 %j.sroa.0.035.i in [0,512) (SCEV unsigned)
    -> Fact[SCEV:17] i64 %j.sroa.0.035.i in [0,512) (SCEV signed)
    -> Fact[SCEVSYM:18] i64 %j.sroa.0.035.i - start(0) <=u BTC(511) (SCEV symbolic trip count, sub-form)
    -> Fact[PHIINV-hi:19] i64 %j.sroa.0.035.i == i64 0 || ne(i64 %j.sroa.0.035.i, i64 512) (latch-implied bound, 1-induction)
    -> Fact[PHIINV-lo:20] i64 %j.sroa.0.035.i >=s i64 0 (monotone nsw increments, 1 arm(s))
    -> Fact[KB:21] i64 %k.sroa.0.033.i known bits zero=0x9223372036854775808 one=0x0
    -> Fact[SCEV:22] i64 %k.sroa.0.033.i in [0,512) (SCEV unsigned)
    -> Fact[SCEV:23] i64 %k.sroa.0.033.i in [0,512) (SCEV signed)
    -> Fact[PHIINV-hi:24] i64 %k.sroa.0.033.i == i64 0 || ne(i64 %k.sroa.0.033.i, i64 512) (latch-implied bound, 1-induction)
    -> Fact[PHIINV-lo:25] i64 %k.sroa.0.033.i >=s i64 0 (monotone nsw increments, 1 arm(s))
    -> [heavy] 26 analysis fact(s) on 23 boundary value(s)
    -> [mv] T3: trap condition not an ICmp
    -> SAT (WARNING: Potential Integer Overflow Bug Detected!) [Query Latency: 149.930992 ms]
    -> [narrow] side condition certified for 1 multiplication(s)
    -> [mv] loosen: {%index <=s 2^15} -> {%index <=s 2^30}: kept tight (7.667043e+00 ms)
    -> [mv] hypothesis contradicts the context: refusing (H vacuous): {%index <=s 2^15}
  => Total Traps Eliminated: 0
  => Traps Folded In Fast Copies (mv): 2
  => Total Trap Attempts: 4
  => Total SMT Queries Executed: 4
  => Total SMT Query Latency: 2.825870e+02 ms
  => Average SMT Query Latency: 7.064676e+01 ms
  => Total DFS & SMT Execution Time: 9.919847e+02 ms
--------------------------------------------------

[Z3 Oracle] Analyzing Function: _RNvXs1g_NtCs4NRVxsYgnAr_4core3fmtRNtNtNtB8_3num5error12IntErrorKindNtB6_5Debug3fmtCs84Sq2elILFG_12matmul_bench
  [tier: heavy]
  => Total Traps Eliminated: 0
  => Traps Folded In Fast Copies (mv): 0
  => Total Trap Attempts: 0
  => Total SMT Queries Executed: 0
  => Total SMT Query Latency: 0.000000e+00 ms
  => Average SMT Query Latency: 0.000000e+00 ms
  => Total DFS & SMT Execution Time: 5.626700e-02 ms
--------------------------------------------------

[Z3 Oracle] Analyzing Function: _RNvXsd_NtNtCs4NRVxsYgnAr_4core3num5errorNtB5_13ParseIntErrorNtNtB9_3fmt5Debug3fmt
  [tier: heavy]
  => Total Traps Eliminated: 0
  => Traps Folded In Fast Copies (mv): 0
  => Total Trap Attempts: 0
  => Total SMT Queries Executed: 0
  => Total SMT Query Latency: 0.000000e+00 ms
  => Average SMT Query Latency: 0.000000e+00 ms
  => Total DFS & SMT Execution Time: 4.340100e-02 ms
--------------------------------------------------

[Z3 Oracle] Analyzing Function: main
  [tier: heavy]
  => Total Traps Eliminated: 0
  => Traps Folded In Fast Copies (mv): 0
  => Total Trap Attempts: 0
  => Total SMT Queries Executed: 0
  => Total SMT Query Latency: 0.000000e+00 ms
  => Average SMT Query Latency: 0.000000e+00 ms
  => Total DFS & SMT Execution Time: 3.663200e-02 ms
--------------------------------------------------
