[ODeSSy] 4 trap site(s) across 2 function(s); threads=1 [tier: heavy] [frame] [mv] [narrow] [ind] [mv-nofold] [traps=bounds_error,boundserror,odessy.chk]

[Z3 Oracle] Analyzing Function: julia_lz77_scan_145
  [tier: heavy]
  -> Found UB Trap. Starting Backward Slice...
    -> Guard[0] (false edge of 'L31.postloop'):  %.not43.postloop.not = icmp sgt i64 %39, %"data::Array.size.0.copyload", !dbg !50
    -> Guard[1] (true edge of 'L20'):  %.not4256 = icmp slt i64 %value_phi4, %value_phi160, !dbg !45
    -> Guard[2] (false edge of 'L16.preheader'):  %.not59 = icmp slt i64 %"data::Array.size.0.copyload", 2, !dbg !37
    -> Guard[3] (false edge of 'L6'):  %narrow = icmp ult i64 %3, -4611686018427387904, !dbg !36
    -> Guard[4] (false edge of 'top'):  %2 = icmp sgt i64 %"data::Array.size.0.copyload", 4611686018427387904, !dbg !32
    -> Collected 5 dominating context guard(s).
    -> [go3] 10 leaf-closure instruction(s) encoded
    -> Fact[PHIINV-hi:0] i64 %value_phi160 == i64 2 || sle(i64 %value_phi160, i64 %"data::Array.size.0.copyload") (latch-implied bound, 1-induction)
    -> Fact[SCEVSYM:1] i64 %value_phi557 - start(%value_phi4) <=u BTC((-1 + (-1 * %value_phi4) + %value_phi160)) (SCEV symbolic trip count, sub-form)
    -> Fact[PHIINV-lo:2] i64 %value_phi557 >=s i64 %value_phi4 (monotone nsw increments, 1 arm(s))
    -> Fact[SCEV:3] i64 %value_phi7.postloop in [0,765) (SCEV unsigned)
    -> Fact[SCEV:4] i64 %value_phi7.postloop in [0,765) (SCEV signed)
    -> Fact[PHIINV-lo:5] i64 %value_phi7.postloop >=s i64 %value_phi7.copy (monotone nsw increments, 1 arm(s))
    -> Fact[KB:6] i64 %smax94 known bits zero=0x18446744073709551360 one=0x0
    -> Fact[KB:7] i64 %value_phi7 known bits zero=0x9223372036854775808 one=0x0
    -> Fact[SCEV:8] i64 %value_phi7 in [0,510) (SCEV unsigned)
    -> Fact[SCEV:9] i64 %value_phi7 in [0,510) (SCEV signed)
    -> Fact[PHIINV-hi:10] i64 %value_phi7 == i64 %value_phi7.preloop.copy || slt(i64 %value_phi7, i64 %smin73) (latch-implied bound, 1-induction)
    -> Fact[PHIINV-lo:11] i64 %value_phi7 >=s i64 %value_phi7.preloop.copy (monotone nsw increments, 1 arm(s))
    -> Fact[SCEVEQ:12] i64 %value_phi7.copy in phi image (2 incoming)
    -> Fact[KB:13] i64 %value_phi7.preloop.copy known bits zero=0x18446744073709551360 one=0x0
    -> Fact[SCEVEQ:14] i64 %value_phi7.preloop.copy in phi image (2 incoming)
    -> Fact[KB:15] i64 %19 known bits zero=0x9223372036854775808 one=0x0
    -> Fact[KB:16] i64 %smax94 known bits zero=0x18446744073709551360 one=0x0
    -> [heavy] 17 analysis fact(s) on 18 boundary value(s)
    -> [mv] T3 symbolic index bound: max(idx) = (-2 + (254 umax %value_phi7.copy) + %value_phi160)
    -> UNSAT (Dead Code / Impossible Path) [Query Latency: 8528.671708 ms]
  => SUCCESS: Trap mathematically neutralized!
  -> Found UB Trap. Starting Backward Slice...
    -> Guard[0] (false edge of 'L31.preloop'):  %.not43.preloop.not = icmp sgt i64 %30, %"data::Array.size.0.copyload", !dbg !50
    -> Guard[1] (false edge of 'L31.preheader'):  %.not114 = icmp sgt i64 %13, -1, !dbg !47
    -> Guard[2] (true edge of 'L20'):  %.not4256 = icmp slt i64 %value_phi4, %value_phi160, !dbg !45
    -> Guard[3] (false edge of 'L16.preheader'):  %.not59 = icmp slt i64 %"data::Array.size.0.copyload", 2, !dbg !37
    -> Guard[4] (false edge of 'L6'):  %narrow = icmp ult i64 %3, -4611686018427387904, !dbg !36
    -> Guard[5] (false edge of 'top'):  %2 = icmp sgt i64 %"data::Array.size.0.copyload", 4611686018427387904, !dbg !32
    -> Collected 6 dominating context guard(s).
    -> [go3] 3 leaf-closure instruction(s) encoded
    -> Fact[PHIINV-hi:0] i64 %value_phi160 == i64 2 || sle(i64 %value_phi160, i64 %"data::Array.size.0.copyload") (latch-implied bound, 1-induction)
    -> Fact[SCEVSYM:1] i64 %value_phi557 - start(%value_phi4) <=u BTC((-1 + (-1 * %value_phi4) + %value_phi160)) (SCEV symbolic trip count, sub-form)
    -> Fact[PHIINV-lo:2] i64 %value_phi557 >=s i64 %value_phi4 (monotone nsw increments, 1 arm(s))
    -> Fact[KB:3] i64 %value_phi7.preloop known bits zero=0x9223372036854775808 one=0x0
    -> Fact[SCEV:4] i64 %value_phi7.preloop in [0,255) (SCEV unsigned)
    -> Fact[SCEV:5] i64 %value_phi7.preloop in [0,255) (SCEV signed)
    -> Fact[PHIINV-hi:6] i64 %value_phi7.preloop == i64 0 || ne(i64 %value_phi7.preloop, i64 %smin93) (latch-implied bound, 1-induction)
    -> Fact[PHIINV-lo:7] i64 %value_phi7.preloop >=s i64 0 (monotone nsw increments, 1 arm(s))
    -> [heavy] 8 analysis fact(s) on 8 boundary value(s)
    -> [mv] T3 symbolic index bound: max(idx) = (-3 + (255 smin (-1 * ((-9223372036854775807 smax (-2 + %value_phi160)) smin (-9223372036854775807 smax (-1 + %value_phi160))))<nsw>) + %value_phi160)
    -> UNSAT (Dead Code / Impossible Path) [Query Latency: 9049.323375 ms]
  => SUCCESS: Trap mathematically neutralized!
  -> Found UB Trap. Starting Backward Slice...
    -> Guard[0] (true edge of 'L35.postloop'):  %.not44.postloop = icmp ult i64 %41, %"data::Array.size.0.copyload", !dbg !51
    -> Guard[1] (false edge of 'L31.postloop'):  %.not43.postloop.not = icmp sgt i64 %39, %"data::Array.size.0.copyload", !dbg !50
    -> Guard[2] (true edge of 'L20'):  %.not4256 = icmp slt i64 %value_phi4, %value_phi160, !dbg !45
    -> Guard[3] (false edge of 'L16.preheader'):  %.not59 = icmp slt i64 %"data::Array.size.0.copyload", 2, !dbg !37
    -> Guard[4] (false edge of 'L6'):  %narrow = icmp ult i64 %3, -4611686018427387904, !dbg !36
    -> Guard[5] (false edge of 'top'):  %2 = icmp sgt i64 %"data::Array.size.0.copyload", 4611686018427387904, !dbg !32
    -> Collected 6 dominating context guard(s).
    -> [go3] 10 leaf-closure instruction(s) encoded
    -> Fact[LVI:0] i64 %"data::Array.size.0.copyload" in [1,0) (LVI @ L50.postloop)
    -> Fact[PHIINV-hi:1] i64 %value_phi160 == i64 2 || sle(i64 %value_phi160, i64 %"data::Array.size.0.copyload") (latch-implied bound, 1-induction)
    -> Fact[SCEVSYM:2] i64 %value_phi557 - start(%value_phi4) <=u BTC((-1 + (-1 * %value_phi4) + %value_phi160)) (SCEV symbolic trip count, sub-form)
    -> Fact[PHIINV-lo:3] i64 %value_phi557 >=s i64 %value_phi4 (monotone nsw increments, 1 arm(s))
    -> Fact[SCEV:4] i64 %value_phi7.postloop in [0,765) (SCEV unsigned)
    -> Fact[SCEV:5] i64 %value_phi7.postloop in [0,765) (SCEV signed)
    -> Fact[PHIINV-lo:6] i64 %value_phi7.postloop >=s i64 %value_phi7.copy (monotone nsw increments, 1 arm(s))
    -> Fact[KB:7] i64 %smax94 known bits zero=0x18446744073709551360 one=0x0
    -> Fact[KB:8] i64 %value_phi7 known bits zero=0x9223372036854775808 one=0x0
    -> Fact[SCEV:9] i64 %value_phi7 in [0,510) (SCEV unsigned)
    -> Fact[SCEV:10] i64 %value_phi7 in [0,510) (SCEV signed)
    -> Fact[PHIINV-hi:11] i64 %value_phi7 == i64 %value_phi7.preloop.copy || slt(i64 %value_phi7, i64 %smin73) (latch-implied bound, 1-induction)
    -> Fact[PHIINV-lo:12] i64 %value_phi7 >=s i64 %value_phi7.preloop.copy (monotone nsw increments, 1 arm(s))
    -> Fact[SCEVEQ:13] i64 %value_phi7.copy in phi image (2 incoming)
    -> Fact[KB:14] i64 %value_phi7.preloop.copy known bits zero=0x18446744073709551360 one=0x0
    -> Fact[SCEVEQ:15] i64 %value_phi7.preloop.copy in phi image (2 incoming)
    -> Fact[KB:16] i64 %19 known bits zero=0x9223372036854775808 one=0x0
    -> Fact[KB:17] i64 %smax94 known bits zero=0x18446744073709551360 one=0x0
    -> [heavy] 18 analysis fact(s) on 18 boundary value(s)
    -> [mv] T3 symbolic index bound: max(idx) = (-1 + (254 umax %value_phi7.copy) + %value_phi160)
    -> UNSAT (Dead Code / Impossible Path) [Query Latency: 8.216709 ms]
  => SUCCESS: Trap mathematically neutralized!
  -> Found UB Trap. Starting Backward Slice...
    -> Guard[0] (true edge of 'L35.preloop'):  %.not44.preloop = icmp ult i64 %32, %"data::Array.size.0.copyload", !dbg !51
    -> Guard[1] (false edge of 'L31.preloop'):  %.not43.preloop.not = icmp sgt i64 %30, %"data::Array.size.0.copyload", !dbg !50
    -> Guard[2] (false edge of 'L31.preheader'):  %.not114 = icmp sgt i64 %13, -1, !dbg !47
    -> Guard[3] (true edge of 'L20'):  %.not4256 = icmp slt i64 %value_phi4, %value_phi160, !dbg !45
    -> Guard[4] (false edge of 'L16.preheader'):  %.not59 = icmp slt i64 %"data::Array.size.0.copyload", 2, !dbg !37
    -> Guard[5] (false edge of 'L6'):  %narrow = icmp ult i64 %3, -4611686018427387904, !dbg !36
    -> Guard[6] (false edge of 'top'):  %2 = icmp sgt i64 %"data::Array.size.0.copyload", 4611686018427387904, !dbg !32
    -> Collected 7 dominating context guard(s).
    -> [go3] 3 leaf-closure instruction(s) encoded
    -> Fact[LVI:0] i64 %"data::Array.size.0.copyload" in [1,0) (LVI @ L50.preloop)
    -> Fact[PHIINV-hi:1] i64 %value_phi160 == i64 2 || sle(i64 %value_phi160, i64 %"data::Array.size.0.copyload") (latch-implied bound, 1-induction)
    -> Fact[SCEVSYM:2] i64 %value_phi557 - start(%value_phi4) <=u BTC((-1 + (-1 * %value_phi4) + %value_phi160)) (SCEV symbolic trip count, sub-form)
    -> Fact[PHIINV-lo:3] i64 %value_phi557 >=s i64 %value_phi4 (monotone nsw increments, 1 arm(s))
    -> Fact[KB:4] i64 %value_phi7.preloop known bits zero=0x9223372036854775808 one=0x0
    -> Fact[SCEV:5] i64 %value_phi7.preloop in [0,255) (SCEV unsigned)
    -> Fact[SCEV:6] i64 %value_phi7.preloop in [0,255) (SCEV signed)
    -> Fact[PHIINV-hi:7] i64 %value_phi7.preloop == i64 0 || ne(i64 %value_phi7.preloop, i64 %smin93) (latch-implied bound, 1-induction)
    -> Fact[PHIINV-lo:8] i64 %value_phi7.preloop >=s i64 0 (monotone nsw increments, 1 arm(s))
    -> [heavy] 9 analysis fact(s) on 8 boundary value(s)
    -> [mv] T3 symbolic index bound: max(idx) = (-2 + (255 smin (-1 * ((-9223372036854775807 smax (-2 + %value_phi160)) smin (-9223372036854775807 smax (-1 + %value_phi160))))<nsw>) + %value_phi160)
    -> UNSAT (Dead Code / Impossible Path) [Query Latency: 5.210542 ms]
  => SUCCESS: Trap mathematically neutralized!
  => Total Traps Eliminated: 4
  => Traps Folded In Fast Copies (mv): 0
  => Total Trap Attempts: 4
  => Total SMT Queries Executed: 4
  => Total SMT Query Latency: 1.759142e+04 ms
  => Average SMT Query Latency: 4.397856e+03 ms
  => Total DFS & SMT Execution Time: 1.760768e+04 ms
--------------------------------------------------

[Z3 Oracle] Analyzing Function: jfptr_lz77_scan_146
  [tier: heavy]
  => Total Traps Eliminated: 0
  => Traps Folded In Fast Copies (mv): 0
  => Total Trap Attempts: 0
  => Total SMT Queries Executed: 0
  => Total SMT Query Latency: 0.000000e+00 ms
  => Average SMT Query Latency: 0.000000e+00 ms
  => Total DFS & SMT Execution Time: 7.916000e-03 ms
--------------------------------------------------
