swiftc: Swift version 6.3.3 (swift-6.3.3-RELEASE)  sdk: default
opt   : LLVM (http://llvm.org/):
reps  : 30   kernel: adler32   runargs: '7100 perf_test/sha_input.bin'

==== PHASE A: building ====
  built base     traps   42->42   bin    27632 B  eliminated 0
  built base2x   traps   42->42   bin    27632 B  eliminated 0
  built oracle   traps   42->41   bin    27632 B  eliminated 1 (+1 folded in mv fast copies)
==== PHASE B: output equivalence gate ====
  outputs byte-identical across all configs -- gate passed
==== PHASE C: 30 shuffled reps x configs [base base2x oracle] ====
  rep 1/30
  rep 2/30
  rep 3/30
  rep 4/30
  rep 5/30
  rep 6/30
  rep 7/30
  rep 8/30
  rep 9/30
  rep 10/30
  rep 11/30
  rep 12/30
  rep 13/30
  rep 14/30
  rep 15/30
  rep 16/30
  rep 17/30
  rep 18/30
  rep 19/30
  rep 20/30
  rep 21/30
  rep 22/30
  rep 23/30
  rep 24/30
  rep 25/30
  rep 26/30
  rep 27/30
  rep 28/30
  rep 29/30
  rep 30/30

config      median       min       avg  audit
base        4.9164    4.8898    4.9158  ok
base2x      4.9171    4.8892    4.9164  ok
oracle      4.7317    4.7010    4.7363  ok
oracle vs base: +3.76% (median)
oracle vs base2x: +3.77% (median)
speedup: 1.0390x vs base, 1.0392x vs base2x; noise floor base/base2x 0.9999x

CSV appended: /mydata/ODeSSy/evaluation/perf_swift.csv   (rerun with REPS=15 on the server for the real number)
