[ODeSSy] 27 trap site(s) across 14 function(s); threads=1 [tier: heavy] [frame] [mv] [narrow] [ind] [mv-nofold] [traps=odessy.chk]

[Z3 Oracle] Analyzing Function: main
  [tier: heavy]
  -> Found UB Trap. Starting Backward Slice...
    -> Collected 0 dominating context guard(s).
    -> Fact[RM:0] i64 %5 in [0,9223372036854775807) (!range)
    -> Fact[KB:1] i64 %5 known bits zero=0x9223372036854775808 one=0x0
    -> [heavy] 2 analysis fact(s) on 1 boundary value(s)
    -> [ind] trap not in a loop
    -> SAT (WARNING: Potential Integer Overflow Bug Detected!) [Query Latency: 0.494522 ms]
    -> [mv] trap not inside a loop: not versionable
  -> Found UB Trap. Starting Backward Slice...
    -> Guard[0] (false edge of ''):  %18 = icmp eq i64 %17, 0
    -> Guard[1] (false edge of 'entry'):  %6 = icmp samesign ult i64 %5, 2
    -> Collected 2 dominating context guard(s).
    -> Fact[RM:0] i64 %5 in [0,9223372036854775807) (!range)
    -> Fact[KB:1] i64 %5 known bits zero=0x9223372036854775808 one=0x0
    -> [heavy] 2 analysis fact(s) on 20 boundary value(s)
    -> [ind] trap not in a loop
    -> SAT (WARNING: Potential Integer Overflow Bug Detected!) [Query Latency: 20.956310 ms]
    -> [mv] trap not inside a loop: not versionable
  -> Found UB Trap. Starting Backward Slice...
    -> Guard[0] (false edge of ''):  %39 = icmp eq i8 %38, 1
    -> Guard[1] (false edge of ''):  %18 = icmp eq i64 %17, 0
    -> Guard[2] (false edge of 'entry'):  %6 = icmp samesign ult i64 %5, 2
    -> Collected 3 dominating context guard(s).
    -> Fact[RM:0] i64 %5 in [0,9223372036854775807) (!range)
    -> Fact[KB:1] i64 %5 known bits zero=0x9223372036854775808 one=0x0
    -> Fact[RM:2] i64 %115 in [0,9223372036854775807) (!range)
    -> Fact[KB:3] i64 %115 known bits zero=0x9223372036854775808 one=0x0
    -> [heavy] 4 analysis fact(s) on 21 boundary value(s)
    -> [ind] trap not in a loop
    -> SAT (WARNING: Potential Integer Overflow Bug Detected!) [Query Latency: 4.631886 ms]
    -> [mv] trap not inside a loop: not versionable
  -> Found UB Trap. Starting Backward Slice...
    -> Guard[0] (true edge of ''):  %.not49 = icmp eq ptr %126, null
    -> Guard[1] (false edge of ''):  %116 = icmp samesign ult i64 %115, 3
    -> Guard[2] (false edge of ''):  %39 = icmp eq i8 %38, 1
    -> Guard[3] (false edge of ''):  %18 = icmp eq i64 %17, 0
    -> Guard[4] (false edge of 'entry'):  %6 = icmp samesign ult i64 %5, 2
    -> Collected 5 dominating context guard(s).
    -> Fact[RM:0] i64 %5 in [0,9223372036854775807) (!range)
    -> Fact[KB:1] i64 %5 known bits zero=0x9223372036854775808 one=0x0
    -> Fact[RM:2] i64 %115 in [0,9223372036854775807) (!range)
    -> Fact[KB:3] i64 %115 known bits zero=0x9223372036854775808 one=0x0
    -> Fact[LVI:4] i64 %115 in [3,9223372036854775807) (LVI @ )
    -> [heavy] 5 analysis fact(s) on 24 boundary value(s)
    -> [ind] trap not in a loop
    -> SAT (WARNING: Potential Integer Overflow Bug Detected!) [Query Latency: 8.771582 ms]
    -> [mv] trap not inside a loop: not versionable
  -> Found UB Trap. Starting Backward Slice...
    -> Guard[0] (false edge of ''):  %138 = icmp eq i64 %135, 0
    -> Guard[1] (false edge of ''):  %136 = icmp slt i64 %135, 0
    -> Guard[2] (true edge of ''):  %.not49 = icmp eq ptr %126, null
    -> Guard[3] (false edge of ''):  %116 = icmp samesign ult i64 %115, 3
    -> Guard[4] (false edge of ''):  %39 = icmp eq i8 %38, 1
    -> Guard[5] (false edge of ''):  %18 = icmp eq i64 %17, 0
    -> Guard[6] (false edge of 'entry'):  %6 = icmp samesign ult i64 %5, 2
    -> Collected 7 dominating context guard(s).
    -> [go3] 0 leaf-closure instruction(s) encoded
    -> Fact[RM:0] i64 %5 in [0,9223372036854775807) (!range)
    -> Fact[KB:1] i64 %5 known bits zero=0x9223372036854775808 one=0x0
    -> Fact[RM:2] i64 %115 in [0,9223372036854775807) (!range)
    -> Fact[KB:3] i64 %115 known bits zero=0x9223372036854775808 one=0x0
    -> Fact[SCEV:4] i64 %149 in [0,9223372036854775807) (SCEV unsigned)
    -> Fact[SCEV:5] i64 %149 in [0,9223372036854775807) (SCEV signed)
    -> Fact[SCEVSYM:6] i64 %149 - start(0) <=u BTC((-1 + %135)) (SCEV symbolic trip count, sub-form)
    -> Fact[PHIINV-hi:7] i64 %149 == i64 0 || ne(i64 %149, i64 %135) (latch-implied bound, 1-induction)
    -> [heavy] 8 analysis fact(s) on 25 boundary value(s)
    -> [mv] T3: not a bounds shape (idx vs invariant count)
    -> [ind L0] BASE (2 phi(s) = entry): SAT (WARNING: Potential Integer Overflow Bug Detected!) [Query Latency: 2.277859 ms]
    -> SAT (WARNING: Potential Integer Overflow Bug Detected!) [Query Latency: 25.286764 ms]
    -> [mv] still SAT under 15 hypothesis candidate(s): not versionable
  -> Found UB Trap. Starting Backward Slice...
    -> Guard[0] (true edge of ''):  %143 = icmp samesign ugt i64 %142, 2
    -> Guard[1] (false edge of ''):  %138 = icmp eq i64 %135, 0
    -> Guard[2] (false edge of ''):  %136 = icmp slt i64 %135, 0
    -> Guard[3] (true edge of ''):  %.not49 = icmp eq ptr %126, null
    -> Guard[4] (false edge of ''):  %116 = icmp samesign ult i64 %115, 3
    -> Guard[5] (false edge of ''):  %39 = icmp eq i8 %38, 1
    -> Guard[6] (false edge of ''):  %18 = icmp eq i64 %17, 0
    -> Guard[7] (false edge of 'entry'):  %6 = icmp samesign ult i64 %5, 2
    -> Collected 8 dominating context guard(s).
    -> [go3] 0 leaf-closure instruction(s) encoded
    -> Fact[RM:0] i64 %5 in [0,9223372036854775807) (!range)
    -> Fact[KB:1] i64 %5 known bits zero=0x9223372036854775808 one=0x0
    -> Fact[RM:2] i64 %115 in [0,9223372036854775807) (!range)
    -> Fact[KB:3] i64 %115 known bits zero=0x9223372036854775808 one=0x0
    -> Fact[RM:4] i64 %142 in [0,9223372036854775807) (!range)
    -> Fact[KB:5] i64 %142 known bits zero=0x9223372036854775808 one=0x0
    -> Fact[KB:6] i64 %164 known bits zero=0x9223372036854775808 one=0x0
    -> Fact[SCEV:7] i64 %164 in [0,9223372036854775804) (SCEV unsigned)
    -> Fact[SCEV:8] i64 %164 in [0,9223372036854775804) (SCEV signed)
    -> Fact[SCEVSYM:9] i64 %164 - start(0) <=u 3*BTC((3074457345618258601 umin ((((-1 * (1 umin %142))<nuw><nsw> + %142) /u 3) + (1 umin %142)) umin (((-1 + (-1 * (1 umin (-1 + %142)<nsw>))<nuw><nsw> + %142) /u 3) + (1 umin (-1 + %142)<nsw>)))) (SCEV symbolic trip count, sub-form)
    -> Fact[PHIINV-rel:10] i64 %165 == i64 %164 + 2 (constant-difference phi pair, 1-induction)
    -> Fact[PHIINV-lo:11] i64 %164 >=s i64 0 (monotone nsw increments, 1 arm(s))
    -> Fact[SCEV:12] i64 %165 in [2,9223372036854775806) (SCEV unsigned)
    -> Fact[SCEV:13] i64 %165 in [2,9223372036854775806) (SCEV signed)
    -> Fact[PHIINV-hi:14] i64 %165 == i64 2 || slt(i64 %165, i64 %142) (latch-implied bound, 1-induction)
    -> Fact[RM:15] i64 %142 in [0,9223372036854775807) (!range)
    -> Fact[KB:16] i64 %142 known bits zero=0x9223372036854775808 one=0x0
    -> Fact[SCEV:17] i64 %165 in [2,9223372036854775806) (SCEV unsigned)
    -> Fact[SCEV:18] i64 %165 in [2,9223372036854775806) (SCEV signed)
    -> [heavy] 19 analysis fact(s) on 27 boundary value(s)
    -> [mv] T3: latch-derived trip-count bound for loop depth 2 (latch ): (3074457345618258601 umin ((((-1 * (1 umin %142))<nuw><nsw> + %142) /u 3) + (1 umin %142)) umin (((-1 + (-1 * (1 umin (-1 + %142)<nsw>))<nuw><nsw> + %142) /u 3) + (1 umin (-1 + %142)<nsw>)))
    -> [mv] T3 symbolic index bound: max(idx) = (3 * (3074457345618258601 umin ((((-1 * (1 umin %142))<nuw><nsw> + %142) /u 3) + (1 umin %142)) umin (((-1 + (-1 * (1 umin (-1 + %142)<nsw>))<nuw><nsw> + %142) /u 3) + (1 umin (-1 + %142)<nsw>))))<nuw><nsw>
    -> UNSAT (Dead Code / Impossible Path) [Query Latency: 5872.066595 ms]
  => SUCCESS: Trap mathematically neutralized!
  -> Found UB Trap. Starting Backward Slice...
    -> Guard[0] (true edge of ''):  %.not51 = icmp samesign ult i64 %164, %142
    -> Guard[1] (true edge of ''):  %143 = icmp samesign ugt i64 %142, 2
    -> Guard[2] (false edge of ''):  %138 = icmp eq i64 %135, 0
    -> Guard[3] (false edge of ''):  %136 = icmp slt i64 %135, 0
    -> Guard[4] (true edge of ''):  %.not49 = icmp eq ptr %126, null
    -> Guard[5] (false edge of ''):  %116 = icmp samesign ult i64 %115, 3
    -> Guard[6] (false edge of ''):  %39 = icmp eq i8 %38, 1
    -> Guard[7] (false edge of ''):  %18 = icmp eq i64 %17, 0
    -> Guard[8] (false edge of 'entry'):  %6 = icmp samesign ult i64 %5, 2
    -> Collected 9 dominating context guard(s).
    -> [go3] 0 leaf-closure instruction(s) encoded
    -> Fact[RM:0] i64 %5 in [0,9223372036854775807) (!range)
    -> Fact[KB:1] i64 %5 known bits zero=0x9223372036854775808 one=0x0
    -> Fact[RM:2] i64 %115 in [0,9223372036854775807) (!range)
    -> Fact[KB:3] i64 %115 known bits zero=0x9223372036854775808 one=0x0
    -> Fact[RM:4] i64 %142 in [0,9223372036854775807) (!range)
    -> Fact[KB:5] i64 %142 known bits zero=0x9223372036854775808 one=0x0
    -> Fact[LVI:6] i64 %142 in [1,0) (LVI @ )
    -> Fact[KB:7] i64 %164 known bits zero=0x9223372036854775808 one=0x0
    -> Fact[SCEV:8] i64 %164 in [0,9223372036854775804) (SCEV unsigned)
    -> Fact[SCEV:9] i64 %164 in [0,9223372036854775804) (SCEV signed)
    -> Fact[SCEVSYM:10] i64 %164 - start(0) <=u 3*BTC((3074457345618258601 umin ((((-1 * (1 umin %142))<nuw><nsw> + %142) /u 3) + (1 umin %142)) umin (((-1 + (-1 * (1 umin (-1 + %142)<nsw>))<nuw><nsw> + %142) /u 3) + (1 umin (-1 + %142)<nsw>)))) (SCEV symbolic trip count, sub-form)
    -> Fact[PHIINV-rel:11] i64 %165 == i64 %164 + 2 (constant-difference phi pair, 1-induction)
    -> Fact[PHIINV-lo:12] i64 %164 >=s i64 0 (monotone nsw increments, 1 arm(s))
    -> Fact[LVI:13] i64 %165 in [-9223372036854775803,9223372036854775807) (LVI @ )
    -> Fact[SCEV:14] i64 %165 in [2,9223372036854775806) (SCEV unsigned)
    -> Fact[SCEV:15] i64 %165 in [2,9223372036854775806) (SCEV signed)
    -> Fact[PHIINV-hi:16] i64 %165 == i64 2 || slt(i64 %165, i64 %142) (latch-implied bound, 1-induction)
    -> Fact[RM:17] i64 %142 in [0,9223372036854775807) (!range)
    -> Fact[KB:18] i64 %142 known bits zero=0x9223372036854775808 one=0x0
    -> Fact[LVI:19] i64 %142 in [1,0) (LVI @ )
    -> Fact[LVI:20] i64 %165 in [-9223372036854775803,9223372036854775807) (LVI @ )
    -> Fact[SCEV:21] i64 %165 in [2,9223372036854775806) (SCEV unsigned)
    -> Fact[SCEV:22] i64 %165 in [2,9223372036854775806) (SCEV signed)
    -> [heavy] 23 analysis fact(s) on 27 boundary value(s)
    -> [mv] T3: latch-derived trip-count bound for loop depth 2 (latch ): (3074457345618258601 umin ((((-1 * (1 umin %142))<nuw><nsw> + %142) /u 3) + (1 umin %142)) umin (((-1 + (-1 * (1 umin (-1 + %142)<nsw>))<nuw><nsw> + %142) /u 3) + (1 umin (-1 + %142)<nsw>)))
    -> [mv] T3 symbolic index bound: max(idx) = (1 + (3 * (3074457345618258601 umin ((((-1 * (1 umin %142))<nuw><nsw> + %142) /u 3) + (1 umin %142)) umin (((-1 + (-1 * (1 umin (-1 + %142)<nsw>))<nuw><nsw> + %142) /u 3) + (1 umin (-1 + %142)<nsw>))))<nuw><nsw>)<nuw><nsw>
    -> UNSAT (Dead Code / Impossible Path) [Query Latency: 354.839141 ms]
  => SUCCESS: Trap mathematically neutralized!
  -> Found UB Trap. Starting Backward Slice...
    -> Guard[0] (true edge of ''):  %.not52 = icmp samesign ult i64 %169, %142
    -> Guard[1] (true edge of ''):  %.not51 = icmp samesign ult i64 %164, %142
    -> Guard[2] (true edge of ''):  %143 = icmp samesign ugt i64 %142, 2
    -> Guard[3] (false edge of ''):  %138 = icmp eq i64 %135, 0
    -> Guard[4] (false edge of ''):  %136 = icmp slt i64 %135, 0
    -> Guard[5] (true edge of ''):  %.not49 = icmp eq ptr %126, null
    -> Guard[6] (false edge of ''):  %116 = icmp samesign ult i64 %115, 3
    -> Guard[7] (false edge of ''):  %39 = icmp eq i8 %38, 1
    -> Guard[8] (false edge of ''):  %18 = icmp eq i64 %17, 0
    -> Guard[9] (false edge of 'entry'):  %6 = icmp samesign ult i64 %5, 2
    -> Collected 10 dominating context guard(s).
    -> [go3] 0 leaf-closure instruction(s) encoded
    -> Fact[RM:0] i64 %5 in [0,9223372036854775807) (!range)
    -> Fact[KB:1] i64 %5 known bits zero=0x9223372036854775808 one=0x0
    -> Fact[RM:2] i64 %115 in [0,9223372036854775807) (!range)
    -> Fact[KB:3] i64 %115 known bits zero=0x9223372036854775808 one=0x0
    -> Fact[RM:4] i64 %142 in [0,9223372036854775807) (!range)
    -> Fact[KB:5] i64 %142 known bits zero=0x9223372036854775808 one=0x0
    -> Fact[LVI:6] i64 %142 in [1,0) (LVI @ )
    -> Fact[RM:7] i64 %154 in [0,9223372036854775807) (!range)
    -> Fact[KB:8] i64 %154 known bits zero=0x9223372036854775808 one=0x0
    -> Fact[KB:9] i64 %164 known bits zero=0x9223372036854775808 one=0x0
    -> Fact[SCEV:10] i64 %164 in [0,9223372036854775804) (SCEV unsigned)
    -> Fact[SCEV:11] i64 %164 in [0,9223372036854775804) (SCEV signed)
    -> Fact[SCEVSYM:12] i64 %164 - start(0) <=u 3*BTC((3074457345618258601 umin ((((-1 * (1 umin %142))<nuw><nsw> + %142) /u 3) + (1 umin %142)) umin (((-1 + (-1 * (1 umin (-1 + %142)<nsw>))<nuw><nsw> + %142) /u 3) + (1 umin (-1 + %142)<nsw>)))) (SCEV symbolic trip count, sub-form)
    -> Fact[PHIINV-rel:13] i64 %165 == i64 %164 + 2 (constant-difference phi pair, 1-induction)
    -> Fact[PHIINV-lo:14] i64 %164 >=s i64 0 (monotone nsw increments, 1 arm(s))
    -> Fact[LVI:15] i64 %165 in [-9223372036854775803,9223372036854775807) (LVI @ )
    -> Fact[SCEV:16] i64 %165 in [2,9223372036854775806) (SCEV unsigned)
    -> Fact[SCEV:17] i64 %165 in [2,9223372036854775806) (SCEV signed)
    -> Fact[PHIINV-hi:18] i64 %165 == i64 2 || slt(i64 %165, i64 %142) (latch-implied bound, 1-induction)
    -> Fact[RM:19] i64 %142 in [0,9223372036854775807) (!range)
    -> Fact[KB:20] i64 %142 known bits zero=0x9223372036854775808 one=0x0
    -> Fact[LVI:21] i64 %142 in [1,0) (LVI @ )
    -> Fact[LVI:22] i64 %165 in [-9223372036854775803,9223372036854775807) (LVI @ )
    -> Fact[SCEV:23] i64 %165 in [2,9223372036854775806) (SCEV unsigned)
    -> Fact[SCEV:24] i64 %165 in [2,9223372036854775806) (SCEV signed)
    -> [heavy] 25 analysis fact(s) on 29 boundary value(s)
    -> [mv] T3: refused, bound not invariant in the trap loop: ((zext i8 %168 to i64) /u 4)
    -> [ind L0] BASE (3 phi(s) = entry): SAT (WARNING: Potential Integer Overflow Bug Detected!) [Query Latency: 15.125580 ms]
    -> [ind L1] BASE (2 phi(s) = entry): SAT (WARNING: Potential Integer Overflow Bug Detected!) [Query Latency: 14.195392 ms]
    -> SAT (WARNING: Potential Integer Overflow Bug Detected!) [Query Latency: 204.601487 ms]
    -> [mv] DEAD UNDER HYPOTHESIS H = {%154 >u 63} (1 of 28 candidates in core, round 1; re-solve 1.767253e+01 ms; trap loop depth 2, hoist to depth 2)
    -> [mv-nofold] fast-trap id 0 (check kept in the H-guarded fast copy) chk 7
  => SUCCESS (fast copy): trap folded in 1 copy inside the H-guarded clone of loop ''
  -> Found UB Trap. Starting Backward Slice...
    -> Guard[0] (true edge of ''):  %.not54 = icmp samesign ugt i64 %154, %176
    -> Guard[1] (true edge of ''):  %.not52 = icmp samesign ult i64 %169, %142
    -> Guard[2] (true edge of ''):  %.not51 = icmp samesign ult i64 %164, %142
    -> Guard[3] (true edge of ''):  %143 = icmp samesign ugt i64 %142, 2
    -> Guard[4] (false edge of ''):  %138 = icmp eq i64 %135, 0
    -> Guard[5] (false edge of ''):  %136 = icmp slt i64 %135, 0
    -> Guard[6] (true edge of ''):  %.not49 = icmp eq ptr %126, null
    -> Guard[7] (false edge of ''):  %116 = icmp samesign ult i64 %115, 3
    -> Guard[8] (false edge of ''):  %39 = icmp eq i8 %38, 1
    -> Guard[9] (false edge of ''):  %18 = icmp eq i64 %17, 0
    -> Guard[10] (false edge of 'entry'):  %6 = icmp samesign ult i64 %5, 2
    -> Collected 11 dominating context guard(s).
    -> [go3] 0 leaf-closure instruction(s) encoded
    -> Fact[RM:0] i64 %5 in [0,9223372036854775807) (!range)
    -> Fact[KB:1] i64 %5 known bits zero=0x9223372036854775808 one=0x0
    -> Fact[RM:2] i64 %115 in [0,9223372036854775807) (!range)
    -> Fact[KB:3] i64 %115 known bits zero=0x9223372036854775808 one=0x0
    -> Fact[RM:4] i64 %142 in [0,9223372036854775807) (!range)
    -> Fact[KB:5] i64 %142 known bits zero=0x9223372036854775808 one=0x0
    -> Fact[LVI:6] i64 %142 in [1,0) (LVI @ )
    -> Fact[RM:7] i64 %154 in [0,9223372036854775807) (!range)
    -> Fact[KB:8] i64 %154 known bits zero=0x9223372036854775808 one=0x0
    -> Fact[LVI:9] i64 %154 in [1,0) (LVI @ )
    -> Fact[KB:10] i64 %164 known bits zero=0x9223372036854775808 one=0x0
    -> Fact[SCEV:11] i64 %164 in [0,9223372036854775804) (SCEV unsigned)
    -> Fact[SCEV:12] i64 %164 in [0,9223372036854775804) (SCEV signed)
    -> Fact[SCEVSYM:13] i64 %164 - start(0) <=u 3*BTC((3074457345618258601 umin ((((-1 * (1 umin %142))<nuw><nsw> + %142) /u 3) + (1 umin %142)) umin (((-1 + (-1 * (1 umin (-1 + %142)<nsw>))<nuw><nsw> + %142) /u 3) + (1 umin (-1 + %142)<nsw>)))) (SCEV symbolic trip count, sub-form)
    -> Fact[PHIINV-rel:14] i64 %165 == i64 %164 + 2 (constant-difference phi pair, 1-induction)
    -> Fact[PHIINV-lo:15] i64 %164 >=s i64 0 (monotone nsw increments, 1 arm(s))
    -> Fact[LVI:16] i64 %165 in [-9223372036854775803,9223372036854775807) (LVI @ )
    -> Fact[SCEV:17] i64 %165 in [2,9223372036854775806) (SCEV unsigned)
    -> Fact[SCEV:18] i64 %165 in [2,9223372036854775806) (SCEV signed)
    -> Fact[PHIINV-hi:19] i64 %165 == i64 2 || slt(i64 %165, i64 %142) (latch-implied bound, 1-induction)
    -> Fact[RM:20] i64 %142 in [0,9223372036854775807) (!range)
    -> Fact[KB:21] i64 %142 known bits zero=0x9223372036854775808 one=0x0
    -> Fact[LVI:22] i64 %142 in [1,0) (LVI @ )
    -> Fact[LVI:23] i64 %165 in [-9223372036854775803,9223372036854775807) (LVI @ )
    -> Fact[SCEV:24] i64 %165 in [2,9223372036854775806) (SCEV unsigned)
    -> Fact[SCEV:25] i64 %165 in [2,9223372036854775806) (SCEV signed)
    -> [heavy] 26 analysis fact(s) on 30 boundary value(s)
    -> [mv] T3: refused, bound not invariant in the trap loop: (zext i8 ((16 * (zext i2 (trunc i8 %168 to i2) to i8))<nuw><nsw> + (%172 /u 16)) to i64)
    -> [ind L0] BASE (3 phi(s) = entry): SAT (WARNING: Potential Integer Overflow Bug Detected!) [Query Latency: 14.246423 ms]
    -> [ind L1] BASE (2 phi(s) = entry): SAT (WARNING: Potential Integer Overflow Bug Detected!) [Query Latency: 14.597564 ms]
    -> SAT (WARNING: Potential Integer Overflow Bug Detected!) [Query Latency: 53.801090 ms]
    -> [mv] DEAD UNDER HYPOTHESIS H = {%154 >u 63} (1 of 28 candidates in core, round 1; re-solve 3.848191e+01 ms; trap loop depth 2, hoist to depth 2)
    -> [mv-nofold] fast-trap id 1 (check kept in the H-guarded fast copy) chk 8
  => SUCCESS (fast copy): trap folded in 1 copy inside the H-guarded clone of loop ''
  -> Found UB Trap. Starting Backward Slice...
    -> Guard[0] (true edge of ''):  %.not55 = icmp samesign ugt i64 %154, %182
    -> Guard[1] (true edge of ''):  %.not54 = icmp samesign ugt i64 %154, %176
    -> Guard[2] (true edge of ''):  %.not52 = icmp samesign ult i64 %169, %142
    -> Guard[3] (true edge of ''):  %.not51 = icmp samesign ult i64 %164, %142
    -> Guard[4] (true edge of ''):  %143 = icmp samesign ugt i64 %142, 2
    -> Guard[5] (false edge of ''):  %138 = icmp eq i64 %135, 0
    -> Guard[6] (false edge of ''):  %136 = icmp slt i64 %135, 0
    -> Guard[7] (true edge of ''):  %.not49 = icmp eq ptr %126, null
    -> Guard[8] (false edge of ''):  %116 = icmp samesign ult i64 %115, 3
    -> Guard[9] (false edge of ''):  %39 = icmp eq i8 %38, 1
    -> Guard[10] (false edge of ''):  %18 = icmp eq i64 %17, 0
    -> Guard[11] (false edge of 'entry'):  %6 = icmp samesign ult i64 %5, 2
    -> Collected 12 dominating context guard(s).
    -> [go3] 0 leaf-closure instruction(s) encoded
    -> Fact[RM:0] i64 %5 in [0,9223372036854775807) (!range)
    -> Fact[KB:1] i64 %5 known bits zero=0x9223372036854775808 one=0x0
    -> Fact[RM:2] i64 %115 in [0,9223372036854775807) (!range)
    -> Fact[KB:3] i64 %115 known bits zero=0x9223372036854775808 one=0x0
    -> Fact[RM:4] i64 %142 in [0,9223372036854775807) (!range)
    -> Fact[KB:5] i64 %142 known bits zero=0x9223372036854775808 one=0x0
    -> Fact[LVI:6] i64 %142 in [1,0) (LVI @ )
    -> Fact[RM:7] i64 %154 in [0,9223372036854775807) (!range)
    -> Fact[KB:8] i64 %154 known bits zero=0x9223372036854775808 one=0x0
    -> Fact[LVI:9] i64 %154 in [1,0) (LVI @ )
    -> Fact[KB:10] i64 %164 known bits zero=0x9223372036854775808 one=0x0
    -> Fact[SCEV:11] i64 %164 in [0,9223372036854775804) (SCEV unsigned)
    -> Fact[SCEV:12] i64 %164 in [0,9223372036854775804) (SCEV signed)
    -> Fact[SCEVSYM:13] i64 %164 - start(0) <=u 3*BTC((3074457345618258601 umin ((((-1 * (1 umin %142))<nuw><nsw> + %142) /u 3) + (1 umin %142)) umin (((-1 + (-1 * (1 umin (-1 + %142)<nsw>))<nuw><nsw> + %142) /u 3) + (1 umin (-1 + %142)<nsw>)))) (SCEV symbolic trip count, sub-form)
    -> Fact[PHIINV-rel:14] i64 %165 == i64 %164 + 2 (constant-difference phi pair, 1-induction)
    -> Fact[PHIINV-lo:15] i64 %164 >=s i64 0 (monotone nsw increments, 1 arm(s))
    -> Fact[LVI:16] i64 %165 in [-9223372036854775803,9223372036854775807) (LVI @ )
    -> Fact[SCEV:17] i64 %165 in [2,9223372036854775806) (SCEV unsigned)
    -> Fact[SCEV:18] i64 %165 in [2,9223372036854775806) (SCEV signed)
    -> Fact[PHIINV-hi:19] i64 %165 == i64 2 || slt(i64 %165, i64 %142) (latch-implied bound, 1-induction)
    -> Fact[RM:20] i64 %142 in [0,9223372036854775807) (!range)
    -> Fact[KB:21] i64 %142 known bits zero=0x9223372036854775808 one=0x0
    -> Fact[LVI:22] i64 %142 in [1,0) (LVI @ )
    -> Fact[LVI:23] i64 %165 in [-9223372036854775803,9223372036854775807) (LVI @ )
    -> Fact[SCEV:24] i64 %165 in [2,9223372036854775806) (SCEV unsigned)
    -> Fact[SCEV:25] i64 %165 in [2,9223372036854775806) (SCEV signed)
    -> [heavy] 26 analysis fact(s) on 31 boundary value(s)
    -> [mv] T3: refused, bound not invariant in the trap loop: (zext i8 ((4 * (zext i4 (trunc i8 %172 to i4) to i8))<nuw><nsw> + (%174 /u 64)) to i64)
    -> [ind L0] BASE (3 phi(s) = entry): SAT (WARNING: Potential Integer Overflow Bug Detected!) [Query Latency: 12.889528 ms]
    -> [ind L1] BASE (2 phi(s) = entry): SAT (WARNING: Potential Integer Overflow Bug Detected!) [Query Latency: 13.258902 ms]
    -> SAT (WARNING: Potential Integer Overflow Bug Detected!) [Query Latency: 48.631090 ms]
    -> [mv] DEAD UNDER HYPOTHESIS H = {%154 >u 63} (1 of 28 candidates in core, round 1; re-solve 1.877570e+01 ms; trap loop depth 2, hoist to depth 2)
    -> [mv-nofold] fast-trap id 2 (check kept in the H-guarded fast copy) chk 9
  => SUCCESS (fast copy): trap folded in 1 copy inside the H-guarded clone of loop ''
  -> Found UB Trap. Starting Backward Slice...
    -> Guard[0] (true edge of ''):  %.not56 = icmp samesign ugt i64 %154, %188
    -> Guard[1] (true edge of ''):  %.not55 = icmp samesign ugt i64 %154, %182
    -> Guard[2] (true edge of ''):  %.not54 = icmp samesign ugt i64 %154, %176
    -> Guard[3] (true edge of ''):  %.not52 = icmp samesign ult i64 %169, %142
    -> Guard[4] (true edge of ''):  %.not51 = icmp samesign ult i64 %164, %142
    -> Guard[5] (true edge of ''):  %143 = icmp samesign ugt i64 %142, 2
    -> Guard[6] (false edge of ''):  %138 = icmp eq i64 %135, 0
    -> Guard[7] (false edge of ''):  %136 = icmp slt i64 %135, 0
    -> Guard[8] (true edge of ''):  %.not49 = icmp eq ptr %126, null
    -> Guard[9] (false edge of ''):  %116 = icmp samesign ult i64 %115, 3
    -> Guard[10] (false edge of ''):  %39 = icmp eq i8 %38, 1
    -> Guard[11] (false edge of ''):  %18 = icmp eq i64 %17, 0
    -> Guard[12] (false edge of 'entry'):  %6 = icmp samesign ult i64 %5, 2
    -> Collected 13 dominating context guard(s).
    -> [go3] 0 leaf-closure instruction(s) encoded
    -> Fact[RM:0] i64 %5 in [0,9223372036854775807) (!range)
    -> Fact[KB:1] i64 %5 known bits zero=0x9223372036854775808 one=0x0
    -> Fact[RM:2] i64 %115 in [0,9223372036854775807) (!range)
    -> Fact[KB:3] i64 %115 known bits zero=0x9223372036854775808 one=0x0
    -> Fact[RM:4] i64 %142 in [0,9223372036854775807) (!range)
    -> Fact[KB:5] i64 %142 known bits zero=0x9223372036854775808 one=0x0
    -> Fact[LVI:6] i64 %142 in [1,0) (LVI @ )
    -> Fact[RM:7] i64 %154 in [0,9223372036854775807) (!range)
    -> Fact[KB:8] i64 %154 known bits zero=0x9223372036854775808 one=0x0
    -> Fact[LVI:9] i64 %154 in [1,0) (LVI @ )
    -> Fact[KB:10] i64 %164 known bits zero=0x9223372036854775808 one=0x0
    -> Fact[SCEV:11] i64 %164 in [0,9223372036854775804) (SCEV unsigned)
    -> Fact[SCEV:12] i64 %164 in [0,9223372036854775804) (SCEV signed)
    -> Fact[SCEVSYM:13] i64 %164 - start(0) <=u 3*BTC((3074457345618258601 umin ((((-1 * (1 umin %142))<nuw><nsw> + %142) /u 3) + (1 umin %142)) umin (((-1 + (-1 * (1 umin (-1 + %142)<nsw>))<nuw><nsw> + %142) /u 3) + (1 umin (-1 + %142)<nsw>)))) (SCEV symbolic trip count, sub-form)
    -> Fact[PHIINV-rel:14] i64 %165 == i64 %164 + 2 (constant-difference phi pair, 1-induction)
    -> Fact[PHIINV-lo:15] i64 %164 >=s i64 0 (monotone nsw increments, 1 arm(s))
    -> Fact[LVI:16] i64 %165 in [-9223372036854775803,9223372036854775807) (LVI @ )
    -> Fact[SCEV:17] i64 %165 in [2,9223372036854775806) (SCEV unsigned)
    -> Fact[SCEV:18] i64 %165 in [2,9223372036854775806) (SCEV signed)
    -> Fact[PHIINV-hi:19] i64 %165 == i64 2 || slt(i64 %165, i64 %142) (latch-implied bound, 1-induction)
    -> Fact[RM:20] i64 %142 in [0,9223372036854775807) (!range)
    -> Fact[KB:21] i64 %142 known bits zero=0x9223372036854775808 one=0x0
    -> Fact[LVI:22] i64 %142 in [1,0) (LVI @ )
    -> Fact[LVI:23] i64 %165 in [-9223372036854775803,9223372036854775807) (LVI @ )
    -> Fact[SCEV:24] i64 %165 in [2,9223372036854775806) (SCEV unsigned)
    -> Fact[SCEV:25] i64 %165 in [2,9223372036854775806) (SCEV signed)
    -> [heavy] 26 analysis fact(s) on 31 boundary value(s)
    -> [mv] T3: refused, bound not invariant in the trap loop: (zext i6 (trunc i8 %174 to i6) to i64)
    -> [ind L0] BASE (3 phi(s) = entry): SAT (WARNING: Potential Integer Overflow Bug Detected!) [Query Latency: 9.377260 ms]
    -> [ind L1] BASE (2 phi(s) = entry): SAT (WARNING: Potential Integer Overflow Bug Detected!) [Query Latency: 9.928155 ms]
    -> SAT (WARNING: Potential Integer Overflow Bug Detected!) [Query Latency: 173.185835 ms]
    -> [mv] DEAD UNDER HYPOTHESIS H = {%154 >u 63} (1 of 28 candidates in core, round 1; re-solve 2.902475e+01 ms; trap loop depth 2, hoist to depth 2)
    -> [mv-nofold] fast-trap id 3 (check kept in the H-guarded fast copy) chk 10
  => SUCCESS (fast copy): trap folded in 1 copy inside the H-guarded clone of loop ''
  -> Found UB Trap. Starting Backward Slice...
    -> Guard[0] (true edge of ''):  %.not57 = icmp samesign ugt i64 %154, %191
    -> Guard[1] (true edge of ''):  %.not56 = icmp samesign ugt i64 %154, %188
    -> Guard[2] (true edge of ''):  %.not55 = icmp samesign ugt i64 %154, %182
    -> Guard[3] (true edge of ''):  %.not54 = icmp samesign ugt i64 %154, %176
    -> Guard[4] (true edge of ''):  %.not52 = icmp samesign ult i64 %169, %142
    -> Guard[5] (true edge of ''):  %.not51 = icmp samesign ult i64 %164, %142
    -> Guard[6] (true edge of ''):  %143 = icmp samesign ugt i64 %142, 2
    -> Guard[7] (false edge of ''):  %138 = icmp eq i64 %135, 0
    -> Guard[8] (false edge of ''):  %136 = icmp slt i64 %135, 0
    -> Guard[9] (true edge of ''):  %.not49 = icmp eq ptr %126, null
    -> Guard[10] (false edge of ''):  %116 = icmp samesign ult i64 %115, 3
    -> Guard[11] (false edge of ''):  %39 = icmp eq i8 %38, 1
    -> Guard[12] (false edge of ''):  %18 = icmp eq i64 %17, 0
    -> Guard[13] (false edge of 'entry'):  %6 = icmp samesign ult i64 %5, 2
    -> Collected 14 dominating context guard(s).
    -> [go3] 0 leaf-closure instruction(s) encoded
    -> Fact[RM:0] i64 %5 in [0,9223372036854775807) (!range)
    -> Fact[KB:1] i64 %5 known bits zero=0x9223372036854775808 one=0x0
    -> Fact[RM:2] i64 %115 in [0,9223372036854775807) (!range)
    -> Fact[KB:3] i64 %115 known bits zero=0x9223372036854775808 one=0x0
    -> Fact[RM:4] i64 %142 in [0,9223372036854775807) (!range)
    -> Fact[KB:5] i64 %142 known bits zero=0x9223372036854775808 one=0x0
    -> Fact[LVI:6] i64 %142 in [1,0) (LVI @ )
    -> Fact[RM:7] i64 %154 in [0,9223372036854775807) (!range)
    -> Fact[KB:8] i64 %154 known bits zero=0x9223372036854775808 one=0x0
    -> Fact[LVI:9] i64 %154 in [1,0) (LVI @ )
    -> Fact[KB:10] i64 %164 known bits zero=0x9223372036854775808 one=0x0
    -> Fact[SCEV:11] i64 %164 in [0,9223372036854775804) (SCEV unsigned)
    -> Fact[SCEV:12] i64 %164 in [0,9223372036854775804) (SCEV signed)
    -> Fact[SCEVSYM:13] i64 %164 - start(0) <=u 3*BTC((3074457345618258601 umin ((((-1 * (1 umin %142))<nuw><nsw> + %142) /u 3) + (1 umin %142)) umin (((-1 + (-1 * (1 umin (-1 + %142)<nsw>))<nuw><nsw> + %142) /u 3) + (1 umin (-1 + %142)<nsw>)))) (SCEV symbolic trip count, sub-form)
    -> Fact[PHIINV-rel:14] i64 %165 == i64 %164 + 2 (constant-difference phi pair, 1-induction)
    -> Fact[PHIINV-lo:15] i64 %164 >=s i64 0 (monotone nsw increments, 1 arm(s))
    -> Fact[LVI:16] i64 %165 in [-9223372036854775803,9223372036854775807) (LVI @ )
    -> Fact[SCEV:17] i64 %165 in [2,9223372036854775806) (SCEV unsigned)
    -> Fact[SCEV:18] i64 %165 in [2,9223372036854775806) (SCEV signed)
    -> Fact[PHIINV-hi:19] i64 %165 == i64 2 || slt(i64 %165, i64 %142) (latch-implied bound, 1-induction)
    -> Fact[RM:20] i64 %142 in [0,9223372036854775807) (!range)
    -> Fact[KB:21] i64 %142 known bits zero=0x9223372036854775808 one=0x0
    -> Fact[LVI:22] i64 %142 in [1,0) (LVI @ )
    -> Fact[LVI:23] i64 %165 in [-9223372036854775803,9223372036854775807) (LVI @ )
    -> Fact[SCEV:24] i64 %165 in [2,9223372036854775806) (SCEV unsigned)
    -> Fact[SCEV:25] i64 %165 in [2,9223372036854775806) (SCEV signed)
    -> [heavy] 26 analysis fact(s) on 31 boundary value(s)
    -> [mv] T3: trap condition not an ICmp
    -> [ind L0] BASE (3 phi(s) = entry): UNSAT (Dead Code / Impossible Path) [Query Latency: 1.752945 ms]
    -> Fact[p0.KB:0] i64 %164 known bits zero=0x9223372036854775808 one=0x0
    -> Fact[p0.SCEV:1] i64 %164 in [0,9223372036854775804) (SCEV unsigned)
    -> Fact[p0.SCEV:2] i64 %164 in [0,9223372036854775804) (SCEV signed)
    -> Fact[p0.SCEVSYM:3] i64 %164 - start(0) <=u 3*BTC((3074457345618258601 umin ((((-1 * (1 umin %142))<nuw><nsw> + %142) /u 3) + (1 umin %142)) umin (((-1 + (-1 * (1 umin (-1 + %142)<nsw>))<nuw><nsw> + %142) /u 3) + (1 umin (-1 + %142)<nsw>)))) (SCEV symbolic trip count, sub-form)
    -> Fact[p0.PHIINV-rel:4] i64 %165 == i64 %164 + 2 (constant-difference phi pair, 1-induction)
    -> Fact[p0.PHIINV-lo:5] i64 %164 >=s i64 0 (monotone nsw increments, 1 arm(s))
    -> Fact[p0.SCEV:6] i64 %165 in [2,9223372036854775806) (SCEV unsigned)
    -> Fact[p0.SCEV:7] i64 %165 in [2,9223372036854775806) (SCEV signed)
    -> Fact[p0.PHIINV-hi:8] i64 %165 == i64 2 || slt(i64 %165, i64 %142) (latch-implied bound, 1-induction)
    -> Fact[p0.RM:9] i64 %142 in [0,9223372036854775807) (!range)
    -> Fact[p0.KB:10] i64 %142 known bits zero=0x9223372036854775808 one=0x0
    -> Fact[p0.SCEV:11] i64 %165 in [2,9223372036854775806) (SCEV unsigned)
    -> Fact[p0.SCEV:12] i64 %165 in [2,9223372036854775806) (SCEV signed)
    -> [ind L0] STEP (copy: 51 instr, 0 skipped, 17 fresh, 13 fact(s), 3 link(s)): SAT (WARNING: Potential Integer Overflow Bug Detected!) [Query Latency: 25.607493 ms]
    -> [ind L1] BASE (2 phi(s) = entry): SAT (WARNING: Potential Integer Overflow Bug Detected!) [Query Latency: 15.905136 ms]
    -> SAT (WARNING: Potential Integer Overflow Bug Detected!) [Query Latency: 25.506105 ms]
    -> [mv] loosen: {%142 <=s 2^31} -> {%142 <=s 2^62}: UNSAT, adopted (4.778490e-01 ms)
    -> [mv] DEAD UNDER HYPOTHESIS H = {%142 <=s 2^62} (1 of 27 candidates in core, round 0; re-solve 1.712005e+00 ms; trap loop depth 2, hoist to depth 1)
    -> [mv-nofold] fast-trap id 4 (check kept in the H-guarded fast copy) chk 11
    -> [mv-nofold] fast-trap id 5 (check kept in the H-guarded fast copy) chk 11
  => SUCCESS (fast copy): trap folded in 2 copies inside the H-guarded clone of loop ''
  => Total Traps Eliminated: 2
  => Traps Folded In Fast Copies (mv): 5
  => Total Trap Attempts: 12
  => Total SMT Queries Executed: 12
  => Total SMT Query Latency: 7.547137e+03 ms
  => Average SMT Query Latency: 6.289281e+02 ms
  => Total DFS & SMT Execution Time: 9.571267e+03 ms
--------------------------------------------------

[Z3 Oracle] Analyzing Function: $ss17FixedWidthIntegerPsE_5radixxSgqd___SitcSyRd__lufcADSRys5UInt8VGXEfU_AGSiADs5Error_psAARzSSRsd__r__lIetyyrzo_Tpq5Si_Tg5
  [tier: heavy]
  -> Found UB Trap. Starting Backward Slice...
    -> Collected 0 dominating context guard(s).
    -> [heavy] 0 analysis fact(s) on 1 boundary value(s)
    -> [ind] trap not in a loop
    -> SAT (WARNING: Potential Integer Overflow Bug Detected!) [Query Latency: 0.485949 ms]
    -> [mv] trap not inside a loop: not versionable
  -> Found UB Trap. Starting Backward Slice...
    -> Collected 0 dominating context guard(s).
    -> [heavy] 0 analysis fact(s) on 1 boundary value(s)
    -> [ind] trap not in a loop
    -> SAT (WARNING: Potential Integer Overflow Bug Detected!) [Query Latency: 0.439148 ms]
    -> [mv] trap not inside a loop: not versionable
  => Total Traps Eliminated: 0
  => Traps Folded In Fast Copies (mv): 0
  => Total Trap Attempts: 2
  => Total SMT Queries Executed: 2
  => Total SMT Query Latency: 9.250970e-01 ms
  => Average SMT Query Latency: 4.625485e-01 ms
  => Total DFS & SMT Execution Time: 2.071534e+01 ms
--------------------------------------------------

[Z3 Oracle] Analyzing Function: $ss13_parseInteger5ascii5radixq_Sgx_SitSyRzs010FixedWidthB0R_r0_lFSSSiADSSRszsAER_r0_lIetgyr_Tpq5Si_Tg5
  [tier: heavy]
  -> Found UB Trap. Starting Backward Slice...
    -> Guard[0] (true edge of ''):  %.not = icmp eq i64 %19, 0
    -> Collected 1 dominating context guard(s).
    -> [heavy] 0 analysis fact(s) on 10 boundary value(s)
    -> [ind] trap not in a loop
    -> SAT (WARNING: Potential Integer Overflow Bug Detected!) [Query Latency: 0.963525 ms]
    -> [mv] trap not inside a loop: not versionable
  -> Found UB Trap. Starting Backward Slice...
    -> Guard[0] (true edge of ''):  %.not = icmp eq i64 %19, 0
    -> Collected 1 dominating context guard(s).
    -> [heavy] 0 analysis fact(s) on 10 boundary value(s)
    -> [ind] trap not in a loop
    -> SAT (WARNING: Potential Integer Overflow Bug Detected!) [Query Latency: 0.949731 ms]
    -> [mv] trap not inside a loop: not versionable
  => Total Traps Eliminated: 0
  => Traps Folded In Fast Copies (mv): 0
  => Total Trap Attempts: 2
  => Total SMT Queries Executed: 2
  => Total SMT Query Latency: 1.913256e+00 ms
  => Average SMT Query Latency: 9.566280e-01 ms
  => Total DFS & SMT Execution Time: 2.462974e+01 ms
--------------------------------------------------

[Z3 Oracle] Analyzing Function: $sSS8_copyingyS2SFZ
  [tier: heavy]
  => Total Traps Eliminated: 0
  => Traps Folded In Fast Copies (mv): 0
  => Total Trap Attempts: 0
  => Total SMT Queries Executed: 0
  => Total SMT Query Latency: 0.000000e+00 ms
  => Average SMT Query Latency: 0.000000e+00 ms
  => Total DFS & SMT Execution Time: 4.834200e-02 ms
--------------------------------------------------

[Z3 Oracle] Analyzing Function: $sSS8_copyingySSSsFZ
  [tier: heavy]
  -> Found UB Trap. Starting Backward Slice...
    -> Guard[0] (false edge of ''):  %11 = icmp eq i64 %10, 0
    -> Guard[1] (false edge of 'entry'):  %8 = icmp eq i64 %7, 0
    -> Collected 2 dominating context guard(s).
    -> Fact[LVI:0] i64 %6 in [1152921504606846976,0) (LVI @ )
    -> Fact[LVI:1] i64 %10 in [1,0) (LVI @ )
    -> [heavy] 2 analysis fact(s) on 3 boundary value(s)
    -> [ind] trap not in a loop
    -> SAT (WARNING: Potential Integer Overflow Bug Detected!) [Query Latency: 0.509481 ms]
    -> [mv] trap not inside a loop: not versionable
  => Total Traps Eliminated: 0
  => Traps Folded In Fast Copies (mv): 0
  => Total Trap Attempts: 1
  => Total SMT Queries Executed: 1
  => Total SMT Query Latency: 5.094810e-01 ms
  => Average SMT Query Latency: 5.094810e-01 ms
  => Total DFS & SMT Execution Time: 1.146786e+01 ms
--------------------------------------------------

[Z3 Oracle] Analyzing Function: $sSlsE5countSivgSs8UTF8ViewV_Tgq5
  [tier: heavy]
  -> Found UB Trap. Starting Backward Slice...
    -> Guard[0] (false edge of ''):  %6 = icmp eq i64 %5, 0
    -> Collected 1 dominating context guard(s).
    -> Fact[LVI:0] i64 %4 in [1152921504606846976,0) (LVI @ )
    -> [heavy] 1 analysis fact(s) on 4 boundary value(s)
    -> [ind] trap not in a loop
    -> SAT (WARNING: Potential Integer Overflow Bug Detected!) [Query Latency: 2.381702 ms]
    -> [mv] trap not inside a loop: not versionable
  -> Found UB Trap. Starting Backward Slice...
    -> Guard[0] (false edge of ''):  %29 = icmp samesign ult i64 %27, %28
    -> Guard[1] (false edge of ''):  %6 = icmp eq i64 %5, 0
    -> Collected 2 dominating context guard(s).
    -> Fact[LVI:0] i64 %4 in [1152921504606846976,0) (LVI @ )
    -> [heavy] 1 analysis fact(s) on 6 boundary value(s)
    -> [ind] trap not in a loop
    -> SAT (WARNING: Potential Integer Overflow Bug Detected!) [Query Latency: 2.183254 ms]
    -> [mv] trap not inside a loop: not versionable
  => Total Traps Eliminated: 0
  => Traps Folded In Fast Copies (mv): 0
  => Total Trap Attempts: 2
  => Total SMT Queries Executed: 2
  => Total SMT Query Latency: 4.564956e+00 ms
  => Average SMT Query Latency: 2.282478e+00 ms
  => Total DFS & SMT Execution Time: 2.877835e+01 ms
--------------------------------------------------

[Z3 Oracle] Analyzing Function: $ss22_ContiguousArrayBufferV19_uninitializedCount15minimumCapacityAByxGSi_SitcfCs5UInt8V_Tt1gq5
  [tier: heavy]
  => Total Traps Eliminated: 0
  => Traps Folded In Fast Copies (mv): 0
  => Total Trap Attempts: 0
  => Total SMT Queries Executed: 0
  => Total SMT Query Latency: 0.000000e+00 ms
  => Average SMT Query Latency: 0.000000e+00 ms
  => Total DFS & SMT Execution Time: 6.634000e-02 ms
--------------------------------------------------

[Z3 Oracle] Analyzing Function: $sSTsE21_copySequenceContents12initializing8IteratorQz_SitSry7ElementQzG_tFSs8UTF8ViewV_Tgq5
  [tier: heavy]
  -> Found UB Trap. Starting Backward Slice...
    -> Guard[0] (false edge of ''):  %11 = icmp eq i64 %2, 0
    -> Guard[1] (false edge of 'entry'):  %8 = icmp eq i64 %1, 0
    -> Collected 2 dominating context guard(s).
    -> Fact[LVI:0] i64 %1 in [1,0) (LVI @ )
    -> Fact[LVI:1] i64 %2 in [1,0) (LVI @ )
    -> [heavy] 2 analysis fact(s) on 2 boundary value(s)
    -> [ind] trap not in a loop
    -> SAT (WARNING: Potential Integer Overflow Bug Detected!) [Query Latency: 0.257133 ms]
    -> [mv] trap not inside a loop: not versionable
  -> Found UB Trap. Starting Backward Slice...
    -> Guard[0] (false edge of ''):  %17 = icmp eq i64 %16, %14
    -> Guard[1] (false edge of ''):  %13 = icmp slt i64 %2, 0
    -> Guard[2] (false edge of ''):  %11 = icmp eq i64 %2, 0
    -> Guard[3] (false edge of 'entry'):  %8 = icmp eq i64 %1, 0
    -> Collected 4 dominating context guard(s).
    -> [heavy] 0 analysis fact(s) on 8 boundary value(s)
    -> [mv] T3: trap condition not an ICmp
    -> [ind L0] BASE (3 phi(s) = entry): SAT (WARNING: Potential Integer Overflow Bug Detected!) [Query Latency: 2.817313 ms]
    -> SAT (WARNING: Potential Integer Overflow Bug Detected!) [Query Latency: 2.969805 ms]
    -> [mv] still SAT under 18 hypothesis candidate(s): not versionable
  -> Found UB Trap. Starting Backward Slice...
    -> Guard[0] (false edge of ''):  %21 = icmp eq i64 %20, 0
    -> Guard[1] (false edge of ''):  %48 = or i1 %46, %47
    -> Guard[2] (false edge of ''):  %17 = icmp eq i64 %16, %14
    -> Guard[3] (false edge of ''):  %13 = icmp slt i64 %2, 0
    -> Guard[4] (false edge of ''):  %11 = icmp eq i64 %2, 0
    -> Guard[5] (false edge of 'entry'):  %8 = icmp eq i64 %1, 0
    -> Collected 6 dominating context guard(s).
    -> Fact[LVI:0] i64 %19 in [1152921504606846976,0) (LVI @ )
    -> [heavy] 1 analysis fact(s) on 9 boundary value(s)
    -> [mv] T3: refused, bound not invariant in the trap loop: (%72 /u 65536)
    -> [ind L0] BASE (3 phi(s) = entry): SAT (WARNING: Potential Integer Overflow Bug Detected!) [Query Latency: 1.749931 ms]
    -> SAT (WARNING: Potential Integer Overflow Bug Detected!) [Query Latency: 2.703854 ms]
    -> [mv] hypothesis contradicts the context: refusing (H vacuous): {%35 >u 281474976710655}
  => Total Traps Eliminated: 0
  => Traps Folded In Fast Copies (mv): 0
  => Total Trap Attempts: 3
  => Total SMT Queries Executed: 3
  => Total SMT Query Latency: 1.653577e+01 ms
  => Average SMT Query Latency: 5.511924e+00 ms
  => Total DFS & SMT Execution Time: 5.818533e+01 ms
--------------------------------------------------

[Z3 Oracle] Analyzing Function: $ss11_StringGutsV27_slowEnsureMatchingEncodingySS5IndexVAEF
  [tier: heavy]
  => Total Traps Eliminated: 0
  => Traps Folded In Fast Copies (mv): 0
  => Total Trap Attempts: 0
  => Total SMT Queries Executed: 0
  => Total SMT Query Latency: 0.000000e+00 ms
  => Average SMT Query Latency: 0.000000e+00 ms
  => Total DFS & SMT Execution Time: 5.985900e-02 ms
--------------------------------------------------

[Z3 Oracle] Analyzing Function: $ss32_copyCollectionToContiguousArrayys0dE0Vy7ElementQzGxSlRzlFSS8UTF8ViewV_Tgq5
  [tier: heavy]
  -> Found UB Trap. Starting Backward Slice...
    -> Guard[0] (false edge of ''):  %15 = icmp eq i64 %14, 0
    -> Collected 1 dominating context guard(s).
    -> [heavy] 0 analysis fact(s) on 5 boundary value(s)
    -> [ind] trap not in a loop
    -> SAT (WARNING: Potential Integer Overflow Bug Detected!) [Query Latency: 0.508465 ms]
    -> [mv] trap not inside a loop: not versionable
  -> Found UB Trap. Starting Backward Slice...
    -> Guard[0] (false edge of ''):  %23 = icmp eq i8 %22, 1
    -> Guard[1] (false edge of ''):  %15 = icmp eq i64 %14, 0
    -> Guard[2] (llvm.assume):  %20 = icmp sgt i64 %14, -1
    -> Collected 3 dominating context guard(s).
    -> [heavy] 0 analysis fact(s) on 6 boundary value(s)
    -> [ind] trap not in a loop
    -> SAT (WARNING: Potential Integer Overflow Bug Detected!) [Query Latency: 0.661994 ms]
    -> [mv] trap not inside a loop: not versionable
  => Total Traps Eliminated: 0
  => Traps Folded In Fast Copies (mv): 0
  => Total Trap Attempts: 2
  => Total SMT Queries Executed: 2
  => Total SMT Query Latency: 1.170459e+00 ms
  => Average SMT Query Latency: 5.852295e-01 ms
  => Total DFS & SMT Execution Time: 2.501046e+01 ms
--------------------------------------------------

[Z3 Oracle] Analyzing Function: $ss32_copyCollectionToContiguousArrayys0dE0Vy7ElementQzGxSlRzlF20FoundationEssentials4DataV_Tgq5
  [tier: heavy]
  -> Found UB Trap. Starting Backward Slice...
    -> Collected 0 dominating context guard(s).
    -> [heavy] 0 analysis fact(s) on 2 boundary value(s)
    -> [ind] trap not in a loop
    -> SAT (WARNING: Potential Integer Overflow Bug Detected!) [Query Latency: 4.985606 ms]
    -> [mv] trap not inside a loop: not versionable
  -> Found UB Trap. Starting Backward Slice...
    -> Guard[0] (false edge of ''):  %27 = icmp eq i64 %26, 0
    -> Collected 1 dominating context guard(s).
    -> [heavy] 0 analysis fact(s) on 5 boundary value(s)
    -> [ind] trap not in a loop
    -> SAT (WARNING: Potential Integer Overflow Bug Detected!) [Query Latency: 5.571161 ms]
    -> [mv] trap not inside a loop: not versionable
  -> Found UB Trap. Starting Backward Slice...
    -> Collected 0 dominating context guard(s).
    -> [heavy] 0 analysis fact(s) on 1 boundary value(s)
    -> [ind] trap not in a loop
    -> SAT (WARNING: Potential Integer Overflow Bug Detected!) [Query Latency: 1.923897 ms]
    -> [mv] trap not inside a loop: not versionable
  => Total Traps Eliminated: 0
  => Traps Folded In Fast Copies (mv): 0
  => Total Trap Attempts: 3
  => Total SMT Queries Executed: 3
  => Total SMT Query Latency: 1.248066e+01 ms
  => Average SMT Query Latency: 4.160221e+00 ms
  => Total DFS & SMT Execution Time: 4.866830e+01 ms
--------------------------------------------------

[Z3 Oracle] Analyzing Function: $s20FoundationEssentials4DataV15_RepresentationOWOe
  [tier: heavy]
  => Total Traps Eliminated: 0
  => Traps Folded In Fast Copies (mv): 0
  => Total Trap Attempts: 0
  => Total SMT Queries Executed: 0
  => Total SMT Query Latency: 0.000000e+00 ms
  => Average SMT Query Latency: 0.000000e+00 ms
  => Total DFS & SMT Execution Time: 5.119800e-02 ms
--------------------------------------------------

[Z3 Oracle] Analyzing Function: __swift_instantiateConcreteTypeFromMangledName
  [tier: heavy]
  => Total Traps Eliminated: 0
  => Traps Folded In Fast Copies (mv): 0
  => Total Trap Attempts: 0
  => Total SMT Queries Executed: 0
  => Total SMT Query Latency: 0.000000e+00 ms
  => Average SMT Query Latency: 0.000000e+00 ms
  => Total DFS & SMT Execution Time: 3.923900e-02 ms
--------------------------------------------------

[Z3 Oracle] Analyzing Function: $s20FoundationEssentials4DataV8IteratorV_SitWOh
  [tier: heavy]
  => Total Traps Eliminated: 0
  => Traps Folded In Fast Copies (mv): 0
  => Total Trap Attempts: 0
  => Total SMT Queries Executed: 0
  => Total SMT Query Latency: 0.000000e+00 ms
  => Average SMT Query Latency: 0.000000e+00 ms
  => Total DFS & SMT Execution Time: 4.575400e-02 ms
--------------------------------------------------
