swiftc: Swift version 6.3.3 (swift-6.3.3-RELEASE)  sdk: default
opt   : LLVM (http://llvm.org/):
reps  : 30   kernel: main   runargs: '300 perf_test/sha_input.bin'

==== PHASE A: building ====
  built base     traps 2600->2847 bin  1083768 B  eliminated 0
  built base2x   traps 2600->3205 bin  1096040 B  eliminated 0
  built oracle   traps 2600->2577 bin  1124752 B  eliminated 265 (+112 folded in mv fast copies)
  built unchecked traps 2600->6    bin  1085096 B  eliminated 0
==== PHASE B: output equivalence gate ====
  outputs byte-identical across all configs -- gate passed
==== PHASE C: 30 shuffled reps x configs [base base2x oracle unchecked] ====
  rep 1/30
  rep 2/30
  rep 3/30
  rep 4/30
  rep 5/30
  rep 6/30
  rep 7/30
  rep 8/30
  rep 9/30
  rep 10/30
  rep 11/30
  rep 12/30
  rep 13/30
  rep 14/30
  rep 15/30
  rep 16/30
  rep 17/30
  rep 18/30
  rep 19/30
  rep 20/30
  rep 21/30
  rep 22/30
  rep 23/30
  rep 24/30
  rep 25/30
  rep 26/30
  rep 27/30
  rep 28/30
  rep 29/30
  rep 30/30

config      median       min       avg  audit
base        2.9758    2.9700    2.9802  ok
base2x      3.0055    3.0017    3.0074  ok
oracle      3.1983    3.1318    3.1979  OUTLIER(min<98%med)
unchecked    2.7843    2.7736    2.7846  ok
oracle vs base: -7.48% (median)
oracle vs base2x: -6.42% (median)
speedup: 0.9304x vs base, 0.9397x vs base2x; noise floor base/base2x 0.9901x
ceiling (same pipeline): 1.0688x = median base / median unchecked

CSV appended: /mydata/ODeSSy/evaluation/perf_swift.csv   (rerun with REPS=15 on the server for the real number)
