swiftc: Swift version 6.3.3 (swift-6.3.3-RELEASE)  sdk: default
opt   : LLVM (http://llvm.org/):
reps  : 30   kernel: lz77   runargs: '2 perf_test/sha_input.bin'

==== PHASE A: building ====
  built base     traps   30->26   bin    27624 B  eliminated 0
  built base2x   traps   30->26   bin    27624 B  eliminated 0
  built oracle   traps   30->25   bin    27624 B  eliminated 4
==== PHASE B: output equivalence gate ====
  outputs byte-identical across all configs -- gate passed
==== PHASE C: 30 shuffled reps x configs [base base2x oracle] ====
  rep 1/30
  rep 2/30
  rep 3/30
  rep 4/30
  rep 5/30
  rep 6/30
  rep 7/30
  rep 8/30
  rep 9/30
  rep 10/30
  rep 11/30
  rep 12/30
  rep 13/30
  rep 14/30
  rep 15/30
  rep 16/30
  rep 17/30
  rep 18/30
  rep 19/30
  rep 20/30
  rep 21/30
  rep 22/30
  rep 23/30
  rep 24/30
  rep 25/30
  rep 26/30
  rep 27/30
  rep 28/30
  rep 29/30
  rep 30/30

config      median       min       avg  audit
base        3.5340    3.5317    3.5337  ok
base2x      3.5340    3.5316    3.5339  ok
oracle      5.0862    5.0838    5.0859  ok
oracle vs base: -43.92% (median)
oracle vs base2x: -43.92% (median)
speedup: 0.6948x vs base, 0.6948x vs base2x; noise floor base/base2x 1.0000x

CSV appended: /mydata/ODeSSy/evaluation/perf_swift.csv   (rerun with REPS=15 on the server for the real number)
