swiftc: Swift version 6.3.3 (swift-6.3.3-RELEASE)  sdk: default
opt   : LLVM (http://llvm.org/):
reps  : 30   kernel: md5   runargs: '1200 perf_test/sha_input.bin'

==== PHASE A: building ====
  built base     traps   29->29   bin    28624 B  eliminated 0
  built base2x   traps   29->29   bin    28624 B  eliminated 0
  built oracle   traps   29->28   bin    28624 B  eliminated 1
  built unchecked traps   29->0    bin    28584 B  eliminated 0
==== PHASE B: output equivalence gate ====
  outputs byte-identical across all configs -- gate passed
==== PHASE C: 30 shuffled reps x configs [base base2x oracle unchecked] ====
  rep 1/30
  rep 2/30
  rep 3/30
  rep 4/30
  rep 5/30
  rep 6/30
  rep 7/30
  rep 8/30
  rep 9/30
  rep 10/30
  rep 11/30
  rep 12/30
  rep 13/30
  rep 14/30
  rep 15/30
  rep 16/30
  rep 17/30
  rep 18/30
  rep 19/30
  rep 20/30
  rep 21/30
  rep 22/30
  rep 23/30
  rep 24/30
  rep 25/30
  rep 26/30
  rep 27/30
  rep 28/30
  rep 29/30
  rep 30/30

config      median       min       avg  audit
base        6.9620    6.9580    6.9629  ok
base2x      6.9615    6.9578    6.9641  ok
oracle      7.0844    6.9708    7.0833  ok
unchecked    8.5479    8.5426    8.5475  ok
oracle vs base: -1.76% (median)
oracle vs base2x: -1.77% (median)
speedup: 0.9827x vs base, 0.9827x vs base2x; noise floor base/base2x 1.0001x
ceiling (same pipeline): 0.8145x = median base / median unchecked

CSV appended: /mydata/ODeSSy/evaluation/perf_swift.csv   (rerun with REPS=15 on the server for the real number)
