[ODeSSy] 16 trap site(s) across 1 function(s); threads=1 [tier: heavy] [frame] [mv] [narrow] [ind] [traps=bounds_error,boundserror,odessy.chk]

[Z3 Oracle] Analyzing Function: japi1_gemm!_145
  [tier: heavy]
  -> Trap source: abstractarray.jl:699
  -> Found UB Trap. Starting Backward Slice...
    -> Guard[0] (true edge of 'L85'):  %.fr268 = freeze i1 %35
    -> Guard[1] (true edge of 'L55'):  %.not1442 = icmp ult i64 %31, %.size2.sroa.1.0.copyload, !dbg !96
    -> Guard[2] (false edge of 'L55.preheader.split'):  %.fr = freeze i1 %27
    -> Guard[3] (false edge of 'L37'):  %.fr578 = freeze i1 %23
    -> Guard[4] (false edge of 'L37.preheader.split'):  %9 = icmp slt i64 %.size.sroa.0.0.copyload.fr, 1
    -> Guard[5] (false edge of 'L37.preheader'):  %8 = icmp slt i64 %.size2.sroa.1.0.copyload, 1
    -> Guard[6] (false edge of 'L20'):  %7 = icmp slt i64 %.size.sroa.3.0.copyload, 1, !dbg !68
    -> Guard[7] (true edge of 'L15'):  %.not150 = icmp eq i64 %.size8.sroa.1.0.copyload, %.size.sroa.3.0.copyload, !dbg !59
    -> Guard[8] (true edge of 'L10'):  %.not149 = icmp eq i64 %.size6.sroa.0.0.copyload, %.size2.sroa.1.0.copyload, !dbg !56
    -> Guard[9] (true edge of 'top'):  %.not = icmp eq i64 %.size4.sroa.0.0.copyload, %.size.sroa.0.0.copyload.fr, !dbg !51
    -> Collected 10 dominating context guard(s).
    -> Frame[0] held (cross-BB, no intervening clobber):  %.size.sroa.0.0.copyload = load i64, ptr %.size_ptr, align 8, !dbg !39, !tbaa !44, !alias.scope !45, !noalias !46  ==  %.size39.sroa.0.0.copyload = load i64, ptr %.size_ptr, align 8
    -> Frame[1] held (cross-BB, no intervening clobber):  %.size.sroa.3.0.copyload = load i64, ptr %.size.sroa.3.0..size_ptr.sroa_idx, align 8, !dbg !39, !tbaa !44, !alias.scope !45, !noalias !46  ==  %.size39.sroa.2.0.copyload = load i64, ptr %.size.sroa.3.0..size_ptr.sroa_idx, align 8
    -> Frame[2] held (cross-BB, no intervening clobber):  %.size4.sroa.0.0.copyload = load i64, ptr %.size_ptr1, align 8, !dbg !49, !tbaa !44, !alias.scope !45, !noalias !46  ==  %.size58.sroa.0.0.copyload = load i64, ptr %.size_ptr1, align 8
    -> Frame[3] held (cross-BB, no intervening clobber):  %.size2.sroa.1.0.copyload = load i64, ptr %.size2.sroa.1.0..size_ptr1.sroa_idx, align 8, !dbg !47, !tbaa !44, !alias.scope !45, !noalias !46  ==  %.size58.sroa.2.0.copyload = load i64, ptr %.size2.sroa.1.0..size_ptr1.sroa_idx, align 8
    -> Frame[4] held (cross-BB, no intervening clobber):  %.size.sroa.0.0.copyload = load i64, ptr %.size_ptr, align 8, !dbg !39, !tbaa !44, !alias.scope !45, !noalias !46  ==  %.size77.sroa.0.0.copyload = load i64, ptr %.size_ptr, align 8
    -> Frame[5] held (cross-BB, no intervening clobber):  %.size.sroa.3.0.copyload = load i64, ptr %.size.sroa.3.0..size_ptr.sroa_idx, align 8, !dbg !39, !tbaa !44, !alias.scope !45, !noalias !46  ==  %.size77.sroa.2.0.copyload = load i64, ptr %.size.sroa.3.0..size_ptr.sroa_idx, align 8
    -> [go3] 0 leaf-closure instruction(s) encoded
    -> Fact[LVI:0] i64 %.size2.sroa.1.0.copyload in [1,0) (LVI @ L133.preheader.split.split.us)
    -> Fact[SCEV:1] i64 %value_phi13 in [1,-9223372036854775808) (SCEV unsigned)
    -> Fact[SCEV:2] i64 %value_phi13 in [1,-9223372036854775808) (SCEV signed)
    -> Fact[SCEVSYM:3] i64 %value_phi13 - start(1) <=u BTC((-1 + (0 smax %.size.sroa.3.0.copyload))<nsw>) (SCEV symbolic trip count, sub-form)
    -> Fact[LVI:4] i64 %value_phi20 in [1,0) (LVI @ L133.preheader.split.split.us)
    -> Fact[SCEV:5] i64 %value_phi20 in [1,-9223372036854775808) (SCEV unsigned)
    -> Fact[SCEV:6] i64 %value_phi20 in [1,-9223372036854775808) (SCEV signed)
    -> Fact[SCEVSYM:7] i64 %value_phi20 - start(1) <=u BTC(((-1 + (0 smax %.size2.sroa.1.0.copyload))<nsw> umin %.size2.sroa.1.0.copyload)) (SCEV symbolic trip count, sub-form)
    -> Fact[LVI:8] i64 %.size2.sroa.1.0.copyload in [1,0) (LVI @ L133.preheader.split.split.us)
    -> [heavy] 9 analysis fact(s) on 11 boundary value(s)
    -> Fact[FRAME:0] cross-BB load pair unified (frame held)
    -> Fact[FRAME:1] cross-BB load pair unified (frame held)
    -> Fact[FRAME:2] cross-BB load pair unified (frame held)
    -> Fact[FRAME:3] cross-BB load pair unified (frame held)
    -> Fact[FRAME:4] cross-BB load pair unified (frame held)
    -> Fact[FRAME:5] cross-BB load pair unified (frame held)
    -> UNSAT (Dead Code / Impossible Path) [Query Latency: 0.022416 ms]
  => SUCCESS: Trap mathematically neutralized!
  -> Trap source: abstractarray.jl:699
  -> Found UB Trap. Starting Backward Slice...
    -> Guard[0] (false edge of 'L133.preheader.split.split.split.us'):  %41 = icmp eq i64 %.size39.sroa.0.0.copyload, 0, !dbg !130
    -> Guard[1] (true edge of 'L133.preheader.split.split'):  %.fr382 = freeze i1 %40
    -> Guard[2] (false edge of 'L85'):  %.fr268 = freeze i1 %35
    -> Guard[3] (true edge of 'L55'):  %.not1442 = icmp ult i64 %31, %.size2.sroa.1.0.copyload, !dbg !96
    -> Guard[4] (false edge of 'L55.preheader.split'):  %.fr = freeze i1 %27
    -> Guard[5] (false edge of 'L37'):  %.fr578 = freeze i1 %23
    -> Guard[6] (false edge of 'L37.preheader.split'):  %9 = icmp slt i64 %.size.sroa.0.0.copyload.fr, 1
    -> Guard[7] (false edge of 'L37.preheader'):  %8 = icmp slt i64 %.size2.sroa.1.0.copyload, 1
    -> Guard[8] (false edge of 'L20'):  %7 = icmp slt i64 %.size.sroa.3.0.copyload, 1, !dbg !68
    -> Guard[9] (true edge of 'L15'):  %.not150 = icmp eq i64 %.size8.sroa.1.0.copyload, %.size.sroa.3.0.copyload, !dbg !59
    -> Guard[10] (true edge of 'L10'):  %.not149 = icmp eq i64 %.size6.sroa.0.0.copyload, %.size2.sroa.1.0.copyload, !dbg !56
    -> Guard[11] (true edge of 'top'):  %.not = icmp eq i64 %.size4.sroa.0.0.copyload, %.size.sroa.0.0.copyload.fr, !dbg !51
    -> Collected 12 dominating context guard(s).
    -> Frame[0] held (cross-BB, no intervening clobber):  %.size.sroa.0.0.copyload = load i64, ptr %.size_ptr, align 8, !dbg !39, !tbaa !44, !alias.scope !45, !noalias !46  ==  %.size39.sroa.0.0.copyload = load i64, ptr %.size_ptr, align 8
    -> Frame[1] held (cross-BB, no intervening clobber):  %.size.sroa.3.0.copyload = load i64, ptr %.size.sroa.3.0..size_ptr.sroa_idx, align 8, !dbg !39, !tbaa !44, !alias.scope !45, !noalias !46  ==  %.size39.sroa.2.0.copyload = load i64, ptr %.size.sroa.3.0..size_ptr.sroa_idx, align 8
    -> Frame[2] held (cross-BB, no intervening clobber):  %.size4.sroa.0.0.copyload = load i64, ptr %.size_ptr1, align 8, !dbg !49, !tbaa !44, !alias.scope !45, !noalias !46  ==  %.size58.sroa.0.0.copyload = load i64, ptr %.size_ptr1, align 8
    -> Frame[3] held (cross-BB, no intervening clobber):  %.size2.sroa.1.0.copyload = load i64, ptr %.size2.sroa.1.0..size_ptr1.sroa_idx, align 8, !dbg !47, !tbaa !44, !alias.scope !45, !noalias !46  ==  %.size58.sroa.2.0.copyload = load i64, ptr %.size2.sroa.1.0..size_ptr1.sroa_idx, align 8
    -> Frame[4] held (cross-BB, no intervening clobber):  %.size.sroa.0.0.copyload = load i64, ptr %.size_ptr, align 8, !dbg !39, !tbaa !44, !alias.scope !45, !noalias !46  ==  %.size77.sroa.0.0.copyload = load i64, ptr %.size_ptr, align 8
    -> Frame[5] held (cross-BB, no intervening clobber):  %.size.sroa.3.0.copyload = load i64, ptr %.size.sroa.3.0..size_ptr.sroa_idx, align 8, !dbg !39, !tbaa !44, !alias.scope !45, !noalias !46  ==  %.size77.sroa.2.0.copyload = load i64, ptr %.size.sroa.3.0..size_ptr.sroa_idx, align 8
    -> [go3] 0 leaf-closure instruction(s) encoded
    -> Fact[LVI:0] i64 %.size2.sroa.1.0.copyload in [1,0) (LVI @ L163.us334)
    -> Fact[SCEV:1] i64 %value_phi13 in [1,-9223372036854775808) (SCEV unsigned)
    -> Fact[SCEV:2] i64 %value_phi13 in [1,-9223372036854775808) (SCEV signed)
    -> Fact[SCEVSYM:3] i64 %value_phi13 - start(1) <=u BTC((-1 + (0 smax %.size.sroa.3.0.copyload))<nsw>) (SCEV symbolic trip count, sub-form)
    -> Fact[LVI:4] i64 %.size39.sroa.0.0.copyload in [1,0) (LVI @ L163.us334)
    -> Fact[LVI:5] i64 %value_phi20 in [1,0) (LVI @ L163.us334)
    -> Fact[SCEV:6] i64 %value_phi20 in [1,-9223372036854775808) (SCEV unsigned)
    -> Fact[SCEV:7] i64 %value_phi20 in [1,-9223372036854775808) (SCEV signed)
    -> Fact[SCEVSYM:8] i64 %value_phi20 - start(1) <=u BTC(((-1 + (0 smax %.size2.sroa.1.0.copyload))<nsw> umin %.size2.sroa.1.0.copyload)) (SCEV symbolic trip count, sub-form)
    -> Fact[LVI:9] i64 %.size2.sroa.1.0.copyload in [1,0) (LVI @ L163.us334)
    -> [heavy] 10 analysis fact(s) on 13 boundary value(s)
    -> Fact[FRAME:0] cross-BB load pair unified (frame held)
    -> Fact[FRAME:1] cross-BB load pair unified (frame held)
    -> Fact[FRAME:2] cross-BB load pair unified (frame held)
    -> Fact[FRAME:3] cross-BB load pair unified (frame held)
    -> Fact[FRAME:4] cross-BB load pair unified (frame held)
    -> Fact[FRAME:5] cross-BB load pair unified (frame held)
    -> UNSAT (Dead Code / Impossible Path) [Query Latency: 0.011583 ms]
  => SUCCESS: Trap mathematically neutralized!
  -> Found UB Trap. Starting Backward Slice...
    -> Guard[0] (false edge of 'L55.preheader.split'):  %.fr = freeze i1 %27
    -> Guard[1] (false edge of 'L37'):  %.fr578 = freeze i1 %23
    -> Guard[2] (false edge of 'L37.preheader.split'):  %9 = icmp slt i64 %.size.sroa.0.0.copyload.fr, 1
    -> Guard[3] (false edge of 'L37.preheader'):  %8 = icmp slt i64 %.size2.sroa.1.0.copyload, 1
    -> Guard[4] (false edge of 'L20'):  %7 = icmp slt i64 %.size.sroa.3.0.copyload, 1, !dbg !68
    -> Guard[5] (true edge of 'L15'):  %.not150 = icmp eq i64 %.size8.sroa.1.0.copyload, %.size.sroa.3.0.copyload, !dbg !59
    -> Guard[6] (true edge of 'L10'):  %.not149 = icmp eq i64 %.size6.sroa.0.0.copyload, %.size2.sroa.1.0.copyload, !dbg !56
    -> Guard[7] (true edge of 'top'):  %.not = icmp eq i64 %.size4.sroa.0.0.copyload, %.size.sroa.0.0.copyload.fr, !dbg !51
    -> Collected 8 dominating context guard(s).
    -> Frame[0] held (cross-BB, no intervening clobber):  %.size.sroa.0.0.copyload = load i64, ptr %.size_ptr, align 8, !dbg !39, !tbaa !44, !alias.scope !45, !noalias !46  ==  %.size39.sroa.0.0.copyload = load i64, ptr %.size_ptr, align 8
    -> Frame[1] held (cross-BB, no intervening clobber):  %.size.sroa.3.0.copyload = load i64, ptr %.size.sroa.3.0..size_ptr.sroa_idx, align 8, !dbg !39, !tbaa !44, !alias.scope !45, !noalias !46  ==  %.size39.sroa.2.0.copyload = load i64, ptr %.size.sroa.3.0..size_ptr.sroa_idx, align 8
    -> Frame[2] held (cross-BB, no intervening clobber):  %.size4.sroa.0.0.copyload = load i64, ptr %.size_ptr1, align 8, !dbg !49, !tbaa !44, !alias.scope !45, !noalias !46  ==  %.size58.sroa.0.0.copyload = load i64, ptr %.size_ptr1, align 8
    -> Frame[3] held (cross-BB, no intervening clobber):  %.size2.sroa.1.0.copyload = load i64, ptr %.size2.sroa.1.0..size_ptr1.sroa_idx, align 8, !dbg !47, !tbaa !44, !alias.scope !45, !noalias !46  ==  %.size58.sroa.2.0.copyload = load i64, ptr %.size2.sroa.1.0..size_ptr1.sroa_idx, align 8
    -> Frame[4] held (cross-BB, no intervening clobber):  %.size.sroa.0.0.copyload = load i64, ptr %.size_ptr, align 8, !dbg !39, !tbaa !44, !alias.scope !45, !noalias !46  ==  %.size77.sroa.0.0.copyload = load i64, ptr %.size_ptr, align 8
    -> Frame[5] held (cross-BB, no intervening clobber):  %.size.sroa.3.0.copyload = load i64, ptr %.size.sroa.3.0..size_ptr.sroa_idx, align 8, !dbg !39, !tbaa !44, !alias.scope !45, !noalias !46  ==  %.size77.sroa.2.0.copyload = load i64, ptr %.size.sroa.3.0..size_ptr.sroa_idx, align 8
    -> [go3] 0 leaf-closure instruction(s) encoded
    -> Fact[SCEV:0] i64 %value_phi13 in [1,-9223372036854775808) (SCEV unsigned)
    -> Fact[SCEV:1] i64 %value_phi13 in [1,-9223372036854775808) (SCEV signed)
    -> Fact[SCEVSYM:2] i64 %value_phi13 - start(1) <=u BTC((-1 + (0 smax %.size.sroa.3.0.copyload))<nsw>) (SCEV symbolic trip count, sub-form)
    -> Fact[SCEV:3] i64 %value_phi20 in [1,-9223372036854775808) (SCEV unsigned)
    -> Fact[SCEV:4] i64 %value_phi20 in [1,-9223372036854775808) (SCEV signed)
    -> Fact[SCEVSYM:5] i64 %value_phi20 - start(1) <=u BTC(((-1 + (0 smax %.size2.sroa.1.0.copyload))<nsw> umin %.size2.sroa.1.0.copyload)) (SCEV symbolic trip count, sub-form)
    -> [heavy] 6 analysis fact(s) on 9 boundary value(s)
    -> [mv] T3 symbolic index bound: max(idx) = (-1 + (0 smax %.size2.sroa.1.0.copyload))<nsw>
    -> Fact[FRAME:0] cross-BB load pair unified (frame held)
    -> Fact[FRAME:1] cross-BB load pair unified (frame held)
    -> Fact[FRAME:2] cross-BB load pair unified (frame held)
    -> Fact[FRAME:3] cross-BB load pair unified (frame held)
    -> Fact[FRAME:4] cross-BB load pair unified (frame held)
    -> Fact[FRAME:5] cross-BB load pair unified (frame held)
    -> UNSAT (Dead Code / Impossible Path) [Query Latency: 13.009292 ms]
  => SUCCESS: Trap mathematically neutralized!
  -> Found UB Trap. Starting Backward Slice...
    -> Guard[0] (false edge of 'L37.preheader.split'):  %9 = icmp slt i64 %.size.sroa.0.0.copyload.fr, 1
    -> Guard[1] (false edge of 'L37.preheader'):  %8 = icmp slt i64 %.size2.sroa.1.0.copyload, 1
    -> Guard[2] (false edge of 'L20'):  %7 = icmp slt i64 %.size.sroa.3.0.copyload, 1, !dbg !68
    -> Guard[3] (true edge of 'L15'):  %.not150 = icmp eq i64 %.size8.sroa.1.0.copyload, %.size.sroa.3.0.copyload, !dbg !59
    -> Guard[4] (true edge of 'L10'):  %.not149 = icmp eq i64 %.size6.sroa.0.0.copyload, %.size2.sroa.1.0.copyload, !dbg !56
    -> Guard[5] (true edge of 'top'):  %.not = icmp eq i64 %.size4.sroa.0.0.copyload, %.size.sroa.0.0.copyload.fr, !dbg !51
    -> Collected 6 dominating context guard(s).
    -> Frame[0] held (cross-BB, no intervening clobber):  %.size.sroa.0.0.copyload = load i64, ptr %.size_ptr, align 8, !dbg !39, !tbaa !44, !alias.scope !45, !noalias !46  ==  %.size39.sroa.0.0.copyload = load i64, ptr %.size_ptr, align 8
    -> Frame[1] held (cross-BB, no intervening clobber):  %.size.sroa.3.0.copyload = load i64, ptr %.size.sroa.3.0..size_ptr.sroa_idx, align 8, !dbg !39, !tbaa !44, !alias.scope !45, !noalias !46  ==  %.size39.sroa.2.0.copyload = load i64, ptr %.size.sroa.3.0..size_ptr.sroa_idx, align 8
    -> Frame[2] held (cross-BB, no intervening clobber):  %.size4.sroa.0.0.copyload = load i64, ptr %.size_ptr1, align 8, !dbg !49, !tbaa !44, !alias.scope !45, !noalias !46  ==  %.size58.sroa.0.0.copyload = load i64, ptr %.size_ptr1, align 8
    -> Frame[3] held (cross-BB, no intervening clobber):  %.size2.sroa.1.0.copyload = load i64, ptr %.size2.sroa.1.0..size_ptr1.sroa_idx, align 8, !dbg !47, !tbaa !44, !alias.scope !45, !noalias !46  ==  %.size58.sroa.2.0.copyload = load i64, ptr %.size2.sroa.1.0..size_ptr1.sroa_idx, align 8
    -> Frame[4] held (cross-BB, no intervening clobber):  %.size.sroa.0.0.copyload = load i64, ptr %.size_ptr, align 8, !dbg !39, !tbaa !44, !alias.scope !45, !noalias !46  ==  %.size77.sroa.0.0.copyload = load i64, ptr %.size_ptr, align 8
    -> Frame[5] held (cross-BB, no intervening clobber):  %.size.sroa.3.0.copyload = load i64, ptr %.size.sroa.3.0..size_ptr.sroa_idx, align 8, !dbg !39, !tbaa !44, !alias.scope !45, !noalias !46  ==  %.size77.sroa.2.0.copyload = load i64, ptr %.size.sroa.3.0..size_ptr.sroa_idx, align 8
    -> [go3] 0 leaf-closure instruction(s) encoded
    -> Fact[SCEV:0] i64 %value_phi13 in [1,-9223372036854775808) (SCEV unsigned)
    -> Fact[SCEV:1] i64 %value_phi13 in [1,-9223372036854775808) (SCEV signed)
    -> Fact[SCEVSYM:2] i64 %value_phi13 - start(1) <=u BTC((-1 + (0 smax %.size.sroa.3.0.copyload))<nsw>) (SCEV symbolic trip count, sub-form)
    -> [heavy] 3 analysis fact(s) on 7 boundary value(s)
    -> [mv] T3: trap condition not an ICmp
    -> Fact[FRAME:0] cross-BB load pair unified (frame held)
    -> Fact[FRAME:1] cross-BB load pair unified (frame held)
    -> Fact[FRAME:2] cross-BB load pair unified (frame held)
    -> Fact[FRAME:3] cross-BB load pair unified (frame held)
    -> Fact[FRAME:4] cross-BB load pair unified (frame held)
    -> Fact[FRAME:5] cross-BB load pair unified (frame held)
    -> UNSAT (Dead Code / Impossible Path) [Query Latency: 5.701292 ms]
  => SUCCESS: Trap mathematically neutralized!
  -> Found UB Trap. Starting Backward Slice...
    -> Guard[0] (false edge of 'L37.us1021'):  %.fr578.us = freeze i1 %14
    -> Guard[1] (true edge of 'L37.preheader.split'):  %9 = icmp slt i64 %.size.sroa.0.0.copyload.fr, 1
    -> Guard[2] (false edge of 'L37.preheader'):  %8 = icmp slt i64 %.size2.sroa.1.0.copyload, 1
    -> Guard[3] (false edge of 'L20'):  %7 = icmp slt i64 %.size.sroa.3.0.copyload, 1, !dbg !68
    -> Guard[4] (true edge of 'L15'):  %.not150 = icmp eq i64 %.size8.sroa.1.0.copyload, %.size.sroa.3.0.copyload, !dbg !59
    -> Guard[5] (true edge of 'L10'):  %.not149 = icmp eq i64 %.size6.sroa.0.0.copyload, %.size2.sroa.1.0.copyload, !dbg !56
    -> Guard[6] (true edge of 'top'):  %.not = icmp eq i64 %.size4.sroa.0.0.copyload, %.size.sroa.0.0.copyload.fr, !dbg !51
    -> Collected 7 dominating context guard(s).
    -> Frame[0] held (cross-BB, no intervening clobber):  %.size.sroa.0.0.copyload = load i64, ptr %.size_ptr, align 8, !dbg !39, !tbaa !44, !alias.scope !45, !noalias !46  ==  %.size39.sroa.0.0.copyload = load i64, ptr %.size_ptr, align 8
    -> Frame[1] held (cross-BB, no intervening clobber):  %.size.sroa.3.0.copyload = load i64, ptr %.size.sroa.3.0..size_ptr.sroa_idx, align 8, !dbg !39, !tbaa !44, !alias.scope !45, !noalias !46  ==  %.size39.sroa.2.0.copyload = load i64, ptr %.size.sroa.3.0..size_ptr.sroa_idx, align 8
    -> Frame[2] held (cross-BB, no intervening clobber):  %.size4.sroa.0.0.copyload = load i64, ptr %.size_ptr1, align 8, !dbg !49, !tbaa !44, !alias.scope !45, !noalias !46  ==  %.size58.sroa.0.0.copyload = load i64, ptr %.size_ptr1, align 8
    -> Frame[3] held (cross-BB, no intervening clobber):  %.size2.sroa.1.0.copyload = load i64, ptr %.size2.sroa.1.0..size_ptr1.sroa_idx, align 8, !dbg !47, !tbaa !44, !alias.scope !45, !noalias !46  ==  %.size58.sroa.2.0.copyload = load i64, ptr %.size2.sroa.1.0..size_ptr1.sroa_idx, align 8
    -> Frame[4] held (cross-BB, no intervening clobber):  %.size.sroa.0.0.copyload = load i64, ptr %.size_ptr, align 8, !dbg !39, !tbaa !44, !alias.scope !45, !noalias !46  ==  %.size77.sroa.0.0.copyload = load i64, ptr %.size_ptr, align 8
    -> Frame[5] held (cross-BB, no intervening clobber):  %.size.sroa.3.0.copyload = load i64, ptr %.size.sroa.3.0..size_ptr.sroa_idx, align 8, !dbg !39, !tbaa !44, !alias.scope !45, !noalias !46  ==  %.size77.sroa.2.0.copyload = load i64, ptr %.size.sroa.3.0..size_ptr.sroa_idx, align 8
    -> [go3] 10 leaf-closure instruction(s) encoded
    -> Fact[LVI:0] i64 %.size2.sroa.1.0.copyload in [1,0) (LVI @ L55.us662.us)
    -> Fact[SCEV:1] i64 %value_phi13.us1030 in [1,-9223372036854775808) (SCEV unsigned)
    -> Fact[SCEV:2] i64 %value_phi13.us1030 in [1,-9223372036854775808) (SCEV signed)
    -> Fact[SCEVSYM:3] i64 %value_phi13.us1030 - start(1) <=u BTC((-1 + (0 smax %.size.sroa.3.0.copyload))<nsw>) (SCEV symbolic trip count, sub-form)
    -> Fact[SCEVSYM:4] i64 %value_phi20.us669.us - start(%bc.resume.val1616) <=u BTC((((-1 * %bc.resume.val1616) + (0 smax %.size2.sroa.1.0.copyload)) umin (1 + (-1 * %bc.resume.val1616) + ((-1 + %bc.resume.val1616)<nsw> umax %.size2.sroa.1.0.copyload)))) (SCEV symbolic trip count, sub-form)
    -> Fact[KB:5] i64 %index1618 known bits zero=0x15 one=0x0
    -> Fact[SCEV:6] i64 %index1618 in [0,-15) (SCEV unsigned)
    -> Fact[SCEV:7] i64 %index1618 in [-9223372036854775808,9223372036854775793) (SCEV signed)
    -> Fact[SCEVSYM:8] i64 %index1618 - start(0) <=u 16*BTC(((-15 + (-1 * %16)<nsw> + ((-1 + (0 smax %.size2.sroa.1.0.copyload))<nsw> umin %.size2.sroa.1.0.copyload)) /u 16)) (SCEV symbolic trip count, sub-form)
    -> Fact[PHIINV-hi:9] i64 %index1618 == i64 0 || ne(i64 %index1618, i64 %n.vec1614) (latch-implied bound, 1-induction)
    -> Fact[SCEVEQ:10] i64 %bc.resume.val1616 in phi image (2 incoming)
    -> Fact[LVI:11] i64 %.size2.sroa.1.0.copyload in [1,0) (LVI @ L55.us662.us)
    -> Fact[KB:12] i64 %16 known bits zero=0x18446744073709551584 one=0x0
    -> Fact[SCEVEQ:13] i64 %ind.end1615 == SCEV((2 + (-1 * %16)<nsw> + ((-1 + (0 smax %.size2.sroa.1.0.copyload))<nsw> umin %.size2.sroa.1.0.copyload)))
    -> [heavy] 14 analysis fact(s) on 10 boundary value(s)
    -> [mv] T3 symbolic index bound: max(idx) = (-1 + (0 smax %.size2.sroa.1.0.copyload))<nsw>
    -> Fact[FRAME:0] cross-BB load pair unified (frame held)
    -> Fact[FRAME:1] cross-BB load pair unified (frame held)
    -> Fact[FRAME:2] cross-BB load pair unified (frame held)
    -> Fact[FRAME:3] cross-BB load pair unified (frame held)
    -> Fact[FRAME:4] cross-BB load pair unified (frame held)
    -> Fact[FRAME:5] cross-BB load pair unified (frame held)
    -> UNSAT (Dead Code / Impossible Path) [Query Latency: 263.011959 ms]
  => SUCCESS: Trap mathematically neutralized!
  -> Found UB Trap. Starting Backward Slice...
    -> Guard[0] (true edge of 'L37.preheader.split'):  %9 = icmp slt i64 %.size.sroa.0.0.copyload.fr, 1
    -> Guard[1] (false edge of 'L37.preheader'):  %8 = icmp slt i64 %.size2.sroa.1.0.copyload, 1
    -> Guard[2] (false edge of 'L20'):  %7 = icmp slt i64 %.size.sroa.3.0.copyload, 1, !dbg !68
    -> Guard[3] (true edge of 'L15'):  %.not150 = icmp eq i64 %.size8.sroa.1.0.copyload, %.size.sroa.3.0.copyload, !dbg !59
    -> Guard[4] (true edge of 'L10'):  %.not149 = icmp eq i64 %.size6.sroa.0.0.copyload, %.size2.sroa.1.0.copyload, !dbg !56
    -> Guard[5] (true edge of 'top'):  %.not = icmp eq i64 %.size4.sroa.0.0.copyload, %.size.sroa.0.0.copyload.fr, !dbg !51
    -> Collected 6 dominating context guard(s).
    -> Frame[0] held (cross-BB, no intervening clobber):  %.size.sroa.0.0.copyload = load i64, ptr %.size_ptr, align 8, !dbg !39, !tbaa !44, !alias.scope !45, !noalias !46  ==  %.size39.sroa.0.0.copyload = load i64, ptr %.size_ptr, align 8
    -> Frame[1] held (cross-BB, no intervening clobber):  %.size.sroa.3.0.copyload = load i64, ptr %.size.sroa.3.0..size_ptr.sroa_idx, align 8, !dbg !39, !tbaa !44, !alias.scope !45, !noalias !46  ==  %.size39.sroa.2.0.copyload = load i64, ptr %.size.sroa.3.0..size_ptr.sroa_idx, align 8
    -> Frame[2] held (cross-BB, no intervening clobber):  %.size4.sroa.0.0.copyload = load i64, ptr %.size_ptr1, align 8, !dbg !49, !tbaa !44, !alias.scope !45, !noalias !46  ==  %.size58.sroa.0.0.copyload = load i64, ptr %.size_ptr1, align 8
    -> Frame[3] held (cross-BB, no intervening clobber):  %.size2.sroa.1.0.copyload = load i64, ptr %.size2.sroa.1.0..size_ptr1.sroa_idx, align 8, !dbg !47, !tbaa !44, !alias.scope !45, !noalias !46  ==  %.size58.sroa.2.0.copyload = load i64, ptr %.size2.sroa.1.0..size_ptr1.sroa_idx, align 8
    -> Frame[4] held (cross-BB, no intervening clobber):  %.size.sroa.0.0.copyload = load i64, ptr %.size_ptr, align 8, !dbg !39, !tbaa !44, !alias.scope !45, !noalias !46  ==  %.size77.sroa.0.0.copyload = load i64, ptr %.size_ptr, align 8
    -> Frame[5] held (cross-BB, no intervening clobber):  %.size.sroa.3.0.copyload = load i64, ptr %.size.sroa.3.0..size_ptr.sroa_idx, align 8, !dbg !39, !tbaa !44, !alias.scope !45, !noalias !46  ==  %.size77.sroa.2.0.copyload = load i64, ptr %.size.sroa.3.0..size_ptr.sroa_idx, align 8
    -> [go3] 0 leaf-closure instruction(s) encoded
    -> Fact[LVI:0] i64 %.size2.sroa.1.0.copyload in [1,0) (LVI @ L37.us1021)
    -> Fact[SCEV:1] i64 %value_phi13.us1030 in [1,-9223372036854775808) (SCEV unsigned)
    -> Fact[SCEV:2] i64 %value_phi13.us1030 in [1,-9223372036854775808) (SCEV signed)
    -> Fact[SCEVSYM:3] i64 %value_phi13.us1030 - start(1) <=u BTC((-1 + (0 smax %.size.sroa.3.0.copyload))<nsw>) (SCEV symbolic trip count, sub-form)
    -> [heavy] 4 analysis fact(s) on 7 boundary value(s)
    -> [mv] T3: trap condition not an ICmp
    -> Fact[FRAME:0] cross-BB load pair unified (frame held)
    -> Fact[FRAME:1] cross-BB load pair unified (frame held)
    -> Fact[FRAME:2] cross-BB load pair unified (frame held)
    -> Fact[FRAME:3] cross-BB load pair unified (frame held)
    -> Fact[FRAME:4] cross-BB load pair unified (frame held)
    -> Fact[FRAME:5] cross-BB load pair unified (frame held)
    -> UNSAT (Dead Code / Impossible Path) [Query Latency: 7.993250 ms]
  => SUCCESS: Trap mathematically neutralized!
  -> Found UB Trap. Starting Backward Slice...
    -> Guard[0] (false edge of 'L285.peel'):  %.not163.not.peel = icmp eq i64 %.size.sroa.0.0.copyload.fr, 1, !dbg !151
    -> Guard[1] (false edge of 'L223.peel'):  %.not1445 = icmp eq i64 %.size77.sroa.0.0.copyload, 0, !dbg !136
    -> Guard[2] (false edge of 'L163.peel'):  %.not1444 = icmp eq i64 %.size58.sroa.0.0.copyload.fr, 0, !dbg !130
    -> Guard[3] (false edge of 'L133.preheader.split.split.split'):  %41 = icmp eq i64 %.size39.sroa.0.0.copyload, 0, !dbg !130
    -> Guard[4] (false edge of 'L133.preheader.split.split'):  %.fr382 = freeze i1 %40
    -> Guard[5] (false edge of 'L85'):  %.fr268 = freeze i1 %35
    -> Guard[6] (true edge of 'L55'):  %.not1442 = icmp ult i64 %31, %.size2.sroa.1.0.copyload, !dbg !96
    -> Guard[7] (false edge of 'L55.preheader.split'):  %.fr = freeze i1 %27
    -> Guard[8] (false edge of 'L37'):  %.fr578 = freeze i1 %23
    -> Guard[9] (false edge of 'L37.preheader.split'):  %9 = icmp slt i64 %.size.sroa.0.0.copyload.fr, 1
    -> Guard[10] (false edge of 'L37.preheader'):  %8 = icmp slt i64 %.size2.sroa.1.0.copyload, 1
    -> Guard[11] (false edge of 'L20'):  %7 = icmp slt i64 %.size.sroa.3.0.copyload, 1, !dbg !68
    -> Guard[12] (true edge of 'L15'):  %.not150 = icmp eq i64 %.size8.sroa.1.0.copyload, %.size.sroa.3.0.copyload, !dbg !59
    -> Guard[13] (true edge of 'L10'):  %.not149 = icmp eq i64 %.size6.sroa.0.0.copyload, %.size2.sroa.1.0.copyload, !dbg !56
    -> Guard[14] (true edge of 'top'):  %.not = icmp eq i64 %.size4.sroa.0.0.copyload, %.size.sroa.0.0.copyload.fr, !dbg !51
    -> Collected 15 dominating context guard(s).
    -> Frame[0] held (cross-BB, no intervening clobber):  %.size.sroa.0.0.copyload = load i64, ptr %.size_ptr, align 8, !dbg !39, !tbaa !44, !alias.scope !45, !noalias !46  ==  %.size39.sroa.0.0.copyload = load i64, ptr %.size_ptr, align 8
    -> Frame[1] held (cross-BB, no intervening clobber):  %.size.sroa.3.0.copyload = load i64, ptr %.size.sroa.3.0..size_ptr.sroa_idx, align 8, !dbg !39, !tbaa !44, !alias.scope !45, !noalias !46  ==  %.size39.sroa.2.0.copyload = load i64, ptr %.size.sroa.3.0..size_ptr.sroa_idx, align 8
    -> Frame[2] held (cross-BB, no intervening clobber):  %.size4.sroa.0.0.copyload = load i64, ptr %.size_ptr1, align 8, !dbg !49, !tbaa !44, !alias.scope !45, !noalias !46  ==  %.size58.sroa.0.0.copyload = load i64, ptr %.size_ptr1, align 8
    -> Frame[3] held (cross-BB, no intervening clobber):  %.size2.sroa.1.0.copyload = load i64, ptr %.size2.sroa.1.0..size_ptr1.sroa_idx, align 8, !dbg !47, !tbaa !44, !alias.scope !45, !noalias !46  ==  %.size58.sroa.2.0.copyload = load i64, ptr %.size2.sroa.1.0..size_ptr1.sroa_idx, align 8
    -> Frame[4] held (cross-BB, no intervening clobber):  %.size.sroa.0.0.copyload = load i64, ptr %.size_ptr, align 8, !dbg !39, !tbaa !44, !alias.scope !45, !noalias !46  ==  %.size77.sroa.0.0.copyload = load i64, ptr %.size_ptr, align 8
    -> Frame[5] held (cross-BB, no intervening clobber):  %.size.sroa.3.0.copyload = load i64, ptr %.size.sroa.3.0..size_ptr.sroa_idx, align 8, !dbg !39, !tbaa !44, !alias.scope !45, !noalias !46  ==  %.size77.sroa.2.0.copyload = load i64, ptr %.size.sroa.3.0..size_ptr.sroa_idx, align 8
    -> [go3] 26 leaf-closure instruction(s) encoded
    -> Fact[SCEV:0] i64 %value_phi13 in [1,-9223372036854775808) (SCEV unsigned)
    -> Fact[SCEV:1] i64 %value_phi13 in [1,-9223372036854775808) (SCEV signed)
    -> Fact[SCEVSYM:2] i64 %value_phi13 - start(1) <=u BTC((-1 + (0 smax %.size.sroa.3.0.copyload))<nsw>) (SCEV symbolic trip count, sub-form)
    -> Fact[SCEV:3] i64 %value_phi20 in [1,-9223372036854775808) (SCEV unsigned)
    -> Fact[SCEV:4] i64 %value_phi20 in [1,-9223372036854775808) (SCEV signed)
    -> Fact[SCEVSYM:5] i64 %value_phi20 - start(1) <=u BTC(((-1 + (0 smax %.size2.sroa.1.0.copyload))<nsw> umin %.size2.sroa.1.0.copyload)) (SCEV symbolic trip count, sub-form)
    -> Fact[LVI:6] i64 %.size77.sroa.0.0.copyload in [1,0) (LVI @ L133)
    -> Fact[SCEVSYM:7] i64 %value_phi35 - start(%bc.resume.val) <=u BTC((((1 + (-1 * %bc.resume.val) + ((-1 + %bc.resume.val) umax %.size39.sroa.0.0.copyload)) umin (1 + (-1 * %bc.resume.val) + ((-1 + %bc.resume.val) umax %.size58.sroa.0.0.copyload.fr))) umin_seq (((-1 * %bc.resume.val) + (0 smax %.size.sroa.0.0.copyload.fr)) umin (1 + (-1 * %bc.resume.val) + ((-1 + %bc.resume.val) umax %.size77.sroa.0.0.copyload))))) (SCEV symbolic trip count, sub-form)
    -> Fact[KB:8] i64 %index known bits zero=0x7 one=0x0
    -> Fact[SCEV:9] i64 %index in [0,-7) (SCEV unsigned)
    -> Fact[SCEV:10] i64 %index in [-9223372036854775808,9223372036854775801) (SCEV signed)
    -> Fact[SCEVSYM:11] i64 %index - start(0) <=u 8*BTC(((-7 + (-1 * %68)<nsw> + ((-1 + %.size39.sroa.0.0.copyload) umin (-1 + %.size58.sroa.0.0.copyload.fr) umin %51)) /u 8)) (SCEV symbolic trip count, sub-form)
    -> Fact[PHIINV-hi:12] i64 %index == i64 0 || ne(i64 %index, i64 %n.vec) (latch-implied bound, 1-induction)
    -> Fact[SCEVEQ:13] i64 %bc.resume.val in phi image (4 incoming)
    -> Fact[LVI:14] i64 %.size58.sroa.0.0.copyload.fr in [1,0) (LVI @ L133)
    -> Fact[SCEVEQ:15] i64 %.size58.sroa.0.0.copyload.fr == freeze operand (leaf identity)
    -> Fact[SCEVEQ:16] i64 %.size.sroa.0.0.copyload.fr == freeze operand (leaf identity)
    -> Fact[LVI:17] i64 %.size77.sroa.0.0.copyload in [1,0) (LVI @ L133)
    -> Fact[KB:18] i64 %68 known bits zero=0x18446744073709551600 one=0x0
    -> Fact[SCEVEQ:19] i64 %51 == freeze operand (leaf identity)
    -> Fact[SCEVEQ:20] i64 %ind.end == SCEV((3 + (-1 * %68)<nsw> + ((-1 + %.size39.sroa.0.0.copyload) umin (-1 + %.size58.sroa.0.0.copyload.fr) umin %51)))
    -> Fact[SCEVEQ:21] i64 %umin1598 == SCEV(((-2 + (0 smax %.size.sroa.0.0.copyload.fr))<nsw> umin (-1 + %.size77.sroa.0.0.copyload)))
    -> [heavy] 22 analysis fact(s) on 28 boundary value(s)
    -> [mv] T3 symbolic index bound: max(idx) = (-1 + (0 smax %.size.sroa.0.0.copyload.fr))<nsw>
    -> Fact[FRAME:0] cross-BB load pair unified (frame held)
    -> Fact[FRAME:1] cross-BB load pair unified (frame held)
    -> Fact[FRAME:2] cross-BB load pair unified (frame held)
    -> Fact[FRAME:3] cross-BB load pair unified (frame held)
    -> Fact[FRAME:4] cross-BB load pair unified (frame held)
    -> Fact[FRAME:5] cross-BB load pair unified (frame held)
    -> UNSAT (Dead Code / Impossible Path) [Query Latency: 539.728833 ms]
  => SUCCESS: Trap mathematically neutralized!
  -> Found UB Trap. Starting Backward Slice...
    -> Guard[0] (false edge of 'L133.preheader.split.split'):  %.fr382 = freeze i1 %40
    -> Guard[1] (false edge of 'L85'):  %.fr268 = freeze i1 %35
    -> Guard[2] (true edge of 'L55'):  %.not1442 = icmp ult i64 %31, %.size2.sroa.1.0.copyload, !dbg !96
    -> Guard[3] (false edge of 'L55.preheader.split'):  %.fr = freeze i1 %27
    -> Guard[4] (false edge of 'L37'):  %.fr578 = freeze i1 %23
    -> Guard[5] (false edge of 'L37.preheader.split'):  %9 = icmp slt i64 %.size.sroa.0.0.copyload.fr, 1
    -> Guard[6] (false edge of 'L37.preheader'):  %8 = icmp slt i64 %.size2.sroa.1.0.copyload, 1
    -> Guard[7] (false edge of 'L20'):  %7 = icmp slt i64 %.size.sroa.3.0.copyload, 1, !dbg !68
    -> Guard[8] (true edge of 'L15'):  %.not150 = icmp eq i64 %.size8.sroa.1.0.copyload, %.size.sroa.3.0.copyload, !dbg !59
    -> Guard[9] (true edge of 'L10'):  %.not149 = icmp eq i64 %.size6.sroa.0.0.copyload, %.size2.sroa.1.0.copyload, !dbg !56
    -> Guard[10] (true edge of 'top'):  %.not = icmp eq i64 %.size4.sroa.0.0.copyload, %.size.sroa.0.0.copyload.fr, !dbg !51
    -> Collected 11 dominating context guard(s).
    -> Frame[0] held (cross-BB, no intervening clobber):  %.size.sroa.0.0.copyload = load i64, ptr %.size_ptr, align 8, !dbg !39, !tbaa !44, !alias.scope !45, !noalias !46  ==  %.size39.sroa.0.0.copyload = load i64, ptr %.size_ptr, align 8
    -> Frame[1] held (cross-BB, no intervening clobber):  %.size.sroa.3.0.copyload = load i64, ptr %.size.sroa.3.0..size_ptr.sroa_idx, align 8, !dbg !39, !tbaa !44, !alias.scope !45, !noalias !46  ==  %.size39.sroa.2.0.copyload = load i64, ptr %.size.sroa.3.0..size_ptr.sroa_idx, align 8
    -> Frame[2] held (cross-BB, no intervening clobber):  %.size4.sroa.0.0.copyload = load i64, ptr %.size_ptr1, align 8, !dbg !49, !tbaa !44, !alias.scope !45, !noalias !46  ==  %.size58.sroa.0.0.copyload = load i64, ptr %.size_ptr1, align 8
    -> Frame[3] held (cross-BB, no intervening clobber):  %.size2.sroa.1.0.copyload = load i64, ptr %.size2.sroa.1.0..size_ptr1.sroa_idx, align 8, !dbg !47, !tbaa !44, !alias.scope !45, !noalias !46  ==  %.size58.sroa.2.0.copyload = load i64, ptr %.size2.sroa.1.0..size_ptr1.sroa_idx, align 8
    -> Frame[4] held (cross-BB, no intervening clobber):  %.size.sroa.0.0.copyload = load i64, ptr %.size_ptr, align 8, !dbg !39, !tbaa !44, !alias.scope !45, !noalias !46  ==  %.size77.sroa.0.0.copyload = load i64, ptr %.size_ptr, align 8
    -> Frame[5] held (cross-BB, no intervening clobber):  %.size.sroa.3.0.copyload = load i64, ptr %.size.sroa.3.0..size_ptr.sroa_idx, align 8, !dbg !39, !tbaa !44, !alias.scope !45, !noalias !46  ==  %.size77.sroa.2.0.copyload = load i64, ptr %.size.sroa.3.0..size_ptr.sroa_idx, align 8
    -> [go3] 0 leaf-closure instruction(s) encoded
    -> Fact[LVI:0] i64 %.size2.sroa.1.0.copyload in [1,0) (LVI @ L133.preheader.split.split.split)
    -> Fact[SCEV:1] i64 %value_phi13 in [1,-9223372036854775808) (SCEV unsigned)
    -> Fact[SCEV:2] i64 %value_phi13 in [1,-9223372036854775808) (SCEV signed)
    -> Fact[SCEVSYM:3] i64 %value_phi13 - start(1) <=u BTC((-1 + (0 smax %.size.sroa.3.0.copyload))<nsw>) (SCEV symbolic trip count, sub-form)
    -> Fact[LVI:4] i64 %value_phi20 in [1,0) (LVI @ L133.preheader.split.split.split)
    -> Fact[SCEV:5] i64 %value_phi20 in [1,-9223372036854775808) (SCEV unsigned)
    -> Fact[SCEV:6] i64 %value_phi20 in [1,-9223372036854775808) (SCEV signed)
    -> Fact[SCEVSYM:7] i64 %value_phi20 - start(1) <=u BTC(((-1 + (0 smax %.size2.sroa.1.0.copyload))<nsw> umin %.size2.sroa.1.0.copyload)) (SCEV symbolic trip count, sub-form)
    -> Fact[LVI:8] i64 %.size2.sroa.1.0.copyload in [1,0) (LVI @ L133.preheader.split.split.split)
    -> [heavy] 9 analysis fact(s) on 12 boundary value(s)
    -> [mv] T3: not a bounds shape (idx vs invariant count)
    -> Fact[FRAME:0] cross-BB load pair unified (frame held)
    -> Fact[FRAME:1] cross-BB load pair unified (frame held)
    -> Fact[FRAME:2] cross-BB load pair unified (frame held)
    -> Fact[FRAME:3] cross-BB load pair unified (frame held)
    -> Fact[FRAME:4] cross-BB load pair unified (frame held)
    -> Fact[FRAME:5] cross-BB load pair unified (frame held)
    -> UNSAT (Dead Code / Impossible Path) [Query Latency: 0.074167 ms]
  => SUCCESS: Trap mathematically neutralized!
  -> Found UB Trap. Starting Backward Slice...
    -> Guard[0] (true edge of 'L133.preheader.split.split'):  %.fr382 = freeze i1 %40
    -> Guard[1] (false edge of 'L85'):  %.fr268 = freeze i1 %35
    -> Guard[2] (true edge of 'L55'):  %.not1442 = icmp ult i64 %31, %.size2.sroa.1.0.copyload, !dbg !96
    -> Guard[3] (false edge of 'L55.preheader.split'):  %.fr = freeze i1 %27
    -> Guard[4] (false edge of 'L37'):  %.fr578 = freeze i1 %23
    -> Guard[5] (false edge of 'L37.preheader.split'):  %9 = icmp slt i64 %.size.sroa.0.0.copyload.fr, 1
    -> Guard[6] (false edge of 'L37.preheader'):  %8 = icmp slt i64 %.size2.sroa.1.0.copyload, 1
    -> Guard[7] (false edge of 'L20'):  %7 = icmp slt i64 %.size.sroa.3.0.copyload, 1, !dbg !68
    -> Guard[8] (true edge of 'L15'):  %.not150 = icmp eq i64 %.size8.sroa.1.0.copyload, %.size.sroa.3.0.copyload, !dbg !59
    -> Guard[9] (true edge of 'L10'):  %.not149 = icmp eq i64 %.size6.sroa.0.0.copyload, %.size2.sroa.1.0.copyload, !dbg !56
    -> Guard[10] (true edge of 'top'):  %.not = icmp eq i64 %.size4.sroa.0.0.copyload, %.size.sroa.0.0.copyload.fr, !dbg !51
    -> Collected 11 dominating context guard(s).
    -> Frame[0] held (cross-BB, no intervening clobber):  %.size.sroa.0.0.copyload = load i64, ptr %.size_ptr, align 8, !dbg !39, !tbaa !44, !alias.scope !45, !noalias !46  ==  %.size39.sroa.0.0.copyload = load i64, ptr %.size_ptr, align 8
    -> Frame[1] held (cross-BB, no intervening clobber):  %.size.sroa.3.0.copyload = load i64, ptr %.size.sroa.3.0..size_ptr.sroa_idx, align 8, !dbg !39, !tbaa !44, !alias.scope !45, !noalias !46  ==  %.size39.sroa.2.0.copyload = load i64, ptr %.size.sroa.3.0..size_ptr.sroa_idx, align 8
    -> Frame[2] held (cross-BB, no intervening clobber):  %.size4.sroa.0.0.copyload = load i64, ptr %.size_ptr1, align 8, !dbg !49, !tbaa !44, !alias.scope !45, !noalias !46  ==  %.size58.sroa.0.0.copyload = load i64, ptr %.size_ptr1, align 8
    -> Frame[3] held (cross-BB, no intervening clobber):  %.size2.sroa.1.0.copyload = load i64, ptr %.size2.sroa.1.0..size_ptr1.sroa_idx, align 8, !dbg !47, !tbaa !44, !alias.scope !45, !noalias !46  ==  %.size58.sroa.2.0.copyload = load i64, ptr %.size2.sroa.1.0..size_ptr1.sroa_idx, align 8
    -> Frame[4] held (cross-BB, no intervening clobber):  %.size.sroa.0.0.copyload = load i64, ptr %.size_ptr, align 8, !dbg !39, !tbaa !44, !alias.scope !45, !noalias !46  ==  %.size77.sroa.0.0.copyload = load i64, ptr %.size_ptr, align 8
    -> Frame[5] held (cross-BB, no intervening clobber):  %.size.sroa.3.0.copyload = load i64, ptr %.size.sroa.3.0..size_ptr.sroa_idx, align 8, !dbg !39, !tbaa !44, !alias.scope !45, !noalias !46  ==  %.size77.sroa.2.0.copyload = load i64, ptr %.size.sroa.3.0..size_ptr.sroa_idx, align 8
    -> [go3] 0 leaf-closure instruction(s) encoded
    -> Fact[LVI:0] i64 %.size2.sroa.1.0.copyload in [1,0) (LVI @ L133.preheader.split.split.split.us)
    -> Fact[SCEV:1] i64 %value_phi13 in [1,-9223372036854775808) (SCEV unsigned)
    -> Fact[SCEV:2] i64 %value_phi13 in [1,-9223372036854775808) (SCEV signed)
    -> Fact[SCEVSYM:3] i64 %value_phi13 - start(1) <=u BTC((-1 + (0 smax %.size.sroa.3.0.copyload))<nsw>) (SCEV symbolic trip count, sub-form)
    -> Fact[LVI:4] i64 %value_phi20 in [1,0) (LVI @ L133.preheader.split.split.split.us)
    -> Fact[SCEV:5] i64 %value_phi20 in [1,-9223372036854775808) (SCEV unsigned)
    -> Fact[SCEV:6] i64 %value_phi20 in [1,-9223372036854775808) (SCEV signed)
    -> Fact[SCEVSYM:7] i64 %value_phi20 - start(1) <=u BTC(((-1 + (0 smax %.size2.sroa.1.0.copyload))<nsw> umin %.size2.sroa.1.0.copyload)) (SCEV symbolic trip count, sub-form)
    -> Fact[LVI:8] i64 %.size2.sroa.1.0.copyload in [1,0) (LVI @ L133.preheader.split.split.split.us)
    -> [heavy] 9 analysis fact(s) on 12 boundary value(s)
    -> Fact[FRAME:0] cross-BB load pair unified (frame held)
    -> Fact[FRAME:1] cross-BB load pair unified (frame held)
    -> Fact[FRAME:2] cross-BB load pair unified (frame held)
    -> Fact[FRAME:3] cross-BB load pair unified (frame held)
    -> Fact[FRAME:4] cross-BB load pair unified (frame held)
    -> Fact[FRAME:5] cross-BB load pair unified (frame held)
    -> UNSAT (Dead Code / Impossible Path) [Query Latency: 0.011708 ms]
  => SUCCESS: Trap mathematically neutralized!
  -> Found UB Trap. Starting Backward Slice...
    -> Guard[0] (true edge of 'L85'):  %.fr268 = freeze i1 %35
    -> Guard[1] (true edge of 'L55'):  %.not1442 = icmp ult i64 %31, %.size2.sroa.1.0.copyload, !dbg !96
    -> Guard[2] (false edge of 'L55.preheader.split'):  %.fr = freeze i1 %27
    -> Guard[3] (false edge of 'L37'):  %.fr578 = freeze i1 %23
    -> Guard[4] (false edge of 'L37.preheader.split'):  %9 = icmp slt i64 %.size.sroa.0.0.copyload.fr, 1
    -> Guard[5] (false edge of 'L37.preheader'):  %8 = icmp slt i64 %.size2.sroa.1.0.copyload, 1
    -> Guard[6] (false edge of 'L20'):  %7 = icmp slt i64 %.size.sroa.3.0.copyload, 1, !dbg !68
    -> Guard[7] (true edge of 'L15'):  %.not150 = icmp eq i64 %.size8.sroa.1.0.copyload, %.size.sroa.3.0.copyload, !dbg !59
    -> Guard[8] (true edge of 'L10'):  %.not149 = icmp eq i64 %.size6.sroa.0.0.copyload, %.size2.sroa.1.0.copyload, !dbg !56
    -> Guard[9] (true edge of 'top'):  %.not = icmp eq i64 %.size4.sroa.0.0.copyload, %.size.sroa.0.0.copyload.fr, !dbg !51
    -> Collected 10 dominating context guard(s).
    -> Frame[0] held (cross-BB, no intervening clobber):  %.size.sroa.0.0.copyload = load i64, ptr %.size_ptr, align 8, !dbg !39, !tbaa !44, !alias.scope !45, !noalias !46  ==  %.size39.sroa.0.0.copyload = load i64, ptr %.size_ptr, align 8
    -> Frame[1] held (cross-BB, no intervening clobber):  %.size.sroa.3.0.copyload = load i64, ptr %.size.sroa.3.0..size_ptr.sroa_idx, align 8, !dbg !39, !tbaa !44, !alias.scope !45, !noalias !46  ==  %.size39.sroa.2.0.copyload = load i64, ptr %.size.sroa.3.0..size_ptr.sroa_idx, align 8
    -> Frame[2] held (cross-BB, no intervening clobber):  %.size4.sroa.0.0.copyload = load i64, ptr %.size_ptr1, align 8, !dbg !49, !tbaa !44, !alias.scope !45, !noalias !46  ==  %.size58.sroa.0.0.copyload = load i64, ptr %.size_ptr1, align 8
    -> Frame[3] held (cross-BB, no intervening clobber):  %.size2.sroa.1.0.copyload = load i64, ptr %.size2.sroa.1.0..size_ptr1.sroa_idx, align 8, !dbg !47, !tbaa !44, !alias.scope !45, !noalias !46  ==  %.size58.sroa.2.0.copyload = load i64, ptr %.size2.sroa.1.0..size_ptr1.sroa_idx, align 8
    -> Frame[4] held (cross-BB, no intervening clobber):  %.size.sroa.0.0.copyload = load i64, ptr %.size_ptr, align 8, !dbg !39, !tbaa !44, !alias.scope !45, !noalias !46  ==  %.size77.sroa.0.0.copyload = load i64, ptr %.size_ptr, align 8
    -> Frame[5] held (cross-BB, no intervening clobber):  %.size.sroa.3.0.copyload = load i64, ptr %.size.sroa.3.0..size_ptr.sroa_idx, align 8, !dbg !39, !tbaa !44, !alias.scope !45, !noalias !46  ==  %.size77.sroa.2.0.copyload = load i64, ptr %.size.sroa.3.0..size_ptr.sroa_idx, align 8
    -> [go3] 0 leaf-closure instruction(s) encoded
    -> Fact[LVI:0] i64 %.size2.sroa.1.0.copyload in [1,0) (LVI @ L133.preheader.split.split.us)
    -> Fact[SCEV:1] i64 %value_phi13 in [1,-9223372036854775808) (SCEV unsigned)
    -> Fact[SCEV:2] i64 %value_phi13 in [1,-9223372036854775808) (SCEV signed)
    -> Fact[SCEVSYM:3] i64 %value_phi13 - start(1) <=u BTC((-1 + (0 smax %.size.sroa.3.0.copyload))<nsw>) (SCEV symbolic trip count, sub-form)
    -> Fact[LVI:4] i64 %value_phi20 in [1,0) (LVI @ L133.preheader.split.split.us)
    -> Fact[SCEV:5] i64 %value_phi20 in [1,-9223372036854775808) (SCEV unsigned)
    -> Fact[SCEV:6] i64 %value_phi20 in [1,-9223372036854775808) (SCEV signed)
    -> Fact[SCEVSYM:7] i64 %value_phi20 - start(1) <=u BTC(((-1 + (0 smax %.size2.sroa.1.0.copyload))<nsw> umin %.size2.sroa.1.0.copyload)) (SCEV symbolic trip count, sub-form)
    -> Fact[LVI:8] i64 %.size2.sroa.1.0.copyload in [1,0) (LVI @ L133.preheader.split.split.us)
    -> [heavy] 9 analysis fact(s) on 11 boundary value(s)
    -> Fact[FRAME:0] cross-BB load pair unified (frame held)
    -> Fact[FRAME:1] cross-BB load pair unified (frame held)
    -> Fact[FRAME:2] cross-BB load pair unified (frame held)
    -> Fact[FRAME:3] cross-BB load pair unified (frame held)
    -> Fact[FRAME:4] cross-BB load pair unified (frame held)
    -> Fact[FRAME:5] cross-BB load pair unified (frame held)
    -> UNSAT (Dead Code / Impossible Path) [Query Latency: 0.009875 ms]
    -> [Skip] anchor branch already folded by an earlier elimination -- keeping
  -> Found UB Trap. Starting Backward Slice...
    -> Guard[0] (false edge of 'L37'):  %.fr578 = freeze i1 %23
    -> Guard[1] (false edge of 'L37.preheader.split'):  %9 = icmp slt i64 %.size.sroa.0.0.copyload.fr, 1
    -> Guard[2] (false edge of 'L37.preheader'):  %8 = icmp slt i64 %.size2.sroa.1.0.copyload, 1
    -> Guard[3] (false edge of 'L20'):  %7 = icmp slt i64 %.size.sroa.3.0.copyload, 1, !dbg !68
    -> Guard[4] (true edge of 'L15'):  %.not150 = icmp eq i64 %.size8.sroa.1.0.copyload, %.size.sroa.3.0.copyload, !dbg !59
    -> Guard[5] (true edge of 'L10'):  %.not149 = icmp eq i64 %.size6.sroa.0.0.copyload, %.size2.sroa.1.0.copyload, !dbg !56
    -> Guard[6] (true edge of 'top'):  %.not = icmp eq i64 %.size4.sroa.0.0.copyload, %.size.sroa.0.0.copyload.fr, !dbg !51
    -> Collected 7 dominating context guard(s).
    -> Frame[0] held (cross-BB, no intervening clobber):  %.size.sroa.0.0.copyload = load i64, ptr %.size_ptr, align 8, !dbg !39, !tbaa !44, !alias.scope !45, !noalias !46  ==  %.size39.sroa.0.0.copyload = load i64, ptr %.size_ptr, align 8
    -> Frame[1] held (cross-BB, no intervening clobber):  %.size.sroa.3.0.copyload = load i64, ptr %.size.sroa.3.0..size_ptr.sroa_idx, align 8, !dbg !39, !tbaa !44, !alias.scope !45, !noalias !46  ==  %.size39.sroa.2.0.copyload = load i64, ptr %.size.sroa.3.0..size_ptr.sroa_idx, align 8
    -> Frame[2] held (cross-BB, no intervening clobber):  %.size4.sroa.0.0.copyload = load i64, ptr %.size_ptr1, align 8, !dbg !49, !tbaa !44, !alias.scope !45, !noalias !46  ==  %.size58.sroa.0.0.copyload = load i64, ptr %.size_ptr1, align 8
    -> Frame[3] held (cross-BB, no intervening clobber):  %.size2.sroa.1.0.copyload = load i64, ptr %.size2.sroa.1.0..size_ptr1.sroa_idx, align 8, !dbg !47, !tbaa !44, !alias.scope !45, !noalias !46  ==  %.size58.sroa.2.0.copyload = load i64, ptr %.size2.sroa.1.0..size_ptr1.sroa_idx, align 8
    -> Frame[4] held (cross-BB, no intervening clobber):  %.size.sroa.0.0.copyload = load i64, ptr %.size_ptr, align 8, !dbg !39, !tbaa !44, !alias.scope !45, !noalias !46  ==  %.size77.sroa.0.0.copyload = load i64, ptr %.size_ptr, align 8
    -> Frame[5] held (cross-BB, no intervening clobber):  %.size.sroa.3.0.copyload = load i64, ptr %.size.sroa.3.0..size_ptr.sroa_idx, align 8, !dbg !39, !tbaa !44, !alias.scope !45, !noalias !46  ==  %.size77.sroa.2.0.copyload = load i64, ptr %.size.sroa.3.0..size_ptr.sroa_idx, align 8
    -> [go3] 0 leaf-closure instruction(s) encoded
    -> Fact[LVI:0] i64 %value_phi13 in [1,0) (LVI @ L55.preheader.split)
    -> Fact[SCEV:1] i64 %value_phi13 in [1,-9223372036854775808) (SCEV unsigned)
    -> Fact[SCEV:2] i64 %value_phi13 in [1,-9223372036854775808) (SCEV signed)
    -> Fact[SCEVSYM:3] i64 %value_phi13 - start(1) <=u BTC((-1 + (0 smax %.size.sroa.3.0.copyload))<nsw>) (SCEV symbolic trip count, sub-form)
    -> [heavy] 4 analysis fact(s) on 8 boundary value(s)
    -> [mv] T3: trap condition not an ICmp
    -> Fact[FRAME:0] cross-BB load pair unified (frame held)
    -> Fact[FRAME:1] cross-BB load pair unified (frame held)
    -> Fact[FRAME:2] cross-BB load pair unified (frame held)
    -> Fact[FRAME:3] cross-BB load pair unified (frame held)
    -> Fact[FRAME:4] cross-BB load pair unified (frame held)
    -> Fact[FRAME:5] cross-BB load pair unified (frame held)
    -> UNSAT (Dead Code / Impossible Path) [Query Latency: 0.008708 ms]
  => SUCCESS: Trap mathematically neutralized!
  -> Found UB Trap. Starting Backward Slice...
    -> Guard[0] (true edge of 'L133'):  %.not1446 = icmp ult i64 %96, %.size39.sroa.0.0.copyload, !dbg !130
    -> Guard[1] (false edge of 'L285.peel'):  %.not163.not.peel = icmp eq i64 %.size.sroa.0.0.copyload.fr, 1, !dbg !151
    -> Guard[2] (false edge of 'L223.peel'):  %.not1445 = icmp eq i64 %.size77.sroa.0.0.copyload, 0, !dbg !136
    -> Guard[3] (false edge of 'L163.peel'):  %.not1444 = icmp eq i64 %.size58.sroa.0.0.copyload.fr, 0, !dbg !130
    -> Guard[4] (false edge of 'L133.preheader.split.split.split'):  %41 = icmp eq i64 %.size39.sroa.0.0.copyload, 0, !dbg !130
    -> Guard[5] (false edge of 'L133.preheader.split.split'):  %.fr382 = freeze i1 %40
    -> Guard[6] (false edge of 'L85'):  %.fr268 = freeze i1 %35
    -> Guard[7] (true edge of 'L55'):  %.not1442 = icmp ult i64 %31, %.size2.sroa.1.0.copyload, !dbg !96
    -> Guard[8] (false edge of 'L55.preheader.split'):  %.fr = freeze i1 %27
    -> Guard[9] (false edge of 'L37'):  %.fr578 = freeze i1 %23
    -> Guard[10] (false edge of 'L37.preheader.split'):  %9 = icmp slt i64 %.size.sroa.0.0.copyload.fr, 1
    -> Guard[11] (false edge of 'L37.preheader'):  %8 = icmp slt i64 %.size2.sroa.1.0.copyload, 1
    -> Guard[12] (false edge of 'L20'):  %7 = icmp slt i64 %.size.sroa.3.0.copyload, 1, !dbg !68
    -> Guard[13] (true edge of 'L15'):  %.not150 = icmp eq i64 %.size8.sroa.1.0.copyload, %.size.sroa.3.0.copyload, !dbg !59
    -> Guard[14] (true edge of 'L10'):  %.not149 = icmp eq i64 %.size6.sroa.0.0.copyload, %.size2.sroa.1.0.copyload, !dbg !56
    -> Guard[15] (true edge of 'top'):  %.not = icmp eq i64 %.size4.sroa.0.0.copyload, %.size.sroa.0.0.copyload.fr, !dbg !51
    -> Collected 16 dominating context guard(s).
    -> Frame[0] held (cross-BB, no intervening clobber):  %.size.sroa.0.0.copyload = load i64, ptr %.size_ptr, align 8, !dbg !39, !tbaa !44, !alias.scope !45, !noalias !46  ==  %.size39.sroa.0.0.copyload = load i64, ptr %.size_ptr, align 8
    -> Frame[1] held (cross-BB, no intervening clobber):  %.size.sroa.3.0.copyload = load i64, ptr %.size.sroa.3.0..size_ptr.sroa_idx, align 8, !dbg !39, !tbaa !44, !alias.scope !45, !noalias !46  ==  %.size39.sroa.2.0.copyload = load i64, ptr %.size.sroa.3.0..size_ptr.sroa_idx, align 8
    -> Frame[2] held (cross-BB, no intervening clobber):  %.size4.sroa.0.0.copyload = load i64, ptr %.size_ptr1, align 8, !dbg !49, !tbaa !44, !alias.scope !45, !noalias !46  ==  %.size58.sroa.0.0.copyload = load i64, ptr %.size_ptr1, align 8
    -> Frame[3] held (cross-BB, no intervening clobber):  %.size2.sroa.1.0.copyload = load i64, ptr %.size2.sroa.1.0..size_ptr1.sroa_idx, align 8, !dbg !47, !tbaa !44, !alias.scope !45, !noalias !46  ==  %.size58.sroa.2.0.copyload = load i64, ptr %.size2.sroa.1.0..size_ptr1.sroa_idx, align 8
    -> Frame[4] held (cross-BB, no intervening clobber):  %.size.sroa.0.0.copyload = load i64, ptr %.size_ptr, align 8, !dbg !39, !tbaa !44, !alias.scope !45, !noalias !46  ==  %.size77.sroa.0.0.copyload = load i64, ptr %.size_ptr, align 8
    -> Frame[5] held (cross-BB, no intervening clobber):  %.size.sroa.3.0.copyload = load i64, ptr %.size.sroa.3.0..size_ptr.sroa_idx, align 8, !dbg !39, !tbaa !44, !alias.scope !45, !noalias !46  ==  %.size77.sroa.2.0.copyload = load i64, ptr %.size.sroa.3.0..size_ptr.sroa_idx, align 8
    -> [go3] 26 leaf-closure instruction(s) encoded
    -> Fact[SCEV:0] i64 %value_phi13 in [1,-9223372036854775808) (SCEV unsigned)
    -> Fact[SCEV:1] i64 %value_phi13 in [1,-9223372036854775808) (SCEV signed)
    -> Fact[SCEVSYM:2] i64 %value_phi13 - start(1) <=u BTC((-1 + (0 smax %.size.sroa.3.0.copyload))<nsw>) (SCEV symbolic trip count, sub-form)
    -> Fact[LVI:3] i64 %.size39.sroa.0.0.copyload in [2,0) (LVI @ L163)
    -> Fact[SCEV:4] i64 %value_phi20 in [1,-9223372036854775808) (SCEV unsigned)
    -> Fact[SCEV:5] i64 %value_phi20 in [1,-9223372036854775808) (SCEV signed)
    -> Fact[SCEVSYM:6] i64 %value_phi20 - start(1) <=u BTC(((-1 + (0 smax %.size2.sroa.1.0.copyload))<nsw> umin %.size2.sroa.1.0.copyload)) (SCEV symbolic trip count, sub-form)
    -> Fact[LVI:7] i64 %.size77.sroa.0.0.copyload in [1,0) (LVI @ L163)
    -> Fact[LVI:8] i64 %value_phi35 in [1,0) (LVI @ L163)
    -> Fact[SCEVSYM:9] i64 %value_phi35 - start(%bc.resume.val) <=u BTC((((1 + (-1 * %bc.resume.val) + ((-1 + %bc.resume.val) umax %.size39.sroa.0.0.copyload)) umin (1 + (-1 * %bc.resume.val) + ((-1 + %bc.resume.val) umax %.size58.sroa.0.0.copyload.fr))) umin_seq (((-1 * %bc.resume.val) + (0 smax %.size.sroa.0.0.copyload.fr)) umin (1 + (-1 * %bc.resume.val) + ((-1 + %bc.resume.val) umax %.size77.sroa.0.0.copyload))))) (SCEV symbolic trip count, sub-form)
    -> Fact[KB:10] i64 %index known bits zero=0x7 one=0x0
    -> Fact[SCEV:11] i64 %index in [0,-7) (SCEV unsigned)
    -> Fact[SCEV:12] i64 %index in [-9223372036854775808,9223372036854775801) (SCEV signed)
    -> Fact[SCEVSYM:13] i64 %index - start(0) <=u 8*BTC(((-7 + (-1 * %68)<nsw> + ((-1 + %.size39.sroa.0.0.copyload) umin (-1 + %.size58.sroa.0.0.copyload.fr) umin %51)) /u 8)) (SCEV symbolic trip count, sub-form)
    -> Fact[PHIINV-hi:14] i64 %index == i64 0 || ne(i64 %index, i64 %n.vec) (latch-implied bound, 1-induction)
    -> Fact[SCEVEQ:15] i64 %bc.resume.val in phi image (4 incoming)
    -> Fact[LVI:16] i64 %.size39.sroa.0.0.copyload in [2,0) (LVI @ L163)
    -> Fact[LVI:17] i64 %.size58.sroa.0.0.copyload.fr in [1,0) (LVI @ L163)
    -> Fact[SCEVEQ:18] i64 %.size58.sroa.0.0.copyload.fr == freeze operand (leaf identity)
    -> Fact[SCEVEQ:19] i64 %.size.sroa.0.0.copyload.fr == freeze operand (leaf identity)
    -> Fact[LVI:20] i64 %.size77.sroa.0.0.copyload in [1,0) (LVI @ L163)
    -> Fact[KB:21] i64 %68 known bits zero=0x18446744073709551600 one=0x0
    -> Fact[SCEVEQ:22] i64 %51 == freeze operand (leaf identity)
    -> Fact[SCEVEQ:23] i64 %ind.end == SCEV((3 + (-1 * %68)<nsw> + ((-1 + %.size39.sroa.0.0.copyload) umin (-1 + %.size58.sroa.0.0.copyload.fr) umin %51)))
    -> Fact[SCEVEQ:24] i64 %umin1598 == SCEV(((-2 + (0 smax %.size.sroa.0.0.copyload.fr))<nsw> umin (-1 + %.size77.sroa.0.0.copyload)))
    -> [heavy] 25 analysis fact(s) on 28 boundary value(s)
    -> [mv] T3 symbolic index bound: max(idx) = (-1 + (0 smax %.size.sroa.0.0.copyload.fr))<nsw>
    -> Fact[FRAME:0] cross-BB load pair unified (frame held)
    -> Fact[FRAME:1] cross-BB load pair unified (frame held)
    -> Fact[FRAME:2] cross-BB load pair unified (frame held)
    -> Fact[FRAME:3] cross-BB load pair unified (frame held)
    -> Fact[FRAME:4] cross-BB load pair unified (frame held)
    -> Fact[FRAME:5] cross-BB load pair unified (frame held)
    -> UNSAT (Dead Code / Impossible Path) [Query Latency: 0.009916 ms]
  => SUCCESS: Trap mathematically neutralized!
  -> Found UB Trap. Starting Backward Slice...
    -> Guard[0] (false edge of 'L133.preheader.split.split.split'):  %41 = icmp eq i64 %.size39.sroa.0.0.copyload, 0, !dbg !130
    -> Guard[1] (false edge of 'L133.preheader.split.split'):  %.fr382 = freeze i1 %40
    -> Guard[2] (false edge of 'L85'):  %.fr268 = freeze i1 %35
    -> Guard[3] (true edge of 'L55'):  %.not1442 = icmp ult i64 %31, %.size2.sroa.1.0.copyload, !dbg !96
    -> Guard[4] (false edge of 'L55.preheader.split'):  %.fr = freeze i1 %27
    -> Guard[5] (false edge of 'L37'):  %.fr578 = freeze i1 %23
    -> Guard[6] (false edge of 'L37.preheader.split'):  %9 = icmp slt i64 %.size.sroa.0.0.copyload.fr, 1
    -> Guard[7] (false edge of 'L37.preheader'):  %8 = icmp slt i64 %.size2.sroa.1.0.copyload, 1
    -> Guard[8] (false edge of 'L20'):  %7 = icmp slt i64 %.size.sroa.3.0.copyload, 1, !dbg !68
    -> Guard[9] (true edge of 'L15'):  %.not150 = icmp eq i64 %.size8.sroa.1.0.copyload, %.size.sroa.3.0.copyload, !dbg !59
    -> Guard[10] (true edge of 'L10'):  %.not149 = icmp eq i64 %.size6.sroa.0.0.copyload, %.size2.sroa.1.0.copyload, !dbg !56
    -> Guard[11] (true edge of 'top'):  %.not = icmp eq i64 %.size4.sroa.0.0.copyload, %.size.sroa.0.0.copyload.fr, !dbg !51
    -> Collected 12 dominating context guard(s).
    -> Frame[0] held (cross-BB, no intervening clobber):  %.size.sroa.0.0.copyload = load i64, ptr %.size_ptr, align 8, !dbg !39, !tbaa !44, !alias.scope !45, !noalias !46  ==  %.size39.sroa.0.0.copyload = load i64, ptr %.size_ptr, align 8
    -> Frame[1] held (cross-BB, no intervening clobber):  %.size.sroa.3.0.copyload = load i64, ptr %.size.sroa.3.0..size_ptr.sroa_idx, align 8, !dbg !39, !tbaa !44, !alias.scope !45, !noalias !46  ==  %.size39.sroa.2.0.copyload = load i64, ptr %.size.sroa.3.0..size_ptr.sroa_idx, align 8
    -> Frame[2] held (cross-BB, no intervening clobber):  %.size4.sroa.0.0.copyload = load i64, ptr %.size_ptr1, align 8, !dbg !49, !tbaa !44, !alias.scope !45, !noalias !46  ==  %.size58.sroa.0.0.copyload = load i64, ptr %.size_ptr1, align 8
    -> Frame[3] held (cross-BB, no intervening clobber):  %.size2.sroa.1.0.copyload = load i64, ptr %.size2.sroa.1.0..size_ptr1.sroa_idx, align 8, !dbg !47, !tbaa !44, !alias.scope !45, !noalias !46  ==  %.size58.sroa.2.0.copyload = load i64, ptr %.size2.sroa.1.0..size_ptr1.sroa_idx, align 8
    -> Frame[4] held (cross-BB, no intervening clobber):  %.size.sroa.0.0.copyload = load i64, ptr %.size_ptr, align 8, !dbg !39, !tbaa !44, !alias.scope !45, !noalias !46  ==  %.size77.sroa.0.0.copyload = load i64, ptr %.size_ptr, align 8
    -> Frame[5] held (cross-BB, no intervening clobber):  %.size.sroa.3.0.copyload = load i64, ptr %.size.sroa.3.0..size_ptr.sroa_idx, align 8, !dbg !39, !tbaa !44, !alias.scope !45, !noalias !46  ==  %.size77.sroa.2.0.copyload = load i64, ptr %.size.sroa.3.0..size_ptr.sroa_idx, align 8
    -> [go3] 0 leaf-closure instruction(s) encoded
    -> Fact[LVI:0] i64 %.size2.sroa.1.0.copyload in [1,0) (LVI @ L163.peel)
    -> Fact[SCEV:1] i64 %value_phi13 in [1,-9223372036854775808) (SCEV unsigned)
    -> Fact[SCEV:2] i64 %value_phi13 in [1,-9223372036854775808) (SCEV signed)
    -> Fact[SCEVSYM:3] i64 %value_phi13 - start(1) <=u BTC((-1 + (0 smax %.size.sroa.3.0.copyload))<nsw>) (SCEV symbolic trip count, sub-form)
    -> Fact[LVI:4] i64 %.size39.sroa.0.0.copyload in [1,0) (LVI @ L163.peel)
    -> Fact[LVI:5] i64 %value_phi20 in [1,0) (LVI @ L163.peel)
    -> Fact[SCEV:6] i64 %value_phi20 in [1,-9223372036854775808) (SCEV unsigned)
    -> Fact[SCEV:7] i64 %value_phi20 in [1,-9223372036854775808) (SCEV signed)
    -> Fact[SCEVSYM:8] i64 %value_phi20 - start(1) <=u BTC(((-1 + (0 smax %.size2.sroa.1.0.copyload))<nsw> umin %.size2.sroa.1.0.copyload)) (SCEV symbolic trip count, sub-form)
    -> Fact[LVI:9] i64 %.size2.sroa.1.0.copyload in [1,0) (LVI @ L163.peel)
    -> [heavy] 10 analysis fact(s) on 13 boundary value(s)
    -> [mv] T3: not a bounds shape (idx vs invariant count)
    -> Fact[FRAME:0] cross-BB load pair unified (frame held)
    -> Fact[FRAME:1] cross-BB load pair unified (frame held)
    -> Fact[FRAME:2] cross-BB load pair unified (frame held)
    -> Fact[FRAME:3] cross-BB load pair unified (frame held)
    -> Fact[FRAME:4] cross-BB load pair unified (frame held)
    -> Fact[FRAME:5] cross-BB load pair unified (frame held)
    -> UNSAT (Dead Code / Impossible Path) [Query Latency: 0.008250 ms]
  => SUCCESS: Trap mathematically neutralized!
  -> Found UB Trap. Starting Backward Slice...
    -> Guard[0] (false edge of 'L133.preheader.split.split.split.us'):  %41 = icmp eq i64 %.size39.sroa.0.0.copyload, 0, !dbg !130
    -> Guard[1] (true edge of 'L133.preheader.split.split'):  %.fr382 = freeze i1 %40
    -> Guard[2] (false edge of 'L85'):  %.fr268 = freeze i1 %35
    -> Guard[3] (true edge of 'L55'):  %.not1442 = icmp ult i64 %31, %.size2.sroa.1.0.copyload, !dbg !96
    -> Guard[4] (false edge of 'L55.preheader.split'):  %.fr = freeze i1 %27
    -> Guard[5] (false edge of 'L37'):  %.fr578 = freeze i1 %23
    -> Guard[6] (false edge of 'L37.preheader.split'):  %9 = icmp slt i64 %.size.sroa.0.0.copyload.fr, 1
    -> Guard[7] (false edge of 'L37.preheader'):  %8 = icmp slt i64 %.size2.sroa.1.0.copyload, 1
    -> Guard[8] (false edge of 'L20'):  %7 = icmp slt i64 %.size.sroa.3.0.copyload, 1, !dbg !68
    -> Guard[9] (true edge of 'L15'):  %.not150 = icmp eq i64 %.size8.sroa.1.0.copyload, %.size.sroa.3.0.copyload, !dbg !59
    -> Guard[10] (true edge of 'L10'):  %.not149 = icmp eq i64 %.size6.sroa.0.0.copyload, %.size2.sroa.1.0.copyload, !dbg !56
    -> Guard[11] (true edge of 'top'):  %.not = icmp eq i64 %.size4.sroa.0.0.copyload, %.size.sroa.0.0.copyload.fr, !dbg !51
    -> Collected 12 dominating context guard(s).
    -> Frame[0] held (cross-BB, no intervening clobber):  %.size.sroa.0.0.copyload = load i64, ptr %.size_ptr, align 8, !dbg !39, !tbaa !44, !alias.scope !45, !noalias !46  ==  %.size39.sroa.0.0.copyload = load i64, ptr %.size_ptr, align 8
    -> Frame[1] held (cross-BB, no intervening clobber):  %.size.sroa.3.0.copyload = load i64, ptr %.size.sroa.3.0..size_ptr.sroa_idx, align 8, !dbg !39, !tbaa !44, !alias.scope !45, !noalias !46  ==  %.size39.sroa.2.0.copyload = load i64, ptr %.size.sroa.3.0..size_ptr.sroa_idx, align 8
    -> Frame[2] held (cross-BB, no intervening clobber):  %.size4.sroa.0.0.copyload = load i64, ptr %.size_ptr1, align 8, !dbg !49, !tbaa !44, !alias.scope !45, !noalias !46  ==  %.size58.sroa.0.0.copyload = load i64, ptr %.size_ptr1, align 8
    -> Frame[3] held (cross-BB, no intervening clobber):  %.size2.sroa.1.0.copyload = load i64, ptr %.size2.sroa.1.0..size_ptr1.sroa_idx, align 8, !dbg !47, !tbaa !44, !alias.scope !45, !noalias !46  ==  %.size58.sroa.2.0.copyload = load i64, ptr %.size2.sroa.1.0..size_ptr1.sroa_idx, align 8
    -> Frame[4] held (cross-BB, no intervening clobber):  %.size.sroa.0.0.copyload = load i64, ptr %.size_ptr, align 8, !dbg !39, !tbaa !44, !alias.scope !45, !noalias !46  ==  %.size77.sroa.0.0.copyload = load i64, ptr %.size_ptr, align 8
    -> Frame[5] held (cross-BB, no intervening clobber):  %.size.sroa.3.0.copyload = load i64, ptr %.size.sroa.3.0..size_ptr.sroa_idx, align 8, !dbg !39, !tbaa !44, !alias.scope !45, !noalias !46  ==  %.size77.sroa.2.0.copyload = load i64, ptr %.size.sroa.3.0..size_ptr.sroa_idx, align 8
    -> [go3] 0 leaf-closure instruction(s) encoded
    -> Fact[LVI:0] i64 %.size2.sroa.1.0.copyload in [1,0) (LVI @ L163.us334)
    -> Fact[SCEV:1] i64 %value_phi13 in [1,-9223372036854775808) (SCEV unsigned)
    -> Fact[SCEV:2] i64 %value_phi13 in [1,-9223372036854775808) (SCEV signed)
    -> Fact[SCEVSYM:3] i64 %value_phi13 - start(1) <=u BTC((-1 + (0 smax %.size.sroa.3.0.copyload))<nsw>) (SCEV symbolic trip count, sub-form)
    -> Fact[LVI:4] i64 %.size39.sroa.0.0.copyload in [1,0) (LVI @ L163.us334)
    -> Fact[LVI:5] i64 %value_phi20 in [1,0) (LVI @ L163.us334)
    -> Fact[SCEV:6] i64 %value_phi20 in [1,-9223372036854775808) (SCEV unsigned)
    -> Fact[SCEV:7] i64 %value_phi20 in [1,-9223372036854775808) (SCEV signed)
    -> Fact[SCEVSYM:8] i64 %value_phi20 - start(1) <=u BTC(((-1 + (0 smax %.size2.sroa.1.0.copyload))<nsw> umin %.size2.sroa.1.0.copyload)) (SCEV symbolic trip count, sub-form)
    -> Fact[LVI:9] i64 %.size2.sroa.1.0.copyload in [1,0) (LVI @ L163.us334)
    -> [heavy] 10 analysis fact(s) on 13 boundary value(s)
    -> Fact[FRAME:0] cross-BB load pair unified (frame held)
    -> Fact[FRAME:1] cross-BB load pair unified (frame held)
    -> Fact[FRAME:2] cross-BB load pair unified (frame held)
    -> Fact[FRAME:3] cross-BB load pair unified (frame held)
    -> Fact[FRAME:4] cross-BB load pair unified (frame held)
    -> Fact[FRAME:5] cross-BB load pair unified (frame held)
    -> UNSAT (Dead Code / Impossible Path) [Query Latency: 0.008333 ms]
    -> [Skip] anchor branch already folded by an earlier elimination -- keeping
  -> Found UB Trap. Starting Backward Slice...
    -> Guard[0] (true edge of 'L163'):  %.not1447 = icmp ult i64 %96, %.size58.sroa.0.0.copyload.fr, !dbg !130
    -> Guard[1] (true edge of 'L133'):  %.not1446 = icmp ult i64 %96, %.size39.sroa.0.0.copyload, !dbg !130
    -> Guard[2] (false edge of 'L285.peel'):  %.not163.not.peel = icmp eq i64 %.size.sroa.0.0.copyload.fr, 1, !dbg !151
    -> Guard[3] (false edge of 'L223.peel'):  %.not1445 = icmp eq i64 %.size77.sroa.0.0.copyload, 0, !dbg !136
    -> Guard[4] (false edge of 'L163.peel'):  %.not1444 = icmp eq i64 %.size58.sroa.0.0.copyload.fr, 0, !dbg !130
    -> Guard[5] (false edge of 'L133.preheader.split.split.split'):  %41 = icmp eq i64 %.size39.sroa.0.0.copyload, 0, !dbg !130
    -> Guard[6] (false edge of 'L133.preheader.split.split'):  %.fr382 = freeze i1 %40
    -> Guard[7] (false edge of 'L85'):  %.fr268 = freeze i1 %35
    -> Guard[8] (true edge of 'L55'):  %.not1442 = icmp ult i64 %31, %.size2.sroa.1.0.copyload, !dbg !96
    -> Guard[9] (false edge of 'L55.preheader.split'):  %.fr = freeze i1 %27
    -> Guard[10] (false edge of 'L37'):  %.fr578 = freeze i1 %23
    -> Guard[11] (false edge of 'L37.preheader.split'):  %9 = icmp slt i64 %.size.sroa.0.0.copyload.fr, 1
    -> Guard[12] (false edge of 'L37.preheader'):  %8 = icmp slt i64 %.size2.sroa.1.0.copyload, 1
    -> Guard[13] (false edge of 'L20'):  %7 = icmp slt i64 %.size.sroa.3.0.copyload, 1, !dbg !68
    -> Guard[14] (true edge of 'L15'):  %.not150 = icmp eq i64 %.size8.sroa.1.0.copyload, %.size.sroa.3.0.copyload, !dbg !59
    -> Guard[15] (true edge of 'L10'):  %.not149 = icmp eq i64 %.size6.sroa.0.0.copyload, %.size2.sroa.1.0.copyload, !dbg !56
    -> Guard[16] (true edge of 'top'):  %.not = icmp eq i64 %.size4.sroa.0.0.copyload, %.size.sroa.0.0.copyload.fr, !dbg !51
    -> Collected 17 dominating context guard(s).
    -> Frame[0] held (cross-BB, no intervening clobber):  %.size.sroa.0.0.copyload = load i64, ptr %.size_ptr, align 8, !dbg !39, !tbaa !44, !alias.scope !45, !noalias !46  ==  %.size39.sroa.0.0.copyload = load i64, ptr %.size_ptr, align 8
    -> Frame[1] held (cross-BB, no intervening clobber):  %.size.sroa.3.0.copyload = load i64, ptr %.size.sroa.3.0..size_ptr.sroa_idx, align 8, !dbg !39, !tbaa !44, !alias.scope !45, !noalias !46  ==  %.size39.sroa.2.0.copyload = load i64, ptr %.size.sroa.3.0..size_ptr.sroa_idx, align 8
    -> Frame[2] held (cross-BB, no intervening clobber):  %.size4.sroa.0.0.copyload = load i64, ptr %.size_ptr1, align 8, !dbg !49, !tbaa !44, !alias.scope !45, !noalias !46  ==  %.size58.sroa.0.0.copyload = load i64, ptr %.size_ptr1, align 8
    -> Frame[3] held (cross-BB, no intervening clobber):  %.size2.sroa.1.0.copyload = load i64, ptr %.size2.sroa.1.0..size_ptr1.sroa_idx, align 8, !dbg !47, !tbaa !44, !alias.scope !45, !noalias !46  ==  %.size58.sroa.2.0.copyload = load i64, ptr %.size2.sroa.1.0..size_ptr1.sroa_idx, align 8
    -> Frame[4] held (cross-BB, no intervening clobber):  %.size.sroa.0.0.copyload = load i64, ptr %.size_ptr, align 8, !dbg !39, !tbaa !44, !alias.scope !45, !noalias !46  ==  %.size77.sroa.0.0.copyload = load i64, ptr %.size_ptr, align 8
    -> Frame[5] held (cross-BB, no intervening clobber):  %.size.sroa.3.0.copyload = load i64, ptr %.size.sroa.3.0..size_ptr.sroa_idx, align 8, !dbg !39, !tbaa !44, !alias.scope !45, !noalias !46  ==  %.size77.sroa.2.0.copyload = load i64, ptr %.size.sroa.3.0..size_ptr.sroa_idx, align 8
    -> [go3] 26 leaf-closure instruction(s) encoded
    -> Fact[SCEV:0] i64 %value_phi13 in [1,-9223372036854775808) (SCEV unsigned)
    -> Fact[SCEV:1] i64 %value_phi13 in [1,-9223372036854775808) (SCEV signed)
    -> Fact[SCEVSYM:2] i64 %value_phi13 - start(1) <=u BTC((-1 + (0 smax %.size.sroa.3.0.copyload))<nsw>) (SCEV symbolic trip count, sub-form)
    -> Fact[LVI:3] i64 %.size39.sroa.0.0.copyload in [2,0) (LVI @ L223)
    -> Fact[SCEV:4] i64 %value_phi20 in [1,-9223372036854775808) (SCEV unsigned)
    -> Fact[SCEV:5] i64 %value_phi20 in [1,-9223372036854775808) (SCEV signed)
    -> Fact[SCEVSYM:6] i64 %value_phi20 - start(1) <=u BTC(((-1 + (0 smax %.size2.sroa.1.0.copyload))<nsw> umin %.size2.sroa.1.0.copyload)) (SCEV symbolic trip count, sub-form)
    -> Fact[LVI:7] i64 %.size77.sroa.0.0.copyload in [1,0) (LVI @ L223)
    -> Fact[LVI:8] i64 %value_phi35 in [1,0) (LVI @ L223)
    -> Fact[SCEVSYM:9] i64 %value_phi35 - start(%bc.resume.val) <=u BTC((((1 + (-1 * %bc.resume.val) + ((-1 + %bc.resume.val) umax %.size39.sroa.0.0.copyload)) umin (1 + (-1 * %bc.resume.val) + ((-1 + %bc.resume.val) umax %.size58.sroa.0.0.copyload.fr))) umin_seq (((-1 * %bc.resume.val) + (0 smax %.size.sroa.0.0.copyload.fr)) umin (1 + (-1 * %bc.resume.val) + ((-1 + %bc.resume.val) umax %.size77.sroa.0.0.copyload))))) (SCEV symbolic trip count, sub-form)
    -> Fact[KB:10] i64 %index known bits zero=0x7 one=0x0
    -> Fact[SCEV:11] i64 %index in [0,-7) (SCEV unsigned)
    -> Fact[SCEV:12] i64 %index in [-9223372036854775808,9223372036854775801) (SCEV signed)
    -> Fact[SCEVSYM:13] i64 %index - start(0) <=u 8*BTC(((-7 + (-1 * %68)<nsw> + ((-1 + %.size39.sroa.0.0.copyload) umin (-1 + %.size58.sroa.0.0.copyload.fr) umin %51)) /u 8)) (SCEV symbolic trip count, sub-form)
    -> Fact[PHIINV-hi:14] i64 %index == i64 0 || ne(i64 %index, i64 %n.vec) (latch-implied bound, 1-induction)
    -> Fact[SCEVEQ:15] i64 %bc.resume.val in phi image (4 incoming)
    -> Fact[LVI:16] i64 %.size39.sroa.0.0.copyload in [2,0) (LVI @ L223)
    -> Fact[LVI:17] i64 %.size58.sroa.0.0.copyload.fr in [1,0) (LVI @ L223)
    -> Fact[SCEVEQ:18] i64 %.size58.sroa.0.0.copyload.fr == freeze operand (leaf identity)
    -> Fact[SCEVEQ:19] i64 %.size.sroa.0.0.copyload.fr == freeze operand (leaf identity)
    -> Fact[LVI:20] i64 %.size77.sroa.0.0.copyload in [1,0) (LVI @ L223)
    -> Fact[KB:21] i64 %68 known bits zero=0x18446744073709551600 one=0x0
    -> Fact[SCEVEQ:22] i64 %51 == freeze operand (leaf identity)
    -> Fact[SCEVEQ:23] i64 %ind.end == SCEV((3 + (-1 * %68)<nsw> + ((-1 + %.size39.sroa.0.0.copyload) umin (-1 + %.size58.sroa.0.0.copyload.fr) umin %51)))
    -> Fact[SCEVEQ:24] i64 %umin1598 == SCEV(((-2 + (0 smax %.size.sroa.0.0.copyload.fr))<nsw> umin (-1 + %.size77.sroa.0.0.copyload)))
    -> [heavy] 25 analysis fact(s) on 28 boundary value(s)
    -> [mv] T3 symbolic index bound: max(idx) = (-1 + (0 smax %.size.sroa.0.0.copyload.fr))<nsw>
    -> Fact[FRAME:0] cross-BB load pair unified (frame held)
    -> Fact[FRAME:1] cross-BB load pair unified (frame held)
    -> Fact[FRAME:2] cross-BB load pair unified (frame held)
    -> Fact[FRAME:3] cross-BB load pair unified (frame held)
    -> Fact[FRAME:4] cross-BB load pair unified (frame held)
    -> Fact[FRAME:5] cross-BB load pair unified (frame held)
    -> UNSAT (Dead Code / Impossible Path) [Query Latency: 0.005792 ms]
  => SUCCESS: Trap mathematically neutralized!
  -> Found UB Trap. Starting Backward Slice...
    -> Guard[0] (false edge of 'L163.peel'):  %.not1444 = icmp eq i64 %.size58.sroa.0.0.copyload.fr, 0, !dbg !130
    -> Guard[1] (false edge of 'L133.preheader.split.split.split'):  %41 = icmp eq i64 %.size39.sroa.0.0.copyload, 0, !dbg !130
    -> Guard[2] (false edge of 'L133.preheader.split.split'):  %.fr382 = freeze i1 %40
    -> Guard[3] (false edge of 'L85'):  %.fr268 = freeze i1 %35
    -> Guard[4] (true edge of 'L55'):  %.not1442 = icmp ult i64 %31, %.size2.sroa.1.0.copyload, !dbg !96
    -> Guard[5] (false edge of 'L55.preheader.split'):  %.fr = freeze i1 %27
    -> Guard[6] (false edge of 'L37'):  %.fr578 = freeze i1 %23
    -> Guard[7] (false edge of 'L37.preheader.split'):  %9 = icmp slt i64 %.size.sroa.0.0.copyload.fr, 1
    -> Guard[8] (false edge of 'L37.preheader'):  %8 = icmp slt i64 %.size2.sroa.1.0.copyload, 1
    -> Guard[9] (false edge of 'L20'):  %7 = icmp slt i64 %.size.sroa.3.0.copyload, 1, !dbg !68
    -> Guard[10] (true edge of 'L15'):  %.not150 = icmp eq i64 %.size8.sroa.1.0.copyload, %.size.sroa.3.0.copyload, !dbg !59
    -> Guard[11] (true edge of 'L10'):  %.not149 = icmp eq i64 %.size6.sroa.0.0.copyload, %.size2.sroa.1.0.copyload, !dbg !56
    -> Guard[12] (true edge of 'top'):  %.not = icmp eq i64 %.size4.sroa.0.0.copyload, %.size.sroa.0.0.copyload.fr, !dbg !51
    -> Collected 13 dominating context guard(s).
    -> Frame[0] held (cross-BB, no intervening clobber):  %.size.sroa.0.0.copyload = load i64, ptr %.size_ptr, align 8, !dbg !39, !tbaa !44, !alias.scope !45, !noalias !46  ==  %.size39.sroa.0.0.copyload = load i64, ptr %.size_ptr, align 8
    -> Frame[1] held (cross-BB, no intervening clobber):  %.size.sroa.3.0.copyload = load i64, ptr %.size.sroa.3.0..size_ptr.sroa_idx, align 8, !dbg !39, !tbaa !44, !alias.scope !45, !noalias !46  ==  %.size39.sroa.2.0.copyload = load i64, ptr %.size.sroa.3.0..size_ptr.sroa_idx, align 8
    -> Frame[2] held (cross-BB, no intervening clobber):  %.size4.sroa.0.0.copyload = load i64, ptr %.size_ptr1, align 8, !dbg !49, !tbaa !44, !alias.scope !45, !noalias !46  ==  %.size58.sroa.0.0.copyload = load i64, ptr %.size_ptr1, align 8
    -> Frame[3] held (cross-BB, no intervening clobber):  %.size2.sroa.1.0.copyload = load i64, ptr %.size2.sroa.1.0..size_ptr1.sroa_idx, align 8, !dbg !47, !tbaa !44, !alias.scope !45, !noalias !46  ==  %.size58.sroa.2.0.copyload = load i64, ptr %.size2.sroa.1.0..size_ptr1.sroa_idx, align 8
    -> Frame[4] held (cross-BB, no intervening clobber):  %.size.sroa.0.0.copyload = load i64, ptr %.size_ptr, align 8, !dbg !39, !tbaa !44, !alias.scope !45, !noalias !46  ==  %.size77.sroa.0.0.copyload = load i64, ptr %.size_ptr, align 8
    -> Frame[5] held (cross-BB, no intervening clobber):  %.size.sroa.3.0.copyload = load i64, ptr %.size.sroa.3.0..size_ptr.sroa_idx, align 8, !dbg !39, !tbaa !44, !alias.scope !45, !noalias !46  ==  %.size77.sroa.2.0.copyload = load i64, ptr %.size.sroa.3.0..size_ptr.sroa_idx, align 8
    -> [go3] 0 leaf-closure instruction(s) encoded
    -> Fact[LVI:0] i64 %.size2.sroa.1.0.copyload in [1,0) (LVI @ L223.peel)
    -> Fact[SCEV:1] i64 %value_phi13 in [1,-9223372036854775808) (SCEV unsigned)
    -> Fact[SCEV:2] i64 %value_phi13 in [1,-9223372036854775808) (SCEV signed)
    -> Fact[SCEVSYM:3] i64 %value_phi13 - start(1) <=u BTC((-1 + (0 smax %.size.sroa.3.0.copyload))<nsw>) (SCEV symbolic trip count, sub-form)
    -> Fact[LVI:4] i64 %.size39.sroa.0.0.copyload in [1,0) (LVI @ L223.peel)
    -> Fact[LVI:5] i64 %value_phi20 in [1,0) (LVI @ L223.peel)
    -> Fact[SCEV:6] i64 %value_phi20 in [1,-9223372036854775808) (SCEV unsigned)
    -> Fact[SCEV:7] i64 %value_phi20 in [1,-9223372036854775808) (SCEV signed)
    -> Fact[SCEVSYM:8] i64 %value_phi20 - start(1) <=u BTC(((-1 + (0 smax %.size2.sroa.1.0.copyload))<nsw> umin %.size2.sroa.1.0.copyload)) (SCEV symbolic trip count, sub-form)
    -> Fact[LVI:9] i64 %.size2.sroa.1.0.copyload in [1,0) (LVI @ L223.peel)
    -> [heavy] 10 analysis fact(s) on 14 boundary value(s)
    -> [mv] T3: not a bounds shape (idx vs invariant count)
    -> Fact[FRAME:0] cross-BB load pair unified (frame held)
    -> Fact[FRAME:1] cross-BB load pair unified (frame held)
    -> Fact[FRAME:2] cross-BB load pair unified (frame held)
    -> Fact[FRAME:3] cross-BB load pair unified (frame held)
    -> Fact[FRAME:4] cross-BB load pair unified (frame held)
    -> Fact[FRAME:5] cross-BB load pair unified (frame held)
    -> UNSAT (Dead Code / Impossible Path) [Query Latency: 0.008416 ms]
  => SUCCESS: Trap mathematically neutralized!
  => Total Traps Eliminated: 14
  => Traps Folded In Fast Copies (mv): 0
  => Total Trap Attempts: 16
  => Total SMT Queries Executed: 16
  => Total SMT Query Latency: 8.296238e+02 ms
  => Average SMT Query Latency: 5.185149e+01 ms
  => Total DFS & SMT Execution Time: 8.738860e+02 ms
--------------------------------------------------
