[ODeSSy] 3 trap site(s) across 2 function(s); threads=1 [tier: heavy] [frame] [mv] [narrow] [ind] [traps=bounds_error,boundserror,odessy.chk]

[Z3 Oracle] Analyzing Function: julia_matmul!_145
  [tier: heavy]
  -> Found UB Trap. Starting Backward Slice...
    -> Guard[0] (false edge of 'top'):  %.not44 = icmp slt i64 %"n::Int64", 1, !dbg !29
    -> Collected 1 dominating context guard(s).
    -> [go3] 0 leaf-closure instruction(s) encoded
    -> Fact[PHIINV-hi:0] i64 %value_phi45 == i64 1 || sle(i64 %value_phi45, i64 %"n::Int64") (latch-implied bound, 1-induction)
    -> Fact[PHIINV-lo:1] (B <=s INT_MAX-1 && v0 <=s B) -> i64 %value_phi45 >=s i64 1 (monotone WRAPPING increments; conditional)
    -> Fact[PHIINV-hi:2] i64 %value_phi240 == i64 1 || sle(i64 %value_phi240, i64 %"n::Int64") (latch-implied bound, 1-induction)
    -> Fact[PHIINV-lo:3] (B <=s INT_MAX-1 && v0 <=s B) -> i64 %value_phi240 >=s i64 1 (monotone WRAPPING increments; conditional)
    -> [heavy] 4 analysis fact(s) on 4 boundary value(s)
    -> [mv] T3: latch-derived trip-count bound for loop depth 3 (latch L52): (-1 + %"n::Int64")
    -> [mv] T3: latch-derived trip-count bound for loop depth 1 (latch L6.L84_crit_edge.split): (-1 + %"n::Int64")
    -> [mv] T3 symbolic index bound: max(idx) = (-1 + (%"n::Int64" * %"n::Int64"))
    -> [ind L0] BASE (2 phi(s) = entry): SAT (WARNING: Potential Integer Overflow Bug Detected!) [Query Latency: 3.688875 ms]
    -> [ind L1] BASE (1 phi(s) = entry): SAT (WARNING: Potential Integer Overflow Bug Detected!) [Query Latency: 3.548708 ms]
    -> [ind L2] BASE (2 phi(s) = entry): SAT (WARNING: Potential Integer Overflow Bug Detected!) [Query Latency: 3.521250 ms]
    -> SAT (WARNING: Potential Integer Overflow Bug Detected!) [Query Latency: 6.051708 ms]
    -> [mv] still UNKNOWN under 16 hypothesis candidate(s): not versionable
    -> [narrow] retry: whole-query 64->32 with overflow flags
    -> [go3] 0 leaf-closure instruction(s) encoded
    -> Fact[PHIINV-hi:0] i64 %value_phi45 == i64 1 || sle(i64 %value_phi45, i64 %"n::Int64") (latch-implied bound, 1-induction)
    -> Fact[PHIINV-lo:1] (B <=s INT_MAX-1 && v0 <=s B) -> i64 %value_phi45 >=s i64 1 (monotone WRAPPING increments; conditional)
    -> Fact[PHIINV-hi:2] i64 %value_phi240 == i64 1 || sle(i64 %value_phi240, i64 %"n::Int64") (latch-implied bound, 1-induction)
    -> Fact[PHIINV-lo:3] (B <=s INT_MAX-1 && v0 <=s B) -> i64 %value_phi240 >=s i64 1 (monotone WRAPPING increments; conditional)
    -> [heavy] 4 analysis fact(s) on 4 boundary value(s)
    -> [mv] T3: latch-derived trip-count bound for loop depth 3 (latch L52): (-1 + %"n::Int64")
    -> [mv] T3: latch-derived trip-count bound for loop depth 1 (latch L6.L84_crit_edge.split): (-1 + %"n::Int64")
    -> [mv] T3 symbolic index bound: max(idx) = (-1 + (%"n::Int64" * %"n::Int64"))
    -> SAT (WARNING: Potential Integer Overflow Bug Detected!) [Query Latency: 5.386125 ms]
    -> [narrow] whole-query 64->32 rewrite: 8 overflow flags, 4 64-bit inputs, 1 product(s) linearized
    -> [narrow] Q_A/Q_B hypothesis set: {%"n::Int64" >=s 0} {%"n::Int64" <=s 2^62} {%"n::Int64" <=s 2^31} {%"n::Int64" <=s 2^15} {%"n::Int64" <=s 2^30}
    -> [narrow] Q_A' (linearized) SAT (8.965420e-01 ms): exact Q_A
    -> [narrow] Q_A SAT model, inputs: |n::Int64|=#x0000000000000000 value_phi240=#x0000000000000000 value_phi45=#x0000000000000000 |a::Array.size.0.copyload|=#x0000000000000000
         trap32 = true, H conjuncts: 5
    -> [narrow] Q_A/Q_B hypothesis set: {%"n::Int64" >=s 0} {%"n::Int64" <=s 2^62} {%"n::Int64" <=s 2^31} {%"n::Int64" <=s 2^15} {%"n::Int64" <=s 2^30} {%value_phi45 >=s 0} {%value_phi45 <=s 2^62} {%value_phi45 <=s 2^31} {%value_phi45 <=s 2^15} {%value_phi45 <=s 2^30} {%"a::Array.size.0.copyload" >=s 0} {%"a::Array.size.0.copyload" <=s 2^62} {%"a::Array.size.0.copyload" <=s 2^31} {%"a::Array.size.0.copyload" <=s 2^15} {%"a::Array.size.0.copyload" <=s 2^30} {%"a::Array.size.0.copyload" >u ((-1 + (%"n::Int64" * %"n::Int64")))}
    -> [narrow] Q_A' (linearized products) UNSAT in 7.206217e+01 ms
    -> [narrow] Q_A' (linearized products) UNSAT in 6.473829e+01 ms
    -> [narrow] Q_B: some 64-bit value may leave 32 bits under H (SAT)
         flag set: mul operands beyond half width: (bvmul (bvadd value_phi45 #xffffffffffffffff) |n::Int64|)
         inputs: |n::Int64|=#x0000000078467fbf value_phi240=#x0000000000000001 value_phi45=#x00000000000046c3 |a::Array.size.0.copyload|=#x0000000000000000
         SB assertions: 17, facts: 4, H in Q_B: {%"n::Int64" <=s 2^31=true} {%value_phi45 >=s 0=true} {%value_phi45 <=s 2^31=true} {%value_phi45 <=s 2^15=true} {%"a::Array.size.0.copyload" >=s 0=true} {%"a::Array.size.0.copyload" <=s 2^31=true} {%"a::Array.size.0.copyload" <=s 2^15=true}
    -> [mv] minimize: without {%"n::Int64" <=s 2^15} -> SAT, kept (7.223687e+01 ms)
    -> [narrow] Q_A' (linearized products) UNSAT in 1.134987e+02 ms
    -> [mv] minimize: without {%value_phi45 <=s 2^15} -> UNSAT, dropped (1.317322e+02 ms)
    -> [narrow] Q_A' (linearized) SAT (2.101717e+01 ms): exact Q_A
    -> [mv] minimize: without {%"a::Array.size.0.copyload" <=s 2^15} -> UNKNOWN, kept (1.002300e+04 ms)
    -> [narrow] Q_A' (linearized products) UNSAT in 3.497433e+01 ms
    -> [mv] minimize: without {%"n::Int64" <=s 2^31} -> UNSAT, dropped (6.546729e+01 ms)
    -> [narrow] Q_A' (linearized products) UNSAT in 1.071915e+02 ms
    -> [mv] minimize: without {%value_phi45 <=s 2^31} -> UNSAT, dropped (1.294159e+02 ms)
    -> [narrow] Q_A' (linearized products) UNSAT in 8.713187e+01 ms
    -> [mv] minimize: without {%"a::Array.size.0.copyload" <=s 2^31} -> UNSAT, dropped (1.057938e+02 ms)
    -> [narrow] Q_A' (linearized products) UNSAT in 2.364225e+01 ms
    -> [mv] minimize: without {%value_phi45 >=s 0} -> UNSAT, dropped (4.583029e+01 ms)
    -> [narrow] Q_A' (linearized products) UNSAT in 5.083954e+01 ms
    -> [narrow] Q_B: some 64-bit value may leave 32 bits under H (SAT)
         flag set: input !fits: |a::Array.size.0.copyload|
         inputs: |n::Int64|=#x0000000000008000 value_phi240=#x0000000000002000 value_phi45=#x00000000000049e9 |a::Array.size.0.copyload|=#xb0a1b04fbe3b0000
         SB assertions: 12, facts: 4, H in Q_B: {%"n::Int64" <=s 2^15=true} {%"a::Array.size.0.copyload" <=s 2^15=true}
    -> [mv] minimize: without {%"a::Array.size.0.copyload" >=s 0} -> SAT, kept (5.834667e+01 ms)
    -> [narrow] Q_A' (linearized) SAT (5.013167e+00 ms): exact Q_A
    -> [narrow] Q_A SAT model, inputs: |n::Int64|=#x0000000000000000 value_phi240=#x0000000000000000 value_phi45=#x0000000000000000 |a::Array.size.0.copyload|=#x0000000000000000
         trap32 = true, H conjuncts: 3
    -> [mv] minimize: without {%"a::Array.size.0.copyload" >u ((-1 + (%"n::Int64" * %"n::Int64")))} -> SAT, kept (1.321433e+01 ms)
    -> [narrow] Q_A' (linearized products) UNSAT in 2.298824e+02 ms
    -> [narrow] Q_B: some 64-bit value may leave 32 bits under H (SAT)
         flag set: mul operands beyond half width: (bvmul (bvadd value_phi45 #xffffffffffffffff) |n::Int64|)
         inputs: |n::Int64|=#x00000000233c38aa value_phi240=#x0000000000400104 value_phi45=#x0000000000000001 |a::Array.size.0.copyload|=#x0000000000000000
         SB assertions: 13, facts: 4, H in Q_B: {%"n::Int64" <=s 2^30=true} {%"a::Array.size.0.copyload" >=s 0=true} {%"a::Array.size.0.copyload" <=s 2^15=true}
    -> [mv] loosen: {%"n::Int64" <=s 2^15} -> {%"n::Int64" <=s 2^30}: kept tight (2.391949e+02 ms)
    -> [narrow] Q_A' (linearized products) UNSAT in 3.160663e+01 ms
    -> [mv] loosen: {%"a::Array.size.0.copyload" <=s 2^15} -> {%"a::Array.size.0.copyload" <=s 2^30}: UNSAT, adopted (5.146342e+01 ms)
    -> [narrow] Q_A' (linearized) SAT (1.835450e+01 ms): exact Q_A
    -> [mv] loosen: {%"a::Array.size.0.copyload" <=s 2^30} -> {%"a::Array.size.0.copyload" <=s 2^31}: kept tight (1.002448e+04 ms)
    -> [mv] DEAD UNDER HYPOTHESIS H = {%"n::Int64" <=s 2^15, %"a::Array.size.0.copyload" >=s 0, %"a::Array.size.0.copyload" <=s 2^30, %"a::Array.size.0.copyload" >u ((-1 + (%"n::Int64" * %"n::Int64")))} (4 of 16 candidates in core, round 1; re-solve 1.392070e+02 ms; trap loop depth 3, hoist to depth 2)
  => SUCCESS (fast copy): trap folded in 2 copies inside the H-guarded clone of loop 'L10.preheader'
  -> Found UB Trap. Starting Backward Slice...
    -> Guard[0] (true edge of 'L14'):  %.not31 = icmp ult i64 %5, %"a::Array.size.0.copyload", !dbg !39
    -> Guard[1] (false edge of 'top'):  %.not44 = icmp slt i64 %"n::Int64", 1, !dbg !29
    -> Collected 2 dominating context guard(s).
    -> [go3] 0 leaf-closure instruction(s) encoded
    -> Fact[PHIINV-hi:0] i64 %value_phi45 == i64 1 || sle(i64 %value_phi45, i64 %"n::Int64") (latch-implied bound, 1-induction)
    -> Fact[PHIINV-lo:1] (B <=s INT_MAX-1 && v0 <=s B) -> i64 %value_phi45 >=s i64 1 (monotone WRAPPING increments; conditional)
    -> Fact[LVI:2] i64 %"a::Array.size.0.copyload" in [1,0) (LVI @ L31)
    -> Fact[PHIINV-hi:3] i64 %value_phi143 == i64 1 || sle(i64 %value_phi143, i64 %"n::Int64") (latch-implied bound, 1-induction)
    -> Fact[PHIINV-lo:4] (B <=s INT_MAX-1 && v0 <=s B) -> i64 %value_phi143 >=s i64 1 (monotone WRAPPING increments; conditional)
    -> Fact[PHIINV-hi:5] i64 %value_phi240 == i64 1 || sle(i64 %value_phi240, i64 %"n::Int64") (latch-implied bound, 1-induction)
    -> Fact[PHIINV-lo:6] (B <=s INT_MAX-1 && v0 <=s B) -> i64 %value_phi240 >=s i64 1 (monotone WRAPPING increments; conditional)
    -> [heavy] 7 analysis fact(s) on 6 boundary value(s)
    -> [mv] T3: latch-derived trip-count bound for loop depth 3 (latch L52): (-1 + %"n::Int64")
    -> [mv] T3: latch-derived trip-count bound for loop depth 2 (latch L77): (-1 + %"n::Int64")
    -> [mv] T3 symbolic index bound: max(idx) = (-1 + (%"n::Int64" * %"n::Int64"))
    -> [ind L0] BASE (2 phi(s) = entry): SAT (WARNING: Potential Integer Overflow Bug Detected!) [Query Latency: 4.155833 ms]
    -> [ind L1] BASE (1 phi(s) = entry): SAT (WARNING: Potential Integer Overflow Bug Detected!) [Query Latency: 4.016000 ms]
    -> [ind L2] BASE (2 phi(s) = entry): SAT (WARNING: Potential Integer Overflow Bug Detected!) [Query Latency: 3.766209 ms]
    -> SAT (WARNING: Potential Integer Overflow Bug Detected!) [Query Latency: 6.259084 ms]
    -> [mv] still UNKNOWN under 19 hypothesis candidate(s): not versionable
    -> [narrow] retry: whole-query 64->32 with overflow flags
    -> [go3] 0 leaf-closure instruction(s) encoded
    -> Fact[PHIINV-hi:0] i64 %value_phi45 == i64 1 || sle(i64 %value_phi45, i64 %"n::Int64") (latch-implied bound, 1-induction)
    -> Fact[PHIINV-lo:1] (B <=s INT_MAX-1 && v0 <=s B) -> i64 %value_phi45 >=s i64 1 (monotone WRAPPING increments; conditional)
    -> Fact[LVI:2] i64 %"a::Array.size.0.copyload" in [1,0) (LVI @ L31)
    -> Fact[PHIINV-hi:3] i64 %value_phi143 == i64 1 || sle(i64 %value_phi143, i64 %"n::Int64") (latch-implied bound, 1-induction)
    -> Fact[PHIINV-lo:4] (B <=s INT_MAX-1 && v0 <=s B) -> i64 %value_phi143 >=s i64 1 (monotone WRAPPING increments; conditional)
    -> Fact[PHIINV-hi:5] i64 %value_phi240 == i64 1 || sle(i64 %value_phi240, i64 %"n::Int64") (latch-implied bound, 1-induction)
    -> Fact[PHIINV-lo:6] (B <=s INT_MAX-1 && v0 <=s B) -> i64 %value_phi240 >=s i64 1 (monotone WRAPPING increments; conditional)
    -> [heavy] 7 analysis fact(s) on 6 boundary value(s)
    -> [mv] T3: latch-derived trip-count bound for loop depth 3 (latch L52): (-1 + %"n::Int64")
    -> [mv] T3: latch-derived trip-count bound for loop depth 2 (latch L77): (-1 + %"n::Int64")
    -> [mv] T3 symbolic index bound: max(idx) = (-1 + (%"n::Int64" * %"n::Int64"))
    -> SAT (WARNING: Potential Integer Overflow Bug Detected!) [Query Latency: 5.851750 ms]
    -> [narrow] whole-query 64->32 rewrite: 14 overflow flags, 6 64-bit inputs, 2 product(s) linearized
    -> [narrow] Q_A/Q_B hypothesis set: {%"n::Int64" >=s 0} {%"n::Int64" <=s 2^62} {%"n::Int64" <=s 2^31} {%"n::Int64" <=s 2^15} {%"n::Int64" <=s 2^30}
    -> [narrow] Q_A' (linearized) SAT (1.963250e+00 ms): exact Q_A
    -> [narrow] Q_A SAT model, inputs: value_phi240=#x0000000000000000 value_phi45=#x0000000000000000 |n::Int64|=#x0000000000000000 |a::Array.size.0.copyload|=#x0000000000000000 value_phi143=#x0000000000000000 |b::Array.size.0.copyload|=#x0000000000000000
         trap32 = true, H conjuncts: 5
    -> [narrow] Q_A/Q_B hypothesis set: {%"n::Int64" >=s 0} {%"n::Int64" <=s 2^62} {%"n::Int64" <=s 2^31} {%"n::Int64" <=s 2^15} {%"n::Int64" <=s 2^30} {%value_phi45 >=s 0} {%value_phi45 <=s 2^62} {%value_phi45 <=s 2^31} {%value_phi45 <=s 2^15} {%value_phi45 <=s 2^30} {%"a::Array.size.0.copyload" >=s 0} {%"a::Array.size.0.copyload" <=s 2^62} {%"a::Array.size.0.copyload" <=s 2^31} {%"a::Array.size.0.copyload" <=s 2^15} {%"a::Array.size.0.copyload" <=s 2^30} {%value_phi143 >=s 0} {%value_phi143 <=s 2^62} {%value_phi143 <=s 2^31} {%value_phi143 <=s 2^15} {%value_phi143 <=s 2^30} {%"b::Array.size.0.copyload" >=s 0} {%"b::Array.size.0.copyload" <=s 2^62} {%"b::Array.size.0.copyload" <=s 2^31} {%"b::Array.size.0.copyload" <=s 2^15} {%"b::Array.size.0.copyload" <=s 2^30} {%"b::Array.size.0.copyload" >u ((-1 + (%"n::Int64" * %"n::Int64")))}
    -> [narrow] Q_A' (linearized products) UNSAT in 1.234009e+02 ms
    -> [narrow] Q_A' (linearized products) UNSAT in 3.848079e+01 ms
    -> [narrow] Q_B: some 64-bit value may leave 32 bits under H (SAT)
         flag set: mul operands beyond half width: (bvmul (bvadd value_phi45 #xffffffffffffffff) |n::Int64|)
         flag set: mul operands beyond half width: (bvmul (bvadd value_phi240 #xffffffffffffffff) |n::Int64|)
         inputs: value_phi240=#x0000000000000001 value_phi45=#x0000000000001a00 |n::Int64|=#x000000001f17ffef |a::Array.size.0.copyload|=#x0000000000008000 value_phi143=#x0000000000005100 |b::Array.size.0.copyload|=#x0000000000000000
         SB assertions: 28, facts: 7, H in Q_B: {%"n::Int64" <=s 2^31=true} {%value_phi45 >=s 0=true} {%value_phi45 <=s 2^31=true} {%value_phi45 <=s 2^15=true} {%"a::Array.size.0.copyload" >=s 0=true} {%"a::Array.size.0.copyload" <=s 2^31=true} {%"a::Array.size.0.copyload" <=s 2^15=true} {%value_phi143 >=s 0=true} {%value_phi143 <=s 2^31=true} {%value_phi143 <=s 2^15=true} {%"b::Array.size.0.copyload" >=s 0=true} {%"b::Array.size.0.copyload" <=s 2^31=true} {%"b::Array.size.0.copyload" <=s 2^15=true}
    -> [mv] minimize: without {%"n::Int64" <=s 2^15} -> SAT, kept (5.531413e+01 ms)
    -> [narrow] Q_A' (linearized products) UNSAT in 1.111886e+02 ms
    -> [mv] minimize: without {%value_phi45 <=s 2^15} -> UNSAT, dropped (1.583655e+02 ms)
    -> [narrow] Q_A' (linearized products) UNSAT in 8.578383e+01 ms
    -> [narrow] Q_B: some 64-bit value may leave 32 bits under H (SAT)
         flag set: input !fits: |a::Array.size.0.copyload|
         inputs: value_phi240=#x0000000000000001 value_phi45=#x0000000000000001 |n::Int64|=#x0000000000008000 |a::Array.size.0.copyload|=#x0000000080000000 value_phi143=#x000000000000551f |b::Array.size.0.copyload|=#x0000000000000000
         SB assertions: 27, facts: 7, H in Q_B: {%"n::Int64" <=s 2^31=true} {%"n::Int64" <=s 2^15=true} {%value_phi45 >=s 0=true} {%value_phi45 <=s 2^31=true} {%"a::Array.size.0.copyload" >=s 0=true} {%"a::Array.size.0.copyload" <=s 2^31=true} {%value_phi143 >=s 0=true} {%value_phi143 <=s 2^31=true} {%value_phi143 <=s 2^15=true} {%"b::Array.size.0.copyload" >=s 0=true} {%"b::Array.size.0.copyload" <=s 2^31=true} {%"b::Array.size.0.copyload" <=s 2^15=true}
    -> [mv] minimize: without {%"a::Array.size.0.copyload" <=s 2^15} -> SAT, kept (9.961183e+01 ms)
    -> [narrow] Q_A' (linearized products) UNSAT in 9.325142e+01 ms
    -> [mv] minimize: without {%value_phi143 <=s 2^15} -> UNSAT, dropped (1.386048e+02 ms)
    -> [narrow] Q_A' (linearized) SAT (6.015808e+01 ms): exact Q_A
    -> [mv] minimize: without {%"b::Array.size.0.copyload" <=s 2^15} -> UNKNOWN, kept (1.006676e+04 ms)
    -> [narrow] Q_A' (linearized products) UNSAT in 1.945121e+02 ms
    -> [mv] minimize: without {%"n::Int64" <=s 2^31} -> UNSAT, dropped (2.505325e+02 ms)
    -> [narrow] Q_A' (linearized products) UNSAT in 7.076808e+01 ms
    -> [mv] minimize: without {%value_phi45 <=s 2^31} -> UNSAT, dropped (1.427503e+02 ms)
    -> [narrow] Q_A' (linearized products) UNSAT in 3.540250e+01 ms
    -> [mv] minimize: without {%"a::Array.size.0.copyload" <=s 2^31} -> UNSAT, dropped (8.253083e+01 ms)
    -> [narrow] Q_A' (linearized products) UNSAT in 7.107621e+01 ms
    -> [mv] minimize: without {%value_phi143 <=s 2^31} -> UNSAT, dropped (1.223984e+02 ms)
    -> [narrow] Q_A' (linearized products) UNSAT in 7.948792e+01 ms
    -> [mv] minimize: without {%"b::Array.size.0.copyload" <=s 2^31} -> UNSAT, dropped (1.224886e+02 ms)
    -> [narrow] Q_A' (linearized products) UNSAT in 8.088913e+01 ms
    -> [mv] minimize: without {%value_phi45 >=s 0} -> UNSAT, dropped (1.199821e+02 ms)
    -> [narrow] Q_A' (linearized products) UNSAT in 5.110350e+01 ms
    -> [narrow] Q_B: some 64-bit value may leave 32 bits under H (SAT)
         flag set: input !fits: |a::Array.size.0.copyload|
         inputs: value_phi240=#x0000000000004000 value_phi45=#x0000000000003748 |n::Int64|=#x0000000000004000 |a::Array.size.0.copyload|=#xffffffff00000000 value_phi143=#x0000000000000450 |b::Array.size.0.copyload|=#x0000000000002000
         SB assertions: 20, facts: 7, H in Q_B: {%"n::Int64" <=s 2^15=true} {%"a::Array.size.0.copyload" <=s 2^15=true} {%value_phi143 >=s 0=true} {%"b::Array.size.0.copyload" >=s 0=true} {%"b::Array.size.0.copyload" <=s 2^15=true}
    -> [mv] minimize: without {%"a::Array.size.0.copyload" >=s 0} -> SAT, kept (8.779604e+01 ms)
    -> [narrow] Q_A' (linearized products) UNSAT in 6.815529e+01 ms
    -> [mv] minimize: without {%value_phi143 >=s 0} -> UNSAT, dropped (1.110302e+02 ms)
    -> [narrow] Q_A' (linearized products) UNSAT in 1.503200e+02 ms
    -> [narrow] Q_B: some 64-bit value may leave 32 bits under H (SAT)
         flag set: input !fits: |b::Array.size.0.copyload|
         inputs: value_phi240=#x0000000000000001 value_phi45=#x0000000000000001 |n::Int64|=#x0000000000007db2 |a::Array.size.0.copyload|=#x0000000000000800 value_phi143=#x0000000000000814 |b::Array.size.0.copyload|=#xc0185e32b0c20000
         SB assertions: 19, facts: 7, H in Q_B: {%"n::Int64" <=s 2^15=true} {%"a::Array.size.0.copyload" >=s 0=true} {%"a::Array.size.0.copyload" <=s 2^15=true} {%"b::Array.size.0.copyload" <=s 2^15=true}
    -> [mv] minimize: without {%"b::Array.size.0.copyload" >=s 0} -> SAT, kept (1.655105e+02 ms)
    -> [narrow] Q_A' (linearized) SAT (9.444667e+00 ms): exact Q_A
    -> [narrow] Q_A SAT model, inputs: value_phi240=#x0000000000000000 value_phi45=#x0000000000000000 |n::Int64|=#x0000000000000000 |a::Array.size.0.copyload|=#x0000000000000000 value_phi143=#x0000000000000000 |b::Array.size.0.copyload|=#x0000000000000000
         trap32 = true, H conjuncts: 5
    -> [mv] minimize: without {%"b::Array.size.0.copyload" >u ((-1 + (%"n::Int64" * %"n::Int64")))} -> SAT, kept (5.118196e+01 ms)
    -> [narrow] Q_A' (linearized products) UNSAT in 6.045104e+01 ms
    -> [narrow] Q_B: some 64-bit value may leave 32 bits under H (SAT)
         flag set: mul operands beyond half width: (bvmul (bvadd value_phi45 #xffffffffffffffff) |n::Int64|)
         flag set: add ovf: (bvadd value_phi240 (bvmul (bvadd value_phi45 #xffffffffffffffff) |n::Int64|))
         flag set: add ovf: (bvadd value_phi240
       (bvmul (bvadd value_phi45 #xffffffffffffffff) |n::Int64|)
     ...
         inputs: value_phi240=#x000000002aaaaaaa value_phi45=#x0000000021613b02 |n::Int64|=#x000000003f7a8356 |a::Array.size.0.copyload|=#x0000000000008000 value_phi143=#x0000000000000001 |b::Array.size.0.copyload|=#x0000000000000000
         SB assertions: 20, facts: 7, H in Q_B: {%"n::Int64" <=s 2^30=true} {%"a::Array.size.0.copyload" >=s 0=true} {%"a::Array.size.0.copyload" <=s 2^15=true} {%"b::Array.size.0.copyload" >=s 0=true} {%"b::Array.size.0.copyload" <=s 2^15=true}
    -> [mv] loosen: {%"n::Int64" <=s 2^15} -> {%"n::Int64" <=s 2^30}: kept tight (7.760679e+01 ms)
    -> [narrow] Q_A' (linearized products) UNSAT in 1.718346e+02 ms
    -> [mv] loosen: {%"a::Array.size.0.copyload" <=s 2^15} -> {%"a::Array.size.0.copyload" <=s 2^30}: UNSAT, adopted (2.200771e+02 ms)
    -> [narrow] Q_A' (linearized products) UNSAT in 1.471287e+02 ms
    -> [narrow] Q_B: some 64-bit value may leave 32 bits under H (SAT)
         flag set: input !fits: |a::Array.size.0.copyload|
         inputs: value_phi240=#x0000000000000001 value_phi45=#x0000000000005400 |n::Int64|=#x0000000000007059 |a::Array.size.0.copyload|=#x0000000080000000 value_phi143=#x0000000000003fdc |b::Array.size.0.copyload|=#x0000000000000000
         SB assertions: 20, facts: 7, H in Q_B: {%"n::Int64" <=s 2^15=true} {%"a::Array.size.0.copyload" >=s 0=true} {%"a::Array.size.0.copyload" <=s 2^31=true} {%"b::Array.size.0.copyload" >=s 0=true} {%"b::Array.size.0.copyload" <=s 2^15=true}
    -> [mv] loosen: {%"a::Array.size.0.copyload" <=s 2^30} -> {%"a::Array.size.0.copyload" <=s 2^31}: kept tight (1.627102e+02 ms)
    -> [narrow] Q_A' (linearized products) UNSAT in 4.381213e+01 ms
    -> [mv] loosen: {%"b::Array.size.0.copyload" <=s 2^15} -> {%"b::Array.size.0.copyload" <=s 2^30}: UNSAT, adopted (8.699779e+01 ms)
    -> [narrow] Q_A' (linearized) SAT (4.071912e+01 ms): exact Q_A
    -> [mv] loosen: {%"b::Array.size.0.copyload" <=s 2^30} -> {%"b::Array.size.0.copyload" <=s 2^31}: kept tight (1.004585e+04 ms)
    -> [mv] DEAD UNDER HYPOTHESIS H = {%"n::Int64" <=s 2^15, %"a::Array.size.0.copyload" >=s 0, %"a::Array.size.0.copyload" <=s 2^30, %"b::Array.size.0.copyload" >=s 0, %"b::Array.size.0.copyload" <=s 2^30, %"b::Array.size.0.copyload" >u ((-1 + (%"n::Int64" * %"n::Int64")))} (6 of 26 candidates in core, round 1; re-solve 3.684080e+02 ms; trap loop depth 3, hoist to depth 3)
  => SUCCESS (fast copy): trap folded in 1 copy inside the H-guarded clone of loop 'L14'
  -> Found UB Trap. Starting Backward Slice...
    -> Guard[0] (true edge of 'L52'):  %.not30 = icmp sgt i64 %15, %"n::Int64", !dbg !64
    -> Guard[1] (true edge of 'L31'):  %.not32 = icmp ult i64 %10, %"b::Array.size.0.copyload", !dbg !39
    -> Guard[2] (true edge of 'L14'):  %.not31 = icmp ult i64 %5, %"a::Array.size.0.copyload", !dbg !39
    -> Guard[3] (false edge of 'top'):  %.not44 = icmp slt i64 %"n::Int64", 1, !dbg !29
    -> Collected 4 dominating context guard(s).
    -> [go3] 0 leaf-closure instruction(s) encoded
    -> Fact[LVI:0] i64 %"n::Int64" in [-9223372036854775808,9223372036854775807) (LVI @ L10.L60_crit_edge)
    -> Fact[PHIINV-hi:1] i64 %value_phi45 == i64 1 || sle(i64 %value_phi45, i64 %"n::Int64") (latch-implied bound, 1-induction)
    -> Fact[PHIINV-lo:2] (B <=s INT_MAX-1 && v0 <=s B) -> i64 %value_phi45 >=s i64 1 (monotone WRAPPING increments; conditional)
    -> Fact[LVI:3] i64 %"a::Array.size.0.copyload" in [1,0) (LVI @ L10.L60_crit_edge)
    -> Fact[PHIINV-hi:4] i64 %value_phi143 == i64 1 || sle(i64 %value_phi143, i64 %"n::Int64") (latch-implied bound, 1-induction)
    -> Fact[PHIINV-lo:5] (B <=s INT_MAX-1 && v0 <=s B) -> i64 %value_phi143 >=s i64 1 (monotone WRAPPING increments; conditional)
    -> Fact[LVI:6] i64 %"b::Array.size.0.copyload" in [1,0) (LVI @ L10.L60_crit_edge)
    -> Fact[LVI:7] i64 %value_phi240 in [-9223372036854775808,9223372036854775807) (LVI @ L10.L60_crit_edge)
    -> Fact[PHIINV-hi:8] i64 %value_phi240 == i64 1 || sle(i64 %value_phi240, i64 %"n::Int64") (latch-implied bound, 1-induction)
    -> Fact[PHIINV-lo:9] (B <=s INT_MAX-1 && v0 <=s B) -> i64 %value_phi240 >=s i64 1 (monotone WRAPPING increments; conditional)
    -> [heavy] 10 analysis fact(s) on 7 boundary value(s)
    -> [mv] T3: latch-derived trip-count bound for loop depth 2 (latch L77): (-1 + %"n::Int64")
    -> [mv] T3: latch-derived trip-count bound for loop depth 1 (latch L6.L84_crit_edge.split): (-1 + %"n::Int64")
    -> [mv] T3 symbolic index bound: max(idx) = (-1 + (%"n::Int64" * %"n::Int64"))
    -> [ind L0] BASE (1 phi(s) = entry): SAT (WARNING: Potential Integer Overflow Bug Detected!) [Query Latency: 1.042250 ms]
    -> [ind L1] BASE (2 phi(s) = entry): SAT (WARNING: Potential Integer Overflow Bug Detected!) [Query Latency: 1.024250 ms]
    -> SAT (WARNING: Potential Integer Overflow Bug Detected!) [Query Latency: 2.458250 ms]
    -> [mv] still UNKNOWN under 16 hypothesis candidate(s): not versionable
    -> [narrow] retry: whole-query 64->32 with overflow flags
    -> [go3] 0 leaf-closure instruction(s) encoded
    -> Fact[LVI:0] i64 %"n::Int64" in [-9223372036854775808,9223372036854775807) (LVI @ L10.L60_crit_edge)
    -> Fact[PHIINV-hi:1] i64 %value_phi45 == i64 1 || sle(i64 %value_phi45, i64 %"n::Int64") (latch-implied bound, 1-induction)
    -> Fact[PHIINV-lo:2] (B <=s INT_MAX-1 && v0 <=s B) -> i64 %value_phi45 >=s i64 1 (monotone WRAPPING increments; conditional)
    -> Fact[LVI:3] i64 %"a::Array.size.0.copyload" in [1,0) (LVI @ L10.L60_crit_edge)
    -> Fact[PHIINV-hi:4] i64 %value_phi143 == i64 1 || sle(i64 %value_phi143, i64 %"n::Int64") (latch-implied bound, 1-induction)
    -> Fact[PHIINV-lo:5] (B <=s INT_MAX-1 && v0 <=s B) -> i64 %value_phi143 >=s i64 1 (monotone WRAPPING increments; conditional)
    -> Fact[LVI:6] i64 %"b::Array.size.0.copyload" in [1,0) (LVI @ L10.L60_crit_edge)
    -> Fact[LVI:7] i64 %value_phi240 in [-9223372036854775808,9223372036854775807) (LVI @ L10.L60_crit_edge)
    -> Fact[PHIINV-hi:8] i64 %value_phi240 == i64 1 || sle(i64 %value_phi240, i64 %"n::Int64") (latch-implied bound, 1-induction)
    -> Fact[PHIINV-lo:9] (B <=s INT_MAX-1 && v0 <=s B) -> i64 %value_phi240 >=s i64 1 (monotone WRAPPING increments; conditional)
    -> [heavy] 10 analysis fact(s) on 7 boundary value(s)
    -> [mv] T3: latch-derived trip-count bound for loop depth 2 (latch L77): (-1 + %"n::Int64")
    -> [mv] T3: latch-derived trip-count bound for loop depth 1 (latch L6.L84_crit_edge.split): (-1 + %"n::Int64")
    -> [mv] T3 symbolic index bound: max(idx) = (-1 + (%"n::Int64" * %"n::Int64"))
    -> SAT (WARNING: Potential Integer Overflow Bug Detected!) [Query Latency: 2.499791 ms]
    -> [narrow] whole-query 64->32 rewrite: 18 overflow flags, 7 64-bit inputs, 2 product(s) linearized
    -> [narrow] exempt input (unbounded, guards/facts/flags over it dropped): value_phi240
    -> [narrow] exempt input (unbounded, guards/facts/flags over it dropped): |b::Array.size.0.copyload|
    -> [narrow] Q_A/Q_B hypothesis set: {%"n::Int64" >=s 0} {%"n::Int64" <=s 2^62} {%"n::Int64" <=s 2^31} {%"n::Int64" <=s 2^15} {%"n::Int64" <=s 2^30}
    -> [narrow] Q_A' (linearized) SAT (1.091083e+00 ms): exact Q_A
    -> [narrow] Q_A SAT model, inputs: value_phi240=#x0000000000000000 |n::Int64|=#x0000000000000000 value_phi143=#x0000000000000000 |b::Array.size.0.copyload|=#x0000000000000000 value_phi45=#x0000000000000000 |a::Array.size.0.copyload|=#x0000000000000000 |c::Array.size.0.copyload|=#x0000000000000000
         trap32 = true, H conjuncts: 5
    -> [narrow] Q_A/Q_B hypothesis set: {%"n::Int64" >=s 0} {%"n::Int64" <=s 2^62} {%"n::Int64" <=s 2^31} {%"n::Int64" <=s 2^15} {%"n::Int64" <=s 2^30} {%value_phi45 >=s 0} {%value_phi45 <=s 2^62} {%value_phi45 <=s 2^31} {%value_phi45 <=s 2^15} {%value_phi45 <=s 2^30} {%"a::Array.size.0.copyload" >=s 0} {%"a::Array.size.0.copyload" <=s 2^62} {%"a::Array.size.0.copyload" <=s 2^31} {%"a::Array.size.0.copyload" <=s 2^15} {%"a::Array.size.0.copyload" <=s 2^30} {%"c::Array.size.0.copyload" >=s 0} {%"c::Array.size.0.copyload" <=s 2^62} {%"c::Array.size.0.copyload" <=s 2^31} {%"c::Array.size.0.copyload" <=s 2^15} {%"c::Array.size.0.copyload" <=s 2^30} {%"c::Array.size.0.copyload" >u ((-1 + (%"n::Int64" * %"n::Int64")))}
    -> [narrow] Q_A' (linearized products) UNSAT in 1.035037e+02 ms
    -> [narrow] Q_A' (linearized products) UNSAT in 4.029425e+01 ms
    -> [narrow] Q_B: some 64-bit value may leave 32 bits under H (SAT)
         flag set: mul operands beyond half width: (bvmul (bvadd value_phi240 #xffffffffffffffff) |n::Int64|)
         flag set: input !fits: |b::Array.size.0.copyload|
         flag set: mul operands beyond half width: (bvmul (bvadd value_phi45 #xffffffffffffffff) |n::Int64|)
         inputs: value_phi240=#x000000003176f4d8 |n::Int64|=#x0000000068dff6ca value_phi143=#x00000000121722c0 |b::Array.size.0.copyload|=#x8000000000000000 value_phi45=#x0000000000005f20 |a::Array.size.0.copyload|=#x0000000000004000 |c::Array.size.0.copyload|=#x0000000000002000
         SB assertions: 26, facts: 10, H in Q_B: {%"n::Int64" <=s 2^31=true} {%value_phi45 <=s 2^31=true} {%value_phi45 <=s 2^15=true} {%"a::Array.size.0.copyload" >=s 0=true} {%"a::Array.size.0.copyload" <=s 2^31=true} {%"a::Array.size.0.copyload" <=s 2^15=true} {%"c::Array.size.0.copyload" >=s 0=true} {%"c::Array.size.0.copyload" <=s 2^31=true} {%"c::Array.size.0.copyload" <=s 2^15=true}
    -> [mv] minimize: without {%"n::Int64" <=s 2^15} -> SAT, kept (6.076508e+01 ms)
    -> [narrow] Q_A' (linearized products) UNSAT in 5.717667e+01 ms
    -> [mv] minimize: without {%value_phi45 <=s 2^15} -> UNSAT, dropped (7.889425e+01 ms)
    -> [narrow] Q_A' (linearized products) UNSAT in 3.209554e+01 ms
    -> [narrow] Q_B: some 64-bit value may leave 32 bits under H (SAT)
         flag set: input !fits: |a::Array.size.0.copyload|
         inputs: value_phi240=#x0000000000000b00 |n::Int64|=#x00000000000049a8 value_phi143=#x0000000000000dde |b::Array.size.0.copyload|=#x0000000000000800 value_phi45=#x0000000000000001 |a::Array.size.0.copyload|=#x0000000080000000 |c::Array.size.0.copyload|=#x0000000000000000
         SB assertions: 25, facts: 10, H in Q_B: {%"n::Int64" <=s 2^31=true} {%"n::Int64" <=s 2^15=true} {%value_phi45 <=s 2^31=true} {%"a::Array.size.0.copyload" >=s 0=true} {%"a::Array.size.0.copyload" <=s 2^31=true} {%"c::Array.size.0.copyload" >=s 0=true} {%"c::Array.size.0.copyload" <=s 2^31=true} {%"c::Array.size.0.copyload" <=s 2^15=true}
    -> [mv] minimize: without {%"a::Array.size.0.copyload" <=s 2^15} -> SAT, kept (4.002842e+01 ms)
    -> [narrow] Q_A' (linearized) SAT (3.284350e+01 ms): exact Q_A
    -> [mv] minimize: without {%"c::Array.size.0.copyload" <=s 2^15} -> UNKNOWN, kept (1.005028e+04 ms)
    -> [narrow] Q_A' (linearized products) UNSAT in 4.177033e+01 ms
    -> [mv] minimize: without {%"n::Int64" <=s 2^31} -> UNSAT, dropped (7.240867e+01 ms)
    -> [narrow] Q_A' (linearized products) UNSAT in 3.039916e+02 ms
    -> [mv] minimize: without {%value_phi45 <=s 2^31} -> UNSAT, dropped (3.249232e+02 ms)
    -> [narrow] Q_A' (linearized products) UNSAT in 2.855088e+01 ms
    -> [mv] minimize: without {%"a::Array.size.0.copyload" <=s 2^31} -> UNSAT, dropped (5.013587e+01 ms)
    -> [narrow] Q_A' (linearized products) UNSAT in 2.582129e+02 ms
    -> [mv] minimize: without {%"c::Array.size.0.copyload" <=s 2^31} -> UNSAT, dropped (2.776789e+02 ms)
    -> [narrow] Q_A' (linearized products) UNSAT in 4.427908e+01 ms
    -> [narrow] Q_B: some 64-bit value may leave 32 bits under H (SAT)
         flag set: input !fits: |a::Array.size.0.copyload|
         inputs: value_phi240=#x0000000000000001 |n::Int64|=#x0000000000000fbf value_phi143=#x0000000000000001 |b::Array.size.0.copyload|=#x0000000000000001 value_phi45=#x0000000000000003 |a::Array.size.0.copyload|=#xefbffbff0000c000 |c::Array.size.0.copyload|=#x0000000000000000
         SB assertions: 21, facts: 10, H in Q_B: {%"n::Int64" <=s 2^15=true} {%"a::Array.size.0.copyload" <=s 2^15=true} {%"c::Array.size.0.copyload" >=s 0=true} {%"c::Array.size.0.copyload" <=s 2^15=true}
    -> [mv] minimize: without {%"a::Array.size.0.copyload" >=s 0} -> SAT, kept (5.297008e+01 ms)
    -> [narrow] Q_A' (linearized products) UNSAT in 7.418650e+01 ms
    -> [narrow] Q_B: some 64-bit value may leave 32 bits under H (SAT)
         flag set: input !fits: |b::Array.size.0.copyload|
         flag set: input !fits: |c::Array.size.0.copyload|
         inputs: value_phi240=#x0000000000001000 |n::Int64|=#x0000000000008000 value_phi143=#x0000000000004000 |b::Array.size.0.copyload|=#x0004000000000000 value_phi45=#x0000000000000001 |a::Array.size.0.copyload|=#x0000000000008000 |c::Array.size.0.copyload|=#xffffffff0000c000
         SB assertions: 21, facts: 10, H in Q_B: {%"n::Int64" <=s 2^15=true} {%"a::Array.size.0.copyload" >=s 0=true} {%"a::Array.size.0.copyload" <=s 2^15=true} {%"c::Array.size.0.copyload" <=s 2^15=true}
    -> [mv] minimize: without {%"c::Array.size.0.copyload" >=s 0} -> SAT, kept (8.372537e+01 ms)
    -> [narrow] Q_A' (linearized) SAT (6.045209e+00 ms): exact Q_A
    -> [narrow] Q_A SAT model, inputs: value_phi240=#x0000000000000000 |n::Int64|=#x0000000000000000 value_phi143=#x0000000000000000 |b::Array.size.0.copyload|=#x0000000000000000 value_phi45=#x0000000000000000 |a::Array.size.0.copyload|=#x0000000000000000 |c::Array.size.0.copyload|=#x0000000000000000
         trap32 = true, H conjuncts: 5
    -> [mv] minimize: without {%"c::Array.size.0.copyload" >u ((-1 + (%"n::Int64" * %"n::Int64")))} -> SAT, kept (1.546167e+01 ms)
    -> [narrow] Q_A' (linearized products) UNSAT in 7.584583e+01 ms
    -> [narrow] Q_B: some 64-bit value may leave 32 bits under H (SAT)
         flag set: mul operands beyond half width: (bvmul (bvadd value_phi240 #xffffffffffffffff) |n::Int64|)
         flag set: input !fits: |b::Array.size.0.copyload|
         flag set: mul operands beyond half width: (bvmul (bvadd value_phi45 #xffffffffffffffff) |n::Int64|)
         inputs: value_phi240=#x00000000007c2000 |n::Int64|=#x000000001dfb8b46 value_phi143=#x0000000019fff596 |b::Array.size.0.copyload|=#x0000001000000000 value_phi45=#x000000000eb4fe66 |a::Array.size.0.copyload|=#x0000000000000100 |c::Array.size.0.copyload|=#x0000000000000000
         SB assertions: 22, facts: 10, H in Q_B: {%"n::Int64" <=s 2^30=true} {%"a::Array.size.0.copyload" >=s 0=true} {%"a::Array.size.0.copyload" <=s 2^15=true} {%"c::Array.size.0.copyload" >=s 0=true} {%"c::Array.size.0.copyload" <=s 2^15=true}
    -> [mv] loosen: {%"n::Int64" <=s 2^15} -> {%"n::Int64" <=s 2^30}: kept tight (8.650271e+01 ms)
    -> [narrow] Q_A' (linearized products) UNSAT in 5.310608e+01 ms
    -> [mv] loosen: {%"a::Array.size.0.copyload" <=s 2^15} -> {%"a::Array.size.0.copyload" <=s 2^30}: UNSAT, adopted (7.590112e+01 ms)
    -> [narrow] Q_A' (linearized products) UNSAT in 7.833950e+01 ms
    -> [narrow] Q_B: some 64-bit value may leave 32 bits under H (SAT)
         flag set: input !fits: |b::Array.size.0.copyload|
         flag set: input !fits: |a::Array.size.0.copyload|
         inputs: value_phi240=#x0000000000004000 |n::Int64|=#x0000000000008000 value_phi143=#x0000000000007982 |b::Array.size.0.copyload|=#x0000004000000000 value_phi45=#x00000000000002f0 |a::Array.size.0.copyload|=#x0000000080000000 |c::Array.size.0.copyload|=#x0000000000000000
         SB assertions: 22, facts: 10, H in Q_B: {%"n::Int64" <=s 2^15=true} {%"a::Array.size.0.copyload" >=s 0=true} {%"a::Array.size.0.copyload" <=s 2^31=true} {%"c::Array.size.0.copyload" >=s 0=true} {%"c::Array.size.0.copyload" <=s 2^15=true}
    -> [mv] loosen: {%"a::Array.size.0.copyload" <=s 2^30} -> {%"a::Array.size.0.copyload" <=s 2^31}: kept tight (8.789779e+01 ms)
    -> [narrow] Q_A' (linearized products) UNSAT in 4.637738e+01 ms
    -> [mv] loosen: {%"c::Array.size.0.copyload" <=s 2^15} -> {%"c::Array.size.0.copyload" <=s 2^30}: UNSAT, adopted (8.946954e+01 ms)
    -> [narrow] Q_A' (linearized) SAT (2.598983e+01 ms): exact Q_A
    -> [mv] loosen: {%"c::Array.size.0.copyload" <=s 2^30} -> {%"c::Array.size.0.copyload" <=s 2^31}: kept tight (1.003987e+04 ms)
    -> [mv] DEAD UNDER HYPOTHESIS H = {%"n::Int64" <=s 2^15, %"a::Array.size.0.copyload" >=s 0, %"a::Array.size.0.copyload" <=s 2^30, %"c::Array.size.0.copyload" >=s 0, %"c::Array.size.0.copyload" <=s 2^30, %"c::Array.size.0.copyload" >u ((-1 + (%"n::Int64" * %"n::Int64")))} (6 of 21 candidates in core, round 1; re-solve 1.821076e+02 ms; trap loop depth 2, hoist to depth 2)
  => SUCCESS (fast copy): trap folded in 1 copy inside the H-guarded clone of loop 'L10.preheader'
  => Total Traps Eliminated: 0
  => Traps Folded In Fast Copies (mv): 3
  => Total Trap Attempts: 3
  => Total SMT Queries Executed: 3
  => Total SMT Query Latency: 6.554386e+04 ms
  => Average SMT Query Latency: 2.184795e+04 ms
  => Total DFS & SMT Execution Time: 3.013511e+04 ms
--------------------------------------------------

[Z3 Oracle] Analyzing Function: jfptr_matmul!_146
  [tier: heavy]
  => Total Traps Eliminated: 0
  => Traps Folded In Fast Copies (mv): 0
  => Total Trap Attempts: 0
  => Total SMT Queries Executed: 0
  => Total SMT Query Latency: 0.000000e+00 ms
  => Average SMT Query Latency: 0.000000e+00 ms
  => Total DFS & SMT Execution Time: 8.542000e-03 ms
--------------------------------------------------
