[ODeSSy] 3 trap site(s) across 2 function(s); threads=1 [tier: heavy] [frame] [mv] [narrow] [ind] [mv-nofold] [traps=bounds_error,boundserror,odessy.chk]

[Z3 Oracle] Analyzing Function: julia_matmul!_145
  [tier: heavy]
  -> Found UB Trap. Starting Backward Slice...
    -> Guard[0] (false edge of 'top'):  %.not44 = icmp slt i64 %"n::Int64", 1, !dbg !29
    -> Collected 1 dominating context guard(s).
    -> [go3] 0 leaf-closure instruction(s) encoded
    -> Fact[PHIINV-hi:0] i64 %value_phi45 == i64 1 || sle(i64 %value_phi45, i64 %"n::Int64") (latch-implied bound, 1-induction)
    -> Fact[PHIINV-lo:1] (B <=s INT_MAX-1 && v0 <=s B) -> i64 %value_phi45 >=s i64 1 (monotone WRAPPING increments; conditional)
    -> Fact[PHIINV-hi:2] i64 %value_phi240 == i64 1 || sle(i64 %value_phi240, i64 %"n::Int64") (latch-implied bound, 1-induction)
    -> Fact[PHIINV-lo:3] (B <=s INT_MAX-1 && v0 <=s B) -> i64 %value_phi240 >=s i64 1 (monotone WRAPPING increments; conditional)
    -> [heavy] 4 analysis fact(s) on 4 boundary value(s)
    -> [mv] T3: latch-derived trip-count bound for loop depth 3 (latch L52): (-1 + %"n::Int64")
    -> [mv] T3: latch-derived trip-count bound for loop depth 1 (latch L6.L84_crit_edge.split): (-1 + %"n::Int64")
    -> [mv] T3 symbolic index bound: max(idx) = (-1 + (%"n::Int64" * %"n::Int64"))
    -> [ind L0] BASE (2 phi(s) = entry): SAT (WARNING: Potential Integer Overflow Bug Detected!) [Query Latency: 3.734209 ms]
    -> [ind L1] BASE (1 phi(s) = entry): SAT (WARNING: Potential Integer Overflow Bug Detected!) [Query Latency: 3.612000 ms]
    -> [ind L2] BASE (2 phi(s) = entry): SAT (WARNING: Potential Integer Overflow Bug Detected!) [Query Latency: 3.338875 ms]
    -> SAT (WARNING: Potential Integer Overflow Bug Detected!) [Query Latency: 6.220708 ms]
    -> [mv] still UNKNOWN under 16 hypothesis candidate(s): not versionable
    -> [narrow] retry: whole-query 64->32 with overflow flags
    -> [go3] 0 leaf-closure instruction(s) encoded
    -> Fact[PHIINV-hi:0] i64 %value_phi45 == i64 1 || sle(i64 %value_phi45, i64 %"n::Int64") (latch-implied bound, 1-induction)
    -> Fact[PHIINV-lo:1] (B <=s INT_MAX-1 && v0 <=s B) -> i64 %value_phi45 >=s i64 1 (monotone WRAPPING increments; conditional)
    -> Fact[PHIINV-hi:2] i64 %value_phi240 == i64 1 || sle(i64 %value_phi240, i64 %"n::Int64") (latch-implied bound, 1-induction)
    -> Fact[PHIINV-lo:3] (B <=s INT_MAX-1 && v0 <=s B) -> i64 %value_phi240 >=s i64 1 (monotone WRAPPING increments; conditional)
    -> [heavy] 4 analysis fact(s) on 4 boundary value(s)
    -> [mv] T3: latch-derived trip-count bound for loop depth 3 (latch L52): (-1 + %"n::Int64")
    -> [mv] T3: latch-derived trip-count bound for loop depth 1 (latch L6.L84_crit_edge.split): (-1 + %"n::Int64")
    -> [mv] T3 symbolic index bound: max(idx) = (-1 + (%"n::Int64" * %"n::Int64"))
    -> SAT (WARNING: Potential Integer Overflow Bug Detected!) [Query Latency: 5.346458 ms]
    -> [narrow] whole-query 64->32 rewrite: 8 overflow flags, 4 64-bit inputs, 1 product(s) linearized
    -> [narrow] Q_A/Q_B hypothesis set: {%"n::Int64" >=s 0} {%"n::Int64" <=s 2^62} {%"n::Int64" <=s 2^31} {%"n::Int64" <=s 2^15} {%"n::Int64" <=s 2^30}
    -> [narrow] Q_A' (linearized) SAT (9.006250e-01 ms): exact Q_A
    -> [narrow] Q_A SAT model, inputs: |n::Int64|=#x0000000000000000 value_phi240=#x0000000000000000 value_phi45=#x0000000000000000 |a::Array.size.0.copyload|=#x0000000000000000
         trap32 = true, H conjuncts: 5
    -> [narrow] Q_A/Q_B hypothesis set: {%"n::Int64" >=s 0} {%"n::Int64" <=s 2^62} {%"n::Int64" <=s 2^31} {%"n::Int64" <=s 2^15} {%"n::Int64" <=s 2^30} {%value_phi45 >=s 0} {%value_phi45 <=s 2^62} {%value_phi45 <=s 2^31} {%value_phi45 <=s 2^15} {%value_phi45 <=s 2^30} {%"a::Array.size.0.copyload" >=s 0} {%"a::Array.size.0.copyload" <=s 2^62} {%"a::Array.size.0.copyload" <=s 2^31} {%"a::Array.size.0.copyload" <=s 2^15} {%"a::Array.size.0.copyload" <=s 2^30} {%"a::Array.size.0.copyload" >u ((-1 + (%"n::Int64" * %"n::Int64")))}
    -> [narrow] Q_A' (linearized products) UNSAT in 7.151037e+01 ms
    -> [narrow] Q_A' (linearized products) UNSAT in 6.469237e+01 ms
    -> [narrow] Q_B: some 64-bit value may leave 32 bits under H (SAT)
         flag set: mul operands beyond half width: (bvmul (bvadd value_phi45 #xffffffffffffffff) |n::Int64|)
         inputs: |n::Int64|=#x0000000078467fbf value_phi240=#x0000000000000001 value_phi45=#x00000000000046c3 |a::Array.size.0.copyload|=#x0000000000000000
         SB assertions: 17, facts: 4, H in Q_B: {%"n::Int64" <=s 2^31=true} {%value_phi45 >=s 0=true} {%value_phi45 <=s 2^31=true} {%value_phi45 <=s 2^15=true} {%"a::Array.size.0.copyload" >=s 0=true} {%"a::Array.size.0.copyload" <=s 2^31=true} {%"a::Array.size.0.copyload" <=s 2^15=true}
    -> [mv] minimize: without {%"n::Int64" <=s 2^15} -> SAT, kept (7.236325e+01 ms)
    -> [narrow] Q_A' (linearized products) UNSAT in 1.134781e+02 ms
    -> [mv] minimize: without {%value_phi45 <=s 2^15} -> UNSAT, dropped (1.316625e+02 ms)
    -> [narrow] Q_A' (linearized) SAT (2.115846e+01 ms): exact Q_A
    -> [mv] minimize: without {%"a::Array.size.0.copyload" <=s 2^15} -> UNKNOWN, kept (1.002492e+04 ms)
    -> [narrow] Q_A' (linearized products) UNSAT in 3.477142e+01 ms
    -> [mv] minimize: without {%"n::Int64" <=s 2^31} -> UNSAT, dropped (6.491167e+01 ms)
    -> [narrow] Q_A' (linearized products) UNSAT in 1.066982e+02 ms
    -> [mv] minimize: without {%value_phi45 <=s 2^31} -> UNSAT, dropped (1.286135e+02 ms)
    -> [narrow] Q_A' (linearized products) UNSAT in 8.671617e+01 ms
    -> [mv] minimize: without {%"a::Array.size.0.copyload" <=s 2^31} -> UNSAT, dropped (1.086525e+02 ms)
    -> [narrow] Q_A' (linearized products) UNSAT in 2.521008e+01 ms
    -> [mv] minimize: without {%value_phi45 >=s 0} -> UNSAT, dropped (4.865129e+01 ms)
    -> [narrow] Q_A' (linearized products) UNSAT in 5.250983e+01 ms
    -> [narrow] Q_B: some 64-bit value may leave 32 bits under H (SAT)
         flag set: input !fits: |a::Array.size.0.copyload|
         inputs: |n::Int64|=#x0000000000008000 value_phi240=#x0000000000002000 value_phi45=#x00000000000049e9 |a::Array.size.0.copyload|=#xb0a1b04fbe3b0000
         SB assertions: 12, facts: 4, H in Q_B: {%"n::Int64" <=s 2^15=true} {%"a::Array.size.0.copyload" <=s 2^15=true}
    -> [mv] minimize: without {%"a::Array.size.0.copyload" >=s 0} -> SAT, kept (6.119758e+01 ms)
    -> [narrow] Q_A' (linearized) SAT (5.756500e+00 ms): exact Q_A
    -> [narrow] Q_A SAT model, inputs: |n::Int64|=#x0000000000000000 value_phi240=#x0000000000000000 value_phi45=#x0000000000000000 |a::Array.size.0.copyload|=#x0000000000000000
         trap32 = true, H conjuncts: 3
    -> [mv] minimize: without {%"a::Array.size.0.copyload" >u ((-1 + (%"n::Int64" * %"n::Int64")))} -> SAT, kept (1.525092e+01 ms)
    -> [narrow] Q_A' (linearized products) UNSAT in 2.330785e+02 ms
    -> [narrow] Q_B: some 64-bit value may leave 32 bits under H (SAT)
         flag set: mul operands beyond half width: (bvmul (bvadd value_phi45 #xffffffffffffffff) |n::Int64|)
         inputs: |n::Int64|=#x00000000233c38aa value_phi240=#x0000000000400104 value_phi45=#x0000000000000001 |a::Array.size.0.copyload|=#x0000000000000000
         SB assertions: 13, facts: 4, H in Q_B: {%"n::Int64" <=s 2^30=true} {%"a::Array.size.0.copyload" >=s 0=true} {%"a::Array.size.0.copyload" <=s 2^15=true}
    -> [mv] loosen: {%"n::Int64" <=s 2^15} -> {%"n::Int64" <=s 2^30}: kept tight (2.426843e+02 ms)
    -> [narrow] Q_A' (linearized products) UNSAT in 3.178379e+01 ms
    -> [mv] loosen: {%"a::Array.size.0.copyload" <=s 2^15} -> {%"a::Array.size.0.copyload" <=s 2^30}: UNSAT, adopted (5.179375e+01 ms)
    -> [narrow] Q_A' (linearized) SAT (1.871925e+01 ms): exact Q_A
    -> [mv] loosen: {%"a::Array.size.0.copyload" <=s 2^30} -> {%"a::Array.size.0.copyload" <=s 2^31}: kept tight (1.002480e+04 ms)
    -> [mv] DEAD UNDER HYPOTHESIS H = {%"n::Int64" <=s 2^15, %"a::Array.size.0.copyload" >=s 0, %"a::Array.size.0.copyload" <=s 2^30, %"a::Array.size.0.copyload" >u ((-1 + (%"n::Int64" * %"n::Int64")))} (4 of 16 candidates in core, round 1; re-solve 1.386615e+02 ms; trap loop depth 3, hoist to depth 2)
    -> [mv-nofold] fast-trap id 1 (check kept in the H-guarded fast copy) chk 0
    -> [mv-nofold] fast-trap id 2 (check kept in the H-guarded fast copy) chk 0
  => SUCCESS (fast copy): trap folded in 2 copies inside the H-guarded clone of loop 'L10.preheader'
  -> Found UB Trap. Starting Backward Slice...
    -> Guard[0] (true edge of 'L14'):  %.not31 = icmp ult i64 %5, %"a::Array.size.0.copyload", !dbg !39
    -> Guard[1] (false edge of 'top'):  %.not44 = icmp slt i64 %"n::Int64", 1, !dbg !29
    -> Collected 2 dominating context guard(s).
    -> [go3] 0 leaf-closure instruction(s) encoded
    -> Fact[PHIINV-hi:0] i64 %value_phi45 == i64 1 || sle(i64 %value_phi45, i64 %"n::Int64") (latch-implied bound, 1-induction)
    -> Fact[PHIINV-lo:1] (B <=s INT_MAX-1 && v0 <=s B) -> i64 %value_phi45 >=s i64 1 (monotone WRAPPING increments; conditional)
    -> Fact[LVI:2] i64 %"a::Array.size.0.copyload" in [1,0) (LVI @ L31)
    -> Fact[PHIINV-hi:3] i64 %value_phi143 == i64 1 || sle(i64 %value_phi143, i64 %"n::Int64") (latch-implied bound, 1-induction)
    -> Fact[PHIINV-lo:4] (B <=s INT_MAX-1 && v0 <=s B) -> i64 %value_phi143 >=s i64 1 (monotone WRAPPING increments; conditional)
    -> Fact[PHIINV-hi:5] i64 %value_phi240 == i64 1 || sle(i64 %value_phi240, i64 %"n::Int64") (latch-implied bound, 1-induction)
    -> Fact[PHIINV-lo:6] (B <=s INT_MAX-1 && v0 <=s B) -> i64 %value_phi240 >=s i64 1 (monotone WRAPPING increments; conditional)
    -> [heavy] 7 analysis fact(s) on 6 boundary value(s)
    -> [mv] T3: latch-derived trip-count bound for loop depth 3 (latch L52): (-1 + %"n::Int64")
    -> [mv] T3: latch-derived trip-count bound for loop depth 2 (latch L77): (-1 + %"n::Int64")
    -> [mv] T3 symbolic index bound: max(idx) = (-1 + (%"n::Int64" * %"n::Int64"))
    -> [ind L0] BASE (2 phi(s) = entry): SAT (WARNING: Potential Integer Overflow Bug Detected!) [Query Latency: 4.348667 ms]
    -> [ind L1] BASE (1 phi(s) = entry): SAT (WARNING: Potential Integer Overflow Bug Detected!) [Query Latency: 4.012208 ms]
    -> [ind L2] BASE (2 phi(s) = entry): SAT (WARNING: Potential Integer Overflow Bug Detected!) [Query Latency: 3.638125 ms]
    -> SAT (WARNING: Potential Integer Overflow Bug Detected!) [Query Latency: 6.032917 ms]
    -> [mv] still UNKNOWN under 19 hypothesis candidate(s): not versionable
    -> [narrow] retry: whole-query 64->32 with overflow flags
    -> [go3] 0 leaf-closure instruction(s) encoded
    -> Fact[PHIINV-hi:0] i64 %value_phi45 == i64 1 || sle(i64 %value_phi45, i64 %"n::Int64") (latch-implied bound, 1-induction)
    -> Fact[PHIINV-lo:1] (B <=s INT_MAX-1 && v0 <=s B) -> i64 %value_phi45 >=s i64 1 (monotone WRAPPING increments; conditional)
    -> Fact[LVI:2] i64 %"a::Array.size.0.copyload" in [1,0) (LVI @ L31)
    -> Fact[PHIINV-hi:3] i64 %value_phi143 == i64 1 || sle(i64 %value_phi143, i64 %"n::Int64") (latch-implied bound, 1-induction)
    -> Fact[PHIINV-lo:4] (B <=s INT_MAX-1 && v0 <=s B) -> i64 %value_phi143 >=s i64 1 (monotone WRAPPING increments; conditional)
    -> Fact[PHIINV-hi:5] i64 %value_phi240 == i64 1 || sle(i64 %value_phi240, i64 %"n::Int64") (latch-implied bound, 1-induction)
    -> Fact[PHIINV-lo:6] (B <=s INT_MAX-1 && v0 <=s B) -> i64 %value_phi240 >=s i64 1 (monotone WRAPPING increments; conditional)
    -> [heavy] 7 analysis fact(s) on 6 boundary value(s)
    -> [mv] T3: latch-derived trip-count bound for loop depth 3 (latch L52): (-1 + %"n::Int64")
    -> [mv] T3: latch-derived trip-count bound for loop depth 2 (latch L77): (-1 + %"n::Int64")
    -> [mv] T3 symbolic index bound: max(idx) = (-1 + (%"n::Int64" * %"n::Int64"))
    -> SAT (WARNING: Potential Integer Overflow Bug Detected!) [Query Latency: 6.255417 ms]
    -> [narrow] whole-query 64->32 rewrite: 14 overflow flags, 6 64-bit inputs, 2 product(s) linearized
    -> [narrow] Q_A/Q_B hypothesis set: {%"n::Int64" >=s 0} {%"n::Int64" <=s 2^62} {%"n::Int64" <=s 2^31} {%"n::Int64" <=s 2^15} {%"n::Int64" <=s 2^30}
    -> [narrow] Q_A' (linearized) SAT (2.104375e+00 ms): exact Q_A
    -> [narrow] Q_A SAT model, inputs: value_phi240=#x0000000000000000 value_phi45=#x0000000000000000 |n::Int64|=#x0000000000000000 |a::Array.size.0.copyload|=#x0000000000000000 value_phi143=#x0000000000000000 |b::Array.size.0.copyload|=#x0000000000000000
         trap32 = true, H conjuncts: 5
    -> [narrow] Q_A/Q_B hypothesis set: {%"n::Int64" >=s 0} {%"n::Int64" <=s 2^62} {%"n::Int64" <=s 2^31} {%"n::Int64" <=s 2^15} {%"n::Int64" <=s 2^30} {%value_phi45 >=s 0} {%value_phi45 <=s 2^62} {%value_phi45 <=s 2^31} {%value_phi45 <=s 2^15} {%value_phi45 <=s 2^30} {%"a::Array.size.0.copyload" >=s 0} {%"a::Array.size.0.copyload" <=s 2^62} {%"a::Array.size.0.copyload" <=s 2^31} {%"a::Array.size.0.copyload" <=s 2^15} {%"a::Array.size.0.copyload" <=s 2^30} {%value_phi143 >=s 0} {%value_phi143 <=s 2^62} {%value_phi143 <=s 2^31} {%value_phi143 <=s 2^15} {%value_phi143 <=s 2^30} {%"b::Array.size.0.copyload" >=s 0} {%"b::Array.size.0.copyload" <=s 2^62} {%"b::Array.size.0.copyload" <=s 2^31} {%"b::Array.size.0.copyload" <=s 2^15} {%"b::Array.size.0.copyload" <=s 2^30} {%"b::Array.size.0.copyload" >u ((-1 + (%"n::Int64" * %"n::Int64")))}
    -> [narrow] Q_A' (linearized products) UNSAT in 1.238230e+02 ms
    -> [narrow] Q_A' (linearized products) UNSAT in 3.912146e+01 ms
    -> [narrow] Q_B: some 64-bit value may leave 32 bits under H (SAT)
         flag set: mul operands beyond half width: (bvmul (bvadd value_phi45 #xffffffffffffffff) |n::Int64|)
         flag set: mul operands beyond half width: (bvmul (bvadd value_phi240 #xffffffffffffffff) |n::Int64|)
         inputs: value_phi240=#x0000000000000001 value_phi45=#x0000000000001a00 |n::Int64|=#x000000001f17ffef |a::Array.size.0.copyload|=#x0000000000008000 value_phi143=#x0000000000005100 |b::Array.size.0.copyload|=#x0000000000000000
         SB assertions: 28, facts: 7, H in Q_B: {%"n::Int64" <=s 2^31=true} {%value_phi45 >=s 0=true} {%value_phi45 <=s 2^31=true} {%value_phi45 <=s 2^15=true} {%"a::Array.size.0.copyload" >=s 0=true} {%"a::Array.size.0.copyload" <=s 2^31=true} {%"a::Array.size.0.copyload" <=s 2^15=true} {%value_phi143 >=s 0=true} {%value_phi143 <=s 2^31=true} {%value_phi143 <=s 2^15=true} {%"b::Array.size.0.copyload" >=s 0=true} {%"b::Array.size.0.copyload" <=s 2^31=true} {%"b::Array.size.0.copyload" <=s 2^15=true}
    -> [mv] minimize: without {%"n::Int64" <=s 2^15} -> SAT, kept (5.768688e+01 ms)
    -> [narrow] Q_A' (linearized products) UNSAT in 1.156415e+02 ms
    -> [mv] minimize: without {%value_phi45 <=s 2^15} -> UNSAT, dropped (1.637749e+02 ms)
    -> [narrow] Q_A' (linearized products) UNSAT in 8.677217e+01 ms
    -> [narrow] Q_B: some 64-bit value may leave 32 bits under H (SAT)
         flag set: input !fits: |a::Array.size.0.copyload|
         inputs: value_phi240=#x0000000000000001 value_phi45=#x0000000000000001 |n::Int64|=#x0000000000008000 |a::Array.size.0.copyload|=#x0000000080000000 value_phi143=#x000000000000551f |b::Array.size.0.copyload|=#x0000000000000000
         SB assertions: 27, facts: 7, H in Q_B: {%"n::Int64" <=s 2^31=true} {%"n::Int64" <=s 2^15=true} {%value_phi45 >=s 0=true} {%value_phi45 <=s 2^31=true} {%"a::Array.size.0.copyload" >=s 0=true} {%"a::Array.size.0.copyload" <=s 2^31=true} {%value_phi143 >=s 0=true} {%value_phi143 <=s 2^31=true} {%value_phi143 <=s 2^15=true} {%"b::Array.size.0.copyload" >=s 0=true} {%"b::Array.size.0.copyload" <=s 2^31=true} {%"b::Array.size.0.copyload" <=s 2^15=true}
    -> [mv] minimize: without {%"a::Array.size.0.copyload" <=s 2^15} -> SAT, kept (1.012373e+02 ms)
    -> [narrow] Q_A' (linearized products) UNSAT in 9.282112e+01 ms
    -> [mv] minimize: without {%value_phi143 <=s 2^15} -> UNSAT, dropped (1.375474e+02 ms)
    -> [narrow] Q_A' (linearized) SAT (6.047321e+01 ms): exact Q_A
    -> [mv] minimize: without {%"b::Array.size.0.copyload" <=s 2^15} -> UNKNOWN, kept (1.006716e+04 ms)
    -> [narrow] Q_A' (linearized products) UNSAT in 1.948618e+02 ms
    -> [mv] minimize: without {%"n::Int64" <=s 2^31} -> UNSAT, dropped (2.504216e+02 ms)
    -> [narrow] Q_A' (linearized products) UNSAT in 7.027733e+01 ms
    -> [mv] minimize: without {%value_phi45 <=s 2^31} -> UNSAT, dropped (1.414189e+02 ms)
    -> [narrow] Q_A' (linearized products) UNSAT in 3.517108e+01 ms
    -> [mv] minimize: without {%"a::Array.size.0.copyload" <=s 2^31} -> UNSAT, dropped (8.258813e+01 ms)
    -> [narrow] Q_A' (linearized products) UNSAT in 7.184954e+01 ms
    -> [mv] minimize: without {%value_phi143 <=s 2^31} -> UNSAT, dropped (1.231612e+02 ms)
    -> [narrow] Q_A' (linearized products) UNSAT in 7.929429e+01 ms
    -> [mv] minimize: without {%"b::Array.size.0.copyload" <=s 2^31} -> UNSAT, dropped (1.218155e+02 ms)
    -> [narrow] Q_A' (linearized products) UNSAT in 8.153233e+01 ms
    -> [mv] minimize: without {%value_phi45 >=s 0} -> UNSAT, dropped (1.209865e+02 ms)
    -> [narrow] Q_A' (linearized products) UNSAT in 5.072300e+01 ms
    -> [narrow] Q_B: some 64-bit value may leave 32 bits under H (SAT)
         flag set: input !fits: |a::Array.size.0.copyload|
         inputs: value_phi240=#x0000000000004000 value_phi45=#x0000000000003748 |n::Int64|=#x0000000000004000 |a::Array.size.0.copyload|=#xffffffff00000000 value_phi143=#x0000000000000450 |b::Array.size.0.copyload|=#x0000000000002000
         SB assertions: 20, facts: 7, H in Q_B: {%"n::Int64" <=s 2^15=true} {%"a::Array.size.0.copyload" <=s 2^15=true} {%value_phi143 >=s 0=true} {%"b::Array.size.0.copyload" >=s 0=true} {%"b::Array.size.0.copyload" <=s 2^15=true}
    -> [mv] minimize: without {%"a::Array.size.0.copyload" >=s 0} -> SAT, kept (8.688313e+01 ms)
    -> [narrow] Q_A' (linearized products) UNSAT in 6.800733e+01 ms
    -> [mv] minimize: without {%value_phi143 >=s 0} -> UNSAT, dropped (1.105450e+02 ms)
    -> [narrow] Q_A' (linearized products) UNSAT in 1.500041e+02 ms
    -> [narrow] Q_B: some 64-bit value may leave 32 bits under H (SAT)
         flag set: input !fits: |b::Array.size.0.copyload|
         inputs: value_phi240=#x0000000000000001 value_phi45=#x0000000000000001 |n::Int64|=#x0000000000007db2 |a::Array.size.0.copyload|=#x0000000000000800 value_phi143=#x0000000000000814 |b::Array.size.0.copyload|=#xc0185e32b0c20000
         SB assertions: 19, facts: 7, H in Q_B: {%"n::Int64" <=s 2^15=true} {%"a::Array.size.0.copyload" >=s 0=true} {%"a::Array.size.0.copyload" <=s 2^15=true} {%"b::Array.size.0.copyload" <=s 2^15=true}
    -> [mv] minimize: without {%"b::Array.size.0.copyload" >=s 0} -> SAT, kept (1.651585e+02 ms)
    -> [narrow] Q_A' (linearized) SAT (9.462084e+00 ms): exact Q_A
    -> [narrow] Q_A SAT model, inputs: value_phi240=#x0000000000000000 value_phi45=#x0000000000000000 |n::Int64|=#x0000000000000000 |a::Array.size.0.copyload|=#x0000000000000000 value_phi143=#x0000000000000000 |b::Array.size.0.copyload|=#x0000000000000000
         trap32 = true, H conjuncts: 5
    -> [mv] minimize: without {%"b::Array.size.0.copyload" >u ((-1 + (%"n::Int64" * %"n::Int64")))} -> SAT, kept (5.076683e+01 ms)
    -> [narrow] Q_A' (linearized products) UNSAT in 6.046729e+01 ms
    -> [narrow] Q_B: some 64-bit value may leave 32 bits under H (SAT)
         flag set: mul operands beyond half width: (bvmul (bvadd value_phi45 #xffffffffffffffff) |n::Int64|)
         flag set: add ovf: (bvadd value_phi240 (bvmul (bvadd value_phi45 #xffffffffffffffff) |n::Int64|))
         flag set: add ovf: (bvadd value_phi240
       (bvmul (bvadd value_phi45 #xffffffffffffffff) |n::Int64|)
     ...
         inputs: value_phi240=#x000000002aaaaaaa value_phi45=#x0000000021613b02 |n::Int64|=#x000000003f7a8356 |a::Array.size.0.copyload|=#x0000000000008000 value_phi143=#x0000000000000001 |b::Array.size.0.copyload|=#x0000000000000000
         SB assertions: 20, facts: 7, H in Q_B: {%"n::Int64" <=s 2^30=true} {%"a::Array.size.0.copyload" >=s 0=true} {%"a::Array.size.0.copyload" <=s 2^15=true} {%"b::Array.size.0.copyload" >=s 0=true} {%"b::Array.size.0.copyload" <=s 2^15=true}
    -> [mv] loosen: {%"n::Int64" <=s 2^15} -> {%"n::Int64" <=s 2^30}: kept tight (7.792242e+01 ms)
    -> [narrow] Q_A' (linearized products) UNSAT in 1.703875e+02 ms
    -> [mv] loosen: {%"a::Array.size.0.copyload" <=s 2^15} -> {%"a::Array.size.0.copyload" <=s 2^30}: UNSAT, adopted (2.178410e+02 ms)
    -> [narrow] Q_A' (linearized products) UNSAT in 1.462031e+02 ms
    -> [narrow] Q_B: some 64-bit value may leave 32 bits under H (SAT)
         flag set: input !fits: |a::Array.size.0.copyload|
         inputs: value_phi240=#x0000000000000001 value_phi45=#x0000000000005400 |n::Int64|=#x0000000000007059 |a::Array.size.0.copyload|=#x0000000080000000 value_phi143=#x0000000000003fdc |b::Array.size.0.copyload|=#x0000000000000000
         SB assertions: 20, facts: 7, H in Q_B: {%"n::Int64" <=s 2^15=true} {%"a::Array.size.0.copyload" >=s 0=true} {%"a::Array.size.0.copyload" <=s 2^31=true} {%"b::Array.size.0.copyload" >=s 0=true} {%"b::Array.size.0.copyload" <=s 2^15=true}
    -> [mv] loosen: {%"a::Array.size.0.copyload" <=s 2^30} -> {%"a::Array.size.0.copyload" <=s 2^31}: kept tight (1.613523e+02 ms)
    -> [narrow] Q_A' (linearized products) UNSAT in 4.312858e+01 ms
    -> [mv] loosen: {%"b::Array.size.0.copyload" <=s 2^15} -> {%"b::Array.size.0.copyload" <=s 2^30}: UNSAT, adopted (8.619658e+01 ms)
    -> [narrow] Q_A' (linearized) SAT (3.993962e+01 ms): exact Q_A
    -> [mv] loosen: {%"b::Array.size.0.copyload" <=s 2^30} -> {%"b::Array.size.0.copyload" <=s 2^31}: kept tight (1.004292e+04 ms)
    -> [mv] DEAD UNDER HYPOTHESIS H = {%"n::Int64" <=s 2^15, %"a::Array.size.0.copyload" >=s 0, %"a::Array.size.0.copyload" <=s 2^30, %"b::Array.size.0.copyload" >=s 0, %"b::Array.size.0.copyload" <=s 2^30, %"b::Array.size.0.copyload" >u ((-1 + (%"n::Int64" * %"n::Int64")))} (6 of 26 candidates in core, round 1; re-solve 3.719100e+02 ms; trap loop depth 3, hoist to depth 3)
    -> [mv-nofold] fast-trap id 0 (check kept in the H-guarded fast copy) chk 1
  => SUCCESS (fast copy): trap folded in 1 copy inside the H-guarded clone of loop 'L14'
  -> Found UB Trap. Starting Backward Slice...
    -> Guard[0] (true edge of 'L52'):  %.not30 = icmp sgt i64 %15, %"n::Int64", !dbg !64
    -> Guard[1] (true edge of 'L31'):  %.not32 = icmp ult i64 %10, %"b::Array.size.0.copyload", !dbg !39
    -> Guard[2] (true edge of 'L14'):  %.not31 = icmp ult i64 %5, %"a::Array.size.0.copyload", !dbg !39
    -> Guard[3] (false edge of 'top'):  %.not44 = icmp slt i64 %"n::Int64", 1, !dbg !29
    -> Collected 4 dominating context guard(s).
    -> [go3] 0 leaf-closure instruction(s) encoded
    -> Fact[LVI:0] i64 %"n::Int64" in [-9223372036854775808,9223372036854775807) (LVI @ L10.L60_crit_edge)
    -> Fact[PHIINV-hi:1] i64 %value_phi45 == i64 1 || sle(i64 %value_phi45, i64 %"n::Int64") (latch-implied bound, 1-induction)
    -> Fact[PHIINV-lo:2] (B <=s INT_MAX-1 && v0 <=s B) -> i64 %value_phi45 >=s i64 1 (monotone WRAPPING increments; conditional)
    -> Fact[LVI:3] i64 %"a::Array.size.0.copyload" in [1,0) (LVI @ L10.L60_crit_edge)
    -> Fact[PHIINV-hi:4] i64 %value_phi143 == i64 1 || sle(i64 %value_phi143, i64 %"n::Int64") (latch-implied bound, 1-induction)
    -> Fact[PHIINV-lo:5] (B <=s INT_MAX-1 && v0 <=s B) -> i64 %value_phi143 >=s i64 1 (monotone WRAPPING increments; conditional)
    -> Fact[LVI:6] i64 %"b::Array.size.0.copyload" in [1,0) (LVI @ L10.L60_crit_edge)
    -> Fact[LVI:7] i64 %value_phi240 in [-9223372036854775808,9223372036854775807) (LVI @ L10.L60_crit_edge)
    -> Fact[PHIINV-hi:8] i64 %value_phi240 == i64 1 || sle(i64 %value_phi240, i64 %"n::Int64") (latch-implied bound, 1-induction)
    -> Fact[PHIINV-lo:9] (B <=s INT_MAX-1 && v0 <=s B) -> i64 %value_phi240 >=s i64 1 (monotone WRAPPING increments; conditional)
    -> [heavy] 10 analysis fact(s) on 7 boundary value(s)
    -> [mv] T3: latch-derived trip-count bound for loop depth 2 (latch L77): (-1 + %"n::Int64")
    -> [mv] T3: latch-derived trip-count bound for loop depth 1 (latch L6.L84_crit_edge.split): (-1 + %"n::Int64")
    -> [mv] T3 symbolic index bound: max(idx) = (-1 + (%"n::Int64" * %"n::Int64"))
    -> [ind L0] BASE (1 phi(s) = entry): SAT (WARNING: Potential Integer Overflow Bug Detected!) [Query Latency: 1.030875 ms]
    -> [ind L1] BASE (2 phi(s) = entry): SAT (WARNING: Potential Integer Overflow Bug Detected!) [Query Latency: 1.020542 ms]
    -> SAT (WARNING: Potential Integer Overflow Bug Detected!) [Query Latency: 2.508791 ms]
    -> [mv] still UNKNOWN under 16 hypothesis candidate(s): not versionable
    -> [narrow] retry: whole-query 64->32 with overflow flags
    -> [go3] 0 leaf-closure instruction(s) encoded
    -> Fact[LVI:0] i64 %"n::Int64" in [-9223372036854775808,9223372036854775807) (LVI @ L10.L60_crit_edge)
    -> Fact[PHIINV-hi:1] i64 %value_phi45 == i64 1 || sle(i64 %value_phi45, i64 %"n::Int64") (latch-implied bound, 1-induction)
    -> Fact[PHIINV-lo:2] (B <=s INT_MAX-1 && v0 <=s B) -> i64 %value_phi45 >=s i64 1 (monotone WRAPPING increments; conditional)
    -> Fact[LVI:3] i64 %"a::Array.size.0.copyload" in [1,0) (LVI @ L10.L60_crit_edge)
    -> Fact[PHIINV-hi:4] i64 %value_phi143 == i64 1 || sle(i64 %value_phi143, i64 %"n::Int64") (latch-implied bound, 1-induction)
    -> Fact[PHIINV-lo:5] (B <=s INT_MAX-1 && v0 <=s B) -> i64 %value_phi143 >=s i64 1 (monotone WRAPPING increments; conditional)
    -> Fact[LVI:6] i64 %"b::Array.size.0.copyload" in [1,0) (LVI @ L10.L60_crit_edge)
    -> Fact[LVI:7] i64 %value_phi240 in [-9223372036854775808,9223372036854775807) (LVI @ L10.L60_crit_edge)
    -> Fact[PHIINV-hi:8] i64 %value_phi240 == i64 1 || sle(i64 %value_phi240, i64 %"n::Int64") (latch-implied bound, 1-induction)
    -> Fact[PHIINV-lo:9] (B <=s INT_MAX-1 && v0 <=s B) -> i64 %value_phi240 >=s i64 1 (monotone WRAPPING increments; conditional)
    -> [heavy] 10 analysis fact(s) on 7 boundary value(s)
    -> [mv] T3: latch-derived trip-count bound for loop depth 2 (latch L77): (-1 + %"n::Int64")
    -> [mv] T3: latch-derived trip-count bound for loop depth 1 (latch L6.L84_crit_edge.split): (-1 + %"n::Int64")
    -> [mv] T3 symbolic index bound: max(idx) = (-1 + (%"n::Int64" * %"n::Int64"))
    -> SAT (WARNING: Potential Integer Overflow Bug Detected!) [Query Latency: 2.487208 ms]
    -> [narrow] whole-query 64->32 rewrite: 18 overflow flags, 7 64-bit inputs, 2 product(s) linearized
    -> [narrow] exempt input (unbounded, guards/facts/flags over it dropped): value_phi240
    -> [narrow] exempt input (unbounded, guards/facts/flags over it dropped): |b::Array.size.0.copyload|
    -> [narrow] Q_A/Q_B hypothesis set: {%"n::Int64" >=s 0} {%"n::Int64" <=s 2^62} {%"n::Int64" <=s 2^31} {%"n::Int64" <=s 2^15} {%"n::Int64" <=s 2^30}
    -> [narrow] Q_A' (linearized) SAT (1.226916e+00 ms): exact Q_A
    -> [narrow] Q_A SAT model, inputs: value_phi240=#x0000000000000000 |n::Int64|=#x0000000000000000 value_phi143=#x0000000000000000 |b::Array.size.0.copyload|=#x0000000000000000 value_phi45=#x0000000000000000 |a::Array.size.0.copyload|=#x0000000000000000 |c::Array.size.0.copyload|=#x0000000000000000
         trap32 = true, H conjuncts: 5
    -> [narrow] Q_A/Q_B hypothesis set: {%"n::Int64" >=s 0} {%"n::Int64" <=s 2^62} {%"n::Int64" <=s 2^31} {%"n::Int64" <=s 2^15} {%"n::Int64" <=s 2^30} {%value_phi45 >=s 0} {%value_phi45 <=s 2^62} {%value_phi45 <=s 2^31} {%value_phi45 <=s 2^15} {%value_phi45 <=s 2^30} {%"a::Array.size.0.copyload" >=s 0} {%"a::Array.size.0.copyload" <=s 2^62} {%"a::Array.size.0.copyload" <=s 2^31} {%"a::Array.size.0.copyload" <=s 2^15} {%"a::Array.size.0.copyload" <=s 2^30} {%"c::Array.size.0.copyload" >=s 0} {%"c::Array.size.0.copyload" <=s 2^62} {%"c::Array.size.0.copyload" <=s 2^31} {%"c::Array.size.0.copyload" <=s 2^15} {%"c::Array.size.0.copyload" <=s 2^30} {%"c::Array.size.0.copyload" >u ((-1 + (%"n::Int64" * %"n::Int64")))}
    -> [narrow] Q_A' (linearized products) UNSAT in 1.023850e+02 ms
    -> [narrow] Q_A' (linearized products) UNSAT in 3.960079e+01 ms
    -> [narrow] Q_B: some 64-bit value may leave 32 bits under H (SAT)
         flag set: mul operands beyond half width: (bvmul (bvadd value_phi240 #xffffffffffffffff) |n::Int64|)
         flag set: input !fits: |b::Array.size.0.copyload|
         flag set: mul operands beyond half width: (bvmul (bvadd value_phi45 #xffffffffffffffff) |n::Int64|)
         inputs: value_phi240=#x000000003176f4d8 |n::Int64|=#x0000000068dff6ca value_phi143=#x00000000121722c0 |b::Array.size.0.copyload|=#x8000000000000000 value_phi45=#x0000000000005f20 |a::Array.size.0.copyload|=#x0000000000004000 |c::Array.size.0.copyload|=#x0000000000002000
         SB assertions: 26, facts: 10, H in Q_B: {%"n::Int64" <=s 2^31=true} {%value_phi45 <=s 2^31=true} {%value_phi45 <=s 2^15=true} {%"a::Array.size.0.copyload" >=s 0=true} {%"a::Array.size.0.copyload" <=s 2^31=true} {%"a::Array.size.0.copyload" <=s 2^15=true} {%"c::Array.size.0.copyload" >=s 0=true} {%"c::Array.size.0.copyload" <=s 2^31=true} {%"c::Array.size.0.copyload" <=s 2^15=true}
    -> [mv] minimize: without {%"n::Int64" <=s 2^15} -> SAT, kept (6.043112e+01 ms)
    -> [narrow] Q_A' (linearized products) UNSAT in 5.745908e+01 ms
    -> [mv] minimize: without {%value_phi45 <=s 2^15} -> UNSAT, dropped (7.914521e+01 ms)
    -> [narrow] Q_A' (linearized products) UNSAT in 3.203058e+01 ms
    -> [narrow] Q_B: some 64-bit value may leave 32 bits under H (SAT)
         flag set: input !fits: |a::Array.size.0.copyload|
         inputs: value_phi240=#x0000000000000b00 |n::Int64|=#x00000000000049a8 value_phi143=#x0000000000000dde |b::Array.size.0.copyload|=#x0000000000000800 value_phi45=#x0000000000000001 |a::Array.size.0.copyload|=#x0000000080000000 |c::Array.size.0.copyload|=#x0000000000000000
         SB assertions: 25, facts: 10, H in Q_B: {%"n::Int64" <=s 2^31=true} {%"n::Int64" <=s 2^15=true} {%value_phi45 <=s 2^31=true} {%"a::Array.size.0.copyload" >=s 0=true} {%"a::Array.size.0.copyload" <=s 2^31=true} {%"c::Array.size.0.copyload" >=s 0=true} {%"c::Array.size.0.copyload" <=s 2^31=true} {%"c::Array.size.0.copyload" <=s 2^15=true}
    -> [mv] minimize: without {%"a::Array.size.0.copyload" <=s 2^15} -> SAT, kept (4.067725e+01 ms)
    -> [narrow] Q_A' (linearized) SAT (3.304296e+01 ms): exact Q_A
    -> [mv] minimize: without {%"c::Array.size.0.copyload" <=s 2^15} -> UNKNOWN, kept (1.003910e+04 ms)
    -> [narrow] Q_A' (linearized products) UNSAT in 5.839879e+01 ms
    -> [mv] minimize: without {%"n::Int64" <=s 2^31} -> UNSAT, dropped (7.980100e+01 ms)
    -> [narrow] Q_A' (linearized products) UNSAT in 4.942292e+01 ms
    -> [mv] minimize: without {%value_phi45 <=s 2^31} -> UNSAT, dropped (6.631817e+01 ms)
    -> [narrow] Q_A' (linearized products) UNSAT in 2.235075e+01 ms
    -> [mv] minimize: without {%"a::Array.size.0.copyload" <=s 2^31} -> UNSAT, dropped (4.617458e+01 ms)
    -> [narrow] Q_A' (linearized products) UNSAT in 6.885613e+01 ms
    -> [mv] minimize: without {%"c::Array.size.0.copyload" <=s 2^31} -> UNSAT, dropped (9.220454e+01 ms)
    -> [narrow] Q_A' (linearized products) UNSAT in 5.083337e+01 ms
    -> [narrow] Q_B: some 64-bit value may leave 32 bits under H (SAT)
         flag set: input !fits: |a::Array.size.0.copyload|
         inputs: value_phi240=#x0000000000000002 |n::Int64|=#x0000000000006724 value_phi143=#x0000000000000001 |b::Array.size.0.copyload|=#x0000000000040000 value_phi45=#x000000000000648b |a::Array.size.0.copyload|=#xfbff67bf00000000 |c::Array.size.0.copyload|=#x0000000000000000
         SB assertions: 21, facts: 10, H in Q_B: {%"n::Int64" <=s 2^15=true} {%"a::Array.size.0.copyload" <=s 2^15=true} {%"c::Array.size.0.copyload" >=s 0=true} {%"c::Array.size.0.copyload" <=s 2^15=true}
    -> [mv] minimize: without {%"a::Array.size.0.copyload" >=s 0} -> SAT, kept (5.967367e+01 ms)
    -> [narrow] Q_A' (linearized products) UNSAT in 3.227067e+01 ms
    -> [narrow] Q_B: some 64-bit value may leave 32 bits under H (SAT)
         flag set: input !fits: |b::Array.size.0.copyload|
         flag set: input !fits: |c::Array.size.0.copyload|
         inputs: value_phi240=#x00000000000014e8 |n::Int64|=#x0000000000008000 value_phi143=#x0000000000008000 |b::Array.size.0.copyload|=#x8000000000000000 value_phi45=#x0000000000008000 |a::Array.size.0.copyload|=#x0000000000004000 |c::Array.size.0.copyload|=#xa800088a00002000
         SB assertions: 21, facts: 10, H in Q_B: {%"n::Int64" <=s 2^15=true} {%"a::Array.size.0.copyload" >=s 0=true} {%"a::Array.size.0.copyload" <=s 2^15=true} {%"c::Array.size.0.copyload" <=s 2^15=true}
    -> [mv] minimize: without {%"c::Array.size.0.copyload" >=s 0} -> SAT, kept (5.817550e+01 ms)
    -> [narrow] Q_A' (linearized) SAT (6.080667e+00 ms): exact Q_A
    -> [narrow] Q_A SAT model, inputs: value_phi240=#x0000000000000000 |n::Int64|=#x0000000000000000 value_phi143=#x0000000000000000 |b::Array.size.0.copyload|=#x0000000000000000 value_phi45=#x0000000000000000 |a::Array.size.0.copyload|=#x0000000000000000 |c::Array.size.0.copyload|=#x0000000000000000
         trap32 = true, H conjuncts: 5
    -> [mv] minimize: without {%"c::Array.size.0.copyload" >u ((-1 + (%"n::Int64" * %"n::Int64")))} -> SAT, kept (1.501538e+01 ms)
    -> [narrow] Q_A' (linearized products) UNSAT in 6.408012e+01 ms
    -> [narrow] Q_B: some 64-bit value may leave 32 bits under H (SAT)
         flag set: mul operands beyond half width: (bvmul (bvadd value_phi240 #xffffffffffffffff) |n::Int64|)
         flag set: mul operands beyond half width: (bvmul (bvadd value_phi45 #xffffffffffffffff) |n::Int64|)
         flag set: add ovf: (bvadd value_phi143 (bvmul (bvadd value_phi45 #xffffffffffffffff) |n::Int64|))
         inputs: value_phi240=#x0000000004600000 |n::Int64|=#x0000000038d2e2e3 value_phi143=#x0000000000000001 |b::Array.size.0.copyload|=#x0000000000002000 value_phi45=#x0000000033208d36 |a::Array.size.0.copyload|=#x0000000000008000 |c::Array.size.0.copyload|=#x0000000000000000
         SB assertions: 22, facts: 10, H in Q_B: {%"n::Int64" <=s 2^30=true} {%"a::Array.size.0.copyload" >=s 0=true} {%"a::Array.size.0.copyload" <=s 2^15=true} {%"c::Array.size.0.copyload" >=s 0=true} {%"c::Array.size.0.copyload" <=s 2^15=true}
    -> [mv] loosen: {%"n::Int64" <=s 2^15} -> {%"n::Int64" <=s 2^30}: kept tight (7.754504e+01 ms)
    -> [narrow] Q_A' (linearized products) UNSAT in 2.066323e+02 ms
    -> [mv] loosen: {%"a::Array.size.0.copyload" <=s 2^15} -> {%"a::Array.size.0.copyload" <=s 2^30}: UNSAT, adopted (2.269969e+02 ms)
    -> [narrow] Q_A' (linearized products) UNSAT in 3.015658e+01 ms
    -> [narrow] Q_B: some 64-bit value may leave 32 bits under H (SAT)
         flag set: input !fits: |b::Array.size.0.copyload|
         flag set: input !fits: |a::Array.size.0.copyload|
         inputs: value_phi240=#x00000000000008c0 |n::Int64|=#x0000000000008000 value_phi143=#x0000000000008000 |b::Array.size.0.copyload|=#x8000000000000000 value_phi45=#x0000000000007f65 |a::Array.size.0.copyload|=#x0000000080000000 |c::Array.size.0.copyload|=#x0000000000002000
         SB assertions: 22, facts: 10, H in Q_B: {%"n::Int64" <=s 2^15=true} {%"a::Array.size.0.copyload" >=s 0=true} {%"a::Array.size.0.copyload" <=s 2^31=true} {%"c::Array.size.0.copyload" >=s 0=true} {%"c::Array.size.0.copyload" <=s 2^15=true}
    -> [mv] loosen: {%"a::Array.size.0.copyload" <=s 2^30} -> {%"a::Array.size.0.copyload" <=s 2^31}: kept tight (5.329542e+01 ms)
    -> [narrow] Q_A' (linearized products) UNSAT in 1.143275e+02 ms
    -> [mv] loosen: {%"c::Array.size.0.copyload" <=s 2^15} -> {%"c::Array.size.0.copyload" <=s 2^30}: UNSAT, adopted (1.322361e+02 ms)
    -> [narrow] Q_A' (linearized) SAT (6.267063e+01 ms): exact Q_A
    -> [mv] loosen: {%"c::Array.size.0.copyload" <=s 2^30} -> {%"c::Array.size.0.copyload" <=s 2^31}: kept tight (1.006886e+04 ms)
    -> [mv] DEAD UNDER HYPOTHESIS H = {%"n::Int64" <=s 2^15, %"a::Array.size.0.copyload" >=s 0, %"a::Array.size.0.copyload" <=s 2^30, %"c::Array.size.0.copyload" >=s 0, %"c::Array.size.0.copyload" <=s 2^30, %"c::Array.size.0.copyload" >u ((-1 + (%"n::Int64" * %"n::Int64")))} (6 of 21 candidates in core, round 1; re-solve 1.808416e+02 ms; trap loop depth 2, hoist to depth 2)
    -> [mv-nofold] fast-trap id 3 (check kept in the H-guarded fast copy) chk 2
  => SUCCESS (fast copy): trap folded in 1 copy inside the H-guarded clone of loop 'L10.preheader'
  => Total Traps Eliminated: 0
  => Traps Folded In Fast Copies (mv): 3
  => Total Trap Attempts: 3
  => Total SMT Queries Executed: 3
  => Total SMT Query Latency: 6.526959e+04 ms
  => Average SMT Query Latency: 2.175653e+04 ms
  => Total DFS & SMT Execution Time: 3.013348e+04 ms
--------------------------------------------------

[Z3 Oracle] Analyzing Function: jfptr_matmul!_146
  [tier: heavy]
  => Total Traps Eliminated: 0
  => Traps Folded In Fast Copies (mv): 0
  => Total Trap Attempts: 0
  => Total SMT Queries Executed: 0
  => Total SMT Query Latency: 0.000000e+00 ms
  => Average SMT Query Latency: 0.000000e+00 ms
  => Total DFS & SMT Execution Time: 8.500000e-03 ms
--------------------------------------------------
