[ODeSSy] 10 trap site(s) across 1 function(s); threads=1 [tier: heavy] [frame] [mv] [narrow] [ind] [mv-nofold] [traps=bounds_error,boundserror,odessy.chk]

[Z3 Oracle] Analyzing Function: japi1_filt!_145
  [tier: heavy]
  -> Found UB Trap. Starting Backward Slice...
    -> Guard[0] (false edge of 'L29'):  %14 = icmp slt i64 %11, 1, !dbg !79
    -> Guard[1] (false edge of 'L26'):  %13 = icmp slt i64 %.size.0.copyload.fr, 1, !dbg !65
    -> Guard[2] (true edge of 'L20'):  %.not214 = icmp eq i64 %.size9.0.copyload, %11, !dbg !64
    -> Guard[3] (true edge of 'L13'):  %.not213 = icmp eq i64 %.size6.0.copyload, %.size4.0.copyload.fr, !dbg !61
    -> Guard[4] (true edge of 'top'):  %.not = icmp eq i64 %.size4.0.copyload.fr, %12, !dbg !56
    -> Collected 5 dominating context guard(s).
    -> Frame refused (clobber between loads):  %.size4.0.copyload = load i64, ptr %.size_ptr3, align 8, !dbg !51  vs  %.size63.0.copyload.us.us.us = load i64, ptr %.size_ptr3, align 8
         clobber: (MemoryPhi: clobber on some incoming arm)
    -> Frame refused (clobber between loads):  %.size6.0.copyload = load i64, ptr %.size_ptr5, align 8, !dbg !59  vs  %.size76.0.copyload.us.us.us = load i64, ptr %.size_ptr5, align 8
         clobber: (MemoryPhi: clobber on some incoming arm)
    -> Fact[LVI:0] i64 %11 in [1,-9223372036854775808) (LVI @ L46.preheader.split)
    -> [heavy] 1 analysis fact(s) on 5 boundary value(s)
    -> UNSAT (Dead Code / Impossible Path) [Query Latency: 0.097625 ms]
  => SUCCESS: Trap mathematically neutralized!
  -> Found UB Trap. Starting Backward Slice...
    -> Guard[0] (true edge of 'L46.preheader.split.split.split'):  %.not225 = icmp ult i64 %.size.0.copyload.fr, %.size4.0.copyload.fr
    -> Guard[1] (false edge of 'L46.preheader.split.split'):  %.not219.not = icmp eq i64 %.size.0.copyload.fr, 1
    -> Guard[2] (false edge of 'L46.preheader.split'):  %.not217 = icmp eq i64 %.size4.0.copyload.fr, 0
    -> Guard[3] (false edge of 'L29'):  %14 = icmp slt i64 %11, 1, !dbg !79
    -> Guard[4] (false edge of 'L26'):  %13 = icmp slt i64 %.size.0.copyload.fr, 1, !dbg !65
    -> Guard[5] (true edge of 'L20'):  %.not214 = icmp eq i64 %.size9.0.copyload, %11, !dbg !64
    -> Guard[6] (true edge of 'L13'):  %.not213 = icmp eq i64 %.size6.0.copyload, %.size4.0.copyload.fr, !dbg !61
    -> Guard[7] (true edge of 'top'):  %.not = icmp eq i64 %.size4.0.copyload.fr, %12, !dbg !56
    -> Collected 8 dominating context guard(s).
    -> Frame refused (clobber between loads):  %.size4.0.copyload = load i64, ptr %.size_ptr3, align 8, !dbg !51  vs  %.size63.0.copyload.us.us.us = load i64, ptr %.size_ptr3, align 8
         clobber: (MemoryPhi: clobber on some incoming arm)
    -> Frame refused (clobber between loads):  %.size6.0.copyload = load i64, ptr %.size_ptr5, align 8, !dbg !59  vs  %.size76.0.copyload.us.us.us = load i64, ptr %.size_ptr5, align 8
         clobber: (MemoryPhi: clobber on some incoming arm)
    -> [go3] 0 leaf-closure instruction(s) encoded
    -> Fact[SCEV:0] i64 %value_phi15.us266.us.us in [1,-9223372036854775808) (SCEV unsigned)
    -> Fact[SCEV:1] i64 %value_phi15.us266.us.us in [1,-9223372036854775808) (SCEV signed)
    -> Fact[SCEVSYM:2] i64 %value_phi15.us266.us.us - start(1) <=u BTC(((-1 + (0 smax %11))<nsw> umin %11)) (SCEV symbolic trip count, sub-form)
    -> Fact[PHIINV-hx:3] (i64 1 <=u i64 %29) -> i64 %value_phi15.us266.us.us <=u i64 %29 (header-exit eq bound, unit step, 1-induction)
    -> [heavy] 4 analysis fact(s) on 6 boundary value(s)
    -> [mv] T3: not a bounds shape (idx vs invariant count)
    -> UNSAT (Dead Code / Impossible Path) [Query Latency: 9.430250 ms]
  => SUCCESS: Trap mathematically neutralized!
  -> Found UB Trap. Starting Backward Slice...
    -> Guard[0] (true edge of 'L46.preheader.split.split.split.us'):  %.not225 = icmp ult i64 %.size.0.copyload.fr, %.size4.0.copyload.fr
    -> Guard[1] (true edge of 'L46.preheader.split.split'):  %.not219.not = icmp eq i64 %.size.0.copyload.fr, 1
    -> Guard[2] (false edge of 'L46.preheader.split'):  %.not217 = icmp eq i64 %.size4.0.copyload.fr, 0
    -> Guard[3] (false edge of 'L29'):  %14 = icmp slt i64 %11, 1, !dbg !79
    -> Guard[4] (false edge of 'L26'):  %13 = icmp slt i64 %.size.0.copyload.fr, 1, !dbg !65
    -> Guard[5] (true edge of 'L20'):  %.not214 = icmp eq i64 %.size9.0.copyload, %11, !dbg !64
    -> Guard[6] (true edge of 'L13'):  %.not213 = icmp eq i64 %.size6.0.copyload, %.size4.0.copyload.fr, !dbg !61
    -> Guard[7] (true edge of 'top'):  %.not = icmp eq i64 %.size4.0.copyload.fr, %12, !dbg !56
    -> Collected 8 dominating context guard(s).
    -> Frame refused (clobber between loads):  %.size4.0.copyload = load i64, ptr %.size_ptr3, align 8, !dbg !51  vs  %.size63.0.copyload.us.us.us = load i64, ptr %.size_ptr3, align 8
         clobber: (MemoryPhi: clobber on some incoming arm)
    -> Frame refused (clobber between loads):  %.size6.0.copyload = load i64, ptr %.size_ptr5, align 8, !dbg !59  vs  %.size76.0.copyload.us.us.us = load i64, ptr %.size_ptr5, align 8
         clobber: (MemoryPhi: clobber on some incoming arm)
    -> [go3] 0 leaf-closure instruction(s) encoded
    -> Fact[SCEV:0] i64 %value_phi15.us256.us.us.us in [1,-9223372036854775808) (SCEV unsigned)
    -> Fact[SCEV:1] i64 %value_phi15.us256.us.us.us in [1,-9223372036854775808) (SCEV signed)
    -> Fact[SCEVSYM:2] i64 %value_phi15.us256.us.us.us - start(1) <=u BTC(((-1 + (0 smax %11))<nsw> umin %11)) (SCEV symbolic trip count, sub-form)
    -> Fact[PHIINV-hx:3] (i64 1 <=u i64 %17) -> i64 %value_phi15.us256.us.us.us <=u i64 %17 (header-exit eq bound, unit step, 1-induction)
    -> [heavy] 4 analysis fact(s) on 6 boundary value(s)
    -> [mv] T3: not a bounds shape (idx vs invariant count)
    -> UNSAT (Dead Code / Impossible Path) [Query Latency: 11.353000 ms]
  => SUCCESS: Trap mathematically neutralized!
  -> Found UB Trap. Starting Backward Slice...
    -> Guard[0] (false edge of 'L46.preheader.split.split.split'):  %.not225 = icmp ult i64 %.size.0.copyload.fr, %.size4.0.copyload.fr
    -> Guard[1] (false edge of 'L46.preheader.split.split'):  %.not219.not = icmp eq i64 %.size.0.copyload.fr, 1
    -> Guard[2] (false edge of 'L46.preheader.split'):  %.not217 = icmp eq i64 %.size4.0.copyload.fr, 0
    -> Guard[3] (false edge of 'L29'):  %14 = icmp slt i64 %11, 1, !dbg !79
    -> Guard[4] (false edge of 'L26'):  %13 = icmp slt i64 %.size.0.copyload.fr, 1, !dbg !65
    -> Guard[5] (true edge of 'L20'):  %.not214 = icmp eq i64 %.size9.0.copyload, %11, !dbg !64
    -> Guard[6] (true edge of 'L13'):  %.not213 = icmp eq i64 %.size6.0.copyload, %.size4.0.copyload.fr, !dbg !61
    -> Guard[7] (true edge of 'top'):  %.not = icmp eq i64 %.size4.0.copyload.fr, %12, !dbg !56
    -> Collected 8 dominating context guard(s).
    -> Frame refused (clobber between loads):  %.size4.0.copyload = load i64, ptr %.size_ptr3, align 8, !dbg !51  vs  %.size63.0.copyload.us.us.us = load i64, ptr %.size_ptr3, align 8
         clobber: (MemoryPhi: clobber on some incoming arm)
    -> Frame refused (clobber between loads):  %.size6.0.copyload = load i64, ptr %.size_ptr5, align 8, !dbg !59  vs  %.size76.0.copyload.us.us.us = load i64, ptr %.size_ptr5, align 8
         clobber: (MemoryPhi: clobber on some incoming arm)
    -> [go3] 22 leaf-closure instruction(s) encoded
    -> Fact[SCEVSYM:0] i64 %value_phi47 - start(%bc.resume.val) <=u BTC((((-1 * %bc.resume.val) + (1 umax %.size4.0.copyload.fr)) umin ((-1 * %bc.resume.val) + %.size.0.copyload.fr) umin (-1 + (-1 * %bc.resume.val) + %.size.0.copyload.fr))) (SCEV symbolic trip count, sub-form)
    -> Fact[PHIINV-hx:1] (i64 %bc.resume.val <=u i64 %.size.0.copyload.fr) -> i64 %value_phi47 <=u i64 %.size.0.copyload.fr (header-exit eq bound, unit step, 1-induction)
    -> Fact[KB:2] i64 %index known bits zero=0x7 one=0x0
    -> Fact[SCEV:3] i64 %index in [0,-7) (SCEV unsigned)
    -> Fact[SCEV:4] i64 %index in [-9223372036854775808,9223372036854775801) (SCEV signed)
    -> Fact[SCEVSYM:5] i64 %index - start(0) <=u 8*BTC(((-7 + (-1 * %106)<nsw> + ((-2 + %.size.0.copyload.fr) umin (-1 + (1 umax %.size4.0.copyload.fr)) umin (-1 + %.size.0.copyload.fr))) /u 8)) (SCEV symbolic trip count, sub-form)
    -> Fact[PHIINV-hi:6] i64 %index == i64 0 || ne(i64 %index, i64 %n.vec) (latch-implied bound, 1-induction)
    -> Fact[SCEVEQ:7] i64 %bc.resume.val in phi image (4 incoming)
    -> Fact[SCEVEQ:8] i64 %.size4.0.copyload.fr == freeze operand (leaf identity)
    -> Fact[SCEVEQ:9] i64 %.size.0.copyload.fr == freeze operand (leaf identity)
    -> Fact[KB:10] i64 %106 known bits zero=0x18446744073709551600 one=0x0
    -> Fact[SCEVEQ:11] i64 %ind.end == SCEV((2 + (-1 * %106)<nsw> + ((-2 + %.size.0.copyload.fr) umin (-1 + (1 umax %.size4.0.copyload.fr)) umin (-1 + %.size.0.copyload.fr))))
    -> [heavy] 12 analysis fact(s) on 15 boundary value(s)
    -> [mv] T3: not a bounds shape (idx vs invariant count)
    -> UNSAT (Dead Code / Impossible Path) [Query Latency: 3.020708 ms]
  => SUCCESS: Trap mathematically neutralized!
  -> Found UB Trap. Starting Backward Slice...
    -> Guard[0] (false edge of 'L46.us265.us.us'):  %exitcond322.not = icmp eq i64 %value_phi15.us266.us.us, %29, !dbg !87
    -> Guard[1] (true edge of 'L46.preheader.split.split.split'):  %.not225 = icmp ult i64 %.size.0.copyload.fr, %.size4.0.copyload.fr
    -> Guard[2] (false edge of 'L46.preheader.split.split'):  %.not219.not = icmp eq i64 %.size.0.copyload.fr, 1
    -> Guard[3] (false edge of 'L46.preheader.split'):  %.not217 = icmp eq i64 %.size4.0.copyload.fr, 0
    -> Guard[4] (false edge of 'L29'):  %14 = icmp slt i64 %11, 1, !dbg !79
    -> Guard[5] (false edge of 'L26'):  %13 = icmp slt i64 %.size.0.copyload.fr, 1, !dbg !65
    -> Guard[6] (true edge of 'L20'):  %.not214 = icmp eq i64 %.size9.0.copyload, %11, !dbg !64
    -> Guard[7] (true edge of 'L13'):  %.not213 = icmp eq i64 %.size6.0.copyload, %.size4.0.copyload.fr, !dbg !61
    -> Guard[8] (true edge of 'top'):  %.not = icmp eq i64 %.size4.0.copyload.fr, %12, !dbg !56
    -> Collected 9 dominating context guard(s).
    -> Frame refused (clobber between loads):  %.size4.0.copyload = load i64, ptr %.size_ptr3, align 8, !dbg !51  vs  %.size63.0.copyload.us.us.us = load i64, ptr %.size_ptr3, align 8
         clobber: (MemoryPhi: clobber on some incoming arm)
    -> Frame refused (clobber between loads):  %.size6.0.copyload = load i64, ptr %.size_ptr5, align 8, !dbg !59  vs  %.size76.0.copyload.us.us.us = load i64, ptr %.size_ptr5, align 8
         clobber: (MemoryPhi: clobber on some incoming arm)
    -> [go3] 22 leaf-closure instruction(s) encoded
    -> Fact[SCEV:0] i64 %value_phi15.us266.us.us in [1,-9223372036854775808) (SCEV unsigned)
    -> Fact[SCEV:1] i64 %value_phi15.us266.us.us in [1,-9223372036854775808) (SCEV signed)
    -> Fact[SCEVSYM:2] i64 %value_phi15.us266.us.us - start(1) <=u BTC(((-1 + (0 smax %11))<nsw> umin %11)) (SCEV symbolic trip count, sub-form)
    -> Fact[PHIINV-hx:3] (i64 1 <=u i64 %29) -> i64 %value_phi15.us266.us.us <=u i64 %29 (header-exit eq bound, unit step, 1-induction)
    -> Fact[SCEVSYM:4] i64 %value_phi47.us.us.us - start(%bc.resume.val413) <=u BTC(((((-1 * %bc.resume.val413) + (1 umax %.size63.0.copyload.us.us.us.fr)) umin ((-1 * %bc.resume.val413) + %.size.0.copyload.fr)) umin_seq (((-1 * %bc.resume.val413) + (1 umax %.size76.0.copyload.us.us.us)) umin (-1 + (-1 * %bc.resume.val413) + %.size.0.copyload.fr)))) (SCEV symbolic trip count, sub-form)
    -> Fact[PHIINV-hx:5] (i64 %bc.resume.val413 <=u i64 %.size.0.copyload.fr) -> i64 %value_phi47.us.us.us <=u i64 %.size.0.copyload.fr (header-exit eq bound, unit step, 1-induction)
    -> Fact[KB:6] i64 %index415 known bits zero=0x7 one=0x0
    -> Fact[SCEV:7] i64 %index415 in [0,-7) (SCEV unsigned)
    -> Fact[SCEV:8] i64 %index415 in [-9223372036854775808,9223372036854775801) (SCEV signed)
    -> Fact[SCEVSYM:9] i64 %index415 - start(0) <=u 8*BTC(((-7 + (-1 * %44)<nsw> + ((-1 + (1 umax %.size63.0.copyload.us.us.us.fr)) umin (-1 + %.size.0.copyload.fr) umin %37)) /u 8)) (SCEV symbolic trip count, sub-form)
    -> Fact[PHIINV-hi:10] i64 %index415 == i64 0 || ne(i64 %index415, i64 %n.vec411) (latch-implied bound, 1-induction)
    -> Fact[SCEVEQ:11] i64 %bc.resume.val413 in phi image (4 incoming)
    -> Fact[SCEVEQ:12] i64 %.size63.0.copyload.us.us.us.fr == freeze operand (leaf identity)
    -> Fact[SCEVEQ:13] i64 %.size.0.copyload.fr == freeze operand (leaf identity)
    -> Fact[KB:14] i64 %44 known bits zero=0x18446744073709551600 one=0x0
    -> Fact[SCEVEQ:15] i64 %37 == freeze operand (leaf identity)
    -> Fact[SCEVEQ:16] i64 %ind.end412 == SCEV((2 + (-1 * %44)<nsw> + ((-1 + (1 umax %.size63.0.copyload.us.us.us.fr)) umin (-1 + %.size.0.copyload.fr) umin %37)))
    -> Fact[SCEVEQ:17] i64 %umin403 == SCEV(((-2 + %.size.0.copyload.fr) umin (-1 + (1 umax %.size76.0.copyload.us.us.us))))
    -> [heavy] 18 analysis fact(s) on 20 boundary value(s)
    -> [mv] T3: not a bounds shape (idx vs invariant count)
    -> UNSAT (Dead Code / Impossible Path) [Query Latency: 750.322208 ms]
  => SUCCESS: Trap mathematically neutralized!
  -> Found UB Trap. Starting Backward Slice...
    -> Guard[0] (false edge of 'L121'):  %exitcond331.not = icmp eq i64 %value_phi47, %.size.0.copyload.fr, !dbg !122
    -> Guard[1] (false edge of 'L46.preheader.split.split.split'):  %.not225 = icmp ult i64 %.size.0.copyload.fr, %.size4.0.copyload.fr
    -> Guard[2] (false edge of 'L46.preheader.split.split'):  %.not219.not = icmp eq i64 %.size.0.copyload.fr, 1
    -> Guard[3] (false edge of 'L46.preheader.split'):  %.not217 = icmp eq i64 %.size4.0.copyload.fr, 0
    -> Guard[4] (false edge of 'L29'):  %14 = icmp slt i64 %11, 1, !dbg !79
    -> Guard[5] (false edge of 'L26'):  %13 = icmp slt i64 %.size.0.copyload.fr, 1, !dbg !65
    -> Guard[6] (true edge of 'L20'):  %.not214 = icmp eq i64 %.size9.0.copyload, %11, !dbg !64
    -> Guard[7] (true edge of 'L13'):  %.not213 = icmp eq i64 %.size6.0.copyload, %.size4.0.copyload.fr, !dbg !61
    -> Guard[8] (true edge of 'top'):  %.not = icmp eq i64 %.size4.0.copyload.fr, %12, !dbg !56
    -> Collected 9 dominating context guard(s).
    -> Frame refused (clobber between loads):  %.size4.0.copyload = load i64, ptr %.size_ptr3, align 8, !dbg !51  vs  %.size63.0.copyload.us.us.us = load i64, ptr %.size_ptr3, align 8
         clobber: (MemoryPhi: clobber on some incoming arm)
    -> Frame refused (clobber between loads):  %.size6.0.copyload = load i64, ptr %.size_ptr5, align 8, !dbg !59  vs  %.size76.0.copyload.us.us.us = load i64, ptr %.size_ptr5, align 8
         clobber: (MemoryPhi: clobber on some incoming arm)
    -> [go3] 22 leaf-closure instruction(s) encoded
    -> Fact[SCEVSYM:0] i64 %value_phi47 - start(%bc.resume.val) <=u BTC((((-1 * %bc.resume.val) + (1 umax %.size4.0.copyload.fr)) umin ((-1 * %bc.resume.val) + %.size.0.copyload.fr) umin (-1 + (-1 * %bc.resume.val) + %.size.0.copyload.fr))) (SCEV symbolic trip count, sub-form)
    -> Fact[PHIINV-hx:1] (i64 %bc.resume.val <=u i64 %.size.0.copyload.fr) -> i64 %value_phi47 <=u i64 %.size.0.copyload.fr (header-exit eq bound, unit step, 1-induction)
    -> Fact[KB:2] i64 %index known bits zero=0x7 one=0x0
    -> Fact[SCEV:3] i64 %index in [0,-7) (SCEV unsigned)
    -> Fact[SCEV:4] i64 %index in [-9223372036854775808,9223372036854775801) (SCEV signed)
    -> Fact[SCEVSYM:5] i64 %index - start(0) <=u 8*BTC(((-7 + (-1 * %106)<nsw> + ((-2 + %.size.0.copyload.fr) umin (-1 + (1 umax %.size4.0.copyload.fr)) umin (-1 + %.size.0.copyload.fr))) /u 8)) (SCEV symbolic trip count, sub-form)
    -> Fact[PHIINV-hi:6] i64 %index == i64 0 || ne(i64 %index, i64 %n.vec) (latch-implied bound, 1-induction)
    -> Fact[SCEVEQ:7] i64 %bc.resume.val in phi image (4 incoming)
    -> Fact[SCEVEQ:8] i64 %.size4.0.copyload.fr == freeze operand (leaf identity)
    -> Fact[SCEVEQ:9] i64 %.size.0.copyload.fr == freeze operand (leaf identity)
    -> Fact[KB:10] i64 %106 known bits zero=0x18446744073709551600 one=0x0
    -> Fact[SCEVEQ:11] i64 %ind.end == SCEV((2 + (-1 * %106)<nsw> + ((-2 + %.size.0.copyload.fr) umin (-1 + (1 umax %.size4.0.copyload.fr)) umin (-1 + %.size.0.copyload.fr))))
    -> [heavy] 12 analysis fact(s) on 15 boundary value(s)
    -> [mv] T3: not a bounds shape (idx vs invariant count)
    -> UNSAT (Dead Code / Impossible Path) [Query Latency: 2.960958 ms]
  => SUCCESS: Trap mathematically neutralized!
  -> Found UB Trap. Starting Backward Slice...
    -> Guard[0] (false edge of 'L121.us.us.us'):  %exitcond317.not = icmp eq i64 %value_phi47.us.us.us, %.size.0.copyload.fr, !dbg !122
    -> Guard[1] (false edge of 'L46.us265.us.us'):  %exitcond322.not = icmp eq i64 %value_phi15.us266.us.us, %29, !dbg !87
    -> Guard[2] (true edge of 'L46.preheader.split.split.split'):  %.not225 = icmp ult i64 %.size.0.copyload.fr, %.size4.0.copyload.fr
    -> Guard[3] (false edge of 'L46.preheader.split.split'):  %.not219.not = icmp eq i64 %.size.0.copyload.fr, 1
    -> Guard[4] (false edge of 'L46.preheader.split'):  %.not217 = icmp eq i64 %.size4.0.copyload.fr, 0
    -> Guard[5] (false edge of 'L29'):  %14 = icmp slt i64 %11, 1, !dbg !79
    -> Guard[6] (false edge of 'L26'):  %13 = icmp slt i64 %.size.0.copyload.fr, 1, !dbg !65
    -> Guard[7] (true edge of 'L20'):  %.not214 = icmp eq i64 %.size9.0.copyload, %11, !dbg !64
    -> Guard[8] (true edge of 'L13'):  %.not213 = icmp eq i64 %.size6.0.copyload, %.size4.0.copyload.fr, !dbg !61
    -> Guard[9] (true edge of 'top'):  %.not = icmp eq i64 %.size4.0.copyload.fr, %12, !dbg !56
    -> Collected 10 dominating context guard(s).
    -> Frame refused (clobber between loads):  %.size4.0.copyload = load i64, ptr %.size_ptr3, align 8, !dbg !51  vs  %.size63.0.copyload.us.us.us = load i64, ptr %.size_ptr3, align 8
         clobber: (MemoryPhi: clobber on some incoming arm)
    -> Frame refused (clobber between loads):  %.size6.0.copyload = load i64, ptr %.size_ptr5, align 8, !dbg !59  vs  %.size76.0.copyload.us.us.us = load i64, ptr %.size_ptr5, align 8
         clobber: (MemoryPhi: clobber on some incoming arm)
    -> [go3] 22 leaf-closure instruction(s) encoded
    -> Fact[SCEV:0] i64 %value_phi15.us266.us.us in [1,-9223372036854775808) (SCEV unsigned)
    -> Fact[SCEV:1] i64 %value_phi15.us266.us.us in [1,-9223372036854775808) (SCEV signed)
    -> Fact[SCEVSYM:2] i64 %value_phi15.us266.us.us - start(1) <=u BTC(((-1 + (0 smax %11))<nsw> umin %11)) (SCEV symbolic trip count, sub-form)
    -> Fact[PHIINV-hx:3] (i64 1 <=u i64 %29) -> i64 %value_phi15.us266.us.us <=u i64 %29 (header-exit eq bound, unit step, 1-induction)
    -> Fact[SCEVSYM:4] i64 %value_phi47.us.us.us - start(%bc.resume.val413) <=u BTC(((((-1 * %bc.resume.val413) + (1 umax %.size63.0.copyload.us.us.us.fr)) umin ((-1 * %bc.resume.val413) + %.size.0.copyload.fr)) umin_seq (((-1 * %bc.resume.val413) + (1 umax %.size76.0.copyload.us.us.us)) umin (-1 + (-1 * %bc.resume.val413) + %.size.0.copyload.fr)))) (SCEV symbolic trip count, sub-form)
    -> Fact[PHIINV-hx:5] (i64 %bc.resume.val413 <=u i64 %.size.0.copyload.fr) -> i64 %value_phi47.us.us.us <=u i64 %.size.0.copyload.fr (header-exit eq bound, unit step, 1-induction)
    -> Fact[KB:6] i64 %index415 known bits zero=0x7 one=0x0
    -> Fact[SCEV:7] i64 %index415 in [0,-7) (SCEV unsigned)
    -> Fact[SCEV:8] i64 %index415 in [-9223372036854775808,9223372036854775801) (SCEV signed)
    -> Fact[SCEVSYM:9] i64 %index415 - start(0) <=u 8*BTC(((-7 + (-1 * %44)<nsw> + ((-1 + (1 umax %.size63.0.copyload.us.us.us.fr)) umin (-1 + %.size.0.copyload.fr) umin %37)) /u 8)) (SCEV symbolic trip count, sub-form)
    -> Fact[PHIINV-hi:10] i64 %index415 == i64 0 || ne(i64 %index415, i64 %n.vec411) (latch-implied bound, 1-induction)
    -> Fact[SCEVEQ:11] i64 %bc.resume.val413 in phi image (4 incoming)
    -> Fact[SCEVEQ:12] i64 %.size63.0.copyload.us.us.us.fr == freeze operand (leaf identity)
    -> Fact[SCEVEQ:13] i64 %.size.0.copyload.fr == freeze operand (leaf identity)
    -> Fact[KB:14] i64 %44 known bits zero=0x18446744073709551600 one=0x0
    -> Fact[SCEVEQ:15] i64 %37 == freeze operand (leaf identity)
    -> Fact[SCEVEQ:16] i64 %ind.end412 == SCEV((2 + (-1 * %44)<nsw> + ((-1 + (1 umax %.size63.0.copyload.us.us.us.fr)) umin (-1 + %.size.0.copyload.fr) umin %37)))
    -> Fact[SCEVEQ:17] i64 %umin403 == SCEV(((-2 + %.size.0.copyload.fr) umin (-1 + (1 umax %.size76.0.copyload.us.us.us))))
    -> [heavy] 18 analysis fact(s) on 21 boundary value(s)
    -> [mv] T3: not a bounds shape (idx vs invariant count)
    -> [ind L0] BASE (1 phi(s) = entry): SAT (WARNING: Potential Integer Overflow Bug Detected!) [Query Latency: 0.928666 ms]
    -> [ind L1] BASE (1 phi(s) = entry): SAT (WARNING: Potential Integer Overflow Bug Detected!) [Query Latency: 0.899542 ms]
    -> SAT (WARNING: Potential Integer Overflow Bug Detected!) [Query Latency: 19.199000 ms]
    -> [mv] still SAT under 36 hypothesis candidate(s): not versionable
  -> Found UB Trap. Starting Backward Slice...
    -> Guard[0] (false edge of 'L138.us.us.us'):  %exitcond319.not = icmp eq i64 %value_phi47.us.us.us, %umax318, !dbg !122
    -> Guard[1] (false edge of 'L121.us.us.us'):  %exitcond317.not = icmp eq i64 %value_phi47.us.us.us, %.size.0.copyload.fr, !dbg !122
    -> Guard[2] (false edge of 'L46.us265.us.us'):  %exitcond322.not = icmp eq i64 %value_phi15.us266.us.us, %29, !dbg !87
    -> Guard[3] (true edge of 'L46.preheader.split.split.split'):  %.not225 = icmp ult i64 %.size.0.copyload.fr, %.size4.0.copyload.fr
    -> Guard[4] (false edge of 'L46.preheader.split.split'):  %.not219.not = icmp eq i64 %.size.0.copyload.fr, 1
    -> Guard[5] (false edge of 'L46.preheader.split'):  %.not217 = icmp eq i64 %.size4.0.copyload.fr, 0
    -> Guard[6] (false edge of 'L29'):  %14 = icmp slt i64 %11, 1, !dbg !79
    -> Guard[7] (false edge of 'L26'):  %13 = icmp slt i64 %.size.0.copyload.fr, 1, !dbg !65
    -> Guard[8] (true edge of 'L20'):  %.not214 = icmp eq i64 %.size9.0.copyload, %11, !dbg !64
    -> Guard[9] (true edge of 'L13'):  %.not213 = icmp eq i64 %.size6.0.copyload, %.size4.0.copyload.fr, !dbg !61
    -> Guard[10] (true edge of 'top'):  %.not = icmp eq i64 %.size4.0.copyload.fr, %12, !dbg !56
    -> Collected 11 dominating context guard(s).
    -> Frame refused (clobber between loads):  %.size4.0.copyload = load i64, ptr %.size_ptr3, align 8, !dbg !51  vs  %.size63.0.copyload.us.us.us = load i64, ptr %.size_ptr3, align 8
         clobber: (MemoryPhi: clobber on some incoming arm)
    -> Frame refused (clobber between loads):  %.size6.0.copyload = load i64, ptr %.size_ptr5, align 8, !dbg !59  vs  %.size76.0.copyload.us.us.us = load i64, ptr %.size_ptr5, align 8
         clobber: (MemoryPhi: clobber on some incoming arm)
    -> [go3] 22 leaf-closure instruction(s) encoded
    -> Fact[SCEV:0] i64 %value_phi15.us266.us.us in [1,-9223372036854775808) (SCEV unsigned)
    -> Fact[SCEV:1] i64 %value_phi15.us266.us.us in [1,-9223372036854775808) (SCEV signed)
    -> Fact[SCEVSYM:2] i64 %value_phi15.us266.us.us - start(1) <=u BTC(((-1 + (0 smax %11))<nsw> umin %11)) (SCEV symbolic trip count, sub-form)
    -> Fact[PHIINV-hx:3] (i64 1 <=u i64 %29) -> i64 %value_phi15.us266.us.us <=u i64 %29 (header-exit eq bound, unit step, 1-induction)
    -> Fact[SCEVSYM:4] i64 %value_phi47.us.us.us - start(%bc.resume.val413) <=u BTC(((((-1 * %bc.resume.val413) + (1 umax %.size63.0.copyload.us.us.us.fr)) umin ((-1 * %bc.resume.val413) + %.size.0.copyload.fr)) umin_seq (((-1 * %bc.resume.val413) + (1 umax %.size76.0.copyload.us.us.us)) umin (-1 + (-1 * %bc.resume.val413) + %.size.0.copyload.fr)))) (SCEV symbolic trip count, sub-form)
    -> Fact[PHIINV-hx:5] (i64 %bc.resume.val413 <=u i64 %.size.0.copyload.fr) -> i64 %value_phi47.us.us.us <=u i64 %.size.0.copyload.fr (header-exit eq bound, unit step, 1-induction)
    -> Fact[KB:6] i64 %index415 known bits zero=0x7 one=0x0
    -> Fact[SCEV:7] i64 %index415 in [0,-7) (SCEV unsigned)
    -> Fact[SCEV:8] i64 %index415 in [-9223372036854775808,9223372036854775801) (SCEV signed)
    -> Fact[SCEVSYM:9] i64 %index415 - start(0) <=u 8*BTC(((-7 + (-1 * %44)<nsw> + ((-1 + (1 umax %.size63.0.copyload.us.us.us.fr)) umin (-1 + %.size.0.copyload.fr) umin %37)) /u 8)) (SCEV symbolic trip count, sub-form)
    -> Fact[PHIINV-hi:10] i64 %index415 == i64 0 || ne(i64 %index415, i64 %n.vec411) (latch-implied bound, 1-induction)
    -> Fact[SCEVEQ:11] i64 %bc.resume.val413 in phi image (4 incoming)
    -> Fact[SCEVEQ:12] i64 %.size63.0.copyload.us.us.us.fr == freeze operand (leaf identity)
    -> Fact[SCEVEQ:13] i64 %.size.0.copyload.fr == freeze operand (leaf identity)
    -> Fact[KB:14] i64 %44 known bits zero=0x18446744073709551600 one=0x0
    -> Fact[SCEVEQ:15] i64 %37 == freeze operand (leaf identity)
    -> Fact[SCEVEQ:16] i64 %ind.end412 == SCEV((2 + (-1 * %44)<nsw> + ((-1 + (1 umax %.size63.0.copyload.us.us.us.fr)) umin (-1 + %.size.0.copyload.fr) umin %37)))
    -> Fact[SCEVEQ:17] i64 %umin403 == SCEV(((-2 + %.size.0.copyload.fr) umin (-1 + (1 umax %.size76.0.copyload.us.us.us))))
    -> [heavy] 18 analysis fact(s) on 21 boundary value(s)
    -> [mv] T3: not a bounds shape (idx vs invariant count)
    -> [ind L0] BASE (1 phi(s) = entry): SAT (WARNING: Potential Integer Overflow Bug Detected!) [Query Latency: 0.796334 ms]
    -> [ind L1] BASE (1 phi(s) = entry): SAT (WARNING: Potential Integer Overflow Bug Detected!) [Query Latency: 0.784500 ms]
    -> SAT (WARNING: Potential Integer Overflow Bug Detected!) [Query Latency: 11.829916 ms]
    -> [mv] still SAT under 36 hypothesis candidate(s): not versionable
  -> Found UB Trap. Starting Backward Slice...
    -> Guard[0] (false edge of 'L138'):  %exitcond333.not = icmp eq i64 %value_phi47, %umax332, !dbg !122
    -> Guard[1] (false edge of 'L121'):  %exitcond331.not = icmp eq i64 %value_phi47, %.size.0.copyload.fr, !dbg !122
    -> Guard[2] (false edge of 'L46.preheader.split.split.split'):  %.not225 = icmp ult i64 %.size.0.copyload.fr, %.size4.0.copyload.fr
    -> Guard[3] (false edge of 'L46.preheader.split.split'):  %.not219.not = icmp eq i64 %.size.0.copyload.fr, 1
    -> Guard[4] (false edge of 'L46.preheader.split'):  %.not217 = icmp eq i64 %.size4.0.copyload.fr, 0
    -> Guard[5] (false edge of 'L29'):  %14 = icmp slt i64 %11, 1, !dbg !79
    -> Guard[6] (false edge of 'L26'):  %13 = icmp slt i64 %.size.0.copyload.fr, 1, !dbg !65
    -> Guard[7] (true edge of 'L20'):  %.not214 = icmp eq i64 %.size9.0.copyload, %11, !dbg !64
    -> Guard[8] (true edge of 'L13'):  %.not213 = icmp eq i64 %.size6.0.copyload, %.size4.0.copyload.fr, !dbg !61
    -> Guard[9] (true edge of 'top'):  %.not = icmp eq i64 %.size4.0.copyload.fr, %12, !dbg !56
    -> Collected 10 dominating context guard(s).
    -> Frame refused (clobber between loads):  %.size4.0.copyload = load i64, ptr %.size_ptr3, align 8, !dbg !51  vs  %.size63.0.copyload.us.us.us = load i64, ptr %.size_ptr3, align 8
         clobber: (MemoryPhi: clobber on some incoming arm)
    -> Frame refused (clobber between loads):  %.size6.0.copyload = load i64, ptr %.size_ptr5, align 8, !dbg !59  vs  %.size76.0.copyload.us.us.us = load i64, ptr %.size_ptr5, align 8
         clobber: (MemoryPhi: clobber on some incoming arm)
    -> [go3] 22 leaf-closure instruction(s) encoded
    -> Fact[SCEVSYM:0] i64 %value_phi47 - start(%bc.resume.val) <=u BTC((((-1 * %bc.resume.val) + (1 umax %.size4.0.copyload.fr)) umin ((-1 * %bc.resume.val) + %.size.0.copyload.fr) umin (-1 + (-1 * %bc.resume.val) + %.size.0.copyload.fr))) (SCEV symbolic trip count, sub-form)
    -> Fact[PHIINV-hx:1] (i64 %bc.resume.val <=u i64 %.size.0.copyload.fr) -> i64 %value_phi47 <=u i64 %.size.0.copyload.fr (header-exit eq bound, unit step, 1-induction)
    -> Fact[KB:2] i64 %index known bits zero=0x7 one=0x0
    -> Fact[SCEV:3] i64 %index in [0,-7) (SCEV unsigned)
    -> Fact[SCEV:4] i64 %index in [-9223372036854775808,9223372036854775801) (SCEV signed)
    -> Fact[SCEVSYM:5] i64 %index - start(0) <=u 8*BTC(((-7 + (-1 * %106)<nsw> + ((-2 + %.size.0.copyload.fr) umin (-1 + (1 umax %.size4.0.copyload.fr)) umin (-1 + %.size.0.copyload.fr))) /u 8)) (SCEV symbolic trip count, sub-form)
    -> Fact[PHIINV-hi:6] i64 %index == i64 0 || ne(i64 %index, i64 %n.vec) (latch-implied bound, 1-induction)
    -> Fact[SCEVEQ:7] i64 %bc.resume.val in phi image (4 incoming)
    -> Fact[SCEVEQ:8] i64 %.size4.0.copyload.fr == freeze operand (leaf identity)
    -> Fact[SCEVEQ:9] i64 %.size.0.copyload.fr == freeze operand (leaf identity)
    -> Fact[KB:10] i64 %106 known bits zero=0x18446744073709551600 one=0x0
    -> Fact[SCEVEQ:11] i64 %ind.end == SCEV((2 + (-1 * %106)<nsw> + ((-2 + %.size.0.copyload.fr) umin (-1 + (1 umax %.size4.0.copyload.fr)) umin (-1 + %.size.0.copyload.fr))))
    -> [heavy] 12 analysis fact(s) on 15 boundary value(s)
    -> [mv] T3: not a bounds shape (idx vs invariant count)
    -> UNSAT (Dead Code / Impossible Path) [Query Latency: 4.809250 ms]
  => SUCCESS: Trap mathematically neutralized!
  -> Found UB Trap. Starting Backward Slice...
    -> Guard[0] (true edge of 'L46.preheader.split.split'):  %.not219.not = icmp eq i64 %.size.0.copyload.fr, 1
    -> Guard[1] (false edge of 'L46.preheader.split'):  %.not217 = icmp eq i64 %.size4.0.copyload.fr, 0
    -> Guard[2] (false edge of 'L29'):  %14 = icmp slt i64 %11, 1, !dbg !79
    -> Guard[3] (false edge of 'L26'):  %13 = icmp slt i64 %.size.0.copyload.fr, 1, !dbg !65
    -> Guard[4] (true edge of 'L20'):  %.not214 = icmp eq i64 %.size9.0.copyload, %11, !dbg !64
    -> Guard[5] (true edge of 'L13'):  %.not213 = icmp eq i64 %.size6.0.copyload, %.size4.0.copyload.fr, !dbg !61
    -> Guard[6] (true edge of 'top'):  %.not = icmp eq i64 %.size4.0.copyload.fr, %12, !dbg !56
    -> Collected 7 dominating context guard(s).
    -> Frame refused (clobber between loads):  %.size4.0.copyload = load i64, ptr %.size_ptr3, align 8, !dbg !51  vs  %.size63.0.copyload.us.us.us = load i64, ptr %.size_ptr3, align 8
         clobber: (MemoryPhi: clobber on some incoming arm)
    -> Frame refused (clobber between loads):  %.size6.0.copyload = load i64, ptr %.size_ptr5, align 8, !dbg !59  vs  %.size76.0.copyload.us.us.us = load i64, ptr %.size_ptr5, align 8
         clobber: (MemoryPhi: clobber on some incoming arm)
    -> Fact[LVI:0] i64 %11 in [1,-9223372036854775808) (LVI @ L46.preheader.split.split.split.us)
    -> [heavy] 1 analysis fact(s) on 5 boundary value(s)
    -> UNSAT (Dead Code / Impossible Path) [Query Latency: 0.011667 ms]
  => SUCCESS: Trap mathematically neutralized!
  => Total Traps Eliminated: 8
  => Traps Folded In Fast Copies (mv): 0
  => Total Trap Attempts: 10
  => Total SMT Queries Executed: 10
  => Total SMT Query Latency: 8.292406e+02 ms
  => Average SMT Query Latency: 8.292406e+01 ms
  => Total DFS & SMT Execution Time: 8.711190e+02 ms
--------------------------------------------------
