swiftc: Swift version 6.3.3 (swift-6.3.3-RELEASE)  sdk: default
opt   : LLVM (http://llvm.org/):
reps  : 30   kernel: crc32   runargs: '3703 perf_test/sha_input.bin'

==== PHASE A: building ====
  built base     traps   41->41   bin    32608 B  eliminated 0
  built base2x   traps   41->41   bin    32608 B  eliminated 0
  built oracle   traps   41->37   bin    32608 B  eliminated 4 (+7 folded in mv fast copies)
==== PHASE B: output equivalence gate ====
  outputs byte-identical across all configs -- gate passed
==== PHASE C: 30 shuffled reps x configs [base base2x oracle] ====
  rep 1/30
  rep 2/30
  rep 3/30
  rep 4/30
  rep 5/30
  rep 6/30
  rep 7/30
  rep 8/30
  rep 9/30
  rep 10/30
  rep 11/30
  rep 12/30
  rep 13/30
  rep 14/30
  rep 15/30
  rep 16/30
  rep 17/30
  rep 18/30
  rep 19/30
  rep 20/30
  rep 21/30
  rep 22/30
  rep 23/30
  rep 24/30
  rep 25/30
  rep 26/30
  rep 27/30
  rep 28/30
  rep 29/30
  rep 30/30

config      median       min       avg  audit
base        4.8588    4.8552    4.8597  ok
base2x      4.8578    4.8547    4.8587  ok
oracle      4.5810    4.5796    4.5817  ok
oracle vs base: +5.72% (median)
oracle vs base2x: +5.70% (median)
speedup: 1.0606x vs base, 1.0604x vs base2x; noise floor base/base2x 1.0002x

CSV appended: /mydata/ODeSSy/evaluation/perf_swift.csv   (rerun with REPS=15 on the server for the real number)
