[ODeSSy] 16 trap site(s) across 2 function(s); threads=8 [tier: heavy] [ldeq] [frame] [traps=bounds_error,boundserror]

[Z3 Oracle] Analyzing Function: julia_sha256_sum_147
  [tier: heavy]
  -> Trap source: essentials.jl:919
  -> Found UB Trap. Starting Backward Slice...
    -> Guard[0] (false edge of 'pass.preheader'):  %6 = icmp slt i64 %value_phi8, 1
    -> Guard[1] (false edge of 'top'):  %3 = icmp slt i64 %"iters::Int64", 1, !dbg !58
    -> Collected 2 dominating context guard(s).
    -> [go3] 10 leaf-closure instruction(s) encoded
    -> Fact[KB:0] i64 %value_phi12 known bits zero=0x9223372036854775808 one=0x0
    -> Fact[SCEV:1] i64 %value_phi12 in [1,144115188075855872) (SCEV unsigned)
    -> Fact[SCEV:2] i64 %value_phi12 in [1,144115188075855872) (SCEV signed)
    -> Fact[SCEVSYM:3] i64 %value_phi12 - start(1) <=u BTC((-1 + %value_phi8)<nsw>) (SCEV symbolic trip count, sub-form)
    -> Fact[SCEVSYM:4] i64 %value_phi22.postloop - start(%value_phi22.copy) <=u BTC(((16 + (-1 * %value_phi22.copy)<nsw>)<nsw> umin (1 + (-1 * %value_phi22.copy)<nsw> + ((-1 + %value_phi22.copy)<nsw> umax %"new::Array.size.0.copyload")))) (SCEV symbolic trip count, sub-form)
    -> Fact[SCEV:5] i64 %value_phi22 in [1,17) (SCEV unsigned)
    -> Fact[SCEV:6] i64 %value_phi22 in [1,17) (SCEV signed)
    -> Fact[SCEVEQ:7] i64 %value_phi22.copy in phi image (2 incoming)
    -> [heavy] 8 analysis fact(s) on 13 boundary value(s)
    -> UNKNOWN (Solver gave up) [Query Latency: 10000.386016 ms]
  -> Trap source: essentials.jl:919
  -> Found UB Trap. Starting Backward Slice...
    -> Guard[0] (false edge of 'L41'):  %.not485 = icmp eq i64 %12, 0, !dbg !67
    -> Guard[1] (false edge of 'pass.preheader'):  %6 = icmp slt i64 %value_phi8, 1
    -> Guard[2] (false edge of 'top'):  %3 = icmp slt i64 %"iters::Int64", 1, !dbg !58
    -> Collected 3 dominating context guard(s).
    -> [go3] 3 leaf-closure instruction(s) encoded
    -> Fact[KB:0] i64 %value_phi12 known bits zero=0x9223372036854775808 one=0x0
    -> Fact[SCEV:1] i64 %value_phi12 in [1,144115188075855872) (SCEV unsigned)
    -> Fact[SCEV:2] i64 %value_phi12 in [1,144115188075855872) (SCEV signed)
    -> Fact[SCEVSYM:3] i64 %value_phi12 - start(1) <=u BTC((-1 + %value_phi8)<nsw>) (SCEV symbolic trip count, sub-form)
    -> Fact[SCEV:4] i64 %value_phi22 in [1,17) (SCEV unsigned)
    -> Fact[SCEV:5] i64 %value_phi22 in [1,17) (SCEV signed)
    -> [heavy] 6 analysis fact(s) on 5 boundary value(s)
    -> UNKNOWN (Solver gave up) [Query Latency: 10000.268142 ms]
  -> Trap source: essentials.jl:919
  -> Found UB Trap. Starting Backward Slice...
    -> Guard[0] (true edge of 'L53.postloop'):  %.not.postloop = icmp ult i64 %125, %"data::Array.size.0.copyload", !dbg !79
    -> Guard[1] (false edge of 'pass.preheader'):  %6 = icmp slt i64 %value_phi8, 1
    -> Guard[2] (false edge of 'top'):  %3 = icmp slt i64 %"iters::Int64", 1, !dbg !58
    -> Collected 3 dominating context guard(s).
    -> [go3] 10 leaf-closure instruction(s) encoded
    -> Fact[LVI:0] i64 %"data::Array.size.0.copyload" in [1,0) (LVI @ L73.postloop)
    -> Fact[KB:1] i64 %value_phi12 known bits zero=0x9223372036854775808 one=0x0
    -> Fact[SCEV:2] i64 %value_phi12 in [1,144115188075855872) (SCEV unsigned)
    -> Fact[SCEV:3] i64 %value_phi12 in [1,144115188075855872) (SCEV signed)
    -> Fact[SCEVSYM:4] i64 %value_phi12 - start(1) <=u BTC((-1 + %value_phi8)<nsw>) (SCEV symbolic trip count, sub-form)
    -> Fact[SCEVSYM:5] i64 %value_phi22.postloop - start(%value_phi22.copy) <=u BTC(((16 + (-1 * %value_phi22.copy)<nsw>)<nsw> umin (1 + (-1 * %value_phi22.copy)<nsw> + ((-1 + %value_phi22.copy)<nsw> umax %"new::Array.size.0.copyload")))) (SCEV symbolic trip count, sub-form)
    -> Fact[SCEV:6] i64 %value_phi22 in [1,17) (SCEV unsigned)
    -> Fact[SCEV:7] i64 %value_phi22 in [1,17) (SCEV signed)
    -> Fact[SCEVEQ:8] i64 %value_phi22.copy in phi image (2 incoming)
    -> [heavy] 9 analysis fact(s) on 13 boundary value(s)
    -> UNKNOWN (Solver gave up) [Query Latency: 10000.331244 ms]
  -> Trap source: essentials.jl:919
  -> Found UB Trap. Starting Backward Slice...
    -> Guard[0] (true edge of 'L53'):  %.not = icmp ult i64 %15, %"data::Array.size.0.copyload", !dbg !79
    -> Guard[1] (false edge of 'L41'):  %.not485 = icmp eq i64 %12, 0, !dbg !67
    -> Guard[2] (false edge of 'pass.preheader'):  %6 = icmp slt i64 %value_phi8, 1
    -> Guard[3] (false edge of 'top'):  %3 = icmp slt i64 %"iters::Int64", 1, !dbg !58
    -> Collected 4 dominating context guard(s).
    -> [go3] 3 leaf-closure instruction(s) encoded
    -> Fact[LVI:0] i64 %"data::Array.size.0.copyload" in [1,0) (LVI @ L73)
    -> Fact[KB:1] i64 %value_phi12 known bits zero=0x9223372036854775808 one=0x0
    -> Fact[SCEV:2] i64 %value_phi12 in [1,144115188075855872) (SCEV unsigned)
    -> Fact[SCEV:3] i64 %value_phi12 in [1,144115188075855872) (SCEV signed)
    -> Fact[SCEVSYM:4] i64 %value_phi12 - start(1) <=u BTC((-1 + %value_phi8)<nsw>) (SCEV symbolic trip count, sub-form)
    -> Fact[LVI:5] i64 %value_phi22 in [1,0) (LVI @ L73)
    -> Fact[SCEV:6] i64 %value_phi22 in [1,17) (SCEV unsigned)
    -> Fact[SCEV:7] i64 %value_phi22 in [1,17) (SCEV signed)
    -> [heavy] 8 analysis fact(s) on 5 boundary value(s)
    -> UNKNOWN (Solver gave up) [Query Latency: 10000.453162 ms]
  -> Trap source: essentials.jl:919
  -> Found UB Trap. Starting Backward Slice...
    -> Guard[0] (true edge of 'L73.postloop'):  %.not281.postloop = icmp ult i64 %126, %"data::Array.size.0.copyload", !dbg !79
    -> Guard[1] (true edge of 'L53.postloop'):  %.not.postloop = icmp ult i64 %125, %"data::Array.size.0.copyload", !dbg !79
    -> Guard[2] (false edge of 'pass.preheader'):  %6 = icmp slt i64 %value_phi8, 1
    -> Guard[3] (false edge of 'top'):  %3 = icmp slt i64 %"iters::Int64", 1, !dbg !58
    -> Collected 4 dominating context guard(s).
    -> [go3] 10 leaf-closure instruction(s) encoded
    -> Fact[LVI:0] i64 %"data::Array.size.0.copyload" in [2,0) (LVI @ L94.postloop)
    -> Fact[KB:1] i64 %value_phi12 known bits zero=0x9223372036854775808 one=0x0
    -> Fact[SCEV:2] i64 %value_phi12 in [1,144115188075855872) (SCEV unsigned)
    -> Fact[SCEV:3] i64 %value_phi12 in [1,144115188075855872) (SCEV signed)
    -> Fact[SCEVSYM:4] i64 %value_phi12 - start(1) <=u BTC((-1 + %value_phi8)<nsw>) (SCEV symbolic trip count, sub-form)
    -> Fact[SCEVSYM:5] i64 %value_phi22.postloop - start(%value_phi22.copy) <=u BTC(((16 + (-1 * %value_phi22.copy)<nsw>)<nsw> umin (1 + (-1 * %value_phi22.copy)<nsw> + ((-1 + %value_phi22.copy)<nsw> umax %"new::Array.size.0.copyload")))) (SCEV symbolic trip count, sub-form)
    -> Fact[SCEV:6] i64 %value_phi22 in [1,17) (SCEV unsigned)
    -> Fact[SCEV:7] i64 %value_phi22 in [1,17) (SCEV signed)
    -> Fact[SCEVEQ:8] i64 %value_phi22.copy in phi image (2 incoming)
    -> [heavy] 9 analysis fact(s) on 13 boundary value(s)
    -> UNKNOWN (Solver gave up) [Query Latency: 10000.376165 ms]
  -> Trap source: essentials.jl:919
  -> Found UB Trap. Starting Backward Slice...
    -> Guard[0] (true edge of 'L73'):  %.not281 = icmp ult i64 %17, %"data::Array.size.0.copyload", !dbg !79
    -> Guard[1] (true edge of 'L53'):  %.not = icmp ult i64 %15, %"data::Array.size.0.copyload", !dbg !79
    -> Guard[2] (false edge of 'L41'):  %.not485 = icmp eq i64 %12, 0, !dbg !67
    -> Guard[3] (false edge of 'pass.preheader'):  %6 = icmp slt i64 %value_phi8, 1
    -> Guard[4] (false edge of 'top'):  %3 = icmp slt i64 %"iters::Int64", 1, !dbg !58
    -> Collected 5 dominating context guard(s).
    -> [go3] 3 leaf-closure instruction(s) encoded
    -> Fact[LVI:0] i64 %"data::Array.size.0.copyload" in [2,0) (LVI @ L94)
    -> Fact[KB:1] i64 %value_phi12 known bits zero=0x9223372036854775808 one=0x0
    -> Fact[SCEV:2] i64 %value_phi12 in [1,144115188075855872) (SCEV unsigned)
    -> Fact[SCEV:3] i64 %value_phi12 in [1,144115188075855872) (SCEV signed)
    -> Fact[SCEVSYM:4] i64 %value_phi12 - start(1) <=u BTC((-1 + %value_phi8)<nsw>) (SCEV symbolic trip count, sub-form)
    -> Fact[LVI:5] i64 %value_phi22 in [1,0) (LVI @ L94)
    -> Fact[SCEV:6] i64 %value_phi22 in [1,17) (SCEV unsigned)
    -> Fact[SCEV:7] i64 %value_phi22 in [1,17) (SCEV signed)
    -> [heavy] 8 analysis fact(s) on 5 boundary value(s)
    -> UNKNOWN (Solver gave up) [Query Latency: 10000.317604 ms]
  -> Trap source: essentials.jl:919
  -> Found UB Trap. Starting Backward Slice...
    -> Guard[0] (true edge of 'L94.postloop'):  %.not282.postloop = icmp ult i64 %127, %"data::Array.size.0.copyload", !dbg !79
    -> Guard[1] (true edge of 'L73.postloop'):  %.not281.postloop = icmp ult i64 %126, %"data::Array.size.0.copyload", !dbg !79
    -> Guard[2] (true edge of 'L53.postloop'):  %.not.postloop = icmp ult i64 %125, %"data::Array.size.0.copyload", !dbg !79
    -> Guard[3] (false edge of 'pass.preheader'):  %6 = icmp slt i64 %value_phi8, 1
    -> Guard[4] (false edge of 'top'):  %3 = icmp slt i64 %"iters::Int64", 1, !dbg !58
    -> Collected 5 dominating context guard(s).
    -> [go3] 10 leaf-closure instruction(s) encoded
    -> Fact[LVI:0] i64 %"data::Array.size.0.copyload" in [3,0) (LVI @ L116.postloop)
    -> Fact[KB:1] i64 %value_phi12 known bits zero=0x9223372036854775808 one=0x0
    -> Fact[SCEV:2] i64 %value_phi12 in [1,144115188075855872) (SCEV unsigned)
    -> Fact[SCEV:3] i64 %value_phi12 in [1,144115188075855872) (SCEV signed)
    -> Fact[SCEVSYM:4] i64 %value_phi12 - start(1) <=u BTC((-1 + %value_phi8)<nsw>) (SCEV symbolic trip count, sub-form)
    -> Fact[SCEVSYM:5] i64 %value_phi22.postloop - start(%value_phi22.copy) <=u BTC(((16 + (-1 * %value_phi22.copy)<nsw>)<nsw> umin (1 + (-1 * %value_phi22.copy)<nsw> + ((-1 + %value_phi22.copy)<nsw> umax %"new::Array.size.0.copyload")))) (SCEV symbolic trip count, sub-form)
    -> Fact[SCEV:6] i64 %value_phi22 in [1,17) (SCEV unsigned)
    -> Fact[SCEV:7] i64 %value_phi22 in [1,17) (SCEV signed)
    -> Fact[SCEVEQ:8] i64 %value_phi22.copy in phi image (2 incoming)
    -> [heavy] 9 analysis fact(s) on 13 boundary value(s)
    -> UNKNOWN (Solver gave up) [Query Latency: 10002.774207 ms]
  -> Trap source: essentials.jl:919
  -> Found UB Trap. Starting Backward Slice...
    -> Guard[0] (true edge of 'L94'):  %.not282 = icmp ult i64 %19, %"data::Array.size.0.copyload", !dbg !79
    -> Guard[1] (true edge of 'L73'):  %.not281 = icmp ult i64 %17, %"data::Array.size.0.copyload", !dbg !79
    -> Guard[2] (true edge of 'L53'):  %.not = icmp ult i64 %15, %"data::Array.size.0.copyload", !dbg !79
    -> Guard[3] (false edge of 'L41'):  %.not485 = icmp eq i64 %12, 0, !dbg !67
    -> Guard[4] (false edge of 'pass.preheader'):  %6 = icmp slt i64 %value_phi8, 1
    -> Guard[5] (false edge of 'top'):  %3 = icmp slt i64 %"iters::Int64", 1, !dbg !58
    -> Collected 6 dominating context guard(s).
    -> [go3] 3 leaf-closure instruction(s) encoded
    -> Fact[LVI:0] i64 %"data::Array.size.0.copyload" in [3,0) (LVI @ L116)
    -> Fact[KB:1] i64 %value_phi12 known bits zero=0x9223372036854775808 one=0x0
    -> Fact[SCEV:2] i64 %value_phi12 in [1,144115188075855872) (SCEV unsigned)
    -> Fact[SCEV:3] i64 %value_phi12 in [1,144115188075855872) (SCEV signed)
    -> Fact[SCEVSYM:4] i64 %value_phi12 - start(1) <=u BTC((-1 + %value_phi8)<nsw>) (SCEV symbolic trip count, sub-form)
    -> Fact[LVI:5] i64 %value_phi22 in [1,0) (LVI @ L116)
    -> Fact[SCEV:6] i64 %value_phi22 in [1,17) (SCEV unsigned)
    -> Fact[SCEV:7] i64 %value_phi22 in [1,17) (SCEV signed)
    -> [heavy] 8 analysis fact(s) on 5 boundary value(s)
    -> UNKNOWN (Solver gave up) [Query Latency: 10000.354746 ms]
  -> Trap source: array.jl:990
  -> Found UB Trap. Starting Backward Slice...
    -> Guard[0] (true edge of 'L116.postloop'):  %.not283.postloop = icmp ult i64 %128, %"data::Array.size.0.copyload", !dbg !79
    -> Guard[1] (true edge of 'L94.postloop'):  %.not282.postloop = icmp ult i64 %127, %"data::Array.size.0.copyload", !dbg !79
    -> Guard[2] (true edge of 'L73.postloop'):  %.not281.postloop = icmp ult i64 %126, %"data::Array.size.0.copyload", !dbg !79
    -> Guard[3] (true edge of 'L53.postloop'):  %.not.postloop = icmp ult i64 %125, %"data::Array.size.0.copyload", !dbg !79
    -> Guard[4] (false edge of 'pass.preheader'):  %6 = icmp slt i64 %value_phi8, 1
    -> Guard[5] (false edge of 'top'):  %3 = icmp slt i64 %"iters::Int64", 1, !dbg !58
    -> Collected 6 dominating context guard(s).
    -> [go3] 10 leaf-closure instruction(s) encoded
    -> Fact[LVI:0] i64 %"data::Array.size.0.copyload" in [4,0) (LVI @ L138.postloop)
    -> Fact[KB:1] i64 %value_phi12 known bits zero=0x9223372036854775808 one=0x0
    -> Fact[SCEV:2] i64 %value_phi12 in [1,144115188075855872) (SCEV unsigned)
    -> Fact[SCEV:3] i64 %value_phi12 in [1,144115188075855872) (SCEV signed)
    -> Fact[SCEVSYM:4] i64 %value_phi12 - start(1) <=u BTC((-1 + %value_phi8)<nsw>) (SCEV symbolic trip count, sub-form)
    -> Fact[SCEVSYM:5] i64 %value_phi22.postloop - start(%value_phi22.copy) <=u BTC(((16 + (-1 * %value_phi22.copy)<nsw>)<nsw> umin (1 + (-1 * %value_phi22.copy)<nsw> + ((-1 + %value_phi22.copy)<nsw> umax %"new::Array.size.0.copyload")))) (SCEV symbolic trip count, sub-form)
    -> Fact[SCEV:6] i64 %value_phi22 in [1,17) (SCEV unsigned)
    -> Fact[SCEV:7] i64 %value_phi22 in [1,17) (SCEV signed)
    -> Fact[SCEVEQ:8] i64 %value_phi22.copy in phi image (2 incoming)
    -> [heavy] 9 analysis fact(s) on 13 boundary value(s)
    -> SAT (WARNING: Potential Integer Overflow Bug Detected!) [Query Latency: 118.265402 ms]
  -> Trap source: essentials.jl:919
  -> Found UB Trap. Starting Backward Slice...
    -> Guard[0] (false edge of 'pass.preheader'):  %6 = icmp slt i64 %value_phi8, 1
    -> Guard[1] (false edge of 'top'):  %3 = icmp slt i64 %"iters::Int64", 1, !dbg !58
    -> Collected 2 dominating context guard(s).
    -> [go3] 4 leaf-closure instruction(s) encoded
    -> Fact[SCEVSYM:0] i64 %value_phi81.postloop - start(%value_phi81.copy) <=u BTC(((64 + (-1 * %value_phi81.copy)<nsw>)<nsw> umin (1 + (-1 * %value_phi81.copy)<nsw> + ((-1 + %value_phi81.copy)<nsw> umax %"new::Array.size84.0.copyload")) umin (3 + (-1 * %value_phi81.copy)<nsw> + ((-3 + %value_phi81.copy)<nsw> umax %"new::Array.size84.0.copyload")) umin (8 + (-1 * %value_phi81.copy)<nsw> + ((-8 + %value_phi81.copy)<nsw> umax %"new::Array.size84.0.copyload")) umin (16 + (-1 * %value_phi81.copy)<nsw> + ((-16 + %value_phi81.copy)<nsw> umax %"new::Array.size84.0.copyload")) umin (17 + (-1 * %value_phi81.copy)<nsw> + ((-17 + %value_phi81.copy)<nsw> umax %"new::Array.size84.0.copyload")))) (SCEV symbolic trip count, sub-form)
    -> Fact[SCEV:1] i64 %value_phi81 in [17,65) (SCEV unsigned)
    -> Fact[SCEV:2] i64 %value_phi81 in [17,65) (SCEV signed)
    -> Fact[SCEVEQ:3] i64 %value_phi81.copy in phi image (2 incoming)
    -> [heavy] 4 analysis fact(s) on 7 boundary value(s)
    -> SAT (WARNING: Potential Integer Overflow Bug Detected!) [Query Latency: 306.137018 ms]
  -> Trap source: essentials.jl:919
  -> Found UB Trap. Starting Backward Slice...
    -> Guard[0] (true edge of 'L175.postloop'):  %.not286.postloop = icmp ult i64 %146, %"new::Array.size84.0.copyload", !dbg !110
    -> Guard[1] (false edge of 'pass.preheader'):  %6 = icmp slt i64 %value_phi8, 1
    -> Guard[2] (false edge of 'top'):  %3 = icmp slt i64 %"iters::Int64", 1, !dbg !58
    -> Collected 3 dominating context guard(s).
    -> [go3] 4 leaf-closure instruction(s) encoded
    -> Fact[LVI:0] i64 %"new::Array.size84.0.copyload" in [1,0) (LVI @ L237.postloop)
    -> Fact[SCEVSYM:1] i64 %value_phi81.postloop - start(%value_phi81.copy) <=u BTC(((64 + (-1 * %value_phi81.copy)<nsw>)<nsw> umin (1 + (-1 * %value_phi81.copy)<nsw> + ((-1 + %value_phi81.copy)<nsw> umax %"new::Array.size84.0.copyload")) umin (3 + (-1 * %value_phi81.copy)<nsw> + ((-3 + %value_phi81.copy)<nsw> umax %"new::Array.size84.0.copyload")) umin (8 + (-1 * %value_phi81.copy)<nsw> + ((-8 + %value_phi81.copy)<nsw> umax %"new::Array.size84.0.copyload")) umin (16 + (-1 * %value_phi81.copy)<nsw> + ((-16 + %value_phi81.copy)<nsw> umax %"new::Array.size84.0.copyload")) umin (17 + (-1 * %value_phi81.copy)<nsw> + ((-17 + %value_phi81.copy)<nsw> umax %"new::Array.size84.0.copyload")))) (SCEV symbolic trip count, sub-form)
    -> Fact[SCEV:2] i64 %value_phi81 in [17,65) (SCEV unsigned)
    -> Fact[SCEV:3] i64 %value_phi81 in [17,65) (SCEV signed)
    -> Fact[SCEVEQ:4] i64 %value_phi81.copy in phi image (2 incoming)
    -> Fact[LVI:5] i64 %"new::Array.size84.0.copyload" in [1,0) (LVI @ L237.postloop)
    -> [heavy] 6 analysis fact(s) on 7 boundary value(s)
    -> SAT (WARNING: Potential Integer Overflow Bug Detected!) [Query Latency: 325.605359 ms]
  -> Trap source: essentials.jl:919
  -> Found UB Trap. Starting Backward Slice...
    -> Guard[0] (true edge of 'L237.postloop'):  %.not289.postloop = icmp ult i64 %154, %"new::Array.size84.0.copyload", !dbg !116
    -> Guard[1] (true edge of 'L175.postloop'):  %.not286.postloop = icmp ult i64 %146, %"new::Array.size84.0.copyload", !dbg !110
    -> Guard[2] (false edge of 'pass.preheader'):  %6 = icmp slt i64 %value_phi8, 1
    -> Guard[3] (false edge of 'top'):  %3 = icmp slt i64 %"iters::Int64", 1, !dbg !58
    -> Collected 4 dominating context guard(s).
    -> [go3] 4 leaf-closure instruction(s) encoded
    -> Fact[LVI:0] i64 %"new::Array.size84.0.copyload" in [1,0) (LVI @ L303.postloop)
    -> Fact[SCEVSYM:1] i64 %value_phi81.postloop - start(%value_phi81.copy) <=u BTC(((64 + (-1 * %value_phi81.copy)<nsw>)<nsw> umin (1 + (-1 * %value_phi81.copy)<nsw> + ((-1 + %value_phi81.copy)<nsw> umax %"new::Array.size84.0.copyload")) umin (3 + (-1 * %value_phi81.copy)<nsw> + ((-3 + %value_phi81.copy)<nsw> umax %"new::Array.size84.0.copyload")) umin (8 + (-1 * %value_phi81.copy)<nsw> + ((-8 + %value_phi81.copy)<nsw> umax %"new::Array.size84.0.copyload")) umin (16 + (-1 * %value_phi81.copy)<nsw> + ((-16 + %value_phi81.copy)<nsw> umax %"new::Array.size84.0.copyload")) umin (17 + (-1 * %value_phi81.copy)<nsw> + ((-17 + %value_phi81.copy)<nsw> umax %"new::Array.size84.0.copyload")))) (SCEV symbolic trip count, sub-form)
    -> Fact[SCEV:2] i64 %value_phi81 in [17,65) (SCEV unsigned)
    -> Fact[SCEV:3] i64 %value_phi81 in [17,65) (SCEV signed)
    -> Fact[SCEVEQ:4] i64 %value_phi81.copy in phi image (2 incoming)
    -> Fact[LVI:5] i64 %"new::Array.size84.0.copyload" in [1,0) (LVI @ L303.postloop)
    -> [heavy] 6 analysis fact(s) on 7 boundary value(s)
    -> UNSAT (Dead Code / Impossible Path) [Query Latency: 3904.081967 ms]
    -> Unsat core: |SCEVSYM:1| |SCEV:2| G0 G1 TRAP 
    -> [vacuity-ok] context alone is satisfiable
  => SUCCESS: Trap mathematically neutralized!
  -> Trap source: essentials.jl:919
  -> Found UB Trap. Starting Backward Slice...
    -> Guard[0] (true edge of 'L303.postloop'):  %.not292.postloop = icmp ult i64 %161, %"new::Array.size84.0.copyload", !dbg !117
    -> Guard[1] (true edge of 'L237.postloop'):  %.not289.postloop = icmp ult i64 %154, %"new::Array.size84.0.copyload", !dbg !116
    -> Guard[2] (true edge of 'L175.postloop'):  %.not286.postloop = icmp ult i64 %146, %"new::Array.size84.0.copyload", !dbg !110
    -> Guard[3] (false edge of 'pass.preheader'):  %6 = icmp slt i64 %value_phi8, 1
    -> Guard[4] (false edge of 'top'):  %3 = icmp slt i64 %"iters::Int64", 1, !dbg !58
    -> Collected 5 dominating context guard(s).
    -> [go3] 4 leaf-closure instruction(s) encoded
    -> Fact[LVI:0] i64 %"new::Array.size84.0.copyload" in [1,0) (LVI @ L324.postloop)
    -> Fact[SCEVSYM:1] i64 %value_phi81.postloop - start(%value_phi81.copy) <=u BTC(((64 + (-1 * %value_phi81.copy)<nsw>)<nsw> umin (1 + (-1 * %value_phi81.copy)<nsw> + ((-1 + %value_phi81.copy)<nsw> umax %"new::Array.size84.0.copyload")) umin (3 + (-1 * %value_phi81.copy)<nsw> + ((-3 + %value_phi81.copy)<nsw> umax %"new::Array.size84.0.copyload")) umin (8 + (-1 * %value_phi81.copy)<nsw> + ((-8 + %value_phi81.copy)<nsw> umax %"new::Array.size84.0.copyload")) umin (16 + (-1 * %value_phi81.copy)<nsw> + ((-16 + %value_phi81.copy)<nsw> umax %"new::Array.size84.0.copyload")) umin (17 + (-1 * %value_phi81.copy)<nsw> + ((-17 + %value_phi81.copy)<nsw> umax %"new::Array.size84.0.copyload")))) (SCEV symbolic trip count, sub-form)
    -> Fact[SCEV:2] i64 %value_phi81 in [17,65) (SCEV unsigned)
    -> Fact[SCEV:3] i64 %value_phi81 in [17,65) (SCEV signed)
    -> Fact[SCEVEQ:4] i64 %value_phi81.copy in phi image (2 incoming)
    -> Fact[LVI:5] i64 %"new::Array.size84.0.copyload" in [1,0) (LVI @ L324.postloop)
    -> [heavy] 6 analysis fact(s) on 7 boundary value(s)
    -> UNSAT (Dead Code / Impossible Path) [Query Latency: 381.564830 ms]
    -> Unsat core: |SCEVSYM:1| |SCEV:2| G0 G1 G2 TRAP 
    -> [vacuity-ok] context alone is satisfiable
  => SUCCESS: Trap mathematically neutralized!
  -> Trap source: array.jl:990
  -> Found UB Trap. Starting Backward Slice...
    -> Guard[0] (true edge of 'L324.postloop'):  %.not293.postloop = icmp ult i64 %162, %"new::Array.size84.0.copyload", !dbg !117
    -> Guard[1] (true edge of 'L303.postloop'):  %.not292.postloop = icmp ult i64 %161, %"new::Array.size84.0.copyload", !dbg !117
    -> Guard[2] (true edge of 'L237.postloop'):  %.not289.postloop = icmp ult i64 %154, %"new::Array.size84.0.copyload", !dbg !116
    -> Guard[3] (true edge of 'L175.postloop'):  %.not286.postloop = icmp ult i64 %146, %"new::Array.size84.0.copyload", !dbg !110
    -> Guard[4] (false edge of 'pass.preheader'):  %6 = icmp slt i64 %value_phi8, 1
    -> Guard[5] (false edge of 'top'):  %3 = icmp slt i64 %"iters::Int64", 1, !dbg !58
    -> Collected 6 dominating context guard(s).
    -> [go3] 4 leaf-closure instruction(s) encoded
    -> Fact[LVI:0] i64 %"new::Array.size84.0.copyload" in [1,0) (LVI @ L343.postloop)
    -> Fact[SCEVSYM:1] i64 %value_phi81.postloop - start(%value_phi81.copy) <=u BTC(((64 + (-1 * %value_phi81.copy)<nsw>)<nsw> umin (1 + (-1 * %value_phi81.copy)<nsw> + ((-1 + %value_phi81.copy)<nsw> umax %"new::Array.size84.0.copyload")) umin (3 + (-1 * %value_phi81.copy)<nsw> + ((-3 + %value_phi81.copy)<nsw> umax %"new::Array.size84.0.copyload")) umin (8 + (-1 * %value_phi81.copy)<nsw> + ((-8 + %value_phi81.copy)<nsw> umax %"new::Array.size84.0.copyload")) umin (16 + (-1 * %value_phi81.copy)<nsw> + ((-16 + %value_phi81.copy)<nsw> umax %"new::Array.size84.0.copyload")) umin (17 + (-1 * %value_phi81.copy)<nsw> + ((-17 + %value_phi81.copy)<nsw> umax %"new::Array.size84.0.copyload")))) (SCEV symbolic trip count, sub-form)
    -> Fact[SCEV:2] i64 %value_phi81 in [17,65) (SCEV unsigned)
    -> Fact[SCEV:3] i64 %value_phi81 in [17,65) (SCEV signed)
    -> Fact[SCEVEQ:4] i64 %value_phi81.copy in phi image (2 incoming)
    -> Fact[LVI:5] i64 %"new::Array.size84.0.copyload" in [1,0) (LVI @ L343.postloop)
    -> [heavy] 6 analysis fact(s) on 7 boundary value(s)
    -> SAT (WARNING: Potential Integer Overflow Bug Detected!) [Query Latency: 272.750356 ms]
  -> Trap source: essentials.jl:919
  -> Found UB Trap. Starting Backward Slice...
    -> Guard[0] (false edge of 'pass.preheader'):  %6 = icmp slt i64 %value_phi8, 1
    -> Guard[1] (false edge of 'top'):  %3 = icmp slt i64 %"iters::Int64", 1, !dbg !58
    -> Collected 2 dominating context guard(s).
    -> [go3] 4 leaf-closure instruction(s) encoded
    -> Fact[SCEVSYM:0] i64 %value_phi203.postloop - start(%value_phi203.copy) <=u BTC(((64 + (-1 * %value_phi203.copy)<nsw>)<nsw> umin (1 + (-1 * %value_phi203.copy)<nsw> + ((-1 + %value_phi203.copy)<nsw> umax %.size.0.copyload)) umin (1 + (-1 * %value_phi203.copy)<nsw> + ((-1 + %value_phi203.copy)<nsw> umax %"new::Array.size225.0.copyload")))) (SCEV symbolic trip count, sub-form)
    -> Fact[SCEV:1] i64 %value_phi203 in [1,65) (SCEV unsigned)
    -> Fact[SCEV:2] i64 %value_phi203 in [1,65) (SCEV signed)
    -> Fact[SCEVEQ:3] i64 %value_phi203.copy in phi image (2 incoming)
    -> [heavy] 4 analysis fact(s) on 8 boundary value(s)
    -> SAT (WARNING: Potential Integer Overflow Bug Detected!) [Query Latency: 41.160508 ms]
  -> Trap source: essentials.jl:919
  -> Found UB Trap. Starting Backward Slice...
    -> Guard[0] (true edge of 'L381.postloop'):  %.not296.postloop = icmp ult i64 %178, %.size.0.copyload, !dbg !149
    -> Guard[1] (false edge of 'pass.preheader'):  %6 = icmp slt i64 %value_phi8, 1
    -> Guard[2] (false edge of 'top'):  %3 = icmp slt i64 %"iters::Int64", 1, !dbg !58
    -> Collected 3 dominating context guard(s).
    -> [go3] 4 leaf-closure instruction(s) encoded
    -> Fact[LVI:0] i64 %.size.0.copyload in [1,0) (LVI @ L420.postloop)
    -> Fact[LVI:1] i64 %value_phi203.postloop in [1,0) (LVI @ L420.postloop)
    -> Fact[SCEVSYM:2] i64 %value_phi203.postloop - start(%value_phi203.copy) <=u BTC(((64 + (-1 * %value_phi203.copy)<nsw>)<nsw> umin (1 + (-1 * %value_phi203.copy)<nsw> + ((-1 + %value_phi203.copy)<nsw> umax %.size.0.copyload)) umin (1 + (-1 * %value_phi203.copy)<nsw> + ((-1 + %value_phi203.copy)<nsw> umax %"new::Array.size225.0.copyload")))) (SCEV symbolic trip count, sub-form)
    -> Fact[SCEV:3] i64 %value_phi203 in [1,65) (SCEV unsigned)
    -> Fact[SCEV:4] i64 %value_phi203 in [1,65) (SCEV signed)
    -> Fact[SCEVEQ:5] i64 %value_phi203.copy in phi image (2 incoming)
    -> Fact[LVI:6] i64 %.size.0.copyload in [1,0) (LVI @ L420.postloop)
    -> [heavy] 7 analysis fact(s) on 8 boundary value(s)
    -> SAT (WARNING: Potential Integer Overflow Bug Detected!) [Query Latency: 51.291636 ms]
  => Total Traps Eliminated: 2
  => Total Trap Attempts: 16
  => Total SMT Queries Executed: 16
  => Total SMT Query Latency: 8.571658e+04 ms
  => Average SMT Query Latency: 5.357286e+03 ms
  => Total DFS & SMT Execution Time: 8.961041e+04 ms
--------------------------------------------------

[Z3 Oracle] Analyzing Function: jfptr_sha256_sum_148
  [tier: heavy]
  => Total Traps Eliminated: 0
  => Total Trap Attempts: 0
  => Total SMT Queries Executed: 0
  => Total SMT Query Latency: 0.000000e+00 ms
  => Average SMT Query Latency: 0.000000e+00 ms
  => Total DFS & SMT Execution Time: 4.982300e-02 ms
--------------------------------------------------
