ninja: no work to do.
==== PHASE A: builds (specs: none anf) ====
  built none.base      traps    0->0    smt 0s
  built anf.base       traps 3403->3403 smt 0s
  built anf.base2x     traps 3403->2569 smt 0s
  built anf.oracle     traps 3403->2376 smt 1418.911s
==== cooldown 45s ====
==== timing: 40 reps x 4 binaries  [pin: numactl --cpunodebind=0 --membind=0] ====
  rep 5/40 (00:53:03)
  rep 10/40 (00:57:11)
  rep 15/40 (01:01:18)
  rep 20/40 (01:05:24)
  rep 25/40 (01:09:34)
  rep 30/40 (01:13:43)
  rep 35/40 (01:17:51)
  rep 40/40 (01:21:57)
none.base      traps    0->0    min 11.920s avg 12.213s
anf.base       traps 3403->3403 min 12.072s avg 12.452s
anf.base2x     traps 3403->2569 min 12.125s avg 12.445s
anf.oracle     traps 3403->2376 min 12.124s avg 12.405s

CSV: /mydata/ODeSSy/evaluation/perf_lz4.csv   (report: python3 make_perf_report.py /mydata/ODeSSy/evaluation/perf_lz4.csv evaluation/perf_lz4_report.csv)
