==== rebuilding pass ====
ninja: no work to do.
==== oracle-stage parallelism: JOBS=5 x THREADS=8 ====
==== minigzip driver (unsanitized, shared by every build) ====

==== PHASE A: building all binaries ====
  built signed.base      traps   125->125   bin   199928 B text   183750 B compile    5.390s (smt 0.000s)
  built signed.base2x    traps   125->125   bin   195832 B text   182662 B compile    7.530s (smt 0.000s)
  built signed.oracle    traps   125->113   bin   195832 B text   182454 B compile   31.225s (smt 23.681s)
  built unsigned.base    traps  1221->1221  bin   204024 B text   189766 B compile    5.638s (smt 0.000s)
  built unsigned.base2x  traps  1221->1219  bin   212216 B text   195678 B compile    7.944s (smt 0.000s)
  built unsigned.oracle  traps  1221->1078  bin   208120 B text   194238 B compile  100.937s (smt 92.992s)
  built both.base        traps  1298->1298  bin   208120 B text   192094 B compile    5.906s (smt 0.000s)
  built both.base2x      traps  1298->1296  bin   212216 B text   197286 B compile    8.303s (smt 0.000s)
  built both.oracle      traps  1298->1153  bin   212216 B text   195862 B compile  143.510s (smt 135.390s)

==== PHASE B: corpora (8 MB) ====
  corpus dir: /dev/shm/odessy_corpus.70628
  corpus 8 MB ready

==== cooldown 5s after compile phase (thermal settle) ====
==== PHASE C: warmup ====  [pin: numactl --cpunodebind=0 --membind=0]
==== PHASE D: 1 shuffled reps x 9 (binary x size) pairs ====
  rep 1/1  (23:55:43)

spec      config     MB   t_in  t_fin      bin_B    text_B   total_s   min_run   avg_run
signed    base        8    125    125     199928    183750     5.390     2.141     2.141
signed    base2x      8    125    125     195832    182662     7.530     2.207     2.207
signed    oracle      8    125    113     195832    182454    31.225     2.398     2.398
unsigned  base        8   1221   1221     204024    189766     5.638     2.016     2.016
unsigned  base2x      8   1221   1219     212216    195678     7.944     2.094     2.094
unsigned  oracle      8   1221   1078     208120    194238   100.937     2.235     2.235
both      base        8   1298   1298     208120    192094     5.906     2.340     2.340
both      base2x      8   1298   1296     212216    197286     8.303     2.149     2.149
both      oracle      8   1298   1153     212216    195862   143.510     2.225     2.225

CSV: /mydata/ODeSSy/evaluation/perf_zlib_heavy.csv   (then: python3 make_perf_report.py)   [oracle stage JOBS=5 x THREADS=8]
Cold-path check: if %-speedup shrinks 8 -> 64 -> 256 MB, the savings are
constant-per-invocation (cold path); flat % means a scaled path changed.
