==== rebuilding pass ====
ninja: no work to do.
==== oracle-stage parallelism: JOBS=5 x THREADS=8 ====
==== minigzip driver (unsanitized, shared by every build) ====

==== PHASE A: building all binaries ====
  built signed.base      traps   125->125   bin   199928 B text   183750 B compile    5.604s (smt 0.000s)
  built signed.base2x    traps   125->125   bin   195832 B text   182662 B compile    7.744s (smt 0.000s)
  built signed.oracle    traps   125->113   bin   195832 B text   182454 B compile   26.602s (smt 18.865s)
  built unsigned.base    traps  1221->1221  bin   204024 B text   189766 B compile    5.674s (smt 0.000s)
  built unsigned.base2x  traps  1221->1219  bin   212216 B text   195678 B compile    8.025s (smt 0.000s)
  built unsigned.oracle  traps  1221->1081  bin   208120 B text   194558 B compile   94.945s (smt 86.958s)
  built both.base        traps  1298->1298  bin   208120 B text   192094 B compile    5.760s (smt 0.000s)
  built both.base2x      traps  1298->1296  bin   212216 B text   197286 B compile    8.112s (smt 0.000s)
  built both.oracle      traps  1298->1156  bin   212216 B text   196278 B compile  138.682s (smt 130.636s)

==== PHASE B: corpora (8 MB) ====
  corpus dir: /dev/shm/odessy_corpus.68708
  corpus 8 MB ready

==== cooldown 5s after compile phase (thermal settle) ====
==== PHASE C: warmup ====  [pin: numactl --cpunodebind=0 --membind=0]
==== PHASE D: 1 shuffled reps x 9 (binary x size) pairs ====
  rep 1/1  (23:42:42)

spec      config     MB   t_in  t_fin      bin_B    text_B   total_s   min_run   avg_run
signed    base        8    125    125     199928    183750     5.604     2.344     2.344
signed    base2x      8    125    125     195832    182662     7.744     2.238     2.238
signed    oracle      8    125    113     195832    182454    26.602     2.216     2.216
unsigned  base        8   1221   1221     204024    189766     5.674     2.128     2.128
unsigned  base2x      8   1221   1219     212216    195678     8.025     2.255     2.255
unsigned  oracle      8   1221   1081     208120    194558    94.945     2.002     2.002
both      base        8   1298   1298     208120    192094     5.760     2.332     2.332
both      base2x      8   1298   1296     212216    197286     8.112     2.315     2.315
both      oracle      8   1298   1156     212216    196278   138.682     2.174     2.174

CSV: /mydata/ODeSSy/evaluation/perf_zlib.csv   (then: python3 make_perf_report.py)   [oracle stage JOBS=5 x THREADS=8]
Cold-path check: if %-speedup shrinks 8 -> 64 -> 256 MB, the savings are
constant-per-invocation (cold path); flat % means a scaled path changed.
