ninja: no work to do.
==== zstd audit: 26 TUs x [signed unsigned bounds both] x [light ldeq], threads=16 ====
  signed     light  entropy_common           traps=6     unsat=2    sat=22    vac=0 wall=0.8s
  signed     ldeq   entropy_common           traps=6     unsat=2    sat=22    vac=0 wall=0.8s
  signed     light  fse_decompress           traps=2     unsat=4    sat=0     vac=0 wall=0.1s
  signed     ldeq   fse_decompress           traps=2     unsat=4    sat=0     vac=0 wall=0.1s
  signed     light  fse_compress             traps=4     unsat=0    sat=12    vac=0 wall=0.8s
  signed     ldeq   fse_compress             traps=4     unsat=0    sat=12    vac=0 wall=0.4s
  signed     light  huf_compress             traps=28    unsat=26   sat=179   vac=0 wall=2.5s
  signed     ldeq   huf_compress             traps=28    unsat=26   sat=179   vac=0 wall=2.6s
  signed     light  zstd_compress            traps=7     unsat=0    sat=8     vac=0 wall=0.4s
  signed     ldeq   zstd_compress            traps=7     unsat=0    sat=8     vac=0 wall=0.4s
  signed     light  zstd_compress_literals   traps=1     unsat=0    sat=1     vac=0 wall=0.0s
  signed     ldeq   zstd_compress_literals   traps=1     unsat=0    sat=1     vac=0 wall=0.0s
  signed     light  zstd_double_fast         traps=4     unsat=0    sat=4     vac=0 wall=0.1s
  signed     ldeq   zstd_double_fast         traps=4     unsat=0    sat=4     vac=0 wall=0.1s
  signed     light  zstd_lazy                traps=100   unsat=0    sat=100   vac=0 wall=1.1s
  signed     ldeq   zstd_lazy                traps=100   unsat=0    sat=100   vac=0 wall=1.2s
  signed     light  zstdmt_compress          traps=2     unsat=0    sat=2     vac=0 wall=0.1s
  signed     ldeq   zstdmt_compress          traps=2     unsat=0    sat=2     vac=0 wall=0.1s
  signed     light  zstd_opt                 traps=5     unsat=2    sat=30    vac=2 wall=1.5s
  signed     ldeq   zstd_opt                 traps=5     unsat=2    sat=30    vac=2 wall=1.6s
  signed     light  zstd_preSplit            traps=13    unsat=4    sat=18    vac=0 wall=10.9s
  signed     ldeq   zstd_preSplit            traps=13    unsat=4    sat=18    vac=0 wall=10.8s
  signed     light  huf_decompress           traps=5     unsat=1    sat=21    vac=1 wall=0.3s
  signed     ldeq   huf_decompress           traps=5     unsat=1    sat=21    vac=1 wall=0.4s
  signed     light  zstd_decompress_block    traps=6     unsat=2    sat=4     vac=0 wall=2.2s
  signed     ldeq   zstd_decompress_block    traps=6     unsat=2    sat=4     vac=0 wall=2.0s
  signed     light  zstd_decompress          traps=1     unsat=0    sat=1     vac=0 wall=0.2s
  signed     ldeq   zstd_decompress          traps=1     unsat=0    sat=1     vac=0 wall=0.2s
  unsigned   light  entropy_common           traps=26    unsat=2    sat=24    vac=0 wall=0.2s
  unsigned   ldeq   entropy_common           traps=26    unsat=2    sat=24    vac=0 wall=0.3s
  unsigned   light  fse_decompress           traps=149   unsat=42   sat=107   vac=0 wall=4.0s
  unsigned   ldeq   fse_decompress           traps=149   unsat=42   sat=107   vac=0 wall=2.6s
  unsigned   light  xxhash                   traps=175   unsat=62   sat=116   vac=61 wall=11.2s
  unsigned   ldeq   xxhash                   traps=175   unsat=62   sat=116   vac=61 wall=11.2s
  unsigned   light  zstd_common              traps=2     unsat=0    sat=2     vac=0 wall=0.1s
  unsigned   ldeq   zstd_common              traps=2     unsat=0    sat=2     vac=0 wall=0.1s
  unsigned   light  fse_compress             traps=81    unsat=6    sat=78    vac=0 wall=6.6s
  unsigned   ldeq   fse_compress             traps=81    unsat=6    sat=78    vac=0 wall=4.6s
  unsigned   light  hist                     traps=38    unsat=0    sat=38    vac=0 wall=0.3s
  unsigned   ldeq   hist                     traps=38    unsat=0    sat=38    vac=0 wall=0.3s
  unsigned   light  huf_compress             traps=207   unsat=1    sat=406   vac=0 wall=36.5s
  unsigned   ldeq   huf_compress             traps=207   unsat=1    sat=405   vac=0 wall=37.0s
  unsigned   light  zstd_compress            traps=310   unsat=55   sat=287   vac=0 wall=12.6s
  unsigned   ldeq   zstd_compress            traps=310   unsat=55   sat=286   vac=0 wall=12.5s
  unsigned   light  zstd_compress_literals   traps=9     unsat=2    sat=7     vac=0 wall=0.2s
  unsigned   ldeq   zstd_compress_literals   traps=9     unsat=2    sat=7     vac=0 wall=0.2s
  unsigned   light  zstd_compress_sequences  traps=60    unsat=16   sat=44    vac=0 wall=0.5s
  unsigned   ldeq   zstd_compress_sequences  traps=60    unsat=16   sat=44    vac=0 wall=0.5s
  unsigned   light  zstd_compress_superblock traps=52    unsat=0    sat=41    vac=0 wall=11.5s
  unsigned   ldeq   zstd_compress_superblock traps=52    unsat=0    sat=41    vac=0 wall=11.4s
  unsigned   light  zstd_double_fast         traps=397   unsat=26   sat=457   vac=0 wall=8.0s
  unsigned   ldeq   zstd_double_fast         traps=397   unsat=26   sat=457   vac=0 wall=8.1s
  unsigned   light  zstd_fast                traps=431   unsat=44   sat=443   vac=2 wall=15.3s
  unsigned   ldeq   zstd_fast                traps=431   unsat=44   sat=443   vac=2 wall=15.2s
  unsigned   light  zstd_lazy                traps=2370  unsat=241  sat=2390  vac=0 wall=53.6s
  unsigned   ldeq   zstd_lazy                traps=2370  unsat=241  sat=2387  vac=0 wall=54.3s
  unsigned   light  zstd_ldm                 traps=71    unsat=16   sat=57    vac=0 wall=1.3s
  unsigned   ldeq   zstd_ldm                 traps=71    unsat=16   sat=57    vac=0 wall=1.2s
  unsigned   light  zstdmt_compress          traps=91    unsat=7    sat=86    vac=2 wall=11.0s
  unsigned   ldeq   zstdmt_compress          traps=91    unsat=7    sat=86    vac=2 wall=10.9s
  unsigned   light  zstd_opt                 traps=712   unsat=87   sat=690   vac=0 wall=43.4s
  unsigned   ldeq   zstd_opt                 traps=712   unsat=87   sat=691   vac=0 wall=43.8s
  unsigned   light  zstd_preSplit            traps=25    unsat=0    sat=27    vac=0 wall=1.3s
  unsigned   ldeq   zstd_preSplit            traps=25    unsat=0    sat=27    vac=0 wall=1.3s
  unsigned   light  huf_decompress           traps=507   unsat=153  sat=425   vac=3 wall=8.8s
  unsigned   ldeq   huf_decompress           traps=507   unsat=153  sat=425   vac=3 wall=9.0s
  unsigned   light  zstd_ddict               traps=3     unsat=0    sat=3     vac=0 wall=0.1s
  unsigned   ldeq   zstd_ddict               traps=3     unsat=0    sat=3     vac=0 wall=0.1s
  unsigned   light  zstd_decompress_block    traps=427   unsat=81   sat=356   vac=0 wall=20.3s
  unsigned   ldeq   zstd_decompress_block    traps=427   unsat=81   sat=356   vac=0 wall=19.2s
  unsigned   light  zstd_decompress          traps=94    unsat=8    sat=86    vac=0 wall=0.9s
  unsigned   ldeq   zstd_decompress          traps=94    unsat=8    sat=86    vac=0 wall=0.8s
  bounds     light  fse_compress             traps=9     unsat=1    sat=8     vac=0 wall=0.3s
  bounds     ldeq   fse_compress             traps=9     unsat=1    sat=8     vac=0 wall=0.3s
  bounds     light  huf_compress             traps=16    unsat=7    sat=15    vac=0 wall=0.3s
  bounds     ldeq   huf_compress             traps=16    unsat=7    sat=15    vac=0 wall=0.3s
  bounds     light  zstd_compress            traps=18    unsat=3    sat=16    vac=0 wall=0.3s
  bounds     ldeq   zstd_compress            traps=18    unsat=3    sat=16    vac=0 wall=0.3s
  bounds     light  zstd_compress_sequences  traps=29    unsat=0    sat=37    vac=0 wall=0.4s
  bounds     ldeq   zstd_compress_sequences  traps=29    unsat=0    sat=37    vac=0 wall=0.4s
  bounds     light  zstd_compress_superblock traps=3     unsat=0    sat=2     vac=0 wall=11.2s
  bounds     ldeq   zstd_compress_superblock traps=3     unsat=0    sat=2     vac=0 wall=11.2s
  bounds     light  zstd_lazy                traps=81    unsat=0    sat=135   vac=0 wall=1.1s
  bounds     ldeq   zstd_lazy                traps=81    unsat=0    sat=135   vac=0 wall=1.1s
  bounds     light  zstd_opt                 traps=21    unsat=2    sat=19    vac=0 wall=1.8s
  bounds     ldeq   zstd_opt                 traps=21    unsat=2    sat=19    vac=0 wall=1.0s
  bounds     light  zstd_preSplit            traps=4     unsat=2    sat=2     vac=0 wall=0.1s
  bounds     ldeq   zstd_preSplit            traps=4     unsat=2    sat=2     vac=0 wall=0.1s
  bounds     light  huf_decompress           traps=5     unsat=4    sat=22    vac=1 wall=3.3s
  bounds     ldeq   huf_decompress           traps=5     unsat=4    sat=22    vac=1 wall=3.2s
  bounds     light  zstd_decompress_block    traps=10    unsat=0    sat=10    vac=0 wall=0.6s
  bounds     ldeq   zstd_decompress_block    traps=10    unsat=0    sat=10    vac=0 wall=0.7s
  bounds     light  zstd_decompress          traps=2     unsat=0    sat=4     vac=0 wall=0.1s
  bounds     ldeq   zstd_decompress          traps=2     unsat=0    sat=4     vac=0 wall=0.1s
  both       light  entropy_common           traps=30    unsat=4    sat=46    vac=0 wall=0.9s
  both       ldeq   entropy_common           traps=30    unsat=4    sat=46    vac=0 wall=0.8s
  both       light  fse_decompress           traps=149   unsat=44   sat=107   vac=0 wall=3.8s
  both       ldeq   fse_decompress           traps=149   unsat=44   sat=107   vac=0 wall=2.6s
  both       light  xxhash                   traps=175   unsat=62   sat=117   vac=61 wall=6.2s
  both       ldeq   xxhash                   traps=175   unsat=62   sat=117   vac=61 wall=6.5s
  both       light  zstd_common              traps=2     unsat=0    sat=2     vac=0 wall=0.1s
  both       ldeq   zstd_common              traps=2     unsat=0    sat=2     vac=0 wall=0.1s
  both       light  fse_compress             traps=84    unsat=6    sat=90    vac=0 wall=7.0s
  both       ldeq   fse_compress             traps=84    unsat=6    sat=90    vac=0 wall=5.1s
  both       light  hist                     traps=38    unsat=0    sat=38    vac=0 wall=0.3s
  both       ldeq   hist                     traps=38    unsat=0    sat=38    vac=0 wall=0.3s
  both       light  huf_compress             traps=231   unsat=71   sat=583   vac=0 wall=50.3s
  both       ldeq   huf_compress             traps=231   unsat=71   sat=583   vac=0 wall=51.0s
  both       light  zstd_compress            traps=316   unsat=55   sat=293   vac=0 wall=12.7s
  both       ldeq   zstd_compress            traps=316   unsat=55   sat=293   vac=0 wall=12.8s
  both       light  zstd_compress_literals   traps=10    unsat=2    sat=8     vac=0 wall=0.2s
  both       ldeq   zstd_compress_literals   traps=10    unsat=2    sat=8     vac=0 wall=0.2s
  both       light  zstd_compress_sequences  traps=60    unsat=16   sat=44    vac=0 wall=0.5s
  both       ldeq   zstd_compress_sequences  traps=60    unsat=16   sat=44    vac=0 wall=0.5s
  both       light  zstd_compress_superblock traps=52    unsat=0    sat=41    vac=0 wall=11.5s
  both       ldeq   zstd_compress_superblock traps=52    unsat=1    sat=41    vac=0 wall=11.5s
  both       light  zstd_double_fast         traps=397   unsat=26   sat=461   vac=0 wall=8.5s
  both       ldeq   zstd_double_fast         traps=397   unsat=26   sat=461   vac=0 wall=8.6s
  both       light  zstd_fast                traps=431   unsat=44   sat=443   vac=2 wall=15.3s
  both       ldeq   zstd_fast                traps=431   unsat=44   sat=443   vac=2 wall=15.3s
  both       light  zstd_lazy                traps=2458  unsat=241  sat=2485  vac=0 wall=59.8s
  both       ldeq   zstd_lazy                traps=2458  unsat=241  sat=2490  vac=0 wall=58.1s
  both       light  zstd_ldm                 traps=71    unsat=16   sat=57    vac=0 wall=1.1s
  both       ldeq   zstd_ldm                 traps=71    unsat=16   sat=57    vac=0 wall=1.1s
  both       light  zstdmt_compress          traps=93    unsat=7    sat=88    vac=2 wall=10.9s
  both       ldeq   zstdmt_compress          traps=93    unsat=7    sat=88    vac=2 wall=10.9s
  both       light  zstd_opt                 traps=724   unsat=90   sat=719   vac=1 wall=44.9s
  both       ldeq   zstd_opt                 traps=724   unsat=90   sat=718   vac=1 wall=45.0s
  both       light  zstd_preSplit            traps=38    unsat=4    sat=46    vac=0 wall=11.0s
  both       ldeq   zstd_preSplit            traps=38    unsat=4    sat=46    vac=0 wall=11.0s
  both       light  huf_decompress           traps=512   unsat=151  sat=442   vac=0 wall=9.2s
  both       ldeq   huf_decompress           traps=512   unsat=151  sat=442   vac=0 wall=9.1s
  both       light  zstd_ddict               traps=3     unsat=0    sat=3     vac=0 wall=0.1s
  both       ldeq   zstd_ddict               traps=3     unsat=0    sat=3     vac=0 wall=0.1s
  both       light  zstd_decompress_block    traps=431   unsat=83   sat=359   vac=0 wall=21.1s
  both       ldeq   zstd_decompress_block    traps=431   unsat=83   sat=360   vac=0 wall=20.1s
  both       light  zstd_decompress          traps=94    unsat=8    sat=87    vac=0 wall=0.9s
  both       ldeq   zstd_decompress          traps=94    unsat=8    sat=87    vac=0 wall=0.8s

CSV: /mydata/ODeSSy/evaluation/zstd_audit.csv
== TOTALS (spec,variant: unsat/traps) ==
  signed,ldeq        85 / 552  (15.4%)
  signed,light       85 / 552  (15.4%)
  both,ldeq          2619 / 19197  (13.6%)
  both,light         2618 / 19197  (13.6%)
  bounds,light       56 / 594  (9.4%)
  unsigned,ldeq      2455 / 18711  (13.1%)
  unsigned,light     2455 / 18711  (13.1%)
  bounds,ldeq        56 / 594  (9.4%)
