
=== [2026-09-24 20:39:58] ENV ===

==== machine ====
OK    os         Ubuntu 24.04.4 LTS                                         expect: Ubuntu 24.04.4
OK    kernel     6.8.0-136-generic                                          expect: 6.8.0-136-generic
OK    cpu        Intel(R) Xeon(R) CPU E5-2660 v3 @ 2.60GHz                  expect: E5-2660 v3
OK    turbo      no_turbo=1                                                 expect: no_turbo=1
--    node       c220g2-010809.wisc.cloudlab.us                             expect: 
==== compilers (path shown second; PATH ORDER IS PART OF THE EXPERIMENT) ====
OK    opt        LLVM version 23.0.0git                                     expect: 23.0.0git
--               /opt/llvm/bin/opt                                          expect: 
OK    llvmrev    3cab3bc6384b5f58cab7140d00d7a527eade010e                   expect: 3cab3bc6384b5f58cab7140d00d7a527eade010e
OK    cc         clang version 21.0.0 (https://github.com/swiftlang/llvm-pr expect: clang version 21
--               /mydata/swift-toolchain/usr/bin/clang                      expect: 
OK    swiftc     Swift version 6.3.3                                        expect: 6.3.3
--               /mydata/swift-toolchain/usr/bin/swiftc                     expect: 
OK    julia      julia version 1.12.6                                       expect: 1.12.6
OK    rustc      rustc 1.97.1 (8bab26f4f 2026-07-14)                        expect: 1.97.1 (8bab26f4f 2026-07-14)
OK    jlpin      default channel: 1.12.6                                    expect: channel: 1.12.6
OK    rspin      default toolchain: 1.97.1-x86_64-unknown-linux-gnu         expect: toolchain: 1.97.1
==== solver actually linked into the pass ====
OK    z3         4.8.12-3.1build1                                           expect: 4.8.12
--               /lib/x86_64-linux-gnu/libz3.so.4                           expect: 
==== repository ====
OK    branch     oopsla-research @ 60aab10                                  expect: oopsla-research
OK    pass       build/OraclePass.so present                                expect: present
60aab105427f068cf969865c3f860804879ea92b

=== [2026-09-24 20:39:58] WORKLOADS ===

2816677ee13786a64acde482c5900817  perf_test/sha_input.bin
a174eee5438d9cb68e6dd5a1414d67a6  perf_test/utf8_input.txt

=== [2026-09-24 20:39:58] SMOKE: sha256 REPS=1 under PROD must pass the byte-identity gate ===

swiftc: Swift version 6.3.3 (swift-6.3.3-RELEASE)  sdk: default
opt   : LLVM (http://llvm.org/):
reps  : 1   kernel: sha256   runargs: '600 perf_test/sha_input.bin'

==== PHASE A: building ====
  built base     traps   40->40   bin    28368 B  eliminated 0
  built base2x   traps   40->40   bin    28368 B  eliminated 0
  built oracle   traps   40->33   bin    28368 B  eliminated 7 (+1 folded in mv fast copies)
==== PHASE B: output equivalence gate ====
  outputs byte-identical across all configs -- gate passed
==== PHASE C: 1 shuffled reps x configs [base base2x oracle] ====
  rep 1/1

config      median       min       avg  audit
base        4.9256    4.9256    4.9256  ok
base2x      4.9153    4.9153    4.9153  ok
oracle      4.4549    4.4549    4.4549  ok
oracle vs base: +9.56% (median)
oracle vs base2x: +9.37% (median)
speedup: 1.1057x vs base, 1.1033x vs base2x; noise floor base/base2x 1.0021x

CSV appended: /mydata/ODeSSy/evaluation/perf_swift.csv   (rerun with REPS=15 on the server for the real number)

=== [2026-09-24 20:40:33] zlib TIER=prod ===

==== rebuilding pass ====
ninja: no work to do.
==== oracle-stage parallelism: JOBS=2 x THREADS=8 ====
==== minigzip driver (unsanitized, shared by every build) ====

==== PHASE A: building all binaries ====
  built none.base        traps     0->0     bin   195832 B text   181446 B compile    5.380s (smt 0.000s)
  built both.base        traps  1298->1298  bin   208120 B text   192094 B compile    5.790s (smt 0.000s)
  built both.base2x      traps  1298->1296  bin   212216 B text   197286 B compile    8.155s (smt 0.000s)
  built both.oracle      traps  1298->1089  bin   224504 B text   207414 B compile 2563.075s (smt 2554.481s)
  built anf.base         traps  1385->1385  bin   212360 B text   197734 B compile    6.194s (smt 0.000s)
  built anf.base2x       traps  1385->1372  bin   220552 B text   204878 B compile    8.717s (smt 0.000s)
  built anf.oracle       traps  1385->1160  bin   228744 B text   214046 B compile 4314.463s (smt 4305.301s)

==== PHASE B: corpora (8 64 256 MB) ====
  corpus dir: /dev/shm/odessy_corpus.17537
  corpus 8 MB ready
  corpus 64 MB ready
  corpus 256 MB ready

==== cooldown 60s after compile phase (thermal settle) ====
==== PHASE C: warmup ====  [pin: numactl --cpunodebind=0 --membind=0]
==== PHASE D: 20 shuffled reps x 21 (binary x size) pairs ====
  rep 1/20  (22:46:21)
  rep 2/20  (22:56:14)
  rep 3/20  (23:06:09)
  rep 4/20  (23:16:00)
  rep 5/20  (23:25:54)
  rep 6/20  (23:35:47)
  rep 7/20  (23:45:40)
  rep 8/20  (23:55:35)
  rep 9/20  (00:05:29)
  rep 10/20  (00:15:23)
  rep 11/20  (00:25:15)
  rep 12/20  (00:35:07)
  rep 13/20  (00:45:03)
  rep 14/20  (00:55:03)
  rep 15/20  (01:04:56)
  rep 16/20  (01:14:50)
  rep 17/20  (01:24:43)
  rep 18/20  (01:34:36)
  rep 19/20  (01:44:30)
  rep 20/20  (01:54:24)

spec      config     MB   t_in  t_fin      bin_B    text_B   total_s   min_run   avg_run
none      base        8      0      0     195832    181446     5.380     1.977     2.088
none      base       64      0      0     195832    181446     5.380    15.759    16.006
none      base      256      0      0     195832    181446     5.380    62.887    63.337
both      base        8   1298   1298     208120    192094     5.790     2.070     2.161
both      base       64   1298   1298     208120    192094     5.790    16.582    16.718
both      base      256   1298   1298     208120    192094     5.790    66.202    66.799
both      base2x      8   1298   1296     212216    197286     8.155     2.057     2.127
both      base2x     64   1298   1296     212216    197286     8.155    16.428    16.551
both      base2x    256   1298   1296     212216    197286     8.155    65.605    65.997
both      oracle      8   1298   1089     224504    207414  2563.075     2.058     2.141
both      oracle     64   1298   1089     224504    207414  2563.075    16.475    16.637
both      oracle    256   1298   1089     224504    207414  2563.075    65.726    66.301
anf       base        8   1385   1385     212360    197734     6.194     2.078     2.190
anf       base       64   1385   1385     212360    197734     6.194    16.587    16.831
anf       base      256   1385   1385     212360    197734     6.194    66.314    67.080
anf       base2x      8   1385   1372     220552    204878     8.717     2.067     2.169
anf       base2x     64   1385   1372     220552    204878     8.717    16.453    16.679
anf       base2x    256   1385   1372     220552    204878     8.717    65.901    66.528
anf       oracle      8   1385   1160     228744    214046  4314.463     2.061     2.184
anf       oracle     64   1385   1160     228744    214046  4314.463    16.471    16.646
anf       oracle    256   1385   1160     228744    214046  4314.463    65.864    66.441

CSV: /mydata/ODeSSy/evaluation/perf_zlib.csv   (then: python3 make_perf_report.py)   [oracle stage JOBS=2 x THREADS=8]
Cold-path check: if %-speedup shrinks 8 -> 64 -> 256 MB, the savings are
constant-per-invocation (cold path); flat % means a scaled path changed.
  [elapsed since start: 324 min]

=== [2026-09-25 02:05:46] CAMPAIGN 0924 DONE ===

  [elapsed since start: 325 min]
