[ODeSSy] 21 trap site(s) across 14 function(s); threads=1 [tier: heavy] [frame] [ind] [traps=odessy.chk]

[Z3 Oracle] Analyzing Function: main
  [tier: heavy]
  -> Found UB Trap. Starting Backward Slice...
    -> Collected 0 dominating context guard(s).
    -> Fact[RM:0] i64 %5 in [0,9223372036854775807) (!range)
    -> Fact[KB:1] i64 %5 known bits zero=0x9223372036854775808 one=0x0
    -> [heavy] 2 analysis fact(s) on 1 boundary value(s)
    -> [ind] trap not in a loop
    -> SAT (WARNING: Potential Integer Overflow Bug Detected!) [Query Latency: 0.491794 ms]
  -> Found UB Trap. Starting Backward Slice...
    -> Guard[0] (false edge of ''):  %18 = icmp eq i64 %17, 0
    -> Guard[1] (false edge of 'entry'):  %6 = icmp samesign ult i64 %5, 2
    -> Collected 2 dominating context guard(s).
    -> Fact[RM:0] i64 %5 in [0,9223372036854775807) (!range)
    -> Fact[KB:1] i64 %5 known bits zero=0x9223372036854775808 one=0x0
    -> [heavy] 2 analysis fact(s) on 20 boundary value(s)
    -> [ind] trap not in a loop
    -> SAT (WARNING: Potential Integer Overflow Bug Detected!) [Query Latency: 20.914839 ms]
  -> Found UB Trap. Starting Backward Slice...
    -> Guard[0] (false edge of ''):  %39 = icmp eq i8 %38, 1
    -> Guard[1] (false edge of ''):  %18 = icmp eq i64 %17, 0
    -> Guard[2] (false edge of 'entry'):  %6 = icmp samesign ult i64 %5, 2
    -> Collected 3 dominating context guard(s).
    -> Fact[RM:0] i64 %5 in [0,9223372036854775807) (!range)
    -> Fact[KB:1] i64 %5 known bits zero=0x9223372036854775808 one=0x0
    -> Fact[RM:2] i64 %115 in [0,9223372036854775807) (!range)
    -> Fact[KB:3] i64 %115 known bits zero=0x9223372036854775808 one=0x0
    -> [heavy] 4 analysis fact(s) on 21 boundary value(s)
    -> [ind] trap not in a loop
    -> SAT (WARNING: Potential Integer Overflow Bug Detected!) [Query Latency: 7.970685 ms]
  -> Found UB Trap. Starting Backward Slice...
    -> Guard[0] (true edge of ''):  %.not28 = icmp eq ptr %126, null
    -> Guard[1] (false edge of ''):  %116 = icmp samesign ult i64 %115, 3
    -> Guard[2] (false edge of ''):  %39 = icmp eq i8 %38, 1
    -> Guard[3] (false edge of ''):  %18 = icmp eq i64 %17, 0
    -> Guard[4] (false edge of 'entry'):  %6 = icmp samesign ult i64 %5, 2
    -> Collected 5 dominating context guard(s).
    -> Fact[RM:0] i64 %5 in [0,9223372036854775807) (!range)
    -> Fact[KB:1] i64 %5 known bits zero=0x9223372036854775808 one=0x0
    -> Fact[RM:2] i64 %115 in [0,9223372036854775807) (!range)
    -> Fact[KB:3] i64 %115 known bits zero=0x9223372036854775808 one=0x0
    -> Fact[LVI:4] i64 %115 in [3,9223372036854775807) (LVI @ )
    -> [heavy] 5 analysis fact(s) on 24 boundary value(s)
    -> [ind] trap not in a loop
    -> SAT (WARNING: Potential Integer Overflow Bug Detected!) [Query Latency: 7.746344 ms]
  => Total Traps Eliminated: 0
  => Total Trap Attempts: 4
  => Total SMT Queries Executed: 4
  => Total SMT Query Latency: 3.712366e+01 ms
  => Average SMT Query Latency: 9.280915e+00 ms
  => Total DFS & SMT Execution Time: 1.701970e+02 ms
--------------------------------------------------

[Z3 Oracle] Analyzing Function: $s4utf88validateySi_SitSays5UInt8VGF
  [tier: heavy]
  -> Found UB Trap. Starting Backward Slice...
    -> Guard[0] (false edge of 'entry'):  %.not = icmp eq i64 %2, 0
    -> Collected 1 dominating context guard(s).
    -> Fact[RM:0] i64 %2 in [0,9223372036854775807) (!range)
    -> Fact[KB:1] i64 %2 known bits zero=0x9223372036854775808 one=0x0
    -> Fact[LVI:2] i64 %2 in [1,0) (LVI @ )
    -> Fact[PHIINV-hi:3] i64 %8 == i64 0 || slt(i64 %8, i64 %2) (latch-implied bound, 1-induction)
    -> Fact[PHIINV-lo:4] (B <=s INT_MAX-4 && v0 <=s B) -> i64 %8 >=s i64 0 (monotone WRAPPING increments; conditional)
    -> [heavy] 5 analysis fact(s) on 2 boundary value(s)
    -> [ind L0] BASE (3 phi(s) = entry): UNSAT (Dead Code / Impossible Path) [Query Latency: 0.352968 ms]
    -> Fact[p0.PHIINV-hi:0] i64 %8 == i64 0 || slt(i64 %8, i64 %2) (latch-implied bound, 1-induction)
    -> Fact[p0.PHIINV-lo:1] (B <=s INT_MAX-4 && v0 <=s B) -> i64 %8 >=s i64 0 (monotone WRAPPING increments; conditional)
    -> [ind L0] STEP (copy: 63 instr, 0 skipped, 17 fresh, 2 fact(s), 3 link(s)): UNSAT (Dead Code / Impossible Path) [Query Latency: 16.110091 ms]
    -> [ind] UNSAT by 1-induction (BASE + STEP)
    -> UNSAT (Dead Code / Impossible Path) [ind]
  => SUCCESS: Trap mathematically neutralized!
  -> Found UB Trap. Starting Backward Slice...
    -> Guard[0] (true edge of ''):  %.not23 = icmp slt i64 %63, %2
    -> Guard[1] (true edge of ''):  %61 = icmp samesign ult i8 %11, -11
    -> Guard[2] (false edge of ''):  %42 = icmp samesign ult i8 %11, -16
    -> Guard[3] (false edge of ''):  %27 = icmp samesign ult i8 %11, -32
    -> Guard[4] (false edge of ''):  %22 = icmp samesign ult i8 %11, -62
    -> Guard[5] (false edge of ''):  %12 = icmp sgt i8 %11, -1
    -> Guard[6] (true edge of ''):  %.not22 = icmp ult i64 %8, %2
    -> Guard[7] (false edge of 'entry'):  %.not = icmp eq i64 %2, 0
    -> Collected 8 dominating context guard(s).
    -> Fact[RM:0] i64 %2 in [0,9223372036854775807) (!range)
    -> Fact[KB:1] i64 %2 known bits zero=0x9223372036854775808 one=0x0
    -> Fact[LVI:2] i64 %2 in [1,0) (LVI @ )
    -> Fact[PHIINV-hi:3] i64 %8 == i64 0 || slt(i64 %8, i64 %2) (latch-implied bound, 1-induction)
    -> Fact[PHIINV-lo:4] (B <=s INT_MAX-4 && v0 <=s B) -> i64 %8 >=s i64 0 (monotone WRAPPING increments; conditional)
    -> Fact[LVI:5] i8 %11 in [-16,-11) (LVI @ )
    -> [heavy] 6 analysis fact(s) on 3 boundary value(s)
    -> [ind L0] BASE (3 phi(s) = entry): UNSAT (Dead Code / Impossible Path) [Query Latency: 0.652147 ms]
    -> Fact[p0.PHIINV-hi:0] i64 %8 == i64 0 || slt(i64 %8, i64 %2) (latch-implied bound, 1-induction)
    -> Fact[p0.PHIINV-lo:1] (B <=s INT_MAX-4 && v0 <=s B) -> i64 %8 >=s i64 0 (monotone WRAPPING increments; conditional)
    -> [ind L0] STEP (copy: 63 instr, 0 skipped, 17 fresh, 2 fact(s), 3 link(s)): SAT (WARNING: Potential Integer Overflow Bug Detected!) [Query Latency: 64.029947 ms]
    -> SAT (WARNING: Potential Integer Overflow Bug Detected!) [Query Latency: 47.161232 ms]
  -> Found UB Trap. Starting Backward Slice...
    -> Guard[0] (true edge of ''):  %.not24 = icmp slt i64 %67, %2
    -> Guard[1] (true edge of ''):  %.not23 = icmp slt i64 %63, %2
    -> Guard[2] (true edge of ''):  %61 = icmp samesign ult i8 %11, -11
    -> Guard[3] (false edge of ''):  %42 = icmp samesign ult i8 %11, -16
    -> Guard[4] (false edge of ''):  %27 = icmp samesign ult i8 %11, -32
    -> Guard[5] (false edge of ''):  %22 = icmp samesign ult i8 %11, -62
    -> Guard[6] (false edge of ''):  %12 = icmp sgt i8 %11, -1
    -> Guard[7] (true edge of ''):  %.not22 = icmp ult i64 %8, %2
    -> Guard[8] (false edge of 'entry'):  %.not = icmp eq i64 %2, 0
    -> Collected 9 dominating context guard(s).
    -> Fact[RM:0] i64 %2 in [0,9223372036854775807) (!range)
    -> Fact[KB:1] i64 %2 known bits zero=0x9223372036854775808 one=0x0
    -> Fact[LVI:2] i64 %2 in [1,0) (LVI @ )
    -> Fact[PHIINV-hi:3] i64 %8 == i64 0 || slt(i64 %8, i64 %2) (latch-implied bound, 1-induction)
    -> Fact[PHIINV-lo:4] (B <=s INT_MAX-4 && v0 <=s B) -> i64 %8 >=s i64 0 (monotone WRAPPING increments; conditional)
    -> Fact[LVI:5] i8 %11 in [-16,-11) (LVI @ )
    -> [heavy] 6 analysis fact(s) on 3 boundary value(s)
    -> UNSAT (Dead Code / Impossible Path) [Query Latency: 93.900808 ms]
  => SUCCESS: Trap mathematically neutralized!
  -> Found UB Trap. Starting Backward Slice...
    -> Guard[0] (true edge of ''):  %.not25 = icmp slt i64 %71, %2
    -> Guard[1] (true edge of ''):  %.not24 = icmp slt i64 %67, %2
    -> Guard[2] (true edge of ''):  %.not23 = icmp slt i64 %63, %2
    -> Guard[3] (true edge of ''):  %61 = icmp samesign ult i8 %11, -11
    -> Guard[4] (false edge of ''):  %42 = icmp samesign ult i8 %11, -16
    -> Guard[5] (false edge of ''):  %27 = icmp samesign ult i8 %11, -32
    -> Guard[6] (false edge of ''):  %22 = icmp samesign ult i8 %11, -62
    -> Guard[7] (false edge of ''):  %12 = icmp sgt i8 %11, -1
    -> Guard[8] (true edge of ''):  %.not22 = icmp ult i64 %8, %2
    -> Guard[9] (false edge of 'entry'):  %.not = icmp eq i64 %2, 0
    -> Collected 10 dominating context guard(s).
    -> Fact[RM:0] i64 %2 in [0,9223372036854775807) (!range)
    -> Fact[KB:1] i64 %2 known bits zero=0x9223372036854775808 one=0x0
    -> Fact[LVI:2] i64 %2 in [1,0) (LVI @ )
    -> Fact[PHIINV-hi:3] i64 %8 == i64 0 || slt(i64 %8, i64 %2) (latch-implied bound, 1-induction)
    -> Fact[PHIINV-lo:4] (B <=s INT_MAX-4 && v0 <=s B) -> i64 %8 >=s i64 0 (monotone WRAPPING increments; conditional)
    -> Fact[LVI:5] i8 %11 in [-16,-11) (LVI @ )
    -> [heavy] 6 analysis fact(s) on 3 boundary value(s)
    -> UNSAT (Dead Code / Impossible Path) [Query Latency: 0.348488 ms]
  => SUCCESS: Trap mathematically neutralized!
  => Total Traps Eliminated: 3
  => Total Trap Attempts: 4
  => Total SMT Queries Executed: 4
  => Total SMT Query Latency: 2.832110e+02 ms
  => Average SMT Query Latency: 7.080276e+01 ms
  => Total DFS & SMT Execution Time: 3.794810e+02 ms
--------------------------------------------------

[Z3 Oracle] Analyzing Function: $ss17FixedWidthIntegerPsE_5radixxSgqd___SitcSyRd__lufcADSRys5UInt8VGXEfU_AGSiADs5Error_psAARzSSRsd__r__lIetyyrzo_Tpq5Si_Tg5
  [tier: heavy]
  -> Found UB Trap. Starting Backward Slice...
    -> Collected 0 dominating context guard(s).
    -> [heavy] 0 analysis fact(s) on 1 boundary value(s)
    -> [ind] trap not in a loop
    -> SAT (WARNING: Potential Integer Overflow Bug Detected!) [Query Latency: 0.414275 ms]
  -> Found UB Trap. Starting Backward Slice...
    -> Collected 0 dominating context guard(s).
    -> [heavy] 0 analysis fact(s) on 1 boundary value(s)
    -> [ind] trap not in a loop
    -> SAT (WARNING: Potential Integer Overflow Bug Detected!) [Query Latency: 0.397909 ms]
  => Total Traps Eliminated: 0
  => Total Trap Attempts: 2
  => Total SMT Queries Executed: 2
  => Total SMT Query Latency: 8.121840e-01 ms
  => Average SMT Query Latency: 4.060920e-01 ms
  => Total DFS & SMT Execution Time: 2.002002e+01 ms
--------------------------------------------------

[Z3 Oracle] Analyzing Function: $ss13_parseInteger5ascii5radixq_Sgx_SitSyRzs010FixedWidthB0R_r0_lFSSSiADSSRszsAER_r0_lIetgyr_Tpq5Si_Tg5
  [tier: heavy]
  -> Found UB Trap. Starting Backward Slice...
    -> Guard[0] (true edge of ''):  %.not = icmp eq i64 %19, 0
    -> Collected 1 dominating context guard(s).
    -> [heavy] 0 analysis fact(s) on 10 boundary value(s)
    -> [ind] trap not in a loop
    -> SAT (WARNING: Potential Integer Overflow Bug Detected!) [Query Latency: 0.930530 ms]
  -> Found UB Trap. Starting Backward Slice...
    -> Guard[0] (true edge of ''):  %.not = icmp eq i64 %19, 0
    -> Collected 1 dominating context guard(s).
    -> [heavy] 0 analysis fact(s) on 10 boundary value(s)
    -> [ind] trap not in a loop
    -> SAT (WARNING: Potential Integer Overflow Bug Detected!) [Query Latency: 0.923165 ms]
  => Total Traps Eliminated: 0
  => Total Trap Attempts: 2
  => Total SMT Queries Executed: 2
  => Total SMT Query Latency: 1.853695e+00 ms
  => Average SMT Query Latency: 9.268475e-01 ms
  => Total DFS & SMT Execution Time: 2.533391e+01 ms
--------------------------------------------------

[Z3 Oracle] Analyzing Function: $sSS8_copyingyS2SFZ
  [tier: heavy]
  => Total Traps Eliminated: 0
  => Total Trap Attempts: 0
  => Total SMT Queries Executed: 0
  => Total SMT Query Latency: 0.000000e+00 ms
  => Average SMT Query Latency: 0.000000e+00 ms
  => Total DFS & SMT Execution Time: 4.606100e-02 ms
--------------------------------------------------

[Z3 Oracle] Analyzing Function: $sSS8_copyingySSSsFZ
  [tier: heavy]
  -> Found UB Trap. Starting Backward Slice...
    -> Guard[0] (false edge of ''):  %11 = icmp eq i64 %10, 0
    -> Guard[1] (false edge of 'entry'):  %8 = icmp eq i64 %7, 0
    -> Collected 2 dominating context guard(s).
    -> Fact[LVI:0] i64 %6 in [1152921504606846976,0) (LVI @ )
    -> Fact[LVI:1] i64 %10 in [1,0) (LVI @ )
    -> [heavy] 2 analysis fact(s) on 3 boundary value(s)
    -> [ind] trap not in a loop
    -> SAT (WARNING: Potential Integer Overflow Bug Detected!) [Query Latency: 0.471414 ms]
  => Total Traps Eliminated: 0
  => Total Trap Attempts: 1
  => Total SMT Queries Executed: 1
  => Total SMT Query Latency: 4.714140e-01 ms
  => Average SMT Query Latency: 4.714140e-01 ms
  => Total DFS & SMT Execution Time: 1.182483e+01 ms
--------------------------------------------------

[Z3 Oracle] Analyzing Function: $sSlsE5countSivgSs8UTF8ViewV_Tgq5
  [tier: heavy]
  -> Found UB Trap. Starting Backward Slice...
    -> Guard[0] (false edge of ''):  %6 = icmp eq i64 %5, 0
    -> Collected 1 dominating context guard(s).
    -> Fact[LVI:0] i64 %4 in [1152921504606846976,0) (LVI @ )
    -> [heavy] 1 analysis fact(s) on 4 boundary value(s)
    -> [ind] trap not in a loop
    -> SAT (WARNING: Potential Integer Overflow Bug Detected!) [Query Latency: 2.289326 ms]
  -> Found UB Trap. Starting Backward Slice...
    -> Guard[0] (false edge of ''):  %29 = icmp samesign ult i64 %27, %28
    -> Guard[1] (false edge of ''):  %6 = icmp eq i64 %5, 0
    -> Collected 2 dominating context guard(s).
    -> Fact[LVI:0] i64 %4 in [1152921504606846976,0) (LVI @ )
    -> [heavy] 1 analysis fact(s) on 6 boundary value(s)
    -> [ind] trap not in a loop
    -> SAT (WARNING: Potential Integer Overflow Bug Detected!) [Query Latency: 2.110547 ms]
  => Total Traps Eliminated: 0
  => Total Trap Attempts: 2
  => Total SMT Queries Executed: 2
  => Total SMT Query Latency: 4.399873e+00 ms
  => Average SMT Query Latency: 2.199936e+00 ms
  => Total DFS & SMT Execution Time: 2.796758e+01 ms
--------------------------------------------------

[Z3 Oracle] Analyzing Function: $ss22_ContiguousArrayBufferV19_uninitializedCount15minimumCapacityAByxGSi_SitcfCs5UInt8V_Tt1gq5
  [tier: heavy]
  => Total Traps Eliminated: 0
  => Total Trap Attempts: 0
  => Total SMT Queries Executed: 0
  => Total SMT Query Latency: 0.000000e+00 ms
  => Average SMT Query Latency: 0.000000e+00 ms
  => Total DFS & SMT Execution Time: 4.935100e-02 ms
--------------------------------------------------

[Z3 Oracle] Analyzing Function: $sSTsE21_copySequenceContents12initializing8IteratorQz_SitSry7ElementQzG_tFSs8UTF8ViewV_Tgq5
  [tier: heavy]
  -> Found UB Trap. Starting Backward Slice...
    -> Guard[0] (false edge of ''):  %11 = icmp eq i64 %2, 0
    -> Guard[1] (false edge of 'entry'):  %8 = icmp eq i64 %1, 0
    -> Collected 2 dominating context guard(s).
    -> Fact[LVI:0] i64 %1 in [1,0) (LVI @ )
    -> Fact[LVI:1] i64 %2 in [1,0) (LVI @ )
    -> [heavy] 2 analysis fact(s) on 2 boundary value(s)
    -> [ind] trap not in a loop
    -> SAT (WARNING: Potential Integer Overflow Bug Detected!) [Query Latency: 0.267268 ms]
  -> Found UB Trap. Starting Backward Slice...
    -> Guard[0] (false edge of ''):  %17 = icmp eq i64 %16, %14
    -> Guard[1] (false edge of ''):  %13 = icmp slt i64 %2, 0
    -> Guard[2] (false edge of ''):  %11 = icmp eq i64 %2, 0
    -> Guard[3] (false edge of 'entry'):  %8 = icmp eq i64 %1, 0
    -> Collected 4 dominating context guard(s).
    -> [heavy] 0 analysis fact(s) on 8 boundary value(s)
    -> [ind L0] BASE (3 phi(s) = entry): SAT (WARNING: Potential Integer Overflow Bug Detected!) [Query Latency: 2.717200 ms]
    -> SAT (WARNING: Potential Integer Overflow Bug Detected!) [Query Latency: 2.975076 ms]
  -> Found UB Trap. Starting Backward Slice...
    -> Guard[0] (false edge of ''):  %21 = icmp eq i64 %20, 0
    -> Guard[1] (true edge of ''):  %.not1 = xor i1 %48, true
    -> Guard[2] (false edge of ''):  %17 = icmp eq i64 %16, %14
    -> Guard[3] (false edge of ''):  %13 = icmp slt i64 %2, 0
    -> Guard[4] (false edge of ''):  %11 = icmp eq i64 %2, 0
    -> Guard[5] (false edge of 'entry'):  %8 = icmp eq i64 %1, 0
    -> Collected 6 dominating context guard(s).
    -> Fact[LVI:0] i64 %19 in [1152921504606846976,0) (LVI @ )
    -> [heavy] 1 analysis fact(s) on 9 boundary value(s)
    -> [ind L0] BASE (3 phi(s) = entry): SAT (WARNING: Potential Integer Overflow Bug Detected!) [Query Latency: 1.629655 ms]
    -> SAT (WARNING: Potential Integer Overflow Bug Detected!) [Query Latency: 2.625504 ms]
  => Total Traps Eliminated: 0
  => Total Trap Attempts: 3
  => Total SMT Queries Executed: 3
  => Total SMT Query Latency: 1.289050e+01 ms
  => Average SMT Query Latency: 4.296833e+00 ms
  => Total DFS & SMT Execution Time: 5.292657e+01 ms
--------------------------------------------------

[Z3 Oracle] Analyzing Function: $ss11_StringGutsV27_slowEnsureMatchingEncodingySS5IndexVAEF
  [tier: heavy]
  => Total Traps Eliminated: 0
  => Total Trap Attempts: 0
  => Total SMT Queries Executed: 0
  => Total SMT Query Latency: 0.000000e+00 ms
  => Average SMT Query Latency: 0.000000e+00 ms
  => Total DFS & SMT Execution Time: 7.153200e-02 ms
--------------------------------------------------

[Z3 Oracle] Analyzing Function: $ss32_copyCollectionToContiguousArrayys0dE0Vy7ElementQzGxSlRzlF20FoundationEssentials4DataV_Tgq5
  [tier: heavy]
  -> Found UB Trap. Starting Backward Slice...
    -> Collected 0 dominating context guard(s).
    -> [heavy] 0 analysis fact(s) on 2 boundary value(s)
    -> [ind] trap not in a loop
    -> SAT (WARNING: Potential Integer Overflow Bug Detected!) [Query Latency: 5.082762 ms]
  -> Found UB Trap. Starting Backward Slice...
    -> Guard[0] (false edge of ''):  %27 = icmp eq i64 %26, 0
    -> Collected 1 dominating context guard(s).
    -> [heavy] 0 analysis fact(s) on 5 boundary value(s)
    -> [ind] trap not in a loop
    -> SAT (WARNING: Potential Integer Overflow Bug Detected!) [Query Latency: 5.564503 ms]
  -> Found UB Trap. Starting Backward Slice...
    -> Collected 0 dominating context guard(s).
    -> [heavy] 0 analysis fact(s) on 1 boundary value(s)
    -> [ind] trap not in a loop
    -> SAT (WARNING: Potential Integer Overflow Bug Detected!) [Query Latency: 1.970708 ms]
  => Total Traps Eliminated: 0
  => Total Trap Attempts: 3
  => Total SMT Queries Executed: 3
  => Total SMT Query Latency: 1.261797e+01 ms
  => Average SMT Query Latency: 4.205991e+00 ms
  => Total DFS & SMT Execution Time: 4.969306e+01 ms
--------------------------------------------------

[Z3 Oracle] Analyzing Function: $s20FoundationEssentials4DataV15_RepresentationOWOe
  [tier: heavy]
  => Total Traps Eliminated: 0
  => Total Trap Attempts: 0
  => Total SMT Queries Executed: 0
  => Total SMT Query Latency: 0.000000e+00 ms
  => Average SMT Query Latency: 0.000000e+00 ms
  => Total DFS & SMT Execution Time: 4.736400e-02 ms
--------------------------------------------------

[Z3 Oracle] Analyzing Function: __swift_instantiateConcreteTypeFromMangledName
  [tier: heavy]
  => Total Traps Eliminated: 0
  => Total Trap Attempts: 0
  => Total SMT Queries Executed: 0
  => Total SMT Query Latency: 0.000000e+00 ms
  => Average SMT Query Latency: 0.000000e+00 ms
  => Total DFS & SMT Execution Time: 5.005900e-02 ms
--------------------------------------------------

[Z3 Oracle] Analyzing Function: $s20FoundationEssentials4DataV8IteratorV_SitWOh
  [tier: heavy]
  => Total Traps Eliminated: 0
  => Total Trap Attempts: 0
  => Total SMT Queries Executed: 0
  => Total SMT Query Latency: 0.000000e+00 ms
  => Average SMT Query Latency: 0.000000e+00 ms
  => Total DFS & SMT Execution Time: 4.379500e-02 ms
--------------------------------------------------
