[ODeSSy] 21 trap site(s) across 14 function(s); threads=1 [tier: heavy] [frame] [mv] [narrow] [ind] [mv-nofold] [traps=odessy.chk]

[Z3 Oracle] Analyzing Function: main
  [tier: heavy]
  -> Found UB Trap. Starting Backward Slice...
    -> Collected 0 dominating context guard(s).
    -> Fact[RM:0] i64 %5 in [0,9223372036854775807) (!range)
    -> Fact[KB:1] i64 %5 known bits zero=0x9223372036854775808 one=0x0
    -> [heavy] 2 analysis fact(s) on 1 boundary value(s)
    -> [ind] trap not in a loop
    -> SAT (WARNING: Potential Integer Overflow Bug Detected!) [Query Latency: 0.481797 ms]
    -> [mv] trap not inside a loop: not versionable
  -> Found UB Trap. Starting Backward Slice...
    -> Guard[0] (false edge of ''):  %18 = icmp eq i64 %17, 0
    -> Guard[1] (false edge of 'entry'):  %6 = icmp samesign ult i64 %5, 2
    -> Collected 2 dominating context guard(s).
    -> Fact[RM:0] i64 %5 in [0,9223372036854775807) (!range)
    -> Fact[KB:1] i64 %5 known bits zero=0x9223372036854775808 one=0x0
    -> [heavy] 2 analysis fact(s) on 20 boundary value(s)
    -> [ind] trap not in a loop
    -> SAT (WARNING: Potential Integer Overflow Bug Detected!) [Query Latency: 21.170022 ms]
    -> [mv] trap not inside a loop: not versionable
  -> Found UB Trap. Starting Backward Slice...
    -> Guard[0] (false edge of ''):  %39 = icmp eq i8 %38, 1
    -> Guard[1] (false edge of ''):  %18 = icmp eq i64 %17, 0
    -> Guard[2] (false edge of 'entry'):  %6 = icmp samesign ult i64 %5, 2
    -> Collected 3 dominating context guard(s).
    -> Fact[RM:0] i64 %5 in [0,9223372036854775807) (!range)
    -> Fact[KB:1] i64 %5 known bits zero=0x9223372036854775808 one=0x0
    -> Fact[RM:2] i64 %115 in [0,9223372036854775807) (!range)
    -> Fact[KB:3] i64 %115 known bits zero=0x9223372036854775808 one=0x0
    -> [heavy] 4 analysis fact(s) on 21 boundary value(s)
    -> [ind] trap not in a loop
    -> SAT (WARNING: Potential Integer Overflow Bug Detected!) [Query Latency: 4.118820 ms]
    -> [mv] trap not inside a loop: not versionable
  -> Found UB Trap. Starting Backward Slice...
    -> Guard[0] (true edge of ''):  %.not28 = icmp eq ptr %126, null
    -> Guard[1] (false edge of ''):  %116 = icmp samesign ult i64 %115, 3
    -> Guard[2] (false edge of ''):  %39 = icmp eq i8 %38, 1
    -> Guard[3] (false edge of ''):  %18 = icmp eq i64 %17, 0
    -> Guard[4] (false edge of 'entry'):  %6 = icmp samesign ult i64 %5, 2
    -> Collected 5 dominating context guard(s).
    -> Fact[RM:0] i64 %5 in [0,9223372036854775807) (!range)
    -> Fact[KB:1] i64 %5 known bits zero=0x9223372036854775808 one=0x0
    -> Fact[RM:2] i64 %115 in [0,9223372036854775807) (!range)
    -> Fact[KB:3] i64 %115 known bits zero=0x9223372036854775808 one=0x0
    -> Fact[LVI:4] i64 %115 in [3,9223372036854775807) (LVI @ )
    -> [heavy] 5 analysis fact(s) on 24 boundary value(s)
    -> [ind] trap not in a loop
    -> SAT (WARNING: Potential Integer Overflow Bug Detected!) [Query Latency: 5.467311 ms]
    -> [mv] trap not inside a loop: not versionable
  => Total Traps Eliminated: 0
  => Traps Folded In Fast Copies (mv): 0
  => Total Trap Attempts: 4
  => Total SMT Queries Executed: 4
  => Total SMT Query Latency: 3.123795e+01 ms
  => Average SMT Query Latency: 7.809487e+00 ms
  => Total DFS & SMT Execution Time: 1.805904e+02 ms
--------------------------------------------------

[Z3 Oracle] Analyzing Function: $s4utf88validateySi_SitSays5UInt8VGF
  [tier: heavy]
  -> Found UB Trap. Starting Backward Slice...
    -> Guard[0] (false edge of 'entry'):  %.not = icmp eq i64 %2, 0
    -> Collected 1 dominating context guard(s).
    -> Fact[RM:0] i64 %2 in [0,9223372036854775807) (!range)
    -> Fact[KB:1] i64 %2 known bits zero=0x9223372036854775808 one=0x0
    -> Fact[LVI:2] i64 %2 in [1,0) (LVI @ )
    -> Fact[PHIINV-hi:3] i64 %8 == i64 0 || slt(i64 %8, i64 %2) (latch-implied bound, 1-induction)
    -> Fact[PHIINV-lo:4] (B <=s INT_MAX-4 && v0 <=s B) -> i64 %8 >=s i64 0 (monotone WRAPPING increments; conditional)
    -> [heavy] 5 analysis fact(s) on 2 boundary value(s)
    -> [mv] T3: refused, bound not invariant in the trap loop: %8
    -> [ind L0] BASE (3 phi(s) = entry): UNSAT (Dead Code / Impossible Path) [Query Latency: 0.351539 ms]
    -> Fact[p0.PHIINV-hi:0] i64 %8 == i64 0 || slt(i64 %8, i64 %2) (latch-implied bound, 1-induction)
    -> Fact[p0.PHIINV-lo:1] (B <=s INT_MAX-4 && v0 <=s B) -> i64 %8 >=s i64 0 (monotone WRAPPING increments; conditional)
    -> [ind L0] STEP (copy: 63 instr, 0 skipped, 17 fresh, 2 fact(s), 3 link(s)): UNSAT (Dead Code / Impossible Path) [Query Latency: 16.513491 ms]
    -> [ind] UNSAT by 1-induction (BASE + STEP)
    -> UNSAT (Dead Code / Impossible Path) [ind]
  => SUCCESS: Trap mathematically neutralized!
  -> Found UB Trap. Starting Backward Slice...
    -> Guard[0] (true edge of ''):  %.not23 = icmp slt i64 %63, %2
    -> Guard[1] (true edge of ''):  %61 = icmp samesign ult i8 %11, -11
    -> Guard[2] (false edge of ''):  %42 = icmp samesign ult i8 %11, -16
    -> Guard[3] (false edge of ''):  %27 = icmp samesign ult i8 %11, -32
    -> Guard[4] (false edge of ''):  %22 = icmp samesign ult i8 %11, -62
    -> Guard[5] (false edge of ''):  %12 = icmp sgt i8 %11, -1
    -> Guard[6] (true edge of ''):  %.not22 = icmp ult i64 %8, %2
    -> Guard[7] (false edge of 'entry'):  %.not = icmp eq i64 %2, 0
    -> Collected 8 dominating context guard(s).
    -> Fact[RM:0] i64 %2 in [0,9223372036854775807) (!range)
    -> Fact[KB:1] i64 %2 known bits zero=0x9223372036854775808 one=0x0
    -> Fact[LVI:2] i64 %2 in [1,0) (LVI @ )
    -> Fact[PHIINV-hi:3] i64 %8 == i64 0 || slt(i64 %8, i64 %2) (latch-implied bound, 1-induction)
    -> Fact[PHIINV-lo:4] (B <=s INT_MAX-4 && v0 <=s B) -> i64 %8 >=s i64 0 (monotone WRAPPING increments; conditional)
    -> Fact[LVI:5] i8 %11 in [-16,-11) (LVI @ )
    -> [heavy] 6 analysis fact(s) on 3 boundary value(s)
    -> [mv] T3: not a bounds shape (idx vs invariant count)
    -> [ind L0] BASE (3 phi(s) = entry): UNSAT (Dead Code / Impossible Path) [Query Latency: 0.645775 ms]
    -> Fact[p0.PHIINV-hi:0] i64 %8 == i64 0 || slt(i64 %8, i64 %2) (latch-implied bound, 1-induction)
    -> Fact[p0.PHIINV-lo:1] (B <=s INT_MAX-4 && v0 <=s B) -> i64 %8 >=s i64 0 (monotone WRAPPING increments; conditional)
    -> [ind L0] STEP (copy: 63 instr, 0 skipped, 17 fresh, 2 fact(s), 3 link(s)): SAT (WARNING: Potential Integer Overflow Bug Detected!) [Query Latency: 67.471616 ms]
    -> SAT (WARNING: Potential Integer Overflow Bug Detected!) [Query Latency: 46.863105 ms]
    -> [mv] loosen: {%2 <=s 2^31} -> {%2 <=s 2^62}: UNSAT, adopted (8.558657e+01 ms)
    -> [mv] DEAD UNDER HYPOTHESIS H = {%2 <=s 2^62} (1 of 3 candidates in core, round 0; re-solve 2.937400e+01 ms; trap loop depth 1, hoist to depth 1)
    -> [mv-nofold] fast-trap id 0 (check kept in the H-guarded fast copy) chk 5
  => SUCCESS (fast copy): trap folded in 1 copy inside the H-guarded clone of loop ''
  -> Found UB Trap. Starting Backward Slice...
    -> Guard[0] (true edge of ''):  %.not24 = icmp slt i64 %67, %2
    -> Guard[1] (true edge of ''):  %.not23 = icmp slt i64 %63, %2
    -> Guard[2] (true edge of ''):  %61 = icmp samesign ult i8 %11, -11
    -> Guard[3] (false edge of ''):  %42 = icmp samesign ult i8 %11, -16
    -> Guard[4] (false edge of ''):  %27 = icmp samesign ult i8 %11, -32
    -> Guard[5] (false edge of ''):  %22 = icmp samesign ult i8 %11, -62
    -> Guard[6] (false edge of ''):  %12 = icmp sgt i8 %11, -1
    -> Guard[7] (true edge of ''):  %.not22 = icmp ult i64 %8, %2
    -> Guard[8] (false edge of 'entry'):  %.not = icmp eq i64 %2, 0
    -> Collected 9 dominating context guard(s).
    -> Fact[RM:0] i64 %2 in [0,9223372036854775807) (!range)
    -> Fact[KB:1] i64 %2 known bits zero=0x9223372036854775808 one=0x0
    -> Fact[LVI:2] i64 %2 in [1,0) (LVI @ )
    -> Fact[PHIINV-hi:3] i64 %8 == i64 0 || slt(i64 %8, i64 %2) (latch-implied bound, 1-induction)
    -> Fact[PHIINV-lo:4] (B <=s INT_MAX-4 && v0 <=s B) -> i64 %8 >=s i64 0 (monotone WRAPPING increments; conditional)
    -> Fact[LVI:5] i8 %11 in [-16,-11) (LVI @ )
    -> [heavy] 6 analysis fact(s) on 3 boundary value(s)
    -> [mv] T3: not a bounds shape (idx vs invariant count)
    -> UNSAT (Dead Code / Impossible Path) [Query Latency: 88.353920 ms]
  => SUCCESS: Trap mathematically neutralized!
  -> Found UB Trap. Starting Backward Slice...
    -> Guard[0] (true edge of ''):  %.not25 = icmp slt i64 %71, %2
    -> Guard[1] (true edge of ''):  %.not24 = icmp slt i64 %67, %2
    -> Guard[2] (true edge of ''):  %.not23 = icmp slt i64 %63, %2
    -> Guard[3] (true edge of ''):  %61 = icmp samesign ult i8 %11, -11
    -> Guard[4] (false edge of ''):  %42 = icmp samesign ult i8 %11, -16
    -> Guard[5] (false edge of ''):  %27 = icmp samesign ult i8 %11, -32
    -> Guard[6] (false edge of ''):  %22 = icmp samesign ult i8 %11, -62
    -> Guard[7] (false edge of ''):  %12 = icmp sgt i8 %11, -1
    -> Guard[8] (true edge of ''):  %.not22 = icmp ult i64 %8, %2
    -> Guard[9] (false edge of 'entry'):  %.not = icmp eq i64 %2, 0
    -> Collected 10 dominating context guard(s).
    -> Fact[RM:0] i64 %2 in [0,9223372036854775807) (!range)
    -> Fact[KB:1] i64 %2 known bits zero=0x9223372036854775808 one=0x0
    -> Fact[LVI:2] i64 %2 in [1,0) (LVI @ )
    -> Fact[PHIINV-hi:3] i64 %8 == i64 0 || slt(i64 %8, i64 %2) (latch-implied bound, 1-induction)
    -> Fact[PHIINV-lo:4] (B <=s INT_MAX-4 && v0 <=s B) -> i64 %8 >=s i64 0 (monotone WRAPPING increments; conditional)
    -> Fact[LVI:5] i8 %11 in [-16,-11) (LVI @ )
    -> [heavy] 6 analysis fact(s) on 3 boundary value(s)
    -> [mv] T3: refused, bound not invariant in the trap loop: (3 + %8)
    -> UNSAT (Dead Code / Impossible Path) [Query Latency: 0.372060 ms]
  => SUCCESS: Trap mathematically neutralized!
  => Total Traps Eliminated: 3
  => Traps Folded In Fast Copies (mv): 1
  => Total Trap Attempts: 4
  => Total SMT Queries Executed: 4
  => Total SMT Query Latency: 3.983356e+02 ms
  => Average SMT Query Latency: 9.958389e+01 ms
  => Total DFS & SMT Execution Time: 4.986340e+02 ms
--------------------------------------------------

[Z3 Oracle] Analyzing Function: $ss17FixedWidthIntegerPsE_5radixxSgqd___SitcSyRd__lufcADSRys5UInt8VGXEfU_AGSiADs5Error_psAARzSSRsd__r__lIetyyrzo_Tpq5Si_Tg5
  [tier: heavy]
  -> Found UB Trap. Starting Backward Slice...
    -> Collected 0 dominating context guard(s).
    -> [heavy] 0 analysis fact(s) on 1 boundary value(s)
    -> [ind] trap not in a loop
    -> SAT (WARNING: Potential Integer Overflow Bug Detected!) [Query Latency: 0.412803 ms]
    -> [mv] trap not inside a loop: not versionable
  -> Found UB Trap. Starting Backward Slice...
    -> Collected 0 dominating context guard(s).
    -> [heavy] 0 analysis fact(s) on 1 boundary value(s)
    -> [ind] trap not in a loop
    -> SAT (WARNING: Potential Integer Overflow Bug Detected!) [Query Latency: 0.403150 ms]
    -> [mv] trap not inside a loop: not versionable
  => Total Traps Eliminated: 0
  => Traps Folded In Fast Copies (mv): 0
  => Total Trap Attempts: 2
  => Total SMT Queries Executed: 2
  => Total SMT Query Latency: 8.159530e-01 ms
  => Average SMT Query Latency: 4.079765e-01 ms
  => Total DFS & SMT Execution Time: 2.041683e+01 ms
--------------------------------------------------

[Z3 Oracle] Analyzing Function: $ss13_parseInteger5ascii5radixq_Sgx_SitSyRzs010FixedWidthB0R_r0_lFSSSiADSSRszsAER_r0_lIetgyr_Tpq5Si_Tg5
  [tier: heavy]
  -> Found UB Trap. Starting Backward Slice...
    -> Guard[0] (true edge of ''):  %.not = icmp eq i64 %19, 0
    -> Collected 1 dominating context guard(s).
    -> [heavy] 0 analysis fact(s) on 10 boundary value(s)
    -> [ind] trap not in a loop
    -> SAT (WARNING: Potential Integer Overflow Bug Detected!) [Query Latency: 0.919874 ms]
    -> [mv] trap not inside a loop: not versionable
  -> Found UB Trap. Starting Backward Slice...
    -> Guard[0] (true edge of ''):  %.not = icmp eq i64 %19, 0
    -> Collected 1 dominating context guard(s).
    -> [heavy] 0 analysis fact(s) on 10 boundary value(s)
    -> [ind] trap not in a loop
    -> SAT (WARNING: Potential Integer Overflow Bug Detected!) [Query Latency: 0.937644 ms]
    -> [mv] trap not inside a loop: not versionable
  => Total Traps Eliminated: 0
  => Traps Folded In Fast Copies (mv): 0
  => Total Trap Attempts: 2
  => Total SMT Queries Executed: 2
  => Total SMT Query Latency: 1.857518e+00 ms
  => Average SMT Query Latency: 9.287590e-01 ms
  => Total DFS & SMT Execution Time: 2.490412e+01 ms
--------------------------------------------------

[Z3 Oracle] Analyzing Function: $sSS8_copyingyS2SFZ
  [tier: heavy]
  => Total Traps Eliminated: 0
  => Traps Folded In Fast Copies (mv): 0
  => Total Trap Attempts: 0
  => Total SMT Queries Executed: 0
  => Total SMT Query Latency: 0.000000e+00 ms
  => Average SMT Query Latency: 0.000000e+00 ms
  => Total DFS & SMT Execution Time: 3.763900e-02 ms
--------------------------------------------------

[Z3 Oracle] Analyzing Function: $sSS8_copyingySSSsFZ
  [tier: heavy]
  -> Found UB Trap. Starting Backward Slice...
    -> Guard[0] (false edge of ''):  %11 = icmp eq i64 %10, 0
    -> Guard[1] (false edge of 'entry'):  %8 = icmp eq i64 %7, 0
    -> Collected 2 dominating context guard(s).
    -> Fact[LVI:0] i64 %6 in [1152921504606846976,0) (LVI @ )
    -> Fact[LVI:1] i64 %10 in [1,0) (LVI @ )
    -> [heavy] 2 analysis fact(s) on 3 boundary value(s)
    -> [ind] trap not in a loop
    -> SAT (WARNING: Potential Integer Overflow Bug Detected!) [Query Latency: 0.475072 ms]
    -> [mv] trap not inside a loop: not versionable
  => Total Traps Eliminated: 0
  => Traps Folded In Fast Copies (mv): 0
  => Total Trap Attempts: 1
  => Total SMT Queries Executed: 1
  => Total SMT Query Latency: 4.750720e-01 ms
  => Average SMT Query Latency: 4.750720e-01 ms
  => Total DFS & SMT Execution Time: 1.206487e+01 ms
--------------------------------------------------

[Z3 Oracle] Analyzing Function: $sSlsE5countSivgSs8UTF8ViewV_Tgq5
  [tier: heavy]
  -> Found UB Trap. Starting Backward Slice...
    -> Guard[0] (false edge of ''):  %6 = icmp eq i64 %5, 0
    -> Collected 1 dominating context guard(s).
    -> Fact[LVI:0] i64 %4 in [1152921504606846976,0) (LVI @ )
    -> [heavy] 1 analysis fact(s) on 4 boundary value(s)
    -> [ind] trap not in a loop
    -> SAT (WARNING: Potential Integer Overflow Bug Detected!) [Query Latency: 2.299072 ms]
    -> [mv] trap not inside a loop: not versionable
  -> Found UB Trap. Starting Backward Slice...
    -> Guard[0] (false edge of ''):  %29 = icmp samesign ult i64 %27, %28
    -> Guard[1] (false edge of ''):  %6 = icmp eq i64 %5, 0
    -> Collected 2 dominating context guard(s).
    -> Fact[LVI:0] i64 %4 in [1152921504606846976,0) (LVI @ )
    -> [heavy] 1 analysis fact(s) on 6 boundary value(s)
    -> [ind] trap not in a loop
    -> SAT (WARNING: Potential Integer Overflow Bug Detected!) [Query Latency: 2.190417 ms]
    -> [mv] trap not inside a loop: not versionable
  => Total Traps Eliminated: 0
  => Traps Folded In Fast Copies (mv): 0
  => Total Trap Attempts: 2
  => Total SMT Queries Executed: 2
  => Total SMT Query Latency: 4.489489e+00 ms
  => Average SMT Query Latency: 2.244744e+00 ms
  => Total DFS & SMT Execution Time: 2.932410e+01 ms
--------------------------------------------------

[Z3 Oracle] Analyzing Function: $ss22_ContiguousArrayBufferV19_uninitializedCount15minimumCapacityAByxGSi_SitcfCs5UInt8V_Tt1gq5
  [tier: heavy]
  => Total Traps Eliminated: 0
  => Traps Folded In Fast Copies (mv): 0
  => Total Trap Attempts: 0
  => Total SMT Queries Executed: 0
  => Total SMT Query Latency: 0.000000e+00 ms
  => Average SMT Query Latency: 0.000000e+00 ms
  => Total DFS & SMT Execution Time: 4.238600e-02 ms
--------------------------------------------------

[Z3 Oracle] Analyzing Function: $sSTsE21_copySequenceContents12initializing8IteratorQz_SitSry7ElementQzG_tFSs8UTF8ViewV_Tgq5
  [tier: heavy]
  -> Found UB Trap. Starting Backward Slice...
    -> Guard[0] (false edge of ''):  %11 = icmp eq i64 %2, 0
    -> Guard[1] (false edge of 'entry'):  %8 = icmp eq i64 %1, 0
    -> Collected 2 dominating context guard(s).
    -> Fact[LVI:0] i64 %1 in [1,0) (LVI @ )
    -> Fact[LVI:1] i64 %2 in [1,0) (LVI @ )
    -> [heavy] 2 analysis fact(s) on 2 boundary value(s)
    -> [ind] trap not in a loop
    -> SAT (WARNING: Potential Integer Overflow Bug Detected!) [Query Latency: 0.262172 ms]
    -> [mv] trap not inside a loop: not versionable
  -> Found UB Trap. Starting Backward Slice...
    -> Guard[0] (false edge of ''):  %17 = icmp eq i64 %16, %14
    -> Guard[1] (false edge of ''):  %13 = icmp slt i64 %2, 0
    -> Guard[2] (false edge of ''):  %11 = icmp eq i64 %2, 0
    -> Guard[3] (false edge of 'entry'):  %8 = icmp eq i64 %1, 0
    -> Collected 4 dominating context guard(s).
    -> [heavy] 0 analysis fact(s) on 8 boundary value(s)
    -> [mv] T3: trap condition not an ICmp
    -> [ind L0] BASE (3 phi(s) = entry): SAT (WARNING: Potential Integer Overflow Bug Detected!) [Query Latency: 2.799733 ms]
    -> SAT (WARNING: Potential Integer Overflow Bug Detected!) [Query Latency: 2.967980 ms]
    -> [mv] still SAT under 18 hypothesis candidate(s): not versionable
  -> Found UB Trap. Starting Backward Slice...
    -> Guard[0] (false edge of ''):  %21 = icmp eq i64 %20, 0
    -> Guard[1] (false edge of ''):  %48 = or i1 %46, %47
    -> Guard[2] (false edge of ''):  %17 = icmp eq i64 %16, %14
    -> Guard[3] (false edge of ''):  %13 = icmp slt i64 %2, 0
    -> Guard[4] (false edge of ''):  %11 = icmp eq i64 %2, 0
    -> Guard[5] (false edge of 'entry'):  %8 = icmp eq i64 %1, 0
    -> Collected 6 dominating context guard(s).
    -> Fact[LVI:0] i64 %19 in [1152921504606846976,0) (LVI @ )
    -> [heavy] 1 analysis fact(s) on 9 boundary value(s)
    -> [mv] T3: refused, bound not invariant in the trap loop: (%72 /u 65536)
    -> [ind L0] BASE (3 phi(s) = entry): SAT (WARNING: Potential Integer Overflow Bug Detected!) [Query Latency: 1.676237 ms]
    -> SAT (WARNING: Potential Integer Overflow Bug Detected!) [Query Latency: 2.701884 ms]
    -> [mv] hypothesis contradicts the context: refusing (H vacuous): {%35 >u 281474976710655}
  => Total Traps Eliminated: 0
  => Traps Folded In Fast Copies (mv): 0
  => Total Trap Attempts: 3
  => Total SMT Queries Executed: 3
  => Total SMT Query Latency: 1.651208e+01 ms
  => Average SMT Query Latency: 5.504025e+00 ms
  => Total DFS & SMT Execution Time: 6.046050e+01 ms
--------------------------------------------------

[Z3 Oracle] Analyzing Function: $ss11_StringGutsV27_slowEnsureMatchingEncodingySS5IndexVAEF
  [tier: heavy]
  => Total Traps Eliminated: 0
  => Traps Folded In Fast Copies (mv): 0
  => Total Trap Attempts: 0
  => Total SMT Queries Executed: 0
  => Total SMT Query Latency: 0.000000e+00 ms
  => Average SMT Query Latency: 0.000000e+00 ms
  => Total DFS & SMT Execution Time: 5.818300e-02 ms
--------------------------------------------------

[Z3 Oracle] Analyzing Function: $ss32_copyCollectionToContiguousArrayys0dE0Vy7ElementQzGxSlRzlF20FoundationEssentials4DataV_Tgq5
  [tier: heavy]
  -> Found UB Trap. Starting Backward Slice...
    -> Collected 0 dominating context guard(s).
    -> [heavy] 0 analysis fact(s) on 2 boundary value(s)
    -> [ind] trap not in a loop
    -> SAT (WARNING: Potential Integer Overflow Bug Detected!) [Query Latency: 5.414908 ms]
    -> [mv] trap not inside a loop: not versionable
  -> Found UB Trap. Starting Backward Slice...
    -> Guard[0] (false edge of ''):  %27 = icmp eq i64 %26, 0
    -> Collected 1 dominating context guard(s).
    -> [heavy] 0 analysis fact(s) on 5 boundary value(s)
    -> [ind] trap not in a loop
    -> SAT (WARNING: Potential Integer Overflow Bug Detected!) [Query Latency: 5.514864 ms]
    -> [mv] trap not inside a loop: not versionable
  -> Found UB Trap. Starting Backward Slice...
    -> Collected 0 dominating context guard(s).
    -> [heavy] 0 analysis fact(s) on 1 boundary value(s)
    -> [ind] trap not in a loop
    -> SAT (WARNING: Potential Integer Overflow Bug Detected!) [Query Latency: 1.991527 ms]
    -> [mv] trap not inside a loop: not versionable
  => Total Traps Eliminated: 0
  => Traps Folded In Fast Copies (mv): 0
  => Total Trap Attempts: 3
  => Total SMT Queries Executed: 3
  => Total SMT Query Latency: 1.292130e+01 ms
  => Average SMT Query Latency: 4.307100e+00 ms
  => Total DFS & SMT Execution Time: 5.152684e+01 ms
--------------------------------------------------

[Z3 Oracle] Analyzing Function: $s20FoundationEssentials4DataV15_RepresentationOWOe
  [tier: heavy]
  => Total Traps Eliminated: 0
  => Traps Folded In Fast Copies (mv): 0
  => Total Trap Attempts: 0
  => Total SMT Queries Executed: 0
  => Total SMT Query Latency: 0.000000e+00 ms
  => Average SMT Query Latency: 0.000000e+00 ms
  => Total DFS & SMT Execution Time: 4.619900e-02 ms
--------------------------------------------------

[Z3 Oracle] Analyzing Function: __swift_instantiateConcreteTypeFromMangledName
  [tier: heavy]
  => Total Traps Eliminated: 0
  => Traps Folded In Fast Copies (mv): 0
  => Total Trap Attempts: 0
  => Total SMT Queries Executed: 0
  => Total SMT Query Latency: 0.000000e+00 ms
  => Average SMT Query Latency: 0.000000e+00 ms
  => Total DFS & SMT Execution Time: 4.055500e-02 ms
--------------------------------------------------

[Z3 Oracle] Analyzing Function: $s20FoundationEssentials4DataV8IteratorV_SitWOh
  [tier: heavy]
  => Total Traps Eliminated: 0
  => Traps Folded In Fast Copies (mv): 0
  => Total Trap Attempts: 0
  => Total SMT Queries Executed: 0
  => Total SMT Query Latency: 0.000000e+00 ms
  => Average SMT Query Latency: 0.000000e+00 ms
  => Total DFS & SMT Execution Time: 5.356500e-02 ms
--------------------------------------------------
